###############################################################################
#
# IAR ELF Linker V7.10.1.6676/W32 for ARM                 14/Mar/2021  12:49:28
# Copyright 2007-2014 IAR Systems AB.
#
#    Output file  =  
#        E:\FlyCtrl\CTRL_PCBV5
#        (github)\FlyControl\software\quadrotor\Debug\Exe\STM32F103-IAR.out
#    Map file     =  
#        E:\FlyCtrl\CTRL_PCBV5
#        (github)\FlyControl\software\quadrotor\Debug\List\STM32F103-IAR.map
#    Command line =  
#        "E:\FlyCtrl\CTRL_PCBV5
#        (github)\FlyControl\software\quadrotor\Debug\Obj\Calculation.o"
#        "E:\FlyCtrl\CTRL_PCBV5
#        (github)\FlyControl\software\quadrotor\Debug\Obj\Canlibration.o"
#        "E:\FlyCtrl\CTRL_PCBV5
#        (github)\FlyControl\software\quadrotor\Debug\Obj\context.o"
#        "E:\FlyCtrl\CTRL_PCBV5
#        (github)\FlyControl\software\quadrotor\Debug\Obj\DataStructure.o"
#        "E:\FlyCtrl\CTRL_PCBV5
#        (github)\FlyControl\software\quadrotor\Debug\Obj\delay.o"
#        "E:\FlyCtrl\CTRL_PCBV5
#        (github)\FlyControl\software\quadrotor\Debug\Obj\generate.o"
#        "E:\FlyCtrl\CTRL_PCBV5
#        (github)\FlyControl\software\quadrotor\Debug\Obj\generator.o"
#        "E:\FlyCtrl\CTRL_PCBV5
#        (github)\FlyControl\software\quadrotor\Debug\Obj\gmath.o"
#        "E:\FlyCtrl\CTRL_PCBV5
#        (github)\FlyControl\software\quadrotor\Debug\Obj\GPS.o"
#        "E:\FlyCtrl\CTRL_PCBV5
#        (github)\FlyControl\software\quadrotor\Debug\Obj\HMC5883.o"
#        "E:\FlyCtrl\CTRL_PCBV5
#        (github)\FlyControl\software\quadrotor\Debug\Obj\info.o"
#        "E:\FlyCtrl\CTRL_PCBV5
#        (github)\FlyControl\software\quadrotor\Debug\Obj\Interact.o"
#        "E:\FlyCtrl\CTRL_PCBV5
#        (github)\FlyControl\software\quadrotor\Debug\Obj\ISR.o"
#        "E:\FlyCtrl\CTRL_PCBV5
#        (github)\FlyControl\software\quadrotor\Debug\Obj\L3GD20.o"
#        "E:\FlyCtrl\CTRL_PCBV5
#        (github)\FlyControl\software\quadrotor\Debug\Obj\LSM303.o"
#        "E:\FlyCtrl\CTRL_PCBV5
#        (github)\FlyControl\software\quadrotor\Debug\Obj\main.o"
#        "E:\FlyCtrl\CTRL_PCBV5
#        (github)\FlyControl\software\quadrotor\Debug\Obj\misc.o"
#        "E:\FlyCtrl\CTRL_PCBV5
#        (github)\FlyControl\software\quadrotor\Debug\Obj\Mpu6050.o"
#        "E:\FlyCtrl\CTRL_PCBV5
#        (github)\FlyControl\software\quadrotor\Debug\Obj\MyIIC.o"
#        "E:\FlyCtrl\CTRL_PCBV5
#        (github)\FlyControl\software\quadrotor\Debug\Obj\MyNRF24L0.o"
#        "E:\FlyCtrl\CTRL_PCBV5
#        (github)\FlyControl\software\quadrotor\Debug\Obj\parse.o"
#        "E:\FlyCtrl\CTRL_PCBV5
#        (github)\FlyControl\software\quadrotor\Debug\Obj\parser.o"
#        "E:\FlyCtrl\CTRL_PCBV5
#        (github)\FlyControl\software\quadrotor\Debug\Obj\QMC5883.o"
#        "E:\FlyCtrl\CTRL_PCBV5
#        (github)\FlyControl\software\quadrotor\Debug\Obj\sentence.o"
#        "E:\FlyCtrl\CTRL_PCBV5
#        (github)\FlyControl\software\quadrotor\Debug\Obj\startup_stm32f10x_cl.o"
#        "E:\FlyCtrl\CTRL_PCBV5
#        (github)\FlyControl\software\quadrotor\Debug\Obj\stm32f10x_adc.o"
#        "E:\FlyCtrl\CTRL_PCBV5
#        (github)\FlyControl\software\quadrotor\Debug\Obj\stm32f10x_dma.o"
#        "E:\FlyCtrl\CTRL_PCBV5
#        (github)\FlyControl\software\quadrotor\Debug\Obj\stm32f10x_exti.o"
#        "E:\FlyCtrl\CTRL_PCBV5
#        (github)\FlyControl\software\quadrotor\Debug\Obj\stm32f10x_flash.o"
#        "E:\FlyCtrl\CTRL_PCBV5
#        (github)\FlyControl\software\quadrotor\Debug\Obj\stm32f10x_gpio.o"
#        "E:\FlyCtrl\CTRL_PCBV5
#        (github)\FlyControl\software\quadrotor\Debug\Obj\stm32f10x_i2c.o"
#        "E:\FlyCtrl\CTRL_PCBV5
#        (github)\FlyControl\software\quadrotor\Debug\Obj\stm32f10x_MY_spi.o"
#        "E:\FlyCtrl\CTRL_PCBV5
#        (github)\FlyControl\software\quadrotor\Debug\Obj\stm32f10x_MyFlash.o"
#        "E:\FlyCtrl\CTRL_PCBV5
#        (github)\FlyControl\software\quadrotor\Debug\Obj\stm32f10x_rcc.o"
#        "E:\FlyCtrl\CTRL_PCBV5
#        (github)\FlyControl\software\quadrotor\Debug\Obj\stm32f10x_spi.o"
#        "E:\FlyCtrl\CTRL_PCBV5
#        (github)\FlyControl\software\quadrotor\Debug\Obj\stm32f10x_tim.o"
#        "E:\FlyCtrl\CTRL_PCBV5
#        (github)\FlyControl\software\quadrotor\Debug\Obj\stm32f10x_usart.o"
#        "E:\FlyCtrl\CTRL_PCBV5
#        (github)\FlyControl\software\quadrotor\Debug\Obj\sys_init.o"
#        "E:\FlyCtrl\CTRL_PCBV5
#        (github)\FlyControl\software\quadrotor\Debug\Obj\system_stm32f10x.o"
#        "E:\FlyCtrl\CTRL_PCBV5
#        (github)\FlyControl\software\quadrotor\Debug\Obj\Task.o"
#        "E:\FlyCtrl\CTRL_PCBV5
#        (github)\FlyControl\software\quadrotor\Debug\Obj\time.o"
#        "E:\FlyCtrl\CTRL_PCBV5
#        (github)\FlyControl\software\quadrotor\Debug\Obj\tok.o"
#        "E:\FlyCtrl\CTRL_PCBV5
#        (github)\FlyControl\software\quadrotor\Debug\Obj\usart.o" -o
#        "E:\FlyCtrl\CTRL_PCBV5
#        (github)\FlyControl\software\quadrotor\Debug\Exe\STM32F103-IAR.out"
#        --map "E:\FlyCtrl\CTRL_PCBV5
#        (github)\FlyControl\software\quadrotor\Debug\List\STM32F103-IAR.map"
#        --config "E:\FlyCtrl\CTRL_PCBV5
#        (github)\FlyControl\software\quadrotor\Config\stm32f10x_flash.icf"
#        --semihosting --entry __iar_program_start --redirect
#        __iar_sh_stdout=__iar_sh_stdout_swo --vfe
#
###############################################################################

*******************************************************************************
*** RUNTIME MODEL ATTRIBUTES
***

CppFlavor                     = *
__Heap_Handler                = DLMalloc
__SystemLibrary               = DLib
__dlib_dynamic_initialization = normal


*******************************************************************************
*** PLACEMENT SUMMARY
***

"A1":  place at 0x08000000 { ro section .intvec };
"P1":  place in [from 0x08000000 to 0x080fffff] { ro };
"P2":  place in [from 0x20000000 to 0x2000bfff] { rw, block CSTACK, block HEAP };

  Section             Kind        Address    Size  Object
  -------             ----        -------    ----  ------
"A1":                                       0x150
  .intvec             ro code  0x08000000   0x150  startup_stm32f10x_cl.o [1]
                             - 0x08000150   0x150

"P1":                                      0xcd95
  .text               ro code  0x08000150  0x14c0  dlmalloc.o [3]
  .text               ro code  0x08001610     0x6  abort.o [3]
  .text               ro code  0x08001616    0x22  zero_init3.o [5]
  .text               ro code  0x08001638    0x2c  xgetmemchunk.o [3]
  .text               ro code  0x08001664    0x14  exit.o [6]
  .text               ro code  0x08001678  0x132c  Calculation.o [1]
  .text               ro code  0x080029a4    0x32  I32ToFlt.o [4]
  .text               ro code  0x080029d6    0x1a  xsnprout.o [3]
  .text               ro code  0x080029f0    0xe6  FltSub.o [4]
  .text               ro code  0x08002ad8    0xd8  FltMul.o [4]
  .text               ro code  0x08002bb0    0x44  FltToS32.o [4]
  .text               ro code  0x08002bf4    0x84  FltAdd.o [4]
  .text               ro code  0x08002c78    0x4e  FltToDbl.o [4]
  .text               ro code  0x08002cc8   0x246  DblDiv.o [4]
  .text               ro code  0x08002f10    0x90  DblToFlt.o [4]
  .text               ro code  0x08002fa0    0xf0  sqrt.o [4]
  .text               ro code  0x08003090    0x24  FltCmpLe.o [4]
  .text               ro code  0x080030b4    0xfc  FltDiv.o [4]
  .text               ro code  0x080031b0    0x24  FltCmpGe.o [4]
  .text               ro code  0x080031d4    0xe8  acos.o [4]
  .text               ro code  0x080032bc   0x1a2  DblMul.o [4]
  .text               ro code  0x0800345e     0x6  sin.o [4]
  .text               ro code  0x08003464     0x6  cos.o [4]
  .text               ro code  0x0800346c    0x94  atan.o [4]
  .text               ro code  0x08003500    0xe8  DblAdd.o [4]
  .text               ro code  0x080035e8   0x180  DblSub.o [4]
  .text               ro code  0x08003768    0x30  I32ToDbl.o [4]
  .text               ro code  0x08003798    0x2e  DblCmpGe.o [4]
  .text               ro code  0x080037c8    0x2e  DblCmpLe.o [4]
  .text               ro code  0x080037f8    0xf6  asin.o [4]
  .text               ro code  0x080038f0    0x1c  FltCmpEq.o [4]
  .text               ro code  0x0800390c     0xc  iarEdom.o [5]
  .text               ro code  0x08003918   0x1e0  xatan.o [4]
  .text               ro code  0x08003af8     0xc  errno.o [3]
  .text               ro code  0x08003b04   0x42a  xsin.o [4]
  .text               ro code  0x08003f2e     0x2  xtls.o [3]
  .text               ro code  0x08003f30    0x58  DblToI32.o [4]
  .text               ro code  0x08003f88   0x160  xquad.o [4]
  .text               ro code  0x080040e8    0x7e  xdint.o [4]
  .text               ro code  0x08004168    0x20  DblCmpEq.o [4]
  .text               ro code  0x08004188   0x1a8  fmod.o [4]
  .text               ro code  0x08004330   0xd6e  xprintffull_nomb.o [3]
  .text               ro code  0x080050a0    0x16  strchr.o [5]
  .text               ro code  0x080050b8    0x36  strlen.o [5]
  .text               ro code  0x080050f0    0x58  memchr.o [5]
  .text               ro code  0x08005148    0xee  I64DivMod.o [5]
  .text               ro code  0x08005238    0x76  ABImemcpy_unaligned.o [5]
  .text               ro code  0x080052ae    0x42  xdnorm.o [4]
  .text               ro code  0x080052f0   0x10c  xdscale.o [4]
  .text               ro code  0x080053fc    0x6c  localeconv.o [3]
  .text               ro code  0x08005468     0xe  div.o [3]
  .text               ro code  0x08005478     0x2  I64DivZer.o [5]
  .text               ro code  0x0800547c   0xd6c  Canlibration.o [1]
  .text               ro code  0x080061e8   0x1ce  stm32f10x_flash.o [1]
  .text               ro code  0x080063b8     0x6  ABImemclr4.o [5]
  .text               ro code  0x080063c0   0x2aa  MyIIC.o [1]
  .text               ro code  0x0800666c    0xf0  delay.o [1]
  .text               ro code  0x0800675c   0x3d0  Mpu6050.o [1]
  .text               ro code  0x08006b2c   0x2c8  L3GD20.o [1]
  .text               ro code  0x08006df4    0xbc  QMC5883.o [1]
  .text               ro code  0x08006eb0    0x32  ABImemset48.o [5]
  .text               ro code  0x08006ee4   0x4d0  stm32f10x_gpio.o [1]
  .text               ro code  0x080073b4    0xb0  misc.o [1]
  .text               ro code  0x08007464     0xe  stm32f10x_MyFlash.o [1]
  .text               ro code  0x08007474    0x2c  ABIassert.o [6]
  .text               ro code  0x080074a0   0x180  stm32f10x_MY_spi.o [1]
  .text               ro code  0x08007620   0x148  stm32f10x_rcc.o [1]
  .text               ro code  0x08007768    0x90  stm32f10x_spi.o [1]
  .text               ro code  0x080077f8   0xac4  Task.o [1]
  .text               ro code  0x080082bc   0x60c  stm32f10x_tim.o [1]
  .text               ro code  0x080088c8   0x774  Interact.o [1]
  .text               ro code  0x0800903c    0x24  printf.o [3]
  .text               ro code  0x08009060    0x2a  strncmp.o [3]
  .text               ro code  0x0800908a     0xc  memcpy.o [3]
  .text               ro code  0x08009098   0x448  MyNRF24L0.o [1]
  .text               ro code  0x080094e0    0x14  memset.o [3]
  .text               ro code  0x080094f4   0x1f2  stm32f10x_usart.o [1]
  .text               ro code  0x080096e8    0x66  ABImemset.o [5]
  .text               ro code  0x08009750   0x910  parse.o [1]
  .text               ro code  0x0800a060   0x2a2  tok.o [1]
  .text               ro code  0x0800a304    0x64  context.o [1]
  .text               ro code  0x0800a368    0x62  memcmp_unaligned.o [5]
  .text               ro code  0x0800a3ca     0x6  strtol.o [3]
  .text               ro code  0x0800a3d0     0x6  strtod.o [4]
  .text               ro code  0x0800a3d6     0xa  isdigit.o [3]
  .text               ro code  0x0800a3e0    0x3c  vsnprint.o [3]
  .text               ro code  0x0800a41c    0x88  xstol.o [3]
  .text               ro code  0x0800a4a4   0x14c  xstod.o [4]
  .text               ro code  0x0800a5f0    0x28  isxxx.o [3]
  .text               ro code  0x0800a618   0x194  xstoul.o [3]
  .text               ro code  0x0800a7ac   0x134  xstopfx.o [3]
  .text               ro code  0x0800a8e0   0x1b8  xstoflt.o [3]
  .text               ro code  0x0800aa98   0x200  xdtento.o [4]
  .text               ro code  0x0800ac98   0x218  xstoxflt.o [3]
  .text               ro code  0x0800aeb0    0x18  setlocale.o [3]
  .text               ro code  0x0800aec8    0x16  xlocale_c.o [3]
  .text               ro code  0x0800aede    0x14  xlocale_c.o [3]
  .text               ro code  0x0800aef2    0x14  tolower.o [3]
  .text               ro code  0x0800af06    0x56  xdunscal.o [4]
  .text               ro code  0x0800af5c     0xc  xlocale_c.o [3]
  .text               ro code  0x0800af68   0x526  sys_init.o [1]
  .text               ro code  0x0800b48e    0x2a  xfdtest.o [4]
  .text               ro code  0x0800b4b8   0x1e2  stm32f10x_adc.o [1]
  .text               ro code  0x0800b69c   0x494  parser.o [1]
  .text               ro code  0x0800bb30   0x348  ISR.o [1]
  .text               ro code  0x0800be78    0x38  stm32f10x_exti.o [1]
  .text               ro code  0x0800beb0    0x1a  info.o [1]
  .text               ro code  0x0800becc    0x34  stm32f10x_dma.o [1]
  .text               ro code  0x0800bf00   0x2e8  usart.o [1]
  .text               ro code  0x0800c1e8   0x26c  main.o [1]
  .text               ro code  0x0800c454    0xbc  LSM303.o [1]
  .text               ro code  0x0800c510   0x158  system_stm32f10x.o [1]
  .text               ro code  0x0800c668    0xd4  packbits_init.o [5]
  .rodata             const    0x0800c73c    0x60  Mpu6050.o [1]
  .rodata             const    0x0800c79c    0x5c  Mpu6050.o [1]
  .rodata             const    0x0800c7f8    0x54  parse.o [1]
  .rodata             const    0x0800c84c    0x54  parser.o [1]
  .rodata             const    0x0800c8a0    0x50  Mpu6050.o [1]
  .rodata             const    0x0800c8f0    0x4c  ISR.o [1]
  .rodata             const    0x0800c93c    0x44  parse.o [1]
  .rodata             const    0x0800c980    0x3c  parse.o [1]
  .rodata             const    0x0800c9bc    0x34  parse.o [1]
  .rodata             const    0x0800c9f0    0x34  parse.o [1]
  .text               ro code  0x0800ca24    0x28  data_init.o [5]
  .rodata             const    0x0800ca4c    0x24  parse.o [1]
  .rodata             const    0x0800ca70    0x24  parse.o [1]
  .iar.init_table     const    0x0800ca94    0x2c  - Linker created -
  .rodata             const    0x0800cac0    0x20  parse.o [1]
  .rodata             const    0x0800cae0    0x1c  parser.o [1]
  .text               ro code  0x0800cafc    0x1a  cmain.o [5]
  .text               ro code  0x0800cb16     0x4  low_level_init.o [3]
  .text               ro code  0x0800cb1a     0x4  exit.o [3]
  .text               ro code  0x0800cb20     0xa  cexit.o [5]
  .rodata             const    0x0800cb2c    0x18  parse.o [1]
  .rodata             const    0x0800cb44    0x18  parse.o [1]
  .rodata             const    0x0800cb5c    0x18  parser.o [1]
  .rodata             const    0x0800cb74    0x18  Task.o [1]
  .text               ro code  0x0800cb8c    0x16  xprout.o [3]
  .text               ro code  0x0800cba4     0xc  putchar.o [3]
  .rodata             const    0x0800cbb0    0x14  parse.o [1]
  .rodata             const    0x0800cbc4    0x14  parse.o [1]
  .rodata             const    0x0800cbd8    0x14  parse.o [1]
  .rodata             const    0x0800cbec    0x14  parse.o [1]
  .rodata             const    0x0800cc00    0x14  parse.o [1]
  .rodata             const    0x0800cc14    0x10  Mpu6050.o [1]
  .rodata             const    0x0800cc24    0x10  parse.o [1]
  .rodata             const    0x0800cc34    0x10  parse.o [1]
  .rodata             const    0x0800cc44    0x10  parse.o [1]
  .rodata             const    0x0800cc54    0x10  parse.o [1]
  .rodata             const    0x0800cc64    0x10  Task.o [1]
  .text               ro code  0x0800cc74    0x10  startup_stm32f10x_cl.o [1]
  .rodata             const    0x0800cc84     0xc  parse.o [1]
  .rodata             const    0x0800cc90     0xc  Task.o [1]
  .rodata             const    0x0800cc9c     0xc  Task.o [1]
  .rodata             const    0x0800cca8     0xc  Task.o [1]
  .text               ro code  0x0800ccb4     0xc  cstartup_M.o [5]
  .rodata             const    0x0800ccc0     0x8  main.o [1]
  .rodata             const    0x0800ccc8     0x8  MyNRF24L0.o [1]
  .rodata             const    0x0800ccd0     0x8  parse.o [1]
  .rodata             const    0x0800ccd8     0x8  parse.o [1]
  .rodata             const    0x0800cce0     0x8  parse.o [1]
  .rodata             const    0x0800cce8     0x8  parse.o [1]
  .rodata             const    0x0800ccf0     0x8  parse.o [1]
  .rodata             const    0x0800ccf8     0x8  parse.o [1]
  .rodata             const    0x0800cd00     0x8  parser.o [1]
  .rodata             const    0x0800cd08     0x8  QMC5883.o [1]
  .rodata             const    0x0800cd10     0x4  Canlibration.o [1]
  .rodata             const    0x0800cd14     0x4  Canlibration.o [1]
  .rodata             const    0x0800cd18     0x4  parse.o [1]
  .text               ro code  0x0800cd1c     0x4  startup_stm32f10x_cl.o [1]
  .text               ro code  0x0800cd20     0x4  startup_stm32f10x_cl.o [1]
  .text               ro code  0x0800cd24     0x4  startup_stm32f10x_cl.o [1]
  .text               ro code  0x0800cd28     0x4  startup_stm32f10x_cl.o [1]
  .text               ro code  0x0800cd2c     0x4  startup_stm32f10x_cl.o [1]
  .text               ro code  0x0800cd30     0x4  startup_stm32f10x_cl.o [1]
  .text               ro code  0x0800cd34     0x4  startup_stm32f10x_cl.o [1]
  .text               ro code  0x0800cd38     0x4  startup_stm32f10x_cl.o [1]
  .text               ro code  0x0800cd3c     0x4  startup_stm32f10x_cl.o [1]
  .text               ro code  0x0800cd40     0x4  startup_stm32f10x_cl.o [1]
  .text               ro code  0x0800cd44     0x4  startup_stm32f10x_cl.o [1]
  .text               ro code  0x0800cd48     0x4  startup_stm32f10x_cl.o [1]
  .text               ro code  0x0800cd4c     0x4  startup_stm32f10x_cl.o [1]
  .text               ro code  0x0800cd50     0x4  startup_stm32f10x_cl.o [1]
  .text               ro code  0x0800cd54     0x4  startup_stm32f10x_cl.o [1]
  .text               ro code  0x0800cd58     0x4  startup_stm32f10x_cl.o [1]
  .text               ro code  0x0800cd5c     0x4  startup_stm32f10x_cl.o [1]
  .text               ro code  0x0800cd60     0x4  startup_stm32f10x_cl.o [1]
  .text               ro code  0x0800cd64     0x4  startup_stm32f10x_cl.o [1]
  .text               ro code  0x0800cd68     0x4  startup_stm32f10x_cl.o [1]
  .text               ro code  0x0800cd6c     0x4  startup_stm32f10x_cl.o [1]
  .text               ro code  0x0800cd70     0x4  startup_stm32f10x_cl.o [1]
  .text               ro code  0x0800cd74     0x4  startup_stm32f10x_cl.o [1]
  .text               ro code  0x0800cd78     0x4  startup_stm32f10x_cl.o [1]
  .text               ro code  0x0800cd7c     0x4  startup_stm32f10x_cl.o [1]
  .text               ro code  0x0800cd80     0x4  startup_stm32f10x_cl.o [1]
  .text               ro code  0x0800cd84     0x4  startup_stm32f10x_cl.o [1]
  .text               ro code  0x0800cd88     0x4  startup_stm32f10x_cl.o [1]
  .text               ro code  0x0800cd8c     0x4  startup_stm32f10x_cl.o [1]
  .text               ro code  0x0800cd90     0x4  startup_stm32f10x_cl.o [1]
  .text               ro code  0x0800cd94     0x4  startup_stm32f10x_cl.o [1]
  .text               ro code  0x0800cd98     0x4  startup_stm32f10x_cl.o [1]
  .text               ro code  0x0800cd9c     0x4  startup_stm32f10x_cl.o [1]
  .text               ro code  0x0800cda0     0x4  startup_stm32f10x_cl.o [1]
  .text               ro code  0x0800cda4     0x4  startup_stm32f10x_cl.o [1]
  .text               ro code  0x0800cda8     0x4  startup_stm32f10x_cl.o [1]
  .text               ro code  0x0800cdac     0x4  startup_stm32f10x_cl.o [1]
  .text               ro code  0x0800cdb0     0x4  startup_stm32f10x_cl.o [1]
  .text               ro code  0x0800cdb4     0x4  startup_stm32f10x_cl.o [1]
  .text               ro code  0x0800cdb8     0x4  startup_stm32f10x_cl.o [1]
  .text               ro code  0x0800cdbc     0x4  startup_stm32f10x_cl.o [1]
  .text               ro code  0x0800cdc0     0x4  startup_stm32f10x_cl.o [1]
  .text               ro code  0x0800cdc4     0x4  startup_stm32f10x_cl.o [1]
  .text               ro code  0x0800cdc8     0x4  startup_stm32f10x_cl.o [1]
  .text               ro code  0x0800cdcc     0x4  startup_stm32f10x_cl.o [1]
  .text               ro code  0x0800cdd0     0x4  startup_stm32f10x_cl.o [1]
  .text               ro code  0x0800cdd4     0x4  startup_stm32f10x_cl.o [1]
  .text               ro code  0x0800cdd8     0x4  startup_stm32f10x_cl.o [1]
  .text               ro code  0x0800cddc     0x4  startup_stm32f10x_cl.o [1]
  .text               ro code  0x0800cde0     0x4  startup_stm32f10x_cl.o [1]
  .text               ro code  0x0800cde4     0x4  startup_stm32f10x_cl.o [1]
  .text               ro code  0x0800cde8     0x4  startup_stm32f10x_cl.o [1]
  .text               ro code  0x0800cdec     0x4  startup_stm32f10x_cl.o [1]
  .text               ro code  0x0800cdf0     0x4  startup_stm32f10x_cl.o [1]
  .text               ro code  0x0800cdf4     0x4  startup_stm32f10x_cl.o [1]
  .text               ro code  0x0800cdf8     0x4  startup_stm32f10x_cl.o [1]
  .text               ro code  0x0800cdfc     0x4  startup_stm32f10x_cl.o [1]
  .text               ro code  0x0800ce00     0x4  startup_stm32f10x_cl.o [1]
  .text               ro code  0x0800ce04     0x4  startup_stm32f10x_cl.o [1]
  .text               ro code  0x0800ce08     0x4  startup_stm32f10x_cl.o [1]
  .text               ro code  0x0800ce0c     0x4  startup_stm32f10x_cl.o [1]
  .text               ro code  0x0800ce10     0x4  startup_stm32f10x_cl.o [1]
  .text               ro code  0x0800ce14     0x4  startup_stm32f10x_cl.o [1]
  .text               ro code  0x0800ce18     0x4  startup_stm32f10x_cl.o [1]
  .rodata             const    0x0800ce1c     0x0  zero_init3.o [5]
  .rodata             const    0x0800ce1c     0x0  packbits_init.o [5]
  Initializer bytes   ro data  0x0800ce1c    0xc9  <for P2 s0>
                             - 0x0800cee5  0xcd95

"P2", part 1 of 3:                          0x210
  P2 s0                        0x20000000   0x210  <Init block>
    __DLIB_PERTHREAD  inited   0x20000000    0x88  localeconv.o [3]
    __DLIB_PERTHREAD  inited   0x20000088    0x74  setlocale.o [3]
    .data             inited   0x200000fc    0x40  xfiles.o [3]
    .data             inited   0x2000013c    0x20  main.o [1]
    .data             inited   0x2000015c    0x20  main.o [1]
    .data             inited   0x2000017c    0x1c  main.o [1]
    .data             inited   0x20000198    0x14  parse.o [1]
    .data             inited   0x200001ac    0x10  stm32f10x_rcc.o [1]
    .data             inited   0x200001bc     0xc  context.o [1]
    .data             inited   0x200001c8     0xc  main.o [1]
    .data             inited   0x200001d4     0x8  MyNRF24L0.o [1]
    .data             inited   0x200001dc     0x8  MyNRF24L0.o [1]
    .data             inited   0x200001e4     0x4  Calculation.o [1]
    .data             inited   0x200001e8     0x4  Canlibration.o [1]
    .data             inited   0x200001ec     0x4  Canlibration.o [1]
    .data             inited   0x200001f0     0x4  Canlibration.o [1]
    .data             inited   0x200001f4     0x4  Canlibration.o [1]
    .data             inited   0x200001f8     0x4  L3GD20.o [1]
    .data             inited   0x200001fc     0x4  Mpu6050.o [1]
    .data             inited   0x20000200     0x4  stm32f10x_rcc.o [1]
    .data             inited   0x20000204     0x4  system_stm32f10x.o [1]
    __DLIB_PERTHREAD  inited   0x20000208     0x4  errno.o [3]
    .data             inited   0x2000020c     0x1  Interact.o [1]
    .data             inited   0x2000020d     0x1  ISR.o [1]
    .data             inited   0x2000020e     0x1  Task.o [1]
    .data             inited   0x2000020f     0x1  Task.o [1]
                             - 0x20000210   0x210

"P2", part 2 of 3:                          0xfc8
  .bss                zero     0x20000210   0x43c  main.o [1]
  .bss                zero     0x2000064c   0x320  Task.o [1]
  .bss                zero     0x2000096c   0x1d8  dlmalloc.o [3]
  .bss                zero     0x20000b44    0x14  main.o [1]
  .bss                zero     0x20000b58   0x168  ISR.o [1]
  .bss                zero     0x20000cc0   0x100  ISR.o [1]
  .bss                zero     0x20000dc0    0xc8  usart.o [1]
  .bss                zero     0x20000e88    0x80  main.o [1]
  .bss                zero     0x20000f08    0x50  xfiles.o [3]
  .bss                zero     0x20000f58    0x30  Interact.o [1]
  .bss                zero     0x20000f88    0x28  Task.o [1]
  .bss                zero     0x20000fb0    0x20  Calculation.o [1]
  .bss                zero     0x20000fd0    0x20  MyNRF24L0.o [1]
  .bss                zero     0x20000ff0    0x20  MyNRF24L0.o [1]
  .bss                zero     0x20001010    0x18  Calculation.o [1]
  .bss                zero     0x20001028    0x18  ISR.o [1]
  .bss                zero     0x20001040    0x18  ISR.o [1]
  .bss                zero     0x20001058    0x18  ISR.o [1]
  .bss                zero     0x20001070    0x18  main.o [1]
  .bss                zero     0x20001088    0x18  dlmalloc.o [3]
  .bss                zero     0x200010a0    0x10  Calculation.o [1]
  .bss                zero     0x200010b0     0xc  Calculation.o [1]
  .bss                zero     0x200010bc     0xc  Calculation.o [1]
  .bss                zero     0x200010c8     0xc  Calculation.o [1]
  .bss                zero     0x200010d4     0xc  main.o [1]
  .bss                zero     0x200010e0     0x8  ISR.o [1]
  .bss                zero     0x200010e8     0x8  ISR.o [1]
  .bss                zero     0x200010f0     0x8  ISR.o [1]
  .bss                zero     0x200010f8     0x4  Calculation.o [1]
  .bss                zero     0x200010fc     0x4  Calculation.o [1]
  .bss                zero     0x20001100     0x4  Calculation.o [1]
  .bss                zero     0x20001104     0x4  Calculation.o [1]
  .bss                zero     0x20001108     0x4  Calculation.o [1]
  .bss                zero     0x2000110c     0x4  Calculation.o [1]
  .bss                zero     0x20001110     0x4  Calculation.o [1]
  .bss                zero     0x20001114     0x4  Calculation.o [1]
  .bss                zero     0x20001118     0x4  Calculation.o [1]
  .bss                zero     0x2000111c     0x4  Calculation.o [1]
  .bss                zero     0x20001120     0x4  Calculation.o [1]
  .bss                zero     0x20001124     0x4  Calculation.o [1]
  .bss                zero     0x20001128     0x4  Calculation.o [1]
  .bss                zero     0x2000112c     0x4  Calculation.o [1]
  .bss                zero     0x20001130     0x4  Calculation.o [1]
  .bss                zero     0x20001134     0x4  Calculation.o [1]
  .bss                zero     0x20001138     0x4  Calculation.o [1]
  .bss                zero     0x2000113c     0x4  Calculation.o [1]
  .bss                zero     0x20001140     0x4  Calculation.o [1]
  .bss                zero     0x20001144     0x4  Calculation.o [1]
  .bss                zero     0x20001148     0x4  Calculation.o [1]
  .bss                zero     0x2000114c     0x4  Calculation.o [1]
  .bss                zero     0x20001150     0x4  Calculation.o [1]
  .bss                zero     0x20001154     0x4  Calculation.o [1]
  .bss                zero     0x20001158     0x4  Calculation.o [1]
  .bss                zero     0x2000115c     0x4  Calculation.o [1]
  .bss                zero     0x20001160     0x4  Calculation.o [1]
  .bss                zero     0x20001164     0x4  Calculation.o [1]
  .bss                zero     0x20001168     0x4  Calculation.o [1]
  .bss                zero     0x2000116c     0x4  Calculation.o [1]
  .bss                zero     0x20001170     0x4  Interact.o [1]
  .bss                zero     0x20001174     0x4  Interact.o [1]
  .bss                zero     0x20001178     0x4  Interact.o [1]
  .bss                zero     0x2000117c     0x4  ISR.o [1]
  .bss                zero     0x20001180     0x4  ISR.o [1]
  .bss                zero     0x20001184     0x4  main.o [1]
  .bss                zero     0x20001188     0x4  main.o [1]
  .bss                zero     0x2000118c     0x4  MyIIC.o [1]
  .bss                zero     0x20001190     0x4  MyNRF24L0.o [1]
  .bss                zero     0x20001194     0x4  MyNRF24L0.o [1]
  .bss                zero     0x20001198     0x4  Task.o [1]
  .bss                zero     0x2000119c     0x4  Task.o [1]
  .bss                zero     0x200011a0     0x4  Task.o [1]
  .bss                zero     0x200011a4     0x4  Task.o [1]
  .bss                zero     0x200011a8     0x4  xgetmemchunk.o [3]
  .bss                zero     0x200011ac     0x2  Canlibration.o [1]
  .bss                zero     0x200011ae     0x2  Canlibration.o [1]
  .bss                zero     0x200011b0     0x2  Canlibration.o [1]
  .bss                zero     0x200011b2     0x2  Canlibration.o [1]
  .bss                zero     0x200011b4     0x2  Canlibration.o [1]
  .bss                zero     0x200011b6     0x2  Canlibration.o [1]
  .bss                zero     0x200011b8     0x2  delay.o [1]
  .bss                zero     0x200011ba     0x2  ISR.o [1]
  .bss                zero     0x200011bc     0x2  Task.o [1]
  .bss                zero     0x200011be     0x2  usart.o [1]
  .bss                zero     0x200011c0     0x1  delay.o [1]
  .bss                zero     0x200011c1     0x1  Interact.o [1]
  .bss                zero     0x200011c2     0x1  ISR.o [1]
  .bss                zero     0x200011c3     0x1  ISR.o [1]
  .bss                zero     0x200011c4     0x1  ISR.o [1]
  .bss                zero     0x200011c5     0x1  ISR.o [1]
  .bss                zero     0x200011c6     0x1  ISR.o [1]
  .bss                zero     0x200011c7     0x1  ISR.o [1]
  .bss                zero     0x200011c8     0x1  main.o [1]
  .bss                zero     0x200011c9     0x1  MyNRF24L0.o [1]
  .bss                zero     0x200011ca     0x1  MyNRF24L0.o [1]
  .bss                zero     0x200011cb     0x1  MyNRF24L0.o [1]
  .bss                zero     0x200011cc     0x1  MyNRF24L0.o [1]
  .bss                zero     0x200011cd     0x1  Task.o [1]
  .bss                zero     0x200011ce     0x1  Task.o [1]
  .bss                zero     0x200011cf     0x1  Task.o [1]
  .bss                zero     0x200011d0     0x1  Task.o [1]
  .bss                zero     0x200011d1     0x1  Task.o [1]
  .bss                zero     0x200011d2     0x1  Task.o [1]
                             - 0x200011d3   0xfc3

"P2", part 3 of 3:                         0x3000
  CSTACK                       0x200011d8  0x2000  <Block>
    CSTACK            uninit   0x200011d8  0x2000  <Block tail>
  HEAP                         0x200031d8  0x1000  <Block>
    HEAP              uninit   0x200031d8  0x1000  <Block tail>
                             - 0x200041d8  0x3000


*******************************************************************************
*** INIT TABLE
***

          Address     Size
          -------     ----
Zero (__iar_zero_init3)
    1 destination range, total size 0xfc3:
          0x20000210  0xfc3

Copy/packbits (__iar_packbits_init3)
    1 source range, total size 0xc9 (38% of destination):
          0x0800ce1c   0xc9
    1 destination range, total size 0x210:
          0x20000000  0x210



*******************************************************************************
*** MODULE SUMMARY
***

    Module                  ro code  ro data  rw data
    ------                  -------  -------  -------
E:\FlyCtrl\CTRL_PCBV5 (github)\FlyControl\software\quadrotor\Debug\Obj: [1]
    Calculation.o             4 908        1      232
    Canlibration.o            3 436       14       28
    ISR.o                       840       77      729
    Interact.o                1 908                62
    L3GD20.o                    712        2        4
    LSM303.o                    188
    Mpu6050.o                   976      285        4
    MyIIC.o                     682                 4
    MyNRF24L0.o               1 096       14       92
    QMC5883.o                   188        8
    Task.o                    2 756       77      866
    context.o                   100        4       12
    delay.o                     240                 3
    info.o                       26
    main.o                      620       48    1 381
    misc.o                      176
    parse.o                   2 320      703       20
    parser.o                  1 172      144
    startup_stm32f10x_cl.o      608
    stm32f10x_MY_spi.o          384
    stm32f10x_MyFlash.o          14
    stm32f10x_adc.o             482
    stm32f10x_dma.o              52
    stm32f10x_exti.o             56
    stm32f10x_flash.o           462
    stm32f10x_gpio.o          1 232
    stm32f10x_rcc.o             328        9       20
    stm32f10x_spi.o             144
    stm32f10x_tim.o           1 548
    stm32f10x_usart.o           498
    sys_init.o                1 318
    system_stm32f10x.o          344        1        4
    tok.o                       674
    usart.o                     744               202
    -------------------------------------------------
    Total:                   31 232    1 387    3 663

command line: [2]
    -------------------------------------------------
    Total:

dl7M_tlf.a: [3]
    abort.o                       6
    div.o                        14
    dlmalloc.o                5 312               496
    errno.o                      12        2        4
    exit.o                        4
    isdigit.o                    10
    isxxx.o                      40
    localeconv.o                108       51      136
    low_level_init.o              4
    memcpy.o                     12
    memset.o                     20
    printf.o                     36
    putchar.o                    12
    setlocale.o                  24       44      116
    strncmp.o                    42
    strtol.o                      6
    tolower.o                    20
    vsnprint.o                   60
    xfiles.o                              25      144
    xgetmemchunk.o               44                 4
    xlocale_c.o                  54
    xprintffull_nomb.o        3 438
    xprout.o                     22
    xsnprout.o                   26
    xstoflt.o                   440
    xstol.o                     136
    xstopfx.o                   308
    xstoul.o                    404
    xstoxflt.o                  536
    xtls.o                        2
    -------------------------------------------------
    Total:                   11 152      122      900

m7M_tl.a: [4]
    DblAdd.o                    232
    DblCmpEq.o                   32
    DblCmpGe.o                   46
    DblCmpLe.o                   46
    DblDiv.o                    582
    DblMul.o                    418
    DblSub.o                    384
    DblToFlt.o                  144
    DblToI32.o                   88
    FltAdd.o                    132
    FltCmpEq.o                   28
    FltCmpGe.o                   36
    FltCmpLe.o                   36
    FltDiv.o                    252
    FltMul.o                    216
    FltSub.o                    230
    FltToDbl.o                   78
    FltToS32.o                   68
    I32ToDbl.o                   48
    I32ToFlt.o                   50
    acos.o                      232
    asin.o                      246
    atan.o                      148
    cos.o                         6
    fmod.o                      424
    sin.o                         6
    sqrt.o                      240
    strtod.o                      6
    xatan.o                     480
    xdint.o                     126
    xdnorm.o                     66
    xdscale.o                   268
    xdtento.o                   512
    xdunscal.o                   86
    xfdtest.o                    42
    xquad.o                     352
    xsin.o                    1 066
    xstod.o                     332
    -------------------------------------------------
    Total:                    7 784

rt7M_tl.a: [5]
    ABImemclr4.o                  6
    ABImemcpy_unaligned.o       118
    ABImemset.o                 102
    ABImemset48.o                50
    I64DivMod.o                 238
    I64DivZer.o                   2
    cexit.o                      10
    cmain.o                      26
    cstartup_M.o                 12
    data_init.o                  40
    iarEdom.o                    12
    memchr.o                     88
    memcmp_unaligned.o           98
    packbits_init.o             212
    strchr.o                     22
    strlen.o                     54
    zero_init3.o                 34
    -------------------------------------------------
    Total:                    1 124

shb_l.a: [6]
    ABIassert.o                  44
    exit.o                       20
    -------------------------------------------------
    Total:                       64

    Gaps                         54        2
    Linker created                        44   12 288
-----------------------------------------------------
    Grand Total:             51 410    1 555   16 851


*******************************************************************************
*** ENTRY LIST
***

Entry                      Address   Size  Type      Object
-----                      -------   ----  ----      ------
?main                   0x0800cafd         Code  Gb  cmain.o [5]
ADCPrescTable           0x20000200    0x4  Data  Lc  stm32f10x_rcc.o [1]
ADC_Cmd                 0x0800b50d   0x1a  Code  Gb  stm32f10x_adc.o [1]
ADC_GetCalibrationStatus
                        0x0800b553   0x18  Code  Gb  stm32f10x_adc.o [1]
ADC_GetConversionValue  0x0800b673    0x6  Code  Gb  stm32f10x_adc.o [1]
ADC_GetFlagStatus       0x0800b681   0x1a  Code  Gb  stm32f10x_adc.o [1]
ADC_GetResetCalibrationStatus
                        0x0800b531   0x18  Code  Gb  stm32f10x_adc.o [1]
ADC_Init                0x0800b4b9   0x54  Code  Gb  stm32f10x_adc.o [1]
ADC_RegularChannelConfig
                        0x0800b585   0xee  Code  Gb  stm32f10x_adc.o [1]
ADC_ResetCalibration    0x0800b527    0xa  Code  Gb  stm32f10x_adc.o [1]
ADC_SoftwareStartConvCmd
                        0x0800b56b   0x1a  Code  Gb  stm32f10x_adc.o [1]
ADC_StartCalibration    0x0800b549    0xa  Code  Gb  stm32f10x_adc.o [1]
APBAHBPrescTable        0x200001ac   0x10  Data  Lc  stm32f10x_rcc.o [1]
AccCalibration          0x080055b3  0x668  Code  Gb  Canlibration.o [1]
AdcInit                 0x0800b2bf   0x8a  Code  Gb  sys_init.o [1]
AttCalc                 0x080018af  0x70e  Code  Gb  Calculation.o [1]
AttHld                  0x08007bb5  0x1a4  Code  Gb  Task.o [1]
AttHldPrep              0x08007b7d   0x38  Code  Gb  Task.o [1]
BatVoltageGet           0x0800b203   0xbc  Code  Gb  sys_init.o [1]
CSTACK$$Base            0x200011d8          --   Gb  - Linker created -
CSTACK$$Limit           0x200031d8          --   Gb  - Linker created -
CaliFilt                0x08001679  0x236  Code  Gb  Calculation.o [1]
Coef                    0x200001e4    0x4  Data  Gb  Calculation.o [1]
CompassCalibration      0x08005c35  0x536  Code  Gb  Canlibration.o [1]
DMA1_Channel3_IRQHandler
                        0x0800bdbd   0x2c  Code  Gb  ISR.o [1]
DMA_ClearITPendingBit   0x0800bee9   0x10  Code  Gb  stm32f10x_dma.o [1]
DMA_Cmd                 0x0800becd   0x1c  Code  Gb  stm32f10x_dma.o [1]
DelayMs                 0x080066ff   0x42  Code  Gb  delay.o [1]
EXTI15_10_IRQHandler    0x0800bc0f   0x52  Code  Gb  ISR.o [1]
EXTI9_5_IRQHandler      0x0800bc61   0x54  Code  Gb  ISR.o [1]
EXTI_ClearITPendingBit  0x0800bea1    0x6  Code  Gb  stm32f10x_exti.o [1]
EXTI_GetITStatus        0x0800be79   0x28  Code  Gb  stm32f10x_exti.o [1]
Experiment              0x08007f21  0x2a0  Code  Gb  Task.o [1]
FLASH_ErasePage         0x08006211   0x5e  Code  Gb  stm32f10x_flash.o [1]
FLASH_GetBank1Status    0x0800633b   0x34  Code  Gb  stm32f10x_flash.o [1]
FLASH_Lock              0x080061ff   0x12  Code  Gb  stm32f10x_flash.o [1]
FLASH_ProgramHalfWord   0x080062ef   0x4c  Code  Gb  stm32f10x_flash.o [1]
FLASH_ProgramWord       0x0800626f   0x80  Code  Gb  stm32f10x_flash.o [1]
FLASH_ReadByte          0x08007465    0x4  Code  Gb  stm32f10x_MyFlash.o [1]
FLASH_ReadHalfWord      0x08007469    0x4  Code  Gb  stm32f10x_MyFlash.o [1]
FLASH_Unlock            0x080061e9   0x16  Code  Gb  stm32f10x_flash.o [1]
FLASH_WaitForLastOperation
                        0x08006389   0x2e  Code  Gb  stm32f10x_flash.o [1]
FlashReadFloat          0x0800746d    0x6  Code  Gb  stm32f10x_MyFlash.o [1]
FlashWriteAddr          0x200001e8    0x4  Data  Gb  Canlibration.o [1]
GPIO_EXTILineConfig     0x080072e5   0x9c  Code  Gb  stm32f10x_gpio.o [1]
GPIO_Init               0x08006ee5  0x136  Code  Gb  stm32f10x_gpio.o [1]
GPIO_PinRemapConfig     0x0800725d   0x88  Code  Gb  stm32f10x_gpio.o [1]
GPSCal                  0x0800264d  0x244  Code  Gb  Calculation.o [1]
GetAdc                  0x0800b1d5   0x2e  Code  Gb  sys_init.o [1]
GyroCalibration         0x08005c1b   0x1a  Code  Gb  Canlibration.o [1]
HEAP$$Base              0x200031d8          --   Gb  - Linker created -
HEAP$$Limit             0x200041d8          --   Gb  - Linker created -
IIC_Ack                 0x080064a9   0x34  Code  Gb  MyIIC.o [1]
IIC_NAck                0x080064dd   0x40  Code  Gb  MyIIC.o [1]
IIC_Port_Init           0x080063c1   0x24  Code  Gb  MyIIC.o [1]
IIC_Read_Byte           0x08006573   0x52  Code  Gb  MyIIC.o [1]
IIC_Send_Byte           0x0800651d   0x56  Code  Gb  MyIIC.o [1]
IIC_Start               0x080063e5   0x34  Code  Gb  MyIIC.o [1]
IIC_Stop                0x08006419   0x34  Code  Gb  MyIIC.o [1]
IIC_Wait_Ack            0x0800644d   0x5c  Code  Lc  MyIIC.o [1]
InStream_Read           0x0800c669   0x22  Code  Lc  packbits_init.o [5]
L3GD20GyroCalibration   0x08006c57  0x190  Code  Gb  L3GD20.o [1]
L3GD20ReadReg           0x08006b65   0x3e  Code  Gb  L3GD20.o [1]
L3GD20WriteReg          0x08006b2d   0x38  Code  Gb  L3GD20.o [1]
L3GD20_IO_Init          0x08006ba3   0x20  Code  Gb  L3GD20.o [1]
L3GD20_Init             0x08006bc3   0x40  Code  Gb  L3GD20.o [1]
L3GD20_Read             0x08006c03   0x54  Code  Gb  L3GD20.o [1]
L3GDgyro_adc            0x200001c8    0xc  Data  Gb  main.o [1]
LSM303D_Init            0x0800c4cb   0x3c  Code  Gb  LSM303.o [1]
LSM303ReadReg           0x0800c48d   0x3e  Code  Gb  LSM303.o [1]
LSM303WriteReg          0x0800c455   0x38  Code  Gb  LSM303.o [1]
LSM_acc_adc             0x2000015c   0x20  Data  Gb  main.o [1]
MPU6050GyroCalibration  0x0800694b  0x1c4  Code  Gb  Mpu6050.o [1]
MPUInit                 0x0800675d   0xee  Code  Gb  Mpu6050.o [1]
MPUReadAcc              0x0800684b   0x80  Code  Gb  Mpu6050.o [1]
MPUReadGyr              0x080068cb   0x80  Code  Gb  Mpu6050.o [1]
NVIC_Config             0x0800b419   0x76  Code  Gb  sys_init.o [1]
NVIC_Init               0x080073bf   0x6a  Code  Gb  misc.o [1]
NVIC_PriorityGroupConfig
                        0x080073b5    0xa  Code  Gb  misc.o [1]
PIT4_Init               0x08008607   0x70  Code  Gb  stm32f10x_tim.o [1]
PWMCalc                 0x08001fd1  0x662  Code  Gb  Calculation.o [1]
ParamInit               0x0800af69  0x26c  Code  Gb  sys_init.o [1]
QMC5883Init             0x08006df5   0x38  Code  Gb  QMC5883.o [1]
RCC_ADCCLKConfig        0x08007621   0x14  Code  Gb  stm32f10x_rcc.o [1]
RCC_APB1PeriphClockCmd  0x0800772f   0x1e  Code  Gb  stm32f10x_rcc.o [1]
RCC_APB2PeriphClockCmd  0x08007711   0x1e  Code  Gb  stm32f10x_rcc.o [1]
RCC_GetClocksFreq       0x08007635   0xdc  Code  Gb  stm32f10x_rcc.o [1]
RCDenote                0x08008e75  0x114  Code  Gb  Interact.o [1]
RX_ADDRESS              0x200001dc    0x8  Data  Gb  MyNRF24L0.o [1]
ReadQMC5883             0x08006e31   0x80  Code  Gb  QMC5883.o [1]
Region$$Table$$Base     0x0800ca94          --   Gb  - Linker created -
Region$$Table$$Limit    0x0800cac0          --   Gb  - Linker created -
SCISend_to_Own          0x08008901  0x574  Code  Gb  Interact.o [1]
SPI3_Init               0x08007585   0x8e  Code  Gb  stm32f10x_MY_spi.o [1]
SPI_Cmd                 0x080077a9   0x1c  Code  Gb  stm32f10x_spi.o [1]
SPI_I2S_GetFlagStatus   0x080077e1   0x18  Code  Gb  stm32f10x_spi.o [1]
SPI_Init                0x08007769   0x40  Code  Gb  stm32f10x_spi.o [1]
SPI_SSOutputCmd         0x080077c5   0x1c  Code  Gb  stm32f10x_spi.o [1]
SaveToFlash             0x0800547d  0x136  Code  Gb  Canlibration.o [1]
SetParaPre              0x08007d59    0xe  Code  Gb  Task.o [1]
SetParam                0x08007d6d  0x19a  Code  Gb  Task.o [1]
SetSysClock             0x0800c565    0x8  Code  Lc  system_stm32f10x.o [1]
SetSysClockTo72         0x0800c56d   0xe0  Code  Lc  system_stm32f10x.o [1]
Single_Read             0x08006625   0x46  Code  Gb  MyIIC.o [1]
Single_Write            0x080065d5   0x50  Code  Gb  MyIIC.o [1]
Standby                 0x08007831  0x34c  Code  Gb  Task.o [1]
StbPrep                 0x080077f9   0x38  Code  Gb  Task.o [1]
SysTick_CLKSourceConfig
                        0x08007429   0x20  Code  Gb  misc.o [1]
SystemCoreClock         0x20000204    0x4  Data  Gb  system_stm32f10x.o [1]
SystemInit              0x0800c511   0x54  Code  Gb  system_stm32f10x.o [1]
TIM2_PWM_Init           0x080086a9  0x12a  Code  Gb  stm32f10x_tim.o [1]
TIM3_PWM_Init           0x080087d3   0xd4  Code  Gb  stm32f10x_tim.o [1]
TIM4_IRQHandler         0x0800bb31   0xde  Code  Gb  ISR.o [1]
TIM_ClearITPendingBit   0x0800868d    0x8  Code  Gb  stm32f10x_tim.o [1]
TIM_Cmd                 0x08008577   0x1c  Code  Gb  stm32f10x_tim.o [1]
TIM_ITConfig            0x08008593   0x16  Code  Gb  stm32f10x_tim.o [1]
TIM_OC1Init             0x08008351   0x9a  Code  Gb  stm32f10x_tim.o [1]
TIM_OC1PreloadConfig    0x080085a9   0x12  Code  Gb  stm32f10x_tim.o [1]
TIM_OC2Init             0x080083eb   0x90  Code  Gb  stm32f10x_tim.o [1]
TIM_OC2PreloadConfig    0x080085bb   0x14  Code  Gb  stm32f10x_tim.o [1]
TIM_OC3Init             0x0800847b   0x8e  Code  Gb  stm32f10x_tim.o [1]
TIM_OC3PreloadConfig    0x080085cf   0x12  Code  Gb  stm32f10x_tim.o [1]
TIM_OC4Init             0x08008509   0x6e  Code  Gb  stm32f10x_tim.o [1]
TIM_OC4PreloadConfig    0x080085e1   0x14  Code  Gb  stm32f10x_tim.o [1]
TIM_SetCompare1         0x080085f5    0x4  Code  Gb  stm32f10x_tim.o [1]
TIM_SetCompare2         0x080085f9    0x4  Code  Gb  stm32f10x_tim.o [1]
TIM_SetCompare3         0x080085fd    0x4  Code  Gb  stm32f10x_tim.o [1]
TIM_SetCompare4         0x08008601    0x6  Code  Gb  stm32f10x_tim.o [1]
TIM_TimeBaseInit        0x080082bd   0x94  Code  Gb  stm32f10x_tim.o [1]
TX_ADDRESS              0x200001d4    0x8  Data  Gb  MyNRF24L0.o [1]
Task                    0x20000f88   0x28  Data  Gb  Task.o [1]
TaskInit                0x080081c1   0x22  Code  Gb  Task.o [1]
UARTSendFloat           0x080088c9   0x38  Code  Gb  Interact.o [1]
USART1_IRQHandler       0x0800c12f   0x7e  Code  Gb  usart.o [1]
USART3_IRQHandler       0x0800bcb5  0x108  Code  Gb  ISR.o [1]
USART_Cmd               0x080095d9   0x1c  Code  Gb  stm32f10x_usart.o [1]
USART_GetFlagStatus     0x0800965b   0x1e  Code  Gb  stm32f10x_usart.o [1]
USART_GetITStatus       0x08009679   0x6e  Code  Gb  stm32f10x_usart.o [1]
USART_ITConfig          0x080095f5   0x56  Code  Gb  stm32f10x_usart.o [1]
USART_Init              0x080094f5   0xde  Code  Gb  stm32f10x_usart.o [1]
USART_RX_BUF            0x20000dc0   0xc8  Data  Gb  usart.o [1]
USART_RX_STA            0x200011be    0x2  Data  Gb  usart.o [1]
USART_ReceiveData       0x08009653    0x8  Code  Gb  stm32f10x_usart.o [1]
USART_SendData          0x0800964b    0x8  Code  Gb  stm32f10x_usart.o [1]
Uart1_RevBuf            0x20000cc0  0x100  Data  Gb  ISR.o [1]
Uart1_RevBuf_Tail       0x200011ba    0x2  Data  Gb  ISR.o [1]
UartInit                0x0800bf13  0x21c  Code  Gb  usart.o [1]
_GenldFullNoMb          0x08004e0d  0x24a  Code  Lc  xprintffull_nomb.o [3]
_IsdstStr               0x2000008c    0x4  Data  Gb  setlocale.o [3]
_LdtobFullNoMb          0x08004a21  0x3e6  Code  Lc  xprintffull_nomb.o [3]
_LitobFullNoMb          0x08004919  0x106  Code  Lc  xprintffull_nomb.o [3]
_LocaleC_isalpha        0x0800aec9   0x16  Code  Gb  xlocale_c.o [3]
_LocaleC_isspace        0x0800aedf   0x14  Code  Gb  xlocale_c.o [3]
_LocaleC_tolower        0x0800af5d    0xc  Code  Gb  xlocale_c.o [3]
_LocaleForCat           0x0800aeb1   0x12  Code  Gb  setlocale.o [3]
_LocaleReturnString     0x200000ac   0x50  Data  Lc  setlocale.o [3]
_Locale_Profile         0x20000090   0x1c  Data  Gb  setlocale.o [3]
_Locale_aeabi_lconv     0x20000050   0x38  Data  Gb  localeconv.o [3]
_Locale_lconv           0x20000000   0x50  Data  Gb  localeconv.o [3]
_PrintfFullNoMb         0x08004331  0x5e2  Code  Gb  xprintffull_nomb.o [3]
_Prout                  0x0800cb8d   0x16  Code  Gb  xprout.o [3]
_PutcharsFullNoMb       0x08005057   0x2e  Code  Lc  xprintffull_nomb.o [3]
_SNProut                0x080029d7   0x1a  Code  Gb  xsnprout.o [3]
_Stoflt                 0x0800a8e1  0x1b8  Code  Gb  xstoflt.o [3]
_Stopfx                 0x0800a7ad  0x134  Code  Gb  xstopfx.o [3]
_Stoxflt                0x0800ac99  0x1e2  Code  Gb  xstoxflt.o [3]
_TzoneStr               0x20000088    0x4  Data  Gb  setlocale.o [3]
__aeabi_assert          0x08007477   0x24  Code  Gb  ABIassert.o [6]
__aeabi_cdcmpeq         0x08004169         Code  Gb  DblCmpEq.o [4]
__aeabi_cdcmple         0x080037c9         Code  Gb  DblCmpLe.o [4]
__aeabi_cdrcmple        0x08003799         Code  Gb  DblCmpGe.o [4]
__aeabi_cfcmpeq         0x080038f1         Code  Gb  FltCmpEq.o [4]
__aeabi_cfcmple         0x08003091         Code  Gb  FltCmpLe.o [4]
__aeabi_cfrcmple        0x080031b1         Code  Gb  FltCmpGe.o [4]
__aeabi_d2f             0x08002f11         Code  Gb  DblToFlt.o [4]
__aeabi_d2iz            0x08003f31         Code  Gb  DblToI32.o [4]
__aeabi_d2uiz           0x08003f5d         Code  Gb  DblToI32.o [4]
__aeabi_dadd            0x08003501         Code  Gb  DblAdd.o [4]
__aeabi_ddiv            0x08002cc9         Code  Gb  DblDiv.o [4]
__aeabi_dmul            0x080032bd         Code  Gb  DblMul.o [4]
__aeabi_dsub            0x080035e9         Code  Gb  DblSub.o [4]
__aeabi_errno_addr      0x08003af9    0x6  Code  Gb  errno.o [3]
__aeabi_f2d             0x08002c79         Code  Gb  FltToDbl.o [4]
__aeabi_f2iz            0x08002bb1         Code  Gb  FltToS32.o [4]
__aeabi_fadd            0x08002bf5         Code  Gb  FltAdd.o [4]
__aeabi_fdiv            0x080030b5         Code  Gb  FltDiv.o [4]
__aeabi_fmul            0x08002ad9         Code  Gb  FltMul.o [4]
__aeabi_fsub            0x080029f1         Code  Gb  FltSub.o [4]
__aeabi_i2d             0x08003769         Code  Gb  I32ToDbl.o [4]
__aeabi_i2f             0x080029a5         Code  Gb  I32ToFlt.o [4]
__aeabi_ldiv0           0x08005479         Code  Gb  I64DivZer.o [5]
__aeabi_memclr4         0x080063b9         Code  Gb  ABImemclr4.o [5]
__aeabi_memset          0x080096e9         Code  Gb  ABImemset.o [5]
__aeabi_ui2d            0x0800377d         Code  Gb  I32ToDbl.o [4]
__aeabi_ui2f            0x080029b9         Code  Gb  I32ToFlt.o [4]
__aeabi_uldivmod        0x08005149         Code  Gb  I64DivMod.o [5]
__cmain                 0x0800cafd         Code  Gb  cmain.o [5]
__data_GetMemChunk      0x08001639   0x2c  Code  Gb  xgetmemchunk.o [3]
__exit                  0x08001665   0x14  Code  Gb  exit.o [6]
__iar_Atan              0x08003919  0x148  Code  Gb  xatan.o [4]
__iar_Dint              0x080040e9   0x7e  Code  Gb  xdint.o [4]
__iar_Dnorm             0x080052af   0x42  Code  Gb  xdnorm.o [4]
__iar_Dscale            0x080052f1  0x10c  Code  Gb  xdscale.o [4]
__iar_Dtentox           0x0800aaeb  0x14c  Code  Gb  xdtento.o [4]
__iar_Dunscale          0x0800af07   0x56  Code  Gb  xdunscal.o [4]
__iar_EmptyStepPoint    0x08007475    0x2  Code  Gb  ABIassert.o [6]
__iar_Errno             0x20000208    0x4  Data  Gb  errno.o [3]
__iar_FDtest            0x0800b48f   0x2a  Code  Gb  xfdtest.o [4]
__iar_Locale_lconv_init
                        0x080053fd   0x3a  Code  Gb  localeconv.o [3]
__iar_Memchr            0x080050f1         Code  Gb  memchr.o [5]
__iar_Memset            0x080096e9         Code  Gb  ABImemset.o [5]
__iar_Memset4_word      0x08006eb1         Code  Gb  ABImemset48.o [5]
__iar_Memset8_word      0x08006eb1         Code  Gb  ABImemset48.o [5]
__iar_Memset_word       0x080096f1         Code  Gb  ABImemset.o [5]
__iar_Quad              0x08003f89  0x160  Code  Gb  xquad.o [4]
__iar_Sin               0x08003b05  0x424  Code  Gb  xsin.o [4]
__iar_Stdout            0x200000fc   0x40  Data  Gb  xfiles.o [3]
__iar_Stod              0x0800a5ed    0x4  Code  Gb  xstod.o [4]
__iar_Stodx             0x0800a4a5  0x13a  Code  Gb  xstod.o [4]
__iar_Stolx             0x0800a41d   0x88  Code  Gb  xstol.o [3]
__iar_Stoulx            0x0800a619  0x13e  Code  Gb  xstoul.o [3]
__iar_Strchr            0x080050a1         Code  Gb  strchr.o [5]
__iar_d2uiz             0x08003f69         Code  Gb  DblToI32.o [4]
__iar_dadd              0x08003515         Code  Gb  DblAdd.o [4]
__iar_data_init3        0x0800ca25   0x28  Code  Gb  data_init.o [5]
__iar_dlfree            0x080010f7  0x512  Code  Gb  dlmalloc.o [3]
__iar_dlib_perthread_access
                        0x08003f2f    0x2  Code  Gb  xtls.o [3]
__iar_dlmalloc          0x08000e39  0x2b2  Code  Gb  dlmalloc.o [3]
__iar_dsub              0x080035fd         Code  Gb  DblSub.o [4]
__iar_dsubStart         0x0800360f         Code  Gb  DblSub.o [4]
__iar_edom              0x0800390d         Code  Gb  iarEdom.o [5]
__iar_fadd              0x08002c05         Code  Gb  FltAdd.o [4]
__iar_fmod              0x08004189         Code  Gb  fmod.o [4]
__iar_fmodl             0x08004189         Code  Gb  fmod.o [4]
__iar_fsub              0x08002a01         Code  Gb  FltSub.o [4]
__iar_fsubStart         0x08002a11         Code  Gb  FltSub.o [4]
__iar_gm_               0x2000096c  0x1d8  Data  Gb  dlmalloc.o [3]
__iar_packbits_init3    0x0800c68b   0xb2  Code  Gb  packbits_init.o [5]
__iar_program_start     0x0800ccb5         Code  Gb  cstartup_M.o [5]
__iar_sqrt              0x08002fa1         Code  Gb  sqrt.o [4]
__iar_ui2d              0x08003781         Code  Gb  I32ToDbl.o [4]
__iar_ui2f              0x080029bd         Code  Gb  I32ToFlt.o [4]
__iar_unaligned___aeabi_memcpy
                        0x08005239         Code  Gb  ABImemcpy_unaligned.o [5]
__iar_unaligned___aeabi_memcpy4
                        0x08005259         Code  Gb  ABImemcpy_unaligned.o [5]
__iar_unaligned___aeabi_memcpy8
                        0x08005259         Code  Gb  ABImemcpy_unaligned.o [5]
__iar_unaligned_memcmp  0x0800a369         Code  Gb  memcmp_unaligned.o [5]
__iar_zero_init3        0x08001617   0x22  Code  Gb  zero_init3.o [5]
__low_level_init        0x0800cb17    0x4  Code  Gb  low_level_init.o [3]
__vector_table          0x08000000         Data  Gb  startup_stm32f10x_cl.o [1]
_amtp                   0x200001ec    0x4  Data  Gb  Canlibration.o [1]
_call_main              0x0800cb09         Code  Gb  cmain.o [5]
_exit                   0x0800cb21         Code  Gb  cexit.o [5]
_gt                     0x200001f4    0x4  Data  Gb  Canlibration.o [1]
_main                   0x0800cb13         Code  Gb  cmain.o [5]
_nmea_parse_time        0x08009751   0x8c  Code  Gb  parse.o [1]
a                       0x08003ab8   0x40  Data  Lc  xatan.o [4]
abort                   0x08001611    0x6  Code  Gb  abort.o [3]
acc                     0x2000013c   0x20  Data  Gb  main.o [1]
acc_angle               0x20001070   0x18  Data  Gb  main.o [1]
acc_chip_out            0x200010e0    0x8  Data  Gb  ISR.o [1]
acos                    0x080031d5   0xe8  Code  Gb  acos.o [4]
amplitude               0x200011bc    0x2  Data  Gb  Task.o [1]
angle                   0x200010b0    0xc  Data  Gb  Calculation.o [1]
angle_error_x           0x200010fc    0x4  Data  Gb  Calculation.o [1]
angle_error_y           0x20001100    0x4  Data  Gb  Calculation.o [1]
anglex_pnode            0x20001170    0x4  Data  Gb  Interact.o [1]
angley_data             0x2000064c  0x320  Data  Gb  Task.o [1]
angley_pnode            0x20001174    0x4  Data  Gb  Interact.o [1]
anglez_pnode            0x20001178    0x4  Data  Gb  Interact.o [1]
angx_err                0x2000115c    0x4  Data  Gb  Calculation.o [1]
angy_err                0x20001160    0x4  Data  Gb  Calculation.o [1]
asin                    0x080037f9   0xf0  Code  Gb  asin.o [4]
atan                    0x0800346d   0x94  Code  Gb  atan.o [4]
bat_voltage             0x20001188    0x4  Data  Gb  main.o [1]
cali_acc_flag           0x200011cf    0x1  Data  Gb  Task.o [1]
cali_compass            0x200011d2    0x1  Data  Gb  Task.o [1]
cali_gyro_flag          0x200011d0    0x1  Data  Gb  Task.o [1]
compass                 0x2000017c   0x1c  Data  Gb  main.o [1]
cos                     0x08003465    0x6  Code  Gb  cos.o [4]
cps_chip_out            0x200010f0    0x8  Data  Gb  ISR.o [1]
ctrl                    0x20000b44   0x14  Data  Gb  main.o [1]
delay_init              0x0800666d   0x28  Code  Gb  delay.o [1]
delay_raw1us            0x080066b7   0x48  Code  Gb  delay.o [1]
delay_us                0x08006695   0x22  Code  Gb  delay.o [1]
digits                  0x0800a75c   0x28  Data  Lc  xstoul.o [3]
div                     0x08005469    0xe  Code  Gb  div.o [3]
dma_max_recieve         0x20001180    0x4  Data  Gb  ISR.o [1]
dmul                    0x0800aa99   0x52  Code  Lc  xdtento.o [4]
exit                    0x0800cb1b    0x4  Code  Gb  exit.o [3]
expriment_time          0x20001198    0x4  Data  Gb  Task.o [1]
fac_ms                  0x200011b8    0x2  Data  Lc  delay.o [1]
fac_us                  0x200011c0    0x1  Data  Lc  delay.o [1]
filted_acc              0x20001028   0x18  Data  Gb  ISR.o [1]
filted_cps              0x20001058   0x18  Data  Gb  ISR.o [1]
filted_gyro             0x20001040   0x18  Data  Gb  ISR.o [1]
fmod                    0x08004189         Code  Gb  fmod.o [4]
fmodl                   0x08004189         Code  Gb  fmod.o [4]
fputc                   0x0800bf01   0x12  Code  Gb  usart.o [1]
gc                      0x20000e88   0x80  Data  Gb  main.o [1]
gpio_init               0x0800701b  0x1b4  Code  Gb  stm32f10x_gpio.o [1]
gpio_int_cfg            0x080071cf   0x8e  Code  Gb  stm32f10x_gpio.o [1]
gyro                    0x200010d4    0xc  Data  Gb  main.o [1]
gyro_cali_tolerance     0x200001fc    0x4  Data  Gb  Mpu6050.o [1]
gyro_chip_out           0x200010e8    0x8  Data  Gb  ISR.o [1]
info                    0x20000b58  0x168  Data  Gb  ISR.o [1]
init_mparams            0x0800016b   0x32  Code  Lc  dlmalloc.o [3]
init_top                0x0800019d   0x34  Code  Lc  dlmalloc.o [3]
irq_tx_buff             0x20000fd0   0x20  Data  Gb  MyNRF24L0.o [1]
isalpha                 0x0800a5f1   0x14  Code  Gb  isxxx.o [3]
isdigit                 0x0800a3d7    0xa  Code  Gb  isdigit.o [3]
isspace                 0x0800a605   0x14  Code  Gb  isxxx.o [3]
l3gd_gyro_cali_tolerance
                        0x200001f8    0x4  Data  Gb  L3GD20.o [1]
localeconv              0x08005437   0x16  Code  Gb  localeconv.o [3]
main                    0x0800c1e9  0x26c  Code  Gb  main.o [1]
memchr                  0x080050f1         Code  Gb  memchr.o [5]
memcpy                  0x0800908b    0xc  Code  Gb  memcpy.o [3]
memset                  0x080094e1   0x14  Code  Gb  memset.o [3]
mparams                 0x20001088   0x18  Data  Lc  dlmalloc.o [3]
ndigs                   0x0800a784   0x28  Data  Lc  xstoul.o [3]
need_restart_flag       0x200011d1    0x1  Data  Gb  Task.o [1]
next_procedure          0x200011cd    0x1  Data  Gb  Task.o [1]
nmea_GPGGA2info         0x08009d35   0x80  Code  Gb  parse.o [1]
nmea_GPGSA2info         0x08009db5   0x94  Code  Gb  parse.o [1]
nmea_GPGSV2info         0x08009e49   0xc6  Code  Gb  parse.o [1]
nmea_GPRMC2info         0x08009f0f   0xac  Code  Gb  parse.o [1]
nmea_GPVTG2info         0x08009fbb   0x40  Code  Gb  parse.o [1]
nmea_atof               0x0800a093   0x34  Code  Gb  tok.o [1]
nmea_atoi               0x0800a061   0x32  Code  Gb  tok.o [1]
nmea_error              0x0800a32b   0x3e  Code  Gb  context.o [1]
nmea_find_tail          0x08009873   0xc6  Code  Gb  parse.o [1]
nmea_pack_type          0x080097dd   0x96  Code  Gb  parse.o [1]
nmea_parse              0x0800b72b   0xa2  Code  Gb  parser.o [1]
nmea_parse_GPGGA        0x08009939   0xc8  Code  Gb  parse.o [1]
nmea_parse_GPGSA        0x08009a01   0xb8  Code  Gb  parse.o [1]
nmea_parse_GPGSV        0x08009ab9   0xf6  Code  Gb  parse.o [1]
nmea_parse_GPRMC        0x08009baf   0xdc  Code  Gb  parse.o [1]
nmea_parse_GPVTG        0x08009c8b   0xaa  Code  Gb  parse.o [1]
nmea_parser_buff_clear  0x0800bacd   0x26  Code  Gb  parser.o [1]
nmea_parser_destroy     0x0800b6f3   0x38  Code  Gb  parser.o [1]
nmea_parser_drop        0x0800ba7f   0x4e  Code  Gb  parser.o [1]
nmea_parser_init        0x0800b69d   0x56  Code  Gb  parser.o [1]
nmea_parser_pop         0x0800ba37   0x48  Code  Gb  parser.o [1]
nmea_parser_push        0x0800b9fb   0x3c  Code  Gb  parser.o [1]
nmea_parser_queue_clear
                        0x0800baf3   0x2a  Code  Gb  parser.o [1]
nmea_parser_real_push   0x0800b7cd  0x22e  Code  Gb  parser.o [1]
nmea_property           0x0800a305    0x4  Code  Gb  context.o [1]
nmea_scanf              0x0800a0c7  0x23c  Code  Gb  tok.o [1]
nmea_trace_buff         0x0800a30d   0x1e  Code  Gb  context.o [1]
nmea_zero_INFO          0x0800beb1   0x1a  Code  Gb  info.o [1]
nrf_break               0x2000020f    0x1  Data  Gb  Task.o [1]
nrf_handler             0x080093fd   0xb0  Code  Gb  MyNRF24L0.o [1]
nrf_init                0x08009099   0xc6  Code  Gb  MyNRF24L0.o [1]
nrf_int_flag            0x2000020d    0x1  Data  Gb  ISR.o [1]
nrf_irq_tx_addr         0x20001190    0x4  Data  Gb  MyNRF24L0.o [1]
nrf_irq_tx_flag         0x200011ca    0x1  Data  Gb  MyNRF24L0.o [1]
nrf_irq_tx_pnum         0x20001194    0x4  Data  Gb  MyNRF24L0.o [1]
nrf_link_check          0x08009255   0xa4  Code  Gb  MyNRF24L0.o [1]
nrf_mode                0x200011c9    0x1  Data  Gb  MyNRF24L0.o [1]
nrf_rciv                0x20000ff0   0x20  Data  Gb  MyNRF24L0.o [1]
nrf_readbuf             0x08009219   0x3c  Code  Lc  MyNRF24L0.o [1]
nrf_readreg             0x080091a1   0x3a  Code  Lc  MyNRF24L0.o [1]
nrf_rx_mode             0x080092f9   0x54  Code  Gb  MyNRF24L0.o [1]
nrf_tx                  0x0800939b   0x62  Code  Gb  MyNRF24L0.o [1]
nrf_tx_mode             0x0800934d   0x4e  Code  Gb  MyNRF24L0.o [1]
nrf_writebuf            0x080091db   0x3e  Code  Lc  MyNRF24L0.o [1]
nrf_writereg            0x0800915f   0x42  Code  Lc  MyNRF24L0.o [1]
obuf                    0x20000f08   0x50  Data  Lc  xfiles.o [3]
offset_angle            0x200010c8    0xc  Data  Gb  Calculation.o [1]
pipl_dir                0x200011c8    0x1  Data  Gb  main.o [1]
pit_25ms_flag           0x200011c3    0x1  Data  Gb  ISR.o [1]
pit_500ms_flag          0x200011c5    0x1  Data  Gb  ISR.o [1]
pit_50ms_flag           0x200011c4    0x1  Data  Gb  ISR.o [1]
pit_5ms_flag            0x200011c2    0x1  Data  Gb  ISR.o [1]
pit_5s_flag             0x200011c6    0x1  Data  Gb  ISR.o [1]
pows                    0x0800ac50   0x48  Data  Lc  xdtento.o [4]
prepend_alloc           0x080001d1  0x33c  Code  Lc  dlmalloc.o [3]
pressure                0x20001184    0x4  Data  Gb  main.o [1]
printf                  0x0800903d   0x24  Code  Gb  printf.o [3]
putchar                 0x0800cba5    0xc  Code  Gb  putchar.o [3]
pwm                     0x200010a0   0x10  Data  Gb  Calculation.o [1]
pwm0                    0x2000119c    0x4  Data  Gb  Task.o [1]
pwm1                    0x200011a0    0x4  Data  Gb  Task.o [1]
pwm_of_dir              0x20001144    0x4  Data  Gb  Calculation.o [1]
pwr_low_flag            0x2000020e    0x1  Data  Gb  Task.o [1]
rx_flag                 0x200011cc    0x1  Data  Gb  MyNRF24L0.o [1]
sCom                    0x20000210  0x43c  Data  Gb  main.o [1]
segment_holding         0x08000151   0x1a  Code  Lc  dlmalloc.o [3]
send_type               0x2000020c    0x1  Data  Gb  Interact.o [1]
send_wave_flag          0x200011ce    0x1  Data  Gb  Task.o [1]
sin                     0x0800345f    0x6  Code  Gb  sin.o [4]
spi_mosi                0x080074a1   0x4e  Code  Gb  stm32f10x_MY_spi.o [1]
spi_mosi_cmd            0x080074ef   0x96  Code  Gb  stm32f10x_MY_spi.o [1]
sqrt                    0x08002fa1         Code  Gb  sqrt.o [4]
sqrtl                   0x08002fa1         Code  Gb  sqrt.o [4]
strchr                  0x080050a1         Code  Gb  strchr.o [5]
strlen                  0x080050b9         Code  Gb  strlen.o [5]
strncmp                 0x08009061   0x2a  Code  Gb  strncmp.o [3]
strtod                  0x0800a3d1    0x6  Code  Gb  strtod.o [4]
strtol                  0x0800a3cb    0x6  Code  Gb  strtol.o [3]
sys_alloc               0x0800050d  0x384  Code  Lc  dlmalloc.o [3]
tmalloc_large           0x0800089d  0x38a  Code  Lc  dlmalloc.o [3]
tmalloc_small           0x08000c27  0x204  Code  Lc  dlmalloc.o [3]
tolower                 0x0800aef3   0x14  Code  Gb  tolower.o [3]
tx_flag                 0x200011cb    0x1  Data  Gb  MyNRF24L0.o [1]
usart_GPS_sd_flag       0x200011c7    0x1  Data  Gb  ISR.o [1]
vsnprintf               0x0800a3e1   0x3c  Code  Gb  vsnprint.o [3]
x_b                     0x20001114    0x4  Data  Gb  Calculation.o [1]
x_d_i                   0x2000112c    0x4  Data  Gb  Calculation.o [1]
x_max                   0x200011ae    0x2  Data  Gb  Canlibration.o [1]
x_min                   0x200011ac    0x2  Data  Gb  Canlibration.o [1]
x_p_i                   0x20001128    0x4  Data  Gb  Calculation.o [1]
x_p_o                   0x20001124    0x4  Data  Gb  Calculation.o [1]
xcq                     0x2000113c    0x4  Data  Gb  Calculation.o [1]
xyz_t                   0x200001f0    0x4  Data  Gb  Canlibration.o [1]
y_b                     0x20001118    0x4  Data  Gb  Calculation.o [1]
y_d_i                   0x20001138    0x4  Data  Gb  Calculation.o [1]
y_max                   0x200011b2    0x2  Data  Gb  Canlibration.o [1]
y_min                   0x200011b0    0x2  Data  Gb  Canlibration.o [1]
y_p_i                   0x20001134    0x4  Data  Gb  Calculation.o [1]
y_p_o                   0x20001130    0x4  Data  Gb  Calculation.o [1]
yaw_init                0x200010f8    0x4  Data  Gb  Calculation.o [1]
ycq                     0x20001140    0x4  Data  Gb  Calculation.o [1]
z_d                     0x20001120    0x4  Data  Gb  Calculation.o [1]
z_max                   0x200011b6    0x2  Data  Gb  Canlibration.o [1]
z_min                   0x200011b4    0x2  Data  Gb  Canlibration.o [1]
z_p                     0x2000111c    0x4  Data  Gb  Calculation.o [1]


[1] = E:\FlyCtrl\CTRL_PCBV5 (github)\FlyControl\software\quadrotor\Debug\Obj
[2] = command line
[3] = dl7M_tlf.a
[4] = m7M_tl.a
[5] = rt7M_tl.a
[6] = shb_l.a

  51 410 bytes of readonly  code memory
   1 555 bytes of readonly  data memory
  16 851 bytes of readwrite data memory

Errors: none
Warnings: none
