###############################################################################
#
# IAR ELF Linker V7.10.1.6676/W32 for ARM                 11/Mar/2021  09:08:56
# Copyright 2007-2014 IAR Systems AB.
#
#    Output file  =  
#        E:\FlyCtrl\CTRL_PCBV5
#        (github)\FlyControl\software\quadrotor\Debug\Exe\STM32F103-IAR.out
#    Map file     =  
#        E:\FlyCtrl\CTRL_PCBV5
#        (github)\FlyControl\software\quadrotor\Debug\List\STM32F103-IAR.map
#    Command line =  
#        "E:\FlyCtrl\CTRL_PCBV5
#        (github)\FlyControl\software\quadrotor\Debug\Obj\Calculation.o"
#        "E:\FlyCtrl\CTRL_PCBV5
#        (github)\FlyControl\software\quadrotor\Debug\Obj\Canlibration.o"
#        "E:\FlyCtrl\CTRL_PCBV5
#        (github)\FlyControl\software\quadrotor\Debug\Obj\context.o"
#        "E:\FlyCtrl\CTRL_PCBV5
#        (github)\FlyControl\software\quadrotor\Debug\Obj\DataStructure.o"
#        "E:\FlyCtrl\CTRL_PCBV5
#        (github)\FlyControl\software\quadrotor\Debug\Obj\delay.o"
#        "E:\FlyCtrl\CTRL_PCBV5
#        (github)\FlyControl\software\quadrotor\Debug\Obj\generate.o"
#        "E:\FlyCtrl\CTRL_PCBV5
#        (github)\FlyControl\software\quadrotor\Debug\Obj\generator.o"
#        "E:\FlyCtrl\CTRL_PCBV5
#        (github)\FlyControl\software\quadrotor\Debug\Obj\gmath.o"
#        "E:\FlyCtrl\CTRL_PCBV5
#        (github)\FlyControl\software\quadrotor\Debug\Obj\GPS.o"
#        "E:\FlyCtrl\CTRL_PCBV5
#        (github)\FlyControl\software\quadrotor\Debug\Obj\HMC5883.o"
#        "E:\FlyCtrl\CTRL_PCBV5
#        (github)\FlyControl\software\quadrotor\Debug\Obj\info.o"
#        "E:\FlyCtrl\CTRL_PCBV5
#        (github)\FlyControl\software\quadrotor\Debug\Obj\Interact.o"
#        "E:\FlyCtrl\CTRL_PCBV5
#        (github)\FlyControl\software\quadrotor\Debug\Obj\ISR.o"
#        "E:\FlyCtrl\CTRL_PCBV5
#        (github)\FlyControl\software\quadrotor\Debug\Obj\L3GD20.o"
#        "E:\FlyCtrl\CTRL_PCBV5
#        (github)\FlyControl\software\quadrotor\Debug\Obj\LSM303.o"
#        "E:\FlyCtrl\CTRL_PCBV5
#        (github)\FlyControl\software\quadrotor\Debug\Obj\main.o"
#        "E:\FlyCtrl\CTRL_PCBV5
#        (github)\FlyControl\software\quadrotor\Debug\Obj\misc.o"
#        "E:\FlyCtrl\CTRL_PCBV5
#        (github)\FlyControl\software\quadrotor\Debug\Obj\Mpu6050.o"
#        "E:\FlyCtrl\CTRL_PCBV5
#        (github)\FlyControl\software\quadrotor\Debug\Obj\MyIIC.o"
#        "E:\FlyCtrl\CTRL_PCBV5
#        (github)\FlyControl\software\quadrotor\Debug\Obj\MyNRF24L0.o"
#        "E:\FlyCtrl\CTRL_PCBV5
#        (github)\FlyControl\software\quadrotor\Debug\Obj\parse.o"
#        "E:\FlyCtrl\CTRL_PCBV5
#        (github)\FlyControl\software\quadrotor\Debug\Obj\parser.o"
#        "E:\FlyCtrl\CTRL_PCBV5
#        (github)\FlyControl\software\quadrotor\Debug\Obj\QMC5883.o"
#        "E:\FlyCtrl\CTRL_PCBV5
#        (github)\FlyControl\software\quadrotor\Debug\Obj\sentence.o"
#        "E:\FlyCtrl\CTRL_PCBV5
#        (github)\FlyControl\software\quadrotor\Debug\Obj\startup_stm32f10x_cl.o"
#        "E:\FlyCtrl\CTRL_PCBV5
#        (github)\FlyControl\software\quadrotor\Debug\Obj\stm32f10x_adc.o"
#        "E:\FlyCtrl\CTRL_PCBV5
#        (github)\FlyControl\software\quadrotor\Debug\Obj\stm32f10x_dma.o"
#        "E:\FlyCtrl\CTRL_PCBV5
#        (github)\FlyControl\software\quadrotor\Debug\Obj\stm32f10x_exti.o"
#        "E:\FlyCtrl\CTRL_PCBV5
#        (github)\FlyControl\software\quadrotor\Debug\Obj\stm32f10x_flash.o"
#        "E:\FlyCtrl\CTRL_PCBV5
#        (github)\FlyControl\software\quadrotor\Debug\Obj\stm32f10x_gpio.o"
#        "E:\FlyCtrl\CTRL_PCBV5
#        (github)\FlyControl\software\quadrotor\Debug\Obj\stm32f10x_i2c.o"
#        "E:\FlyCtrl\CTRL_PCBV5
#        (github)\FlyControl\software\quadrotor\Debug\Obj\stm32f10x_MY_spi.o"
#        "E:\FlyCtrl\CTRL_PCBV5
#        (github)\FlyControl\software\quadrotor\Debug\Obj\stm32f10x_MyFlash.o"
#        "E:\FlyCtrl\CTRL_PCBV5
#        (github)\FlyControl\software\quadrotor\Debug\Obj\stm32f10x_rcc.o"
#        "E:\FlyCtrl\CTRL_PCBV5
#        (github)\FlyControl\software\quadrotor\Debug\Obj\stm32f10x_spi.o"
#        "E:\FlyCtrl\CTRL_PCBV5
#        (github)\FlyControl\software\quadrotor\Debug\Obj\stm32f10x_tim.o"
#        "E:\FlyCtrl\CTRL_PCBV5
#        (github)\FlyControl\software\quadrotor\Debug\Obj\stm32f10x_usart.o"
#        "E:\FlyCtrl\CTRL_PCBV5
#        (github)\FlyControl\software\quadrotor\Debug\Obj\sys_init.o"
#        "E:\FlyCtrl\CTRL_PCBV5
#        (github)\FlyControl\software\quadrotor\Debug\Obj\system_stm32f10x.o"
#        "E:\FlyCtrl\CTRL_PCBV5
#        (github)\FlyControl\software\quadrotor\Debug\Obj\Task.o"
#        "E:\FlyCtrl\CTRL_PCBV5
#        (github)\FlyControl\software\quadrotor\Debug\Obj\time.o"
#        "E:\FlyCtrl\CTRL_PCBV5
#        (github)\FlyControl\software\quadrotor\Debug\Obj\tok.o"
#        "E:\FlyCtrl\CTRL_PCBV5
#        (github)\FlyControl\software\quadrotor\Debug\Obj\usart.o" -o
#        "E:\FlyCtrl\CTRL_PCBV5
#        (github)\FlyControl\software\quadrotor\Debug\Exe\STM32F103-IAR.out"
#        --map "E:\FlyCtrl\CTRL_PCBV5
#        (github)\FlyControl\software\quadrotor\Debug\List\STM32F103-IAR.map"
#        --config "E:\FlyCtrl\CTRL_PCBV5
#        (github)\FlyControl\software\quadrotor\Config\stm32f10x_flash.icf"
#        --semihosting --entry __iar_program_start --redirect
#        __iar_sh_stdout=__iar_sh_stdout_swo --vfe
#
###############################################################################

*******************************************************************************
*** RUNTIME MODEL ATTRIBUTES
***

CppFlavor                     = *
__Heap_Handler                = DLMalloc
__SystemLibrary               = DLib
__dlib_dynamic_initialization = normal


*******************************************************************************
*** PLACEMENT SUMMARY
***

"A1":  place at 0x08000000 { ro section .intvec };
"P1":  place in [from 0x08000000 to 0x080fffff] { ro };
"P2":  place in [from 0x20000000 to 0x2000bfff] { rw, block CSTACK, block HEAP };

  Section             Kind        Address    Size  Object
  -------             ----        -------    ----  ------
"A1":                                       0x150
  .intvec             ro code  0x08000000   0x150  startup_stm32f10x_cl.o [1]
                             - 0x08000150   0x150

"P1":                                      0xcd09
  .text               ro code  0x08000150  0x14c0  dlmalloc.o [3]
  .text               ro code  0x08001610     0x6  abort.o [3]
  .text               ro code  0x08001616    0x22  zero_init3.o [5]
  .text               ro code  0x08001638    0x2c  xgetmemchunk.o [3]
  .text               ro code  0x08001664    0x14  exit.o [6]
  .text               ro code  0x08001678  0x12ec  Calculation.o [1]
  .text               ro code  0x08002964    0x32  I32ToFlt.o [4]
  .text               ro code  0x08002996    0x1a  xsnprout.o [3]
  .text               ro code  0x080029b0    0xe6  FltSub.o [4]
  .text               ro code  0x08002a98    0xd8  FltMul.o [4]
  .text               ro code  0x08002b70    0x44  FltToS32.o [4]
  .text               ro code  0x08002bb4    0x84  FltAdd.o [4]
  .text               ro code  0x08002c38    0x4e  FltToDbl.o [4]
  .text               ro code  0x08002c88   0x246  DblDiv.o [4]
  .text               ro code  0x08002ed0    0x90  DblToFlt.o [4]
  .text               ro code  0x08002f60    0xf0  sqrt.o [4]
  .text               ro code  0x08003050    0x24  FltCmpLe.o [4]
  .text               ro code  0x08003074    0xfc  FltDiv.o [4]
  .text               ro code  0x08003170    0x24  FltCmpGe.o [4]
  .text               ro code  0x08003194    0xe8  acos.o [4]
  .text               ro code  0x0800327c    0x94  atan.o [4]
  .text               ro code  0x08003310   0x1a2  DblMul.o [4]
  .text               ro code  0x080034b4    0xe8  DblAdd.o [4]
  .text               ro code  0x0800359c   0x180  DblSub.o [4]
  .text               ro code  0x0800371c    0x30  I32ToDbl.o [4]
  .text               ro code  0x0800374c     0x6  sin.o [4]
  .text               ro code  0x08003754    0x2e  DblCmpGe.o [4]
  .text               ro code  0x08003784    0x2e  DblCmpLe.o [4]
  .text               ro code  0x080037b4    0xf6  asin.o [4]
  .text               ro code  0x080038ac    0x1c  FltCmpEq.o [4]
  .text               ro code  0x080038c8     0x6  cos.o [4]
  .text               ro code  0x080038d0     0xc  iarEdom.o [5]
  .rodata             const    0x080038dc    0x5c  Mpu6050.o [1]
  .text               ro code  0x08003938   0x1e0  xatan.o [4]
  .text               ro code  0x08003b18     0xc  errno.o [3]
  .text               ro code  0x08003b24   0x42a  xsin.o [4]
  .text               ro code  0x08003f4e     0x2  xtls.o [3]
  .text               ro code  0x08003f50    0x58  DblToI32.o [4]
  .text               ro code  0x08003fa8   0x160  xquad.o [4]
  .text               ro code  0x08004108    0x7e  xdint.o [4]
  .text               ro code  0x08004188    0x20  DblCmpEq.o [4]
  .text               ro code  0x080041a8   0x1a8  fmod.o [4]
  .text               ro code  0x08004350   0xd6e  xprintffull_nomb.o [3]
  .text               ro code  0x080050c0    0x16  strchr.o [5]
  .text               ro code  0x080050d8    0x36  strlen.o [5]
  .text               ro code  0x08005110    0x58  memchr.o [5]
  .text               ro code  0x08005168    0xee  I64DivMod.o [5]
  .text               ro code  0x08005258    0x76  ABImemcpy_unaligned.o [5]
  .text               ro code  0x080052ce    0x42  xdnorm.o [4]
  .text               ro code  0x08005310   0x10c  xdscale.o [4]
  .text               ro code  0x0800541c    0x6c  localeconv.o [3]
  .text               ro code  0x08005488     0xe  div.o [3]
  .text               ro code  0x08005498     0x2  I64DivZer.o [5]
  .text               ro code  0x0800549c   0xd6c  Canlibration.o [1]
  .text               ro code  0x08006208   0x1ce  stm32f10x_flash.o [1]
  .text               ro code  0x080063d8     0x6  ABImemclr4.o [5]
  .text               ro code  0x080063e0   0x2aa  MyIIC.o [1]
  .text               ro code  0x0800668c    0xf0  delay.o [1]
  .text               ro code  0x0800677c   0x3d0  Mpu6050.o [1]
  .text               ro code  0x08006b4c   0x2c8  L3GD20.o [1]
  .text               ro code  0x08006e14    0xbc  QMC5883.o [1]
  .text               ro code  0x08006ed0    0x32  ABImemset48.o [5]
  .text               ro code  0x08006f04   0x4d0  stm32f10x_gpio.o [1]
  .text               ro code  0x080073d4    0xb0  misc.o [1]
  .text               ro code  0x08007484     0xe  stm32f10x_MyFlash.o [1]
  .text               ro code  0x08007494    0x2c  ABIassert.o [6]
  .text               ro code  0x080074c0   0x180  stm32f10x_MY_spi.o [1]
  .text               ro code  0x08007640   0x148  stm32f10x_rcc.o [1]
  .text               ro code  0x08007788    0x90  stm32f10x_spi.o [1]
  .text               ro code  0x08007818   0xac4  Task.o [1]
  .text               ro code  0x080082dc   0x60c  stm32f10x_tim.o [1]
  .text               ro code  0x080088e8   0x70c  Interact.o [1]
  .text               ro code  0x08008ff4    0x24  printf.o [3]
  .text               ro code  0x08009018    0x2a  strncmp.o [3]
  .text               ro code  0x08009042     0xc  memcpy.o [3]
  .text               ro code  0x08009050   0x448  MyNRF24L0.o [1]
  .text               ro code  0x08009498    0x14  memset.o [3]
  .text               ro code  0x080094ac   0x1f2  stm32f10x_usart.o [1]
  .text               ro code  0x080096a0    0x66  ABImemset.o [5]
  .text               ro code  0x08009708   0x910  parse.o [1]
  .text               ro code  0x0800a018   0x2a2  tok.o [1]
  .text               ro code  0x0800a2bc    0x64  context.o [1]
  .text               ro code  0x0800a320    0x62  memcmp_unaligned.o [5]
  .text               ro code  0x0800a382     0x6  strtol.o [3]
  .text               ro code  0x0800a388     0x6  strtod.o [4]
  .text               ro code  0x0800a38e     0xa  isdigit.o [3]
  .text               ro code  0x0800a398    0x3c  vsnprint.o [3]
  .text               ro code  0x0800a3d4    0x88  xstol.o [3]
  .text               ro code  0x0800a45c   0x14c  xstod.o [4]
  .text               ro code  0x0800a5a8    0x28  isxxx.o [3]
  .text               ro code  0x0800a5d0   0x194  xstoul.o [3]
  .text               ro code  0x0800a764   0x134  xstopfx.o [3]
  .text               ro code  0x0800a898   0x1b8  xstoflt.o [3]
  .text               ro code  0x0800aa50   0x200  xdtento.o [4]
  .text               ro code  0x0800ac50   0x218  xstoxflt.o [3]
  .text               ro code  0x0800ae68    0x18  setlocale.o [3]
  .text               ro code  0x0800ae80    0x16  xlocale_c.o [3]
  .text               ro code  0x0800ae96    0x14  xlocale_c.o [3]
  .text               ro code  0x0800aeaa    0x14  tolower.o [3]
  .text               ro code  0x0800aebe    0x56  xdunscal.o [4]
  .text               ro code  0x0800af14     0xc  xlocale_c.o [3]
  .text               ro code  0x0800af20   0x53a  sys_init.o [1]
  .text               ro code  0x0800b45a    0x2a  xfdtest.o [4]
  .text               ro code  0x0800b484   0x1e2  stm32f10x_adc.o [1]
  .text               ro code  0x0800b668   0x494  parser.o [1]
  .text               ro code  0x0800bafc   0x348  ISR.o [1]
  .text               ro code  0x0800be44    0x38  stm32f10x_exti.o [1]
  .text               ro code  0x0800be7c    0x1a  info.o [1]
  .text               ro code  0x0800be98    0x34  stm32f10x_dma.o [1]
  .text               ro code  0x0800becc   0x2e8  usart.o [1]
  .text               ro code  0x0800c1b4   0x26c  main.o [1]
  .text               ro code  0x0800c420    0xbc  LSM303.o [1]
  .text               ro code  0x0800c4dc   0x158  system_stm32f10x.o [1]
  .text               ro code  0x0800c634    0xd4  packbits_init.o [5]
  .rodata             const    0x0800c708    0x60  Mpu6050.o [1]
  .rodata             const    0x0800c768    0x54  parse.o [1]
  .rodata             const    0x0800c7bc    0x54  parser.o [1]
  .rodata             const    0x0800c810    0x50  Mpu6050.o [1]
  .rodata             const    0x0800c860    0x4c  ISR.o [1]
  .rodata             const    0x0800c8ac    0x44  parse.o [1]
  .rodata             const    0x0800c8f0    0x3c  parse.o [1]
  .rodata             const    0x0800c92c    0x34  parse.o [1]
  .rodata             const    0x0800c960    0x34  parse.o [1]
  .text               ro code  0x0800c994    0x28  data_init.o [5]
  .rodata             const    0x0800c9bc    0x24  parse.o [1]
  .rodata             const    0x0800c9e0    0x24  parse.o [1]
  .iar.init_table     const    0x0800ca04    0x2c  - Linker created -
  .rodata             const    0x0800ca30    0x20  parse.o [1]
  .rodata             const    0x0800ca50    0x1c  parser.o [1]
  .text               ro code  0x0800ca6c    0x1a  cmain.o [5]
  .text               ro code  0x0800ca86     0x4  low_level_init.o [3]
  .text               ro code  0x0800ca8a     0x4  exit.o [3]
  .text               ro code  0x0800ca90     0xa  cexit.o [5]
  .rodata             const    0x0800ca9c    0x18  parse.o [1]
  .rodata             const    0x0800cab4    0x18  parse.o [1]
  .rodata             const    0x0800cacc    0x18  parser.o [1]
  .rodata             const    0x0800cae4    0x18  Task.o [1]
  .text               ro code  0x0800cafc    0x16  xprout.o [3]
  .text               ro code  0x0800cb14     0xc  putchar.o [3]
  .rodata             const    0x0800cb20    0x14  parse.o [1]
  .rodata             const    0x0800cb34    0x14  parse.o [1]
  .rodata             const    0x0800cb48    0x14  parse.o [1]
  .rodata             const    0x0800cb5c    0x14  parse.o [1]
  .rodata             const    0x0800cb70    0x14  parse.o [1]
  .rodata             const    0x0800cb84    0x10  Mpu6050.o [1]
  .rodata             const    0x0800cb94    0x10  parse.o [1]
  .rodata             const    0x0800cba4    0x10  parse.o [1]
  .rodata             const    0x0800cbb4    0x10  parse.o [1]
  .rodata             const    0x0800cbc4    0x10  parse.o [1]
  .rodata             const    0x0800cbd4    0x10  Task.o [1]
  .text               ro code  0x0800cbe4    0x10  startup_stm32f10x_cl.o [1]
  .rodata             const    0x0800cbf4     0xc  parse.o [1]
  .rodata             const    0x0800cc00     0xc  Task.o [1]
  .rodata             const    0x0800cc0c     0xc  Task.o [1]
  .rodata             const    0x0800cc18     0xc  Task.o [1]
  .text               ro code  0x0800cc24     0xc  cstartup_M.o [5]
  .rodata             const    0x0800cc30     0x8  main.o [1]
  .rodata             const    0x0800cc38     0x8  MyNRF24L0.o [1]
  .rodata             const    0x0800cc40     0x8  parse.o [1]
  .rodata             const    0x0800cc48     0x8  parse.o [1]
  .rodata             const    0x0800cc50     0x8  parse.o [1]
  .rodata             const    0x0800cc58     0x8  parse.o [1]
  .rodata             const    0x0800cc60     0x8  parse.o [1]
  .rodata             const    0x0800cc68     0x8  parse.o [1]
  .rodata             const    0x0800cc70     0x8  parser.o [1]
  .rodata             const    0x0800cc78     0x8  QMC5883.o [1]
  .rodata             const    0x0800cc80     0x4  Canlibration.o [1]
  .rodata             const    0x0800cc84     0x4  Canlibration.o [1]
  .rodata             const    0x0800cc88     0x4  parse.o [1]
  .text               ro code  0x0800cc8c     0x4  startup_stm32f10x_cl.o [1]
  .text               ro code  0x0800cc90     0x4  startup_stm32f10x_cl.o [1]
  .text               ro code  0x0800cc94     0x4  startup_stm32f10x_cl.o [1]
  .text               ro code  0x0800cc98     0x4  startup_stm32f10x_cl.o [1]
  .text               ro code  0x0800cc9c     0x4  startup_stm32f10x_cl.o [1]
  .text               ro code  0x0800cca0     0x4  startup_stm32f10x_cl.o [1]
  .text               ro code  0x0800cca4     0x4  startup_stm32f10x_cl.o [1]
  .text               ro code  0x0800cca8     0x4  startup_stm32f10x_cl.o [1]
  .text               ro code  0x0800ccac     0x4  startup_stm32f10x_cl.o [1]
  .text               ro code  0x0800ccb0     0x4  startup_stm32f10x_cl.o [1]
  .text               ro code  0x0800ccb4     0x4  startup_stm32f10x_cl.o [1]
  .text               ro code  0x0800ccb8     0x4  startup_stm32f10x_cl.o [1]
  .text               ro code  0x0800ccbc     0x4  startup_stm32f10x_cl.o [1]
  .text               ro code  0x0800ccc0     0x4  startup_stm32f10x_cl.o [1]
  .text               ro code  0x0800ccc4     0x4  startup_stm32f10x_cl.o [1]
  .text               ro code  0x0800ccc8     0x4  startup_stm32f10x_cl.o [1]
  .text               ro code  0x0800cccc     0x4  startup_stm32f10x_cl.o [1]
  .text               ro code  0x0800ccd0     0x4  startup_stm32f10x_cl.o [1]
  .text               ro code  0x0800ccd4     0x4  startup_stm32f10x_cl.o [1]
  .text               ro code  0x0800ccd8     0x4  startup_stm32f10x_cl.o [1]
  .text               ro code  0x0800ccdc     0x4  startup_stm32f10x_cl.o [1]
  .text               ro code  0x0800cce0     0x4  startup_stm32f10x_cl.o [1]
  .text               ro code  0x0800cce4     0x4  startup_stm32f10x_cl.o [1]
  .text               ro code  0x0800cce8     0x4  startup_stm32f10x_cl.o [1]
  .text               ro code  0x0800ccec     0x4  startup_stm32f10x_cl.o [1]
  .text               ro code  0x0800ccf0     0x4  startup_stm32f10x_cl.o [1]
  .text               ro code  0x0800ccf4     0x4  startup_stm32f10x_cl.o [1]
  .text               ro code  0x0800ccf8     0x4  startup_stm32f10x_cl.o [1]
  .text               ro code  0x0800ccfc     0x4  startup_stm32f10x_cl.o [1]
  .text               ro code  0x0800cd00     0x4  startup_stm32f10x_cl.o [1]
  .text               ro code  0x0800cd04     0x4  startup_stm32f10x_cl.o [1]
  .text               ro code  0x0800cd08     0x4  startup_stm32f10x_cl.o [1]
  .text               ro code  0x0800cd0c     0x4  startup_stm32f10x_cl.o [1]
  .text               ro code  0x0800cd10     0x4  startup_stm32f10x_cl.o [1]
  .text               ro code  0x0800cd14     0x4  startup_stm32f10x_cl.o [1]
  .text               ro code  0x0800cd18     0x4  startup_stm32f10x_cl.o [1]
  .text               ro code  0x0800cd1c     0x4  startup_stm32f10x_cl.o [1]
  .text               ro code  0x0800cd20     0x4  startup_stm32f10x_cl.o [1]
  .text               ro code  0x0800cd24     0x4  startup_stm32f10x_cl.o [1]
  .text               ro code  0x0800cd28     0x4  startup_stm32f10x_cl.o [1]
  .text               ro code  0x0800cd2c     0x4  startup_stm32f10x_cl.o [1]
  .text               ro code  0x0800cd30     0x4  startup_stm32f10x_cl.o [1]
  .text               ro code  0x0800cd34     0x4  startup_stm32f10x_cl.o [1]
  .text               ro code  0x0800cd38     0x4  startup_stm32f10x_cl.o [1]
  .text               ro code  0x0800cd3c     0x4  startup_stm32f10x_cl.o [1]
  .text               ro code  0x0800cd40     0x4  startup_stm32f10x_cl.o [1]
  .text               ro code  0x0800cd44     0x4  startup_stm32f10x_cl.o [1]
  .text               ro code  0x0800cd48     0x4  startup_stm32f10x_cl.o [1]
  .text               ro code  0x0800cd4c     0x4  startup_stm32f10x_cl.o [1]
  .text               ro code  0x0800cd50     0x4  startup_stm32f10x_cl.o [1]
  .text               ro code  0x0800cd54     0x4  startup_stm32f10x_cl.o [1]
  .text               ro code  0x0800cd58     0x4  startup_stm32f10x_cl.o [1]
  .text               ro code  0x0800cd5c     0x4  startup_stm32f10x_cl.o [1]
  .text               ro code  0x0800cd60     0x4  startup_stm32f10x_cl.o [1]
  .text               ro code  0x0800cd64     0x4  startup_stm32f10x_cl.o [1]
  .text               ro code  0x0800cd68     0x4  startup_stm32f10x_cl.o [1]
  .text               ro code  0x0800cd6c     0x4  startup_stm32f10x_cl.o [1]
  .text               ro code  0x0800cd70     0x4  startup_stm32f10x_cl.o [1]
  .text               ro code  0x0800cd74     0x4  startup_stm32f10x_cl.o [1]
  .text               ro code  0x0800cd78     0x4  startup_stm32f10x_cl.o [1]
  .text               ro code  0x0800cd7c     0x4  startup_stm32f10x_cl.o [1]
  .text               ro code  0x0800cd80     0x4  startup_stm32f10x_cl.o [1]
  .text               ro code  0x0800cd84     0x4  startup_stm32f10x_cl.o [1]
  .text               ro code  0x0800cd88     0x4  startup_stm32f10x_cl.o [1]
  .rodata             const    0x0800cd8c     0x0  zero_init3.o [5]
  .rodata             const    0x0800cd8c     0x0  packbits_init.o [5]
  Initializer bytes   ro data  0x0800cd8c    0xcd  <for P2 s0>
                             - 0x0800ce59  0xcd09

"P2", part 1 of 3:                          0x214
  P2 s0                        0x20000000   0x214  <Init block>
    __DLIB_PERTHREAD  inited   0x20000000    0x88  localeconv.o [3]
    __DLIB_PERTHREAD  inited   0x20000088    0x74  setlocale.o [3]
    .data             inited   0x200000fc    0x40  xfiles.o [3]
    .data             inited   0x2000013c    0x20  main.o [1]
    .data             inited   0x2000015c    0x20  main.o [1]
    .data             inited   0x2000017c    0x1c  main.o [1]
    .data             inited   0x20000198    0x14  parse.o [1]
    .data             inited   0x200001ac    0x10  stm32f10x_rcc.o [1]
    .data             inited   0x200001bc     0xc  context.o [1]
    .data             inited   0x200001c8     0xc  main.o [1]
    .data             inited   0x200001d4     0x8  MyNRF24L0.o [1]
    .data             inited   0x200001dc     0x8  MyNRF24L0.o [1]
    .data             inited   0x200001e4     0x4  Calculation.o [1]
    .data             inited   0x200001e8     0x4  Canlibration.o [1]
    .data             inited   0x200001ec     0x4  Canlibration.o [1]
    .data             inited   0x200001f0     0x4  Canlibration.o [1]
    .data             inited   0x200001f4     0x4  Canlibration.o [1]
    .data             inited   0x200001f8     0x4  Interact.o [1]
    .data             inited   0x200001fc     0x4  L3GD20.o [1]
    .data             inited   0x20000200     0x4  Mpu6050.o [1]
    .data             inited   0x20000204     0x4  stm32f10x_rcc.o [1]
    .data             inited   0x20000208     0x4  system_stm32f10x.o [1]
    __DLIB_PERTHREAD  inited   0x2000020c     0x4  errno.o [3]
    .data             inited   0x20000210     0x1  Interact.o [1]
    .data             inited   0x20000211     0x1  ISR.o [1]
    .data             inited   0x20000212     0x1  Task.o [1]
    .data             inited   0x20000213     0x1  Task.o [1]
                             - 0x20000214   0x214

"P2", part 2 of 3:                          0xfcc
  .bss                zero     0x20000214   0x43c  main.o [1]
  .bss                zero     0x20000650   0x320  Task.o [1]
  .bss                zero     0x20000970   0x1d8  dlmalloc.o [3]
  .bss                zero     0x20000b48    0x14  main.o [1]
  .bss                zero     0x20000b60   0x168  ISR.o [1]
  .bss                zero     0x20000cc8   0x100  ISR.o [1]
  .bss                zero     0x20000dc8    0xc8  usart.o [1]
  .bss                zero     0x20000e90    0x80  main.o [1]
  .bss                zero     0x20000f10    0x50  xfiles.o [3]
  .bss                zero     0x20000f60    0x30  Interact.o [1]
  .bss                zero     0x20000f90    0x28  Task.o [1]
  .bss                zero     0x20000fb8    0x20  Calculation.o [1]
  .bss                zero     0x20000fd8    0x20  MyNRF24L0.o [1]
  .bss                zero     0x20000ff8    0x20  MyNRF24L0.o [1]
  .bss                zero     0x20001018    0x18  Calculation.o [1]
  .bss                zero     0x20001030    0x18  ISR.o [1]
  .bss                zero     0x20001048    0x18  ISR.o [1]
  .bss                zero     0x20001060    0x18  ISR.o [1]
  .bss                zero     0x20001078    0x18  main.o [1]
  .bss                zero     0x20001090    0x18  dlmalloc.o [3]
  .bss                zero     0x200010a8    0x10  Calculation.o [1]
  .bss                zero     0x200010b8     0xc  Calculation.o [1]
  .bss                zero     0x200010c4     0xc  Calculation.o [1]
  .bss                zero     0x200010d0     0xc  Calculation.o [1]
  .bss                zero     0x200010dc     0xc  main.o [1]
  .bss                zero     0x200010e8     0x8  ISR.o [1]
  .bss                zero     0x200010f0     0x8  ISR.o [1]
  .bss                zero     0x200010f8     0x8  ISR.o [1]
  .bss                zero     0x20001100     0x4  Calculation.o [1]
  .bss                zero     0x20001104     0x4  Calculation.o [1]
  .bss                zero     0x20001108     0x4  Calculation.o [1]
  .bss                zero     0x2000110c     0x4  Calculation.o [1]
  .bss                zero     0x20001110     0x4  Calculation.o [1]
  .bss                zero     0x20001114     0x4  Calculation.o [1]
  .bss                zero     0x20001118     0x4  Calculation.o [1]
  .bss                zero     0x2000111c     0x4  Calculation.o [1]
  .bss                zero     0x20001120     0x4  Calculation.o [1]
  .bss                zero     0x20001124     0x4  Calculation.o [1]
  .bss                zero     0x20001128     0x4  Calculation.o [1]
  .bss                zero     0x2000112c     0x4  Calculation.o [1]
  .bss                zero     0x20001130     0x4  Calculation.o [1]
  .bss                zero     0x20001134     0x4  Calculation.o [1]
  .bss                zero     0x20001138     0x4  Calculation.o [1]
  .bss                zero     0x2000113c     0x4  Calculation.o [1]
  .bss                zero     0x20001140     0x4  Calculation.o [1]
  .bss                zero     0x20001144     0x4  Calculation.o [1]
  .bss                zero     0x20001148     0x4  Calculation.o [1]
  .bss                zero     0x2000114c     0x4  Calculation.o [1]
  .bss                zero     0x20001150     0x4  Calculation.o [1]
  .bss                zero     0x20001154     0x4  Calculation.o [1]
  .bss                zero     0x20001158     0x4  Calculation.o [1]
  .bss                zero     0x2000115c     0x4  Calculation.o [1]
  .bss                zero     0x20001160     0x4  Calculation.o [1]
  .bss                zero     0x20001164     0x4  Calculation.o [1]
  .bss                zero     0x20001168     0x4  Calculation.o [1]
  .bss                zero     0x2000116c     0x4  Calculation.o [1]
  .bss                zero     0x20001170     0x4  Calculation.o [1]
  .bss                zero     0x20001174     0x4  Calculation.o [1]
  .bss                zero     0x20001178     0x4  Interact.o [1]
  .bss                zero     0x2000117c     0x4  Interact.o [1]
  .bss                zero     0x20001180     0x4  Interact.o [1]
  .bss                zero     0x20001184     0x4  ISR.o [1]
  .bss                zero     0x20001188     0x4  ISR.o [1]
  .bss                zero     0x2000118c     0x4  main.o [1]
  .bss                zero     0x20001190     0x4  main.o [1]
  .bss                zero     0x20001194     0x4  MyIIC.o [1]
  .bss                zero     0x20001198     0x4  MyNRF24L0.o [1]
  .bss                zero     0x2000119c     0x4  MyNRF24L0.o [1]
  .bss                zero     0x200011a0     0x4  Task.o [1]
  .bss                zero     0x200011a4     0x4  Task.o [1]
  .bss                zero     0x200011a8     0x4  Task.o [1]
  .bss                zero     0x200011ac     0x4  Task.o [1]
  .bss                zero     0x200011b0     0x4  xgetmemchunk.o [3]
  .bss                zero     0x200011b4     0x2  Canlibration.o [1]
  .bss                zero     0x200011b6     0x2  Canlibration.o [1]
  .bss                zero     0x200011b8     0x2  Canlibration.o [1]
  .bss                zero     0x200011ba     0x2  Canlibration.o [1]
  .bss                zero     0x200011bc     0x2  Canlibration.o [1]
  .bss                zero     0x200011be     0x2  Canlibration.o [1]
  .bss                zero     0x200011c0     0x2  delay.o [1]
  .bss                zero     0x200011c2     0x2  ISR.o [1]
  .bss                zero     0x200011c4     0x2  Task.o [1]
  .bss                zero     0x200011c6     0x2  usart.o [1]
  .bss                zero     0x200011c8     0x1  delay.o [1]
  .bss                zero     0x200011c9     0x1  Interact.o [1]
  .bss                zero     0x200011ca     0x1  ISR.o [1]
  .bss                zero     0x200011cb     0x1  ISR.o [1]
  .bss                zero     0x200011cc     0x1  ISR.o [1]
  .bss                zero     0x200011cd     0x1  ISR.o [1]
  .bss                zero     0x200011ce     0x1  ISR.o [1]
  .bss                zero     0x200011cf     0x1  ISR.o [1]
  .bss                zero     0x200011d0     0x1  main.o [1]
  .bss                zero     0x200011d1     0x1  MyNRF24L0.o [1]
  .bss                zero     0x200011d2     0x1  MyNRF24L0.o [1]
  .bss                zero     0x200011d3     0x1  MyNRF24L0.o [1]
  .bss                zero     0x200011d4     0x1  MyNRF24L0.o [1]
  .bss                zero     0x200011d5     0x1  Task.o [1]
  .bss                zero     0x200011d6     0x1  Task.o [1]
  .bss                zero     0x200011d7     0x1  Task.o [1]
  .bss                zero     0x200011d8     0x1  Task.o [1]
  .bss                zero     0x200011d9     0x1  Task.o [1]
  .bss                zero     0x200011da     0x1  Task.o [1]
                             - 0x200011db   0xfc7

"P2", part 3 of 3:                         0x3000
  CSTACK                       0x200011e0  0x2000  <Block>
    CSTACK            uninit   0x200011e0  0x2000  <Block tail>
  HEAP                         0x200031e0  0x1000  <Block>
    HEAP              uninit   0x200031e0  0x1000  <Block tail>
                             - 0x200041e0  0x3000


*******************************************************************************
*** INIT TABLE
***

          Address     Size
          -------     ----
Zero (__iar_zero_init3)
    1 destination range, total size 0xfc7:
          0x20000214  0xfc7

Copy/packbits (__iar_packbits_init3)
    1 source range, total size 0xcd (38% of destination):
          0x0800cd8c   0xcd
    1 destination range, total size 0x214:
          0x20000000  0x214



*******************************************************************************
*** MODULE SUMMARY
***

    Module                  ro code  ro data  rw data
    ------                  -------  -------  -------
E:\FlyCtrl\CTRL_PCBV5 (github)\FlyControl\software\quadrotor\Debug\Obj: [1]
    Calculation.o             4 844        2      232
    Canlibration.o            3 436       14       28
    ISR.o                       840       77      729
    Interact.o                1 804        1       66
    L3GD20.o                    712        2        4
    LSM303.o                    188
    Mpu6050.o                   976      285        4
    MyIIC.o                     682                 4
    MyNRF24L0.o               1 096       14       92
    QMC5883.o                   188        8
    Task.o                    2 756       77      866
    context.o                   100        4       12
    delay.o                     240                 3
    info.o                       26
    main.o                      620       49    1 381
    misc.o                      176
    parse.o                   2 320      703       20
    parser.o                  1 172      144
    startup_stm32f10x_cl.o      608
    stm32f10x_MY_spi.o          384
    stm32f10x_MyFlash.o          14
    stm32f10x_adc.o             482
    stm32f10x_dma.o              52
    stm32f10x_exti.o             56
    stm32f10x_flash.o           462
    stm32f10x_gpio.o          1 232
    stm32f10x_rcc.o             328        9       20
    stm32f10x_spi.o             144
    stm32f10x_tim.o           1 548
    stm32f10x_usart.o           498
    sys_init.o                1 338
    system_stm32f10x.o          344        1        4
    tok.o                       674
    usart.o                     744               202
    -------------------------------------------------
    Total:                   31 084    1 390    3 667

command line: [2]
    -------------------------------------------------
    Total:

dl7M_tlf.a: [3]
    abort.o                       6
    div.o                        14
    dlmalloc.o                5 312               496
    errno.o                      12        2        4
    exit.o                        4
    isdigit.o                    10
    isxxx.o                      40
    localeconv.o                108       52      136
    low_level_init.o              4
    memcpy.o                     12
    memset.o                     20
    printf.o                     36
    putchar.o                    12
    setlocale.o                  24       45      116
    strncmp.o                    42
    strtol.o                      6
    tolower.o                    20
    vsnprint.o                   60
    xfiles.o                              24      144
    xgetmemchunk.o               44                 4
    xlocale_c.o                  54
    xprintffull_nomb.o        3 438
    xprout.o                     22
    xsnprout.o                   26
    xstoflt.o                   440
    xstol.o                     136
    xstopfx.o                   308
    xstoul.o                    404
    xstoxflt.o                  536
    xtls.o                        2
    -------------------------------------------------
    Total:                   11 152      123      900

m7M_tl.a: [4]
    DblAdd.o                    232
    DblCmpEq.o                   32
    DblCmpGe.o                   46
    DblCmpLe.o                   46
    DblDiv.o                    582
    DblMul.o                    418
    DblSub.o                    384
    DblToFlt.o                  144
    DblToI32.o                   88
    FltAdd.o                    132
    FltCmpEq.o                   28
    FltCmpGe.o                   36
    FltCmpLe.o                   36
    FltDiv.o                    252
    FltMul.o                    216
    FltSub.o                    230
    FltToDbl.o                   78
    FltToS32.o                   68
    I32ToDbl.o                   48
    I32ToFlt.o                   50
    acos.o                      232
    asin.o                      246
    atan.o                      148
    cos.o                         6
    fmod.o                      424
    sin.o                         6
    sqrt.o                      240
    strtod.o                      6
    xatan.o                     480
    xdint.o                     126
    xdnorm.o                     66
    xdscale.o                   268
    xdtento.o                   512
    xdunscal.o                   86
    xfdtest.o                    42
    xquad.o                     352
    xsin.o                    1 066
    xstod.o                     332
    -------------------------------------------------
    Total:                    7 784

rt7M_tl.a: [5]
    ABImemclr4.o                  6
    ABImemcpy_unaligned.o       118
    ABImemset.o                 102
    ABImemset48.o                50
    I64DivMod.o                 238
    I64DivZer.o                   2
    cexit.o                      10
    cmain.o                      26
    cstartup_M.o                 12
    data_init.o                  40
    iarEdom.o                    12
    memchr.o                     88
    memcmp_unaligned.o           98
    packbits_init.o             212
    strchr.o                     22
    strlen.o                     54
    zero_init3.o                 34
    -------------------------------------------------
    Total:                    1 124

shb_l.a: [6]
    ABIassert.o                  44
    exit.o                       20
    -------------------------------------------------
    Total:                       64

    Gaps                         58        2        4
    Linker created                        44   12 288
-----------------------------------------------------
    Grand Total:             51 266    1 559   16 859


*******************************************************************************
*** ENTRY LIST
***

Entry                      Address   Size  Type      Object
-----                      -------   ----  ----      ------
?main                   0x0800ca6d         Code  Gb  cmain.o [5]
ADCPrescTable           0x20000204    0x4  Data  Lc  stm32f10x_rcc.o [1]
ADC_Cmd                 0x0800b4d9   0x1a  Code  Gb  stm32f10x_adc.o [1]
ADC_GetCalibrationStatus
                        0x0800b51f   0x18  Code  Gb  stm32f10x_adc.o [1]
ADC_GetConversionValue  0x0800b63f    0x6  Code  Gb  stm32f10x_adc.o [1]
ADC_GetFlagStatus       0x0800b64d   0x1a  Code  Gb  stm32f10x_adc.o [1]
ADC_GetResetCalibrationStatus
                        0x0800b4fd   0x18  Code  Gb  stm32f10x_adc.o [1]
ADC_Init                0x0800b485   0x54  Code  Gb  stm32f10x_adc.o [1]
ADC_RegularChannelConfig
                        0x0800b551   0xee  Code  Gb  stm32f10x_adc.o [1]
ADC_ResetCalibration    0x0800b4f3    0xa  Code  Gb  stm32f10x_adc.o [1]
ADC_SoftwareStartConvCmd
                        0x0800b537   0x1a  Code  Gb  stm32f10x_adc.o [1]
ADC_StartCalibration    0x0800b515    0xa  Code  Gb  stm32f10x_adc.o [1]
APBAHBPrescTable        0x200001ac   0x10  Data  Lc  stm32f10x_rcc.o [1]
AccCalibration          0x080055d3  0x668  Code  Gb  Canlibration.o [1]
AdcInit                 0x0800b27f   0x8a  Code  Gb  sys_init.o [1]
AttCalc                 0x080018af  0x6c2  Code  Gb  Calculation.o [1]
AttHld                  0x08007bd5  0x1a4  Code  Gb  Task.o [1]
AttHldPrep              0x08007b9d   0x38  Code  Gb  Task.o [1]
BatVoltageGet           0x0800b1c3   0xbc  Code  Gb  sys_init.o [1]
CSTACK$$Base            0x200011e0          --   Gb  - Linker created -
CSTACK$$Limit           0x200031e0          --   Gb  - Linker created -
CaliFilt                0x08001679  0x236  Code  Gb  Calculation.o [1]
Coef                    0x200001e4    0x4  Data  Gb  Calculation.o [1]
CompassCalibration      0x08005c55  0x536  Code  Gb  Canlibration.o [1]
DMA1_Channel3_IRQHandler
                        0x0800bd89   0x2c  Code  Gb  ISR.o [1]
DMA_ClearITPendingBit   0x0800beb5   0x10  Code  Gb  stm32f10x_dma.o [1]
DMA_Cmd                 0x0800be99   0x1c  Code  Gb  stm32f10x_dma.o [1]
DelayMs                 0x0800671f   0x42  Code  Gb  delay.o [1]
EXTI15_10_IRQHandler    0x0800bbdb   0x52  Code  Gb  ISR.o [1]
EXTI9_5_IRQHandler      0x0800bc2d   0x54  Code  Gb  ISR.o [1]
EXTI_ClearITPendingBit  0x0800be6d    0x6  Code  Gb  stm32f10x_exti.o [1]
EXTI_GetITStatus        0x0800be45   0x28  Code  Gb  stm32f10x_exti.o [1]
Experiment              0x08007f41  0x2a0  Code  Gb  Task.o [1]
FLASH_ErasePage         0x08006231   0x5e  Code  Gb  stm32f10x_flash.o [1]
FLASH_GetBank1Status    0x0800635b   0x34  Code  Gb  stm32f10x_flash.o [1]
FLASH_Lock              0x0800621f   0x12  Code  Gb  stm32f10x_flash.o [1]
FLASH_ProgramHalfWord   0x0800630f   0x4c  Code  Gb  stm32f10x_flash.o [1]
FLASH_ProgramWord       0x0800628f   0x80  Code  Gb  stm32f10x_flash.o [1]
FLASH_ReadByte          0x08007485    0x4  Code  Gb  stm32f10x_MyFlash.o [1]
FLASH_ReadHalfWord      0x08007489    0x4  Code  Gb  stm32f10x_MyFlash.o [1]
FLASH_Unlock            0x08006209   0x16  Code  Gb  stm32f10x_flash.o [1]
FLASH_WaitForLastOperation
                        0x080063a9   0x2e  Code  Gb  stm32f10x_flash.o [1]
FlashReadFloat          0x0800748d    0x6  Code  Gb  stm32f10x_MyFlash.o [1]
FlashWriteAddr          0x200001e8    0x4  Data  Gb  Canlibration.o [1]
GPIO_EXTILineConfig     0x08007305   0x9c  Code  Gb  stm32f10x_gpio.o [1]
GPIO_Init               0x08006f05  0x136  Code  Gb  stm32f10x_gpio.o [1]
GPIO_PinRemapConfig     0x0800727d   0x88  Code  Gb  stm32f10x_gpio.o [1]
GPSCal                  0x08002605  0x244  Code  Gb  Calculation.o [1]
GetAdc                  0x0800b195   0x2e  Code  Gb  sys_init.o [1]
GyroCalibration         0x08005c3b   0x1a  Code  Gb  Canlibration.o [1]
HEAP$$Base              0x200031e0          --   Gb  - Linker created -
HEAP$$Limit             0x200041e0          --   Gb  - Linker created -
IIC_Ack                 0x080064c9   0x34  Code  Gb  MyIIC.o [1]
IIC_NAck                0x080064fd   0x40  Code  Gb  MyIIC.o [1]
IIC_Port_Init           0x080063e1   0x24  Code  Gb  MyIIC.o [1]
IIC_Read_Byte           0x08006593   0x52  Code  Gb  MyIIC.o [1]
IIC_Send_Byte           0x0800653d   0x56  Code  Gb  MyIIC.o [1]
IIC_Start               0x08006405   0x34  Code  Gb  MyIIC.o [1]
IIC_Stop                0x08006439   0x34  Code  Gb  MyIIC.o [1]
IIC_Wait_Ack            0x0800646d   0x5c  Code  Lc  MyIIC.o [1]
InStream_Read           0x0800c635   0x22  Code  Lc  packbits_init.o [5]
L3GD20GyroCalibration   0x08006c77  0x190  Code  Gb  L3GD20.o [1]
L3GD20ReadReg           0x08006b85   0x3e  Code  Gb  L3GD20.o [1]
L3GD20WriteReg          0x08006b4d   0x38  Code  Gb  L3GD20.o [1]
L3GD20_IO_Init          0x08006bc3   0x20  Code  Gb  L3GD20.o [1]
L3GD20_Init             0x08006be3   0x40  Code  Gb  L3GD20.o [1]
L3GD20_Read             0x08006c23   0x54  Code  Gb  L3GD20.o [1]
L3GDgyro_adc            0x200001c8    0xc  Data  Gb  main.o [1]
LSM303D_Init            0x0800c497   0x3c  Code  Gb  LSM303.o [1]
LSM303ReadReg           0x0800c459   0x3e  Code  Gb  LSM303.o [1]
LSM303WriteReg          0x0800c421   0x38  Code  Gb  LSM303.o [1]
LSM_acc_adc             0x2000015c   0x20  Data  Gb  main.o [1]
MPU6050GyroCalibration  0x0800696b  0x1c4  Code  Gb  Mpu6050.o [1]
MPUInit                 0x0800677d   0xee  Code  Gb  Mpu6050.o [1]
MPUReadAcc              0x0800686b   0x80  Code  Gb  Mpu6050.o [1]
MPUReadGyr              0x080068eb   0x80  Code  Gb  Mpu6050.o [1]
NVIC_Config             0x0800b3e5   0x76  Code  Gb  sys_init.o [1]
NVIC_Init               0x080073df   0x6a  Code  Gb  misc.o [1]
NVIC_PriorityGroupConfig
                        0x080073d5    0xa  Code  Gb  misc.o [1]
PIT4_Init               0x08008627   0x70  Code  Gb  stm32f10x_tim.o [1]
PWMCalc                 0x08001f7d  0x668  Code  Gb  Calculation.o [1]
ParamInit               0x0800af21  0x274  Code  Gb  sys_init.o [1]
QMC5883Init             0x08006e15   0x38  Code  Gb  QMC5883.o [1]
RCC_ADCCLKConfig        0x08007641   0x14  Code  Gb  stm32f10x_rcc.o [1]
RCC_APB1PeriphClockCmd  0x0800774f   0x1e  Code  Gb  stm32f10x_rcc.o [1]
RCC_APB2PeriphClockCmd  0x08007731   0x1e  Code  Gb  stm32f10x_rcc.o [1]
RCC_GetClocksFreq       0x08007655   0xdc  Code  Gb  stm32f10x_rcc.o [1]
RCDenote                0x08008e8f   0xbc  Code  Gb  Interact.o [1]
RX_ADDRESS              0x200001dc    0x8  Data  Gb  MyNRF24L0.o [1]
ReadQMC5883             0x08006e51   0x80  Code  Gb  QMC5883.o [1]
Region$$Table$$Base     0x0800ca04          --   Gb  - Linker created -
Region$$Table$$Limit    0x0800ca30          --   Gb  - Linker created -
SCISend_to_Own          0x08008921  0x56e  Code  Gb  Interact.o [1]
SPI3_Init               0x080075a5   0x8e  Code  Gb  stm32f10x_MY_spi.o [1]
SPI_Cmd                 0x080077c9   0x1c  Code  Gb  stm32f10x_spi.o [1]
SPI_I2S_GetFlagStatus   0x08007801   0x18  Code  Gb  stm32f10x_spi.o [1]
SPI_Init                0x08007789   0x40  Code  Gb  stm32f10x_spi.o [1]
SPI_SSOutputCmd         0x080077e5   0x1c  Code  Gb  stm32f10x_spi.o [1]
SaveToFlash             0x0800549d  0x136  Code  Gb  Canlibration.o [1]
SetParaPre              0x08007d79    0xe  Code  Gb  Task.o [1]
SetParam                0x08007d8d  0x19a  Code  Gb  Task.o [1]
SetSysClock             0x0800c531    0x8  Code  Lc  system_stm32f10x.o [1]
SetSysClockTo72         0x0800c539   0xe0  Code  Lc  system_stm32f10x.o [1]
Single_Read             0x08006645   0x46  Code  Gb  MyIIC.o [1]
Single_Write            0x080065f5   0x50  Code  Gb  MyIIC.o [1]
Standby                 0x08007851  0x34c  Code  Gb  Task.o [1]
StbPrep                 0x08007819   0x38  Code  Gb  Task.o [1]
SysTick_CLKSourceConfig
                        0x08007449   0x20  Code  Gb  misc.o [1]
SystemCoreClock         0x20000208    0x4  Data  Gb  system_stm32f10x.o [1]
SystemInit              0x0800c4dd   0x54  Code  Gb  system_stm32f10x.o [1]
TIM2_PWM_Init           0x080086c9  0x12a  Code  Gb  stm32f10x_tim.o [1]
TIM3_PWM_Init           0x080087f3   0xd4  Code  Gb  stm32f10x_tim.o [1]
TIM4_IRQHandler         0x0800bafd   0xde  Code  Gb  ISR.o [1]
TIM_ClearITPendingBit   0x080086ad    0x8  Code  Gb  stm32f10x_tim.o [1]
TIM_Cmd                 0x08008597   0x1c  Code  Gb  stm32f10x_tim.o [1]
TIM_ITConfig            0x080085b3   0x16  Code  Gb  stm32f10x_tim.o [1]
TIM_OC1Init             0x08008371   0x9a  Code  Gb  stm32f10x_tim.o [1]
TIM_OC1PreloadConfig    0x080085c9   0x12  Code  Gb  stm32f10x_tim.o [1]
TIM_OC2Init             0x0800840b   0x90  Code  Gb  stm32f10x_tim.o [1]
TIM_OC2PreloadConfig    0x080085db   0x14  Code  Gb  stm32f10x_tim.o [1]
TIM_OC3Init             0x0800849b   0x8e  Code  Gb  stm32f10x_tim.o [1]
TIM_OC3PreloadConfig    0x080085ef   0x12  Code  Gb  stm32f10x_tim.o [1]
TIM_OC4Init             0x08008529   0x6e  Code  Gb  stm32f10x_tim.o [1]
TIM_OC4PreloadConfig    0x08008601   0x14  Code  Gb  stm32f10x_tim.o [1]
TIM_SetCompare1         0x08008615    0x4  Code  Gb  stm32f10x_tim.o [1]
TIM_SetCompare2         0x08008619    0x4  Code  Gb  stm32f10x_tim.o [1]
TIM_SetCompare3         0x0800861d    0x4  Code  Gb  stm32f10x_tim.o [1]
TIM_SetCompare4         0x08008621    0x6  Code  Gb  stm32f10x_tim.o [1]
TIM_TimeBaseInit        0x080082dd   0x94  Code  Gb  stm32f10x_tim.o [1]
TX_ADDRESS              0x200001d4    0x8  Data  Gb  MyNRF24L0.o [1]
Task                    0x20000f90   0x28  Data  Gb  Task.o [1]
TaskInit                0x080081e1   0x22  Code  Gb  Task.o [1]
UARTSendFloat           0x080088e9   0x38  Code  Gb  Interact.o [1]
USART1_IRQHandler       0x0800c0fb   0x7e  Code  Gb  usart.o [1]
USART3_IRQHandler       0x0800bc81  0x108  Code  Gb  ISR.o [1]
USART_Cmd               0x08009591   0x1c  Code  Gb  stm32f10x_usart.o [1]
USART_GetFlagStatus     0x08009613   0x1e  Code  Gb  stm32f10x_usart.o [1]
USART_GetITStatus       0x08009631   0x6e  Code  Gb  stm32f10x_usart.o [1]
USART_ITConfig          0x080095ad   0x56  Code  Gb  stm32f10x_usart.o [1]
USART_Init              0x080094ad   0xde  Code  Gb  stm32f10x_usart.o [1]
USART_RX_BUF            0x20000dc8   0xc8  Data  Gb  usart.o [1]
USART_RX_STA            0x200011c6    0x2  Data  Gb  usart.o [1]
USART_ReceiveData       0x0800960b    0x8  Code  Gb  stm32f10x_usart.o [1]
USART_SendData          0x08009603    0x8  Code  Gb  stm32f10x_usart.o [1]
Uart1_RevBuf            0x20000cc8  0x100  Data  Gb  ISR.o [1]
Uart1_RevBuf_Tail       0x200011c2    0x2  Data  Gb  ISR.o [1]
UartInit                0x0800bedf  0x21c  Code  Gb  usart.o [1]
_GenldFullNoMb          0x08004e2d  0x24a  Code  Lc  xprintffull_nomb.o [3]
_IsdstStr               0x2000008c    0x4  Data  Gb  setlocale.o [3]
_LdtobFullNoMb          0x08004a41  0x3e6  Code  Lc  xprintffull_nomb.o [3]
_LitobFullNoMb          0x08004939  0x106  Code  Lc  xprintffull_nomb.o [3]
_LocaleC_isalpha        0x0800ae81   0x16  Code  Gb  xlocale_c.o [3]
_LocaleC_isspace        0x0800ae97   0x14  Code  Gb  xlocale_c.o [3]
_LocaleC_tolower        0x0800af15    0xc  Code  Gb  xlocale_c.o [3]
_LocaleForCat           0x0800ae69   0x12  Code  Gb  setlocale.o [3]
_LocaleReturnString     0x200000ac   0x50  Data  Lc  setlocale.o [3]
_Locale_Profile         0x20000090   0x1c  Data  Gb  setlocale.o [3]
_Locale_aeabi_lconv     0x20000050   0x38  Data  Gb  localeconv.o [3]
_Locale_lconv           0x20000000   0x50  Data  Gb  localeconv.o [3]
_PrintfFullNoMb         0x08004351  0x5e2  Code  Gb  xprintffull_nomb.o [3]
_Prout                  0x0800cafd   0x16  Code  Gb  xprout.o [3]
_PutcharsFullNoMb       0x08005077   0x2e  Code  Lc  xprintffull_nomb.o [3]
_SNProut                0x08002997   0x1a  Code  Gb  xsnprout.o [3]
_Stoflt                 0x0800a899  0x1b8  Code  Gb  xstoflt.o [3]
_Stopfx                 0x0800a765  0x134  Code  Gb  xstopfx.o [3]
_Stoxflt                0x0800ac51  0x1e2  Code  Gb  xstoxflt.o [3]
_TzoneStr               0x20000088    0x4  Data  Gb  setlocale.o [3]
__aeabi_assert          0x08007497   0x24  Code  Gb  ABIassert.o [6]
__aeabi_cdcmpeq         0x08004189         Code  Gb  DblCmpEq.o [4]
__aeabi_cdcmple         0x08003785         Code  Gb  DblCmpLe.o [4]
__aeabi_cdrcmple        0x08003755         Code  Gb  DblCmpGe.o [4]
__aeabi_cfcmpeq         0x080038ad         Code  Gb  FltCmpEq.o [4]
__aeabi_cfcmple         0x08003051         Code  Gb  FltCmpLe.o [4]
__aeabi_cfrcmple        0x08003171         Code  Gb  FltCmpGe.o [4]
__aeabi_d2f             0x08002ed1         Code  Gb  DblToFlt.o [4]
__aeabi_d2iz            0x08003f51         Code  Gb  DblToI32.o [4]
__aeabi_d2uiz           0x08003f7d         Code  Gb  DblToI32.o [4]
__aeabi_dadd            0x080034b5         Code  Gb  DblAdd.o [4]
__aeabi_ddiv            0x08002c89         Code  Gb  DblDiv.o [4]
__aeabi_dmul            0x08003311         Code  Gb  DblMul.o [4]
__aeabi_dsub            0x0800359d         Code  Gb  DblSub.o [4]
__aeabi_errno_addr      0x08003b19    0x6  Code  Gb  errno.o [3]
__aeabi_f2d             0x08002c39         Code  Gb  FltToDbl.o [4]
__aeabi_f2iz            0x08002b71         Code  Gb  FltToS32.o [4]
__aeabi_fadd            0x08002bb5         Code  Gb  FltAdd.o [4]
__aeabi_fdiv            0x08003075         Code  Gb  FltDiv.o [4]
__aeabi_fmul            0x08002a99         Code  Gb  FltMul.o [4]
__aeabi_fsub            0x080029b1         Code  Gb  FltSub.o [4]
__aeabi_i2d             0x0800371d         Code  Gb  I32ToDbl.o [4]
__aeabi_i2f             0x08002965         Code  Gb  I32ToFlt.o [4]
__aeabi_ldiv0           0x08005499         Code  Gb  I64DivZer.o [5]
__aeabi_memclr4         0x080063d9         Code  Gb  ABImemclr4.o [5]
__aeabi_memset          0x080096a1         Code  Gb  ABImemset.o [5]
__aeabi_ui2d            0x08003731         Code  Gb  I32ToDbl.o [4]
__aeabi_ui2f            0x08002979         Code  Gb  I32ToFlt.o [4]
__aeabi_uldivmod        0x08005169         Code  Gb  I64DivMod.o [5]
__cmain                 0x0800ca6d         Code  Gb  cmain.o [5]
__data_GetMemChunk      0x08001639   0x2c  Code  Gb  xgetmemchunk.o [3]
__exit                  0x08001665   0x14  Code  Gb  exit.o [6]
__iar_Atan              0x08003939  0x148  Code  Gb  xatan.o [4]
__iar_Dint              0x08004109   0x7e  Code  Gb  xdint.o [4]
__iar_Dnorm             0x080052cf   0x42  Code  Gb  xdnorm.o [4]
__iar_Dscale            0x08005311  0x10c  Code  Gb  xdscale.o [4]
__iar_Dtentox           0x0800aaa3  0x14c  Code  Gb  xdtento.o [4]
__iar_Dunscale          0x0800aebf   0x56  Code  Gb  xdunscal.o [4]
__iar_EmptyStepPoint    0x08007495    0x2  Code  Gb  ABIassert.o [6]
__iar_Errno             0x2000020c    0x4  Data  Gb  errno.o [3]
__iar_FDtest            0x0800b45b   0x2a  Code  Gb  xfdtest.o [4]
__iar_Locale_lconv_init
                        0x0800541d   0x3a  Code  Gb  localeconv.o [3]
__iar_Memchr            0x08005111         Code  Gb  memchr.o [5]
__iar_Memset            0x080096a1         Code  Gb  ABImemset.o [5]
__iar_Memset4_word      0x08006ed1         Code  Gb  ABImemset48.o [5]
__iar_Memset8_word      0x08006ed1         Code  Gb  ABImemset48.o [5]
__iar_Memset_word       0x080096a9         Code  Gb  ABImemset.o [5]
__iar_Quad              0x08003fa9  0x160  Code  Gb  xquad.o [4]
__iar_Sin               0x08003b25  0x424  Code  Gb  xsin.o [4]
__iar_Stdout            0x200000fc   0x40  Data  Gb  xfiles.o [3]
__iar_Stod              0x0800a5a5    0x4  Code  Gb  xstod.o [4]
__iar_Stodx             0x0800a45d  0x13a  Code  Gb  xstod.o [4]
__iar_Stolx             0x0800a3d5   0x88  Code  Gb  xstol.o [3]
__iar_Stoulx            0x0800a5d1  0x13e  Code  Gb  xstoul.o [3]
__iar_Strchr            0x080050c1         Code  Gb  strchr.o [5]
__iar_d2uiz             0x08003f89         Code  Gb  DblToI32.o [4]
__iar_dadd              0x080034c9         Code  Gb  DblAdd.o [4]
__iar_data_init3        0x0800c995   0x28  Code  Gb  data_init.o [5]
__iar_dlfree            0x080010f7  0x512  Code  Gb  dlmalloc.o [3]
__iar_dlib_perthread_access
                        0x08003f4f    0x2  Code  Gb  xtls.o [3]
__iar_dlmalloc          0x08000e39  0x2b2  Code  Gb  dlmalloc.o [3]
__iar_dsub              0x080035b1         Code  Gb  DblSub.o [4]
__iar_dsubStart         0x080035c3         Code  Gb  DblSub.o [4]
__iar_edom              0x080038d1         Code  Gb  iarEdom.o [5]
__iar_fadd              0x08002bc5         Code  Gb  FltAdd.o [4]
__iar_fmod              0x080041a9         Code  Gb  fmod.o [4]
__iar_fmodl             0x080041a9         Code  Gb  fmod.o [4]
__iar_fsub              0x080029c1         Code  Gb  FltSub.o [4]
__iar_fsubStart         0x080029d1         Code  Gb  FltSub.o [4]
__iar_gm_               0x20000970  0x1d8  Data  Gb  dlmalloc.o [3]
__iar_packbits_init3    0x0800c657   0xb2  Code  Gb  packbits_init.o [5]
__iar_program_start     0x0800cc25         Code  Gb  cstartup_M.o [5]
__iar_sqrt              0x08002f61         Code  Gb  sqrt.o [4]
__iar_ui2d              0x08003735         Code  Gb  I32ToDbl.o [4]
__iar_ui2f              0x0800297d         Code  Gb  I32ToFlt.o [4]
__iar_unaligned___aeabi_memcpy
                        0x08005259         Code  Gb  ABImemcpy_unaligned.o [5]
__iar_unaligned___aeabi_memcpy4
                        0x08005279         Code  Gb  ABImemcpy_unaligned.o [5]
__iar_unaligned___aeabi_memcpy8
                        0x08005279         Code  Gb  ABImemcpy_unaligned.o [5]
__iar_unaligned_memcmp  0x0800a321         Code  Gb  memcmp_unaligned.o [5]
__iar_zero_init3        0x08001617   0x22  Code  Gb  zero_init3.o [5]
__low_level_init        0x0800ca87    0x4  Code  Gb  low_level_init.o [3]
__vector_table          0x08000000         Data  Gb  startup_stm32f10x_cl.o [1]
_amtp                   0x200001ec    0x4  Data  Gb  Canlibration.o [1]
_call_main              0x0800ca79         Code  Gb  cmain.o [5]
_exit                   0x0800ca91         Code  Gb  cexit.o [5]
_gt                     0x200001f4    0x4  Data  Gb  Canlibration.o [1]
_main                   0x0800ca83         Code  Gb  cmain.o [5]
_nmea_parse_time        0x08009709   0x8c  Code  Gb  parse.o [1]
a                       0x08003ad8   0x40  Data  Lc  xatan.o [4]
abort                   0x08001611    0x6  Code  Gb  abort.o [3]
acc                     0x2000013c   0x20  Data  Gb  main.o [1]
acc_angle               0x20001078   0x18  Data  Gb  main.o [1]
acc_chip_out            0x200010e8    0x8  Data  Gb  ISR.o [1]
acos                    0x08003195   0xe8  Code  Gb  acos.o [4]
amplitude               0x200011c4    0x2  Data  Gb  Task.o [1]
angle                   0x200010b8    0xc  Data  Gb  Calculation.o [1]
angle_error_x           0x20001104    0x4  Data  Gb  Calculation.o [1]
angle_error_y           0x20001108    0x4  Data  Gb  Calculation.o [1]
angle_z_ctrl_rate       0x200001f8    0x4  Data  Gb  Interact.o [1]
anglex_pnode            0x20001178    0x4  Data  Gb  Interact.o [1]
angley_data             0x20000650  0x320  Data  Gb  Task.o [1]
angley_pnode            0x2000117c    0x4  Data  Gb  Interact.o [1]
anglez_pnode            0x20001180    0x4  Data  Gb  Interact.o [1]
angx_err                0x20001164    0x4  Data  Gb  Calculation.o [1]
angy_err                0x20001168    0x4  Data  Gb  Calculation.o [1]
asin                    0x080037b5   0xf0  Code  Gb  asin.o [4]
atan                    0x0800327d   0x94  Code  Gb  atan.o [4]
bat_voltage             0x20001190    0x4  Data  Gb  main.o [1]
cali_acc_flag           0x200011d7    0x1  Data  Gb  Task.o [1]
cali_compass            0x200011da    0x1  Data  Gb  Task.o [1]
cali_gyro_flag          0x200011d8    0x1  Data  Gb  Task.o [1]
compass                 0x2000017c   0x1c  Data  Gb  main.o [1]
cos                     0x080038c9    0x6  Code  Gb  cos.o [4]
cps_chip_out            0x200010f8    0x8  Data  Gb  ISR.o [1]
ctrl                    0x20000b48   0x14  Data  Gb  main.o [1]
delay_init              0x0800668d   0x28  Code  Gb  delay.o [1]
delay_raw1us            0x080066d7   0x48  Code  Gb  delay.o [1]
delay_us                0x080066b5   0x22  Code  Gb  delay.o [1]
digits                  0x0800a714   0x28  Data  Lc  xstoul.o [3]
div                     0x08005489    0xe  Code  Gb  div.o [3]
dma_max_recieve         0x20001188    0x4  Data  Gb  ISR.o [1]
dmul                    0x0800aa51   0x52  Code  Lc  xdtento.o [4]
exit                    0x0800ca8b    0x4  Code  Gb  exit.o [3]
expriment_time          0x200011a0    0x4  Data  Gb  Task.o [1]
fac_ms                  0x200011c0    0x2  Data  Lc  delay.o [1]
fac_us                  0x200011c8    0x1  Data  Lc  delay.o [1]
filted_acc              0x20001030   0x18  Data  Gb  ISR.o [1]
filted_cps              0x20001060   0x18  Data  Gb  ISR.o [1]
filted_gyro             0x20001048   0x18  Data  Gb  ISR.o [1]
fmod                    0x080041a9         Code  Gb  fmod.o [4]
fmodl                   0x080041a9         Code  Gb  fmod.o [4]
fputc                   0x0800becd   0x12  Code  Gb  usart.o [1]
gc                      0x20000e90   0x80  Data  Gb  main.o [1]
gpio_init               0x0800703b  0x1b4  Code  Gb  stm32f10x_gpio.o [1]
gpio_int_cfg            0x080071ef   0x8e  Code  Gb  stm32f10x_gpio.o [1]
gyro                    0x200010dc    0xc  Data  Gb  main.o [1]
gyro_cali_tolerance     0x20000200    0x4  Data  Gb  Mpu6050.o [1]
gyro_chip_out           0x200010f0    0x8  Data  Gb  ISR.o [1]
info                    0x20000b60  0x168  Data  Gb  ISR.o [1]
init_mparams            0x0800016b   0x32  Code  Lc  dlmalloc.o [3]
init_top                0x0800019d   0x34  Code  Lc  dlmalloc.o [3]
irq_tx_buff             0x20000fd8   0x20  Data  Gb  MyNRF24L0.o [1]
isalpha                 0x0800a5a9   0x14  Code  Gb  isxxx.o [3]
isdigit                 0x0800a38f    0xa  Code  Gb  isdigit.o [3]
isspace                 0x0800a5bd   0x14  Code  Gb  isxxx.o [3]
l3gd_gyro_cali_tolerance
                        0x200001fc    0x4  Data  Gb  L3GD20.o [1]
localeconv              0x08005457   0x16  Code  Gb  localeconv.o [3]
main                    0x0800c1b5  0x26c  Code  Gb  main.o [1]
memchr                  0x08005111         Code  Gb  memchr.o [5]
memcpy                  0x08009043    0xc  Code  Gb  memcpy.o [3]
memset                  0x08009499   0x14  Code  Gb  memset.o [3]
mparams                 0x20001090   0x18  Data  Lc  dlmalloc.o [3]
ndigs                   0x0800a73c   0x28  Data  Lc  xstoul.o [3]
need_restart_flag       0x200011d9    0x1  Data  Gb  Task.o [1]
next_procedure          0x200011d5    0x1  Data  Gb  Task.o [1]
nmea_GPGGA2info         0x08009ced   0x80  Code  Gb  parse.o [1]
nmea_GPGSA2info         0x08009d6d   0x94  Code  Gb  parse.o [1]
nmea_GPGSV2info         0x08009e01   0xc6  Code  Gb  parse.o [1]
nmea_GPRMC2info         0x08009ec7   0xac  Code  Gb  parse.o [1]
nmea_GPVTG2info         0x08009f73   0x40  Code  Gb  parse.o [1]
nmea_atof               0x0800a04b   0x34  Code  Gb  tok.o [1]
nmea_atoi               0x0800a019   0x32  Code  Gb  tok.o [1]
nmea_error              0x0800a2e3   0x3e  Code  Gb  context.o [1]
nmea_find_tail          0x0800982b   0xc6  Code  Gb  parse.o [1]
nmea_pack_type          0x08009795   0x96  Code  Gb  parse.o [1]
nmea_parse              0x0800b6f7   0xa2  Code  Gb  parser.o [1]
nmea_parse_GPGGA        0x080098f1   0xc8  Code  Gb  parse.o [1]
nmea_parse_GPGSA        0x080099b9   0xb8  Code  Gb  parse.o [1]
nmea_parse_GPGSV        0x08009a71   0xf6  Code  Gb  parse.o [1]
nmea_parse_GPRMC        0x08009b67   0xdc  Code  Gb  parse.o [1]
nmea_parse_GPVTG        0x08009c43   0xaa  Code  Gb  parse.o [1]
nmea_parser_buff_clear  0x0800ba99   0x26  Code  Gb  parser.o [1]
nmea_parser_destroy     0x0800b6bf   0x38  Code  Gb  parser.o [1]
nmea_parser_drop        0x0800ba4b   0x4e  Code  Gb  parser.o [1]
nmea_parser_init        0x0800b669   0x56  Code  Gb  parser.o [1]
nmea_parser_pop         0x0800ba03   0x48  Code  Gb  parser.o [1]
nmea_parser_push        0x0800b9c7   0x3c  Code  Gb  parser.o [1]
nmea_parser_queue_clear
                        0x0800babf   0x2a  Code  Gb  parser.o [1]
nmea_parser_real_push   0x0800b799  0x22e  Code  Gb  parser.o [1]
nmea_property           0x0800a2bd    0x4  Code  Gb  context.o [1]
nmea_scanf              0x0800a07f  0x23c  Code  Gb  tok.o [1]
nmea_trace_buff         0x0800a2c5   0x1e  Code  Gb  context.o [1]
nmea_zero_INFO          0x0800be7d   0x1a  Code  Gb  info.o [1]
nrf_break               0x20000213    0x1  Data  Gb  Task.o [1]
nrf_handler             0x080093b5   0xb0  Code  Gb  MyNRF24L0.o [1]
nrf_init                0x08009051   0xc6  Code  Gb  MyNRF24L0.o [1]
nrf_int_flag            0x20000211    0x1  Data  Gb  ISR.o [1]
nrf_irq_tx_addr         0x20001198    0x4  Data  Gb  MyNRF24L0.o [1]
nrf_irq_tx_flag         0x200011d2    0x1  Data  Gb  MyNRF24L0.o [1]
nrf_irq_tx_pnum         0x2000119c    0x4  Data  Gb  MyNRF24L0.o [1]
nrf_link_check          0x0800920d   0xa4  Code  Gb  MyNRF24L0.o [1]
nrf_mode                0x200011d1    0x1  Data  Gb  MyNRF24L0.o [1]
nrf_rciv                0x20000ff8   0x20  Data  Gb  MyNRF24L0.o [1]
nrf_readbuf             0x080091d1   0x3c  Code  Lc  MyNRF24L0.o [1]
nrf_readreg             0x08009159   0x3a  Code  Lc  MyNRF24L0.o [1]
nrf_rx_mode             0x080092b1   0x54  Code  Gb  MyNRF24L0.o [1]
nrf_tx                  0x08009353   0x62  Code  Gb  MyNRF24L0.o [1]
nrf_tx_mode             0x08009305   0x4e  Code  Gb  MyNRF24L0.o [1]
nrf_writebuf            0x08009193   0x3e  Code  Lc  MyNRF24L0.o [1]
nrf_writereg            0x08009117   0x42  Code  Lc  MyNRF24L0.o [1]
obuf                    0x20000f10   0x50  Data  Lc  xfiles.o [3]
offset_angle            0x200010d0    0xc  Data  Gb  Calculation.o [1]
pipl_dir                0x200011d0    0x1  Data  Gb  main.o [1]
pit_25ms_flag           0x200011cb    0x1  Data  Gb  ISR.o [1]
pit_500ms_flag          0x200011cd    0x1  Data  Gb  ISR.o [1]
pit_50ms_flag           0x200011cc    0x1  Data  Gb  ISR.o [1]
pit_5ms_flag            0x200011ca    0x1  Data  Gb  ISR.o [1]
pit_5s_flag             0x200011ce    0x1  Data  Gb  ISR.o [1]
pows                    0x0800ac08   0x48  Data  Lc  xdtento.o [4]
prepend_alloc           0x080001d1  0x33c  Code  Lc  dlmalloc.o [3]
pressure                0x2000118c    0x4  Data  Gb  main.o [1]
printf                  0x08008ff5   0x24  Code  Gb  printf.o [3]
putchar                 0x0800cb15    0xc  Code  Gb  putchar.o [3]
pwm                     0x200010a8   0x10  Data  Gb  Calculation.o [1]
pwm0                    0x200011a4    0x4  Data  Gb  Task.o [1]
pwm1                    0x200011a8    0x4  Data  Gb  Task.o [1]
pwm_of_dir              0x2000114c    0x4  Data  Gb  Calculation.o [1]
pwr_low_flag            0x20000212    0x1  Data  Gb  Task.o [1]
rx_flag                 0x200011d4    0x1  Data  Gb  MyNRF24L0.o [1]
sCom                    0x20000214  0x43c  Data  Gb  main.o [1]
segment_holding         0x08000151   0x1a  Code  Lc  dlmalloc.o [3]
send_type               0x20000210    0x1  Data  Gb  Interact.o [1]
send_wave_flag          0x200011d6    0x1  Data  Gb  Task.o [1]
sin                     0x0800374d    0x6  Code  Gb  sin.o [4]
spi_mosi                0x080074c1   0x4e  Code  Gb  stm32f10x_MY_spi.o [1]
spi_mosi_cmd            0x0800750f   0x96  Code  Gb  stm32f10x_MY_spi.o [1]
sqrt                    0x08002f61         Code  Gb  sqrt.o [4]
sqrtl                   0x08002f61         Code  Gb  sqrt.o [4]
strchr                  0x080050c1         Code  Gb  strchr.o [5]
strlen                  0x080050d9         Code  Gb  strlen.o [5]
strncmp                 0x08009019   0x2a  Code  Gb  strncmp.o [3]
strtod                  0x0800a389    0x6  Code  Gb  strtod.o [4]
strtol                  0x0800a383    0x6  Code  Gb  strtol.o [3]
sys_alloc               0x0800050d  0x384  Code  Lc  dlmalloc.o [3]
tmalloc_large           0x0800089d  0x38a  Code  Lc  dlmalloc.o [3]
tmalloc_small           0x08000c27  0x204  Code  Lc  dlmalloc.o [3]
tolower                 0x0800aeab   0x14  Code  Gb  tolower.o [3]
tx_flag                 0x200011d3    0x1  Data  Gb  MyNRF24L0.o [1]
usart_GPS_sd_flag       0x200011cf    0x1  Data  Gb  ISR.o [1]
vsnprintf               0x0800a399   0x3c  Code  Gb  vsnprint.o [3]
x_b                     0x2000111c    0x4  Data  Gb  Calculation.o [1]
x_d_i                   0x20001134    0x4  Data  Gb  Calculation.o [1]
x_max                   0x200011b6    0x2  Data  Gb  Canlibration.o [1]
x_min                   0x200011b4    0x2  Data  Gb  Canlibration.o [1]
x_p_i                   0x20001130    0x4  Data  Gb  Calculation.o [1]
x_p_o                   0x2000112c    0x4  Data  Gb  Calculation.o [1]
xcq                     0x20001144    0x4  Data  Gb  Calculation.o [1]
xyz_t                   0x200001f0    0x4  Data  Gb  Canlibration.o [1]
y_b                     0x20001120    0x4  Data  Gb  Calculation.o [1]
y_d_i                   0x20001140    0x4  Data  Gb  Calculation.o [1]
y_max                   0x200011ba    0x2  Data  Gb  Canlibration.o [1]
y_min                   0x200011b8    0x2  Data  Gb  Canlibration.o [1]
y_p_i                   0x2000113c    0x4  Data  Gb  Calculation.o [1]
y_p_o                   0x20001138    0x4  Data  Gb  Calculation.o [1]
yaw_init                0x20001100    0x4  Data  Gb  Calculation.o [1]
ycq                     0x20001148    0x4  Data  Gb  Calculation.o [1]
z_d                     0x20001128    0x4  Data  Gb  Calculation.o [1]
z_max                   0x200011be    0x2  Data  Gb  Canlibration.o [1]
z_min                   0x200011bc    0x2  Data  Gb  Canlibration.o [1]
z_p                     0x20001124    0x4  Data  Gb  Calculation.o [1]


[1] = E:\FlyCtrl\CTRL_PCBV5 (github)\FlyControl\software\quadrotor\Debug\Obj
[2] = command line
[3] = dl7M_tlf.a
[4] = m7M_tl.a
[5] = rt7M_tl.a
[6] = shb_l.a

  51 266 bytes of readonly  code memory
   1 559 bytes of readonly  data memory
  16 859 bytes of readwrite data memory

Errors: none
Warnings: none
