###############################################################################
#
# IAR ELF Linker V7.10.1.6676/W32 for ARM                 16/Apr/2021  18:36:07
# Copyright 2007-2014 IAR Systems AB.
#
#    Output file  =  
#        E:\FlyCtrl\CTRL_PCBV5
#        (github)\FlyControl\software\quadrotor\Debug\Exe\STM32F103-IAR.out
#    Map file     =  
#        E:\FlyCtrl\CTRL_PCBV5
#        (github)\FlyControl\software\quadrotor\Debug\List\STM32F103-IAR.map
#    Command line =  
#        "E:\FlyCtrl\CTRL_PCBV5
#        (github)\FlyControl\software\quadrotor\Debug\Obj\BMP180.o"
#        "E:\FlyCtrl\CTRL_PCBV5
#        (github)\FlyControl\software\quadrotor\Debug\Obj\Calculation.o"
#        "E:\FlyCtrl\CTRL_PCBV5
#        (github)\FlyControl\software\quadrotor\Debug\Obj\Canlibration.o"
#        "E:\FlyCtrl\CTRL_PCBV5
#        (github)\FlyControl\software\quadrotor\Debug\Obj\context.o"
#        "E:\FlyCtrl\CTRL_PCBV5
#        (github)\FlyControl\software\quadrotor\Debug\Obj\DataStructure.o"
#        "E:\FlyCtrl\CTRL_PCBV5
#        (github)\FlyControl\software\quadrotor\Debug\Obj\delay.o"
#        "E:\FlyCtrl\CTRL_PCBV5
#        (github)\FlyControl\software\quadrotor\Debug\Obj\filter.o"
#        "E:\FlyCtrl\CTRL_PCBV5
#        (github)\FlyControl\software\quadrotor\Debug\Obj\generate.o"
#        "E:\FlyCtrl\CTRL_PCBV5
#        (github)\FlyControl\software\quadrotor\Debug\Obj\generator.o"
#        "E:\FlyCtrl\CTRL_PCBV5
#        (github)\FlyControl\software\quadrotor\Debug\Obj\gmath.o"
#        "E:\FlyCtrl\CTRL_PCBV5
#        (github)\FlyControl\software\quadrotor\Debug\Obj\GPS.o"
#        "E:\FlyCtrl\CTRL_PCBV5
#        (github)\FlyControl\software\quadrotor\Debug\Obj\info.o"
#        "E:\FlyCtrl\CTRL_PCBV5
#        (github)\FlyControl\software\quadrotor\Debug\Obj\Interact.o"
#        "E:\FlyCtrl\CTRL_PCBV5
#        (github)\FlyControl\software\quadrotor\Debug\Obj\ISR.o"
#        "E:\FlyCtrl\CTRL_PCBV5
#        (github)\FlyControl\software\quadrotor\Debug\Obj\L3GD20.o"
#        "E:\FlyCtrl\CTRL_PCBV5
#        (github)\FlyControl\software\quadrotor\Debug\Obj\LSM303.o"
#        "E:\FlyCtrl\CTRL_PCBV5
#        (github)\FlyControl\software\quadrotor\Debug\Obj\main.o"
#        "E:\FlyCtrl\CTRL_PCBV5
#        (github)\FlyControl\software\quadrotor\Debug\Obj\misc.o"
#        "E:\FlyCtrl\CTRL_PCBV5
#        (github)\FlyControl\software\quadrotor\Debug\Obj\Mpu6050.o"
#        "E:\FlyCtrl\CTRL_PCBV5
#        (github)\FlyControl\software\quadrotor\Debug\Obj\ms5611.o"
#        "E:\FlyCtrl\CTRL_PCBV5
#        (github)\FlyControl\software\quadrotor\Debug\Obj\MyIIC.o"
#        "E:\FlyCtrl\CTRL_PCBV5
#        (github)\FlyControl\software\quadrotor\Debug\Obj\MyNRF24L0.o"
#        "E:\FlyCtrl\CTRL_PCBV5
#        (github)\FlyControl\software\quadrotor\Debug\Obj\parse.o"
#        "E:\FlyCtrl\CTRL_PCBV5
#        (github)\FlyControl\software\quadrotor\Debug\Obj\parser.o"
#        "E:\FlyCtrl\CTRL_PCBV5
#        (github)\FlyControl\software\quadrotor\Debug\Obj\QMC5883.o"
#        "E:\FlyCtrl\CTRL_PCBV5
#        (github)\FlyControl\software\quadrotor\Debug\Obj\sentence.o"
#        "E:\FlyCtrl\CTRL_PCBV5
#        (github)\FlyControl\software\quadrotor\Debug\Obj\startup_stm32f10x_cl.o"
#        "E:\FlyCtrl\CTRL_PCBV5
#        (github)\FlyControl\software\quadrotor\Debug\Obj\stm32f10x_adc.o"
#        "E:\FlyCtrl\CTRL_PCBV5
#        (github)\FlyControl\software\quadrotor\Debug\Obj\stm32f10x_bkp.o"
#        "E:\FlyCtrl\CTRL_PCBV5
#        (github)\FlyControl\software\quadrotor\Debug\Obj\stm32f10x_dma.o"
#        "E:\FlyCtrl\CTRL_PCBV5
#        (github)\FlyControl\software\quadrotor\Debug\Obj\stm32f10x_exti.o"
#        "E:\FlyCtrl\CTRL_PCBV5
#        (github)\FlyControl\software\quadrotor\Debug\Obj\stm32f10x_flash.o"
#        "E:\FlyCtrl\CTRL_PCBV5
#        (github)\FlyControl\software\quadrotor\Debug\Obj\stm32f10x_gpio.o"
#        "E:\FlyCtrl\CTRL_PCBV5
#        (github)\FlyControl\software\quadrotor\Debug\Obj\stm32f10x_i2c.o"
#        "E:\FlyCtrl\CTRL_PCBV5
#        (github)\FlyControl\software\quadrotor\Debug\Obj\stm32f10x_MY_spi.o"
#        "E:\FlyCtrl\CTRL_PCBV5
#        (github)\FlyControl\software\quadrotor\Debug\Obj\stm32f10x_MyFlash.o"
#        "E:\FlyCtrl\CTRL_PCBV5
#        (github)\FlyControl\software\quadrotor\Debug\Obj\stm32f10x_pwr.o"
#        "E:\FlyCtrl\CTRL_PCBV5
#        (github)\FlyControl\software\quadrotor\Debug\Obj\stm32f10x_rcc.o"
#        "E:\FlyCtrl\CTRL_PCBV5
#        (github)\FlyControl\software\quadrotor\Debug\Obj\stm32f10x_spi.o"
#        "E:\FlyCtrl\CTRL_PCBV5
#        (github)\FlyControl\software\quadrotor\Debug\Obj\stm32f10x_tim.o"
#        "E:\FlyCtrl\CTRL_PCBV5
#        (github)\FlyControl\software\quadrotor\Debug\Obj\stm32f10x_usart.o"
#        "E:\FlyCtrl\CTRL_PCBV5
#        (github)\FlyControl\software\quadrotor\Debug\Obj\sys_init.o"
#        "E:\FlyCtrl\CTRL_PCBV5
#        (github)\FlyControl\software\quadrotor\Debug\Obj\system_stm32f10x.o"
#        "E:\FlyCtrl\CTRL_PCBV5
#        (github)\FlyControl\software\quadrotor\Debug\Obj\Task.o"
#        "E:\FlyCtrl\CTRL_PCBV5
#        (github)\FlyControl\software\quadrotor\Debug\Obj\time.o"
#        "E:\FlyCtrl\CTRL_PCBV5
#        (github)\FlyControl\software\quadrotor\Debug\Obj\tok.o"
#        "E:\FlyCtrl\CTRL_PCBV5
#        (github)\FlyControl\software\quadrotor\Debug\Obj\usart.o" -o
#        "E:\FlyCtrl\CTRL_PCBV5
#        (github)\FlyControl\software\quadrotor\Debug\Exe\STM32F103-IAR.out"
#        --map "E:\FlyCtrl\CTRL_PCBV5
#        (github)\FlyControl\software\quadrotor\Debug\List\STM32F103-IAR.map"
#        --config "E:\FlyCtrl\CTRL_PCBV5
#        (github)\FlyControl\software\quadrotor\Config\stm32f10x_flash.icf"
#        --semihosting --entry __iar_program_start --redirect
#        __iar_sh_stdout=__iar_sh_stdout_swo --vfe
#
###############################################################################

*******************************************************************************
*** RUNTIME MODEL ATTRIBUTES
***

CppFlavor                     = *
__Heap_Handler                = DLMalloc
__SystemLibrary               = DLib
__dlib_dynamic_initialization = normal


*******************************************************************************
*** PLACEMENT SUMMARY
***

"A1":  place at 0x08000000 { ro section .intvec };
"P1":  place in [from 0x08000000 to 0x080fffff] { ro };
"P2":  place in [from 0x20000000 to 0x2000bfff] { rw, block CSTACK, block HEAP };

  Section             Kind        Address    Size  Object
  -------             ----        -------    ----  ------
"A1":                                       0x150
  .intvec             ro code  0x08000000   0x150  startup_stm32f10x_cl.o [1]
                             - 0x08000150   0x150

"P1":                                      0xf105
  .text               ro code  0x08000150  0x1578  Calculation.o [1]
  .text               ro code  0x080016c8    0x32  I32ToFlt.o [4]
  .text               ro code  0x080016fa    0x22  zero_init3.o [5]
  .text               ro code  0x0800171c    0xe6  FltSub.o [4]
  .text               ro code  0x08001802    0x1a  xsnprout.o [3]
  .text               ro code  0x0800181c    0xd8  FltMul.o [4]
  .text               ro code  0x080018f4    0x44  FltToS32.o [4]
  .text               ro code  0x08001938    0x84  FltAdd.o [4]
  .text               ro code  0x080019bc    0x4e  FltToDbl.o [4]
  .rodata             const    0x08001a0a     0x2  LSM303.o [1]
  .text               ro code  0x08001a0c   0x246  DblDiv.o [4]
  .text               ro code  0x08001c54    0x90  DblToFlt.o [4]
  .text               ro code  0x08001ce4    0xf0  sqrt.o [4]
  .text               ro code  0x08001dd4    0x24  FltCmpLe.o [4]
  .text               ro code  0x08001df8    0xfc  FltDiv.o [4]
  .text               ro code  0x08001ef4    0x24  FltCmpGe.o [4]
  .text               ro code  0x08001f18    0xe8  acos.o [4]
  .text               ro code  0x08002000   0x1a2  DblMul.o [4]
  .text               ro code  0x080021a2     0x6  sin.o [4]
  .text               ro code  0x080021a8     0x6  cos.o [4]
  .text               ro code  0x080021b0    0x94  atan.o [4]
  .text               ro code  0x08002244    0xe8  DblAdd.o [4]
  .text               ro code  0x0800232c   0x180  DblSub.o [4]
  .text               ro code  0x080024ac   0x780  filter.o [1]
  .text               ro code  0x08002c2c    0x2a  xfdtest.o [4]
  .text               ro code  0x08002c58    0x30  I32ToDbl.o [4]
  .text               ro code  0x08002c88    0x2e  DblCmpGe.o [4]
  .text               ro code  0x08002cb8    0x2e  DblCmpLe.o [4]
  .text               ro code  0x08002ce8    0xf6  asin.o [4]
  .text               ro code  0x08002de0    0x1c  FltCmpEq.o [4]
  .text               ro code  0x08002dfc     0xc  iarEdom.o [5]
  .text               ro code  0x08002e08   0x1e0  xatan.o [4]
  .text               ro code  0x08002fe8     0xc  errno.o [3]
  .text               ro code  0x08002ff4   0x42a  xsin.o [4]
  .text               ro code  0x08003420    0x76  ABImemcpy_unaligned.o [5]
  .text               ro code  0x08003496     0x2  xtls.o [3]
  .text               ro code  0x08003498    0x58  DblToI32.o [4]
  .text               ro code  0x080034f0   0x160  xquad.o [4]
  .text               ro code  0x08003650    0x7e  xdint.o [4]
  .text               ro code  0x080036d0    0x20  DblCmpEq.o [4]
  .text               ro code  0x080036f0   0x1a8  fmod.o [4]
  .text               ro code  0x08003898  0x14c0  dlmalloc.o [3]
  .text               ro code  0x08004d58     0x6  abort.o [3]
  .text               ro code  0x08004d60    0x2c  xgetmemchunk.o [3]
  .text               ro code  0x08004d8c    0x14  exit.o [6]
  .text               ro code  0x08004da0   0xd6e  xprintffull_nomb.o [3]
  .text               ro code  0x08005b10    0x16  strchr.o [5]
  .text               ro code  0x08005b28    0x36  strlen.o [5]
  .text               ro code  0x08005b60    0x58  memchr.o [5]
  .text               ro code  0x08005bb8    0xee  I64DivMod.o [5]
  .text               ro code  0x08005ca6    0x42  xdnorm.o [4]
  .text               ro code  0x08005ce8   0x10c  xdscale.o [4]
  .text               ro code  0x08005df4    0x6c  localeconv.o [3]
  .text               ro code  0x08005e60     0xe  div.o [3]
  .text               ro code  0x08005e70     0x2  I64DivZer.o [5]
  .text               ro code  0x08005e74   0xd6c  Canlibration.o [1]
  .text               ro code  0x08006be0   0x1ce  stm32f10x_flash.o [1]
  .text               ro code  0x08006db0     0x6  ABImemclr4.o [5]
  .text               ro code  0x08006db8   0x2aa  MyIIC.o [1]
  .text               ro code  0x08007064    0xf0  delay.o [1]
  .text               ro code  0x08007154   0x3d0  Mpu6050.o [1]
  .text               ro code  0x08007524   0x2c8  L3GD20.o [1]
  .text               ro code  0x080077ec    0xbc  QMC5883.o [1]
  .text               ro code  0x080078a8    0x32  ABImemset48.o [5]
  .text               ro code  0x080078dc   0x4d8  stm32f10x_gpio.o [1]
  .text               ro code  0x08007db4    0xb0  misc.o [1]
  .text               ro code  0x08007e64     0xe  stm32f10x_MyFlash.o [1]
  .text               ro code  0x08007e74    0x2c  ABIassert.o [6]
  .text               ro code  0x08007ea0   0x180  stm32f10x_MY_spi.o [1]
  .text               ro code  0x08008020   0x148  stm32f10x_rcc.o [1]
  .text               ro code  0x08008168    0x90  stm32f10x_spi.o [1]
  .text               ro code  0x080081f8   0xc24  Task.o [1]
  .text               ro code  0x08008e1c   0x60c  stm32f10x_tim.o [1]
  .text               ro code  0x08009428   0x700  Interact.o [1]
  .text               ro code  0x08009b28    0x24  printf.o [3]
  .text               ro code  0x08009b4c    0x2a  strncmp.o [3]
  .text               ro code  0x08009b76     0xc  memcpy.o [3]
  .text               ro code  0x08009b84   0x448  MyNRF24L0.o [1]
  .text               ro code  0x08009fcc    0x14  memset.o [3]
  .text               ro code  0x08009fe0   0x1f2  stm32f10x_usart.o [1]
  .text               ro code  0x0800a1d4    0x66  ABImemset.o [5]
  .text               ro code  0x0800a23c   0x9d8  ms5611.o [1]
  .text               ro code  0x0800ac14    0x7a  DblToI64.o [4]
  .text               ro code  0x0800ac90    0x62  I64ToFlt.o [4]
  .text               ro code  0x0800acf4    0x76  FltToS64.o [4]
  .text               ro code  0x0800ad6c    0x58  I64ToDbl.o [4]
  .rodata             const    0x0800adc4    0x5c  Mpu6050.o [1]
  .text               ro code  0x0800ae20   0x860  pow.o [4]
  .text               ro code  0x0800b680    0xac  xlog.o [4]
  .text               ro code  0x0800b72c   0x2a4  xexp.o [4]
  .text               ro code  0x0800b9d0    0x32  xdtest.o [4]
  .text               ro code  0x0800ba04   0x910  parse.o [1]
  .text               ro code  0x0800c314   0x2a2  tok.o [1]
  .text               ro code  0x0800c5b8    0x64  context.o [1]
  .text               ro code  0x0800c61c    0x62  memcmp_unaligned.o [5]
  .text               ro code  0x0800c67e     0x6  strtol.o [3]
  .text               ro code  0x0800c684     0x6  strtod.o [4]
  .text               ro code  0x0800c68a     0xa  isdigit.o [3]
  .text               ro code  0x0800c694    0x3c  vsnprint.o [3]
  .text               ro code  0x0800c6d0    0x88  xstol.o [3]
  .text               ro code  0x0800c758   0x14c  xstod.o [4]
  .text               ro code  0x0800c8a4    0x28  isxxx.o [3]
  .text               ro code  0x0800c8cc   0x194  xstoul.o [3]
  .text               ro code  0x0800ca60   0x134  xstopfx.o [3]
  .text               ro code  0x0800cb94   0x1b8  xstoflt.o [3]
  .rodata             const    0x0800cd4c    0x4c  ISR.o [1]
  .text               ro code  0x0800cd98   0x200  xdtento.o [4]
  .text               ro code  0x0800cf98   0x218  xstoxflt.o [3]
  .text               ro code  0x0800d1b0    0x18  setlocale.o [3]
  .text               ro code  0x0800d1c8    0x16  xlocale_c.o [3]
  .text               ro code  0x0800d1de    0x14  xlocale_c.o [3]
  .text               ro code  0x0800d1f2    0x14  tolower.o [3]
  .text               ro code  0x0800d206    0x56  xdunscal.o [4]
  .text               ro code  0x0800d25c     0xc  xlocale_c.o [3]
  .text               ro code  0x0800d268   0x59e  sys_init.o [1]
  .text               ro code  0x0800d808   0x1e2  stm32f10x_adc.o [1]
  .text               ro code  0x0800d9ec   0x494  parser.o [1]
  .text               ro code  0x0800de80   0x334  ISR.o [1]
  .text               ro code  0x0800e1b4    0x38  stm32f10x_exti.o [1]
  .text               ro code  0x0800e1ec    0x1a  info.o [1]
  .text               ro code  0x0800e208    0x34  stm32f10x_dma.o [1]
  .text               ro code  0x0800e23c   0x2e8  usart.o [1]
  .text               ro code  0x0800e524   0x284  main.o [1]
  .text               ro code  0x0800e7a8    0xe0  LSM303.o [1]
  .text               ro code  0x0800e888   0x158  system_stm32f10x.o [1]
  .text               ro code  0x0800e9e0    0xd4  packbits_init.o [5]
  .rodata             const    0x0800eab4    0x60  Mpu6050.o [1]
  .rodata             const    0x0800eb14    0x44  parse.o [1]
  .rodata             const    0x0800eb58    0x3c  parse.o [1]
  .rodata             const    0x0800eb94    0x38  parse.o [1]
  .rodata             const    0x0800ebcc    0x38  parser.o [1]
  .rodata             const    0x0800ec04    0x34  Mpu6050.o [1]
  .rodata             const    0x0800ec38    0x34  parse.o [1]
  .rodata             const    0x0800ec6c    0x34  parse.o [1]
  .text               ro code  0x0800eca0    0x28  data_init.o [5]
  .rodata             const    0x0800ecc8    0x24  filter.o [1]
  .rodata             const    0x0800ecec    0x24  filter.o [1]
  .rodata             const    0x0800ed10    0x24  filter.o [1]
  .rodata             const    0x0800ed34    0x24  filter.o [1]
  .rodata             const    0x0800ed58    0x24  parse.o [1]
  .rodata             const    0x0800ed7c    0x24  parse.o [1]
  .iar.init_table     const    0x0800eda0    0x2c  - Linker created -
  .rodata             const    0x0800edcc    0x20  parse.o [1]
  .rodata             const    0x0800edec    0x1c  parser.o [1]
  .text               ro code  0x0800ee08    0x1a  cmain.o [5]
  .text               ro code  0x0800ee22     0x4  low_level_init.o [3]
  .text               ro code  0x0800ee26     0x4  exit.o [3]
  .text               ro code  0x0800ee2c     0xa  cexit.o [5]
  .rodata             const    0x0800ee38    0x18  filter.o [1]
  .rodata             const    0x0800ee50    0x18  filter.o [1]
  .rodata             const    0x0800ee68    0x18  parse.o [1]
  .rodata             const    0x0800ee80    0x18  parse.o [1]
  .rodata             const    0x0800ee98    0x18  parser.o [1]
  .rodata             const    0x0800eeb0    0x18  Task.o [1]
  .text               ro code  0x0800eec8    0x16  xprout.o [3]
  .text               ro code  0x0800eee0     0xc  putchar.o [3]
  .rodata             const    0x0800eeec    0x14  main.o [1]
  .rodata             const    0x0800ef00    0x14  parse.o [1]
  .rodata             const    0x0800ef14    0x14  parse.o [1]
  .rodata             const    0x0800ef28    0x14  parse.o [1]
  .rodata             const    0x0800ef3c    0x14  parse.o [1]
  .rodata             const    0x0800ef50    0x14  parse.o [1]
  .rodata             const    0x0800ef64    0x10  filter.o [1]
  .rodata             const    0x0800ef74    0x10  Mpu6050.o [1]
  .rodata             const    0x0800ef84    0x10  parse.o [1]
  .rodata             const    0x0800ef94    0x10  parse.o [1]
  .rodata             const    0x0800efa4    0x10  parse.o [1]
  .rodata             const    0x0800efb4    0x10  parse.o [1]
  .rodata             const    0x0800efc4    0x10  Task.o [1]
  .text               ro code  0x0800efd4    0x10  startup_stm32f10x_cl.o [1]
  .rodata             const    0x0800efe4     0xc  main.o [1]
  .rodata             const    0x0800eff0     0xc  parse.o [1]
  .rodata             const    0x0800effc     0xc  Task.o [1]
  .rodata             const    0x0800f008     0xc  Task.o [1]
  .rodata             const    0x0800f014     0xc  Task.o [1]
  .text               ro code  0x0800f020     0xc  cstartup_M.o [5]
  .rodata             const    0x0800f02c     0x8  MyNRF24L0.o [1]
  .rodata             const    0x0800f034     0x8  parse.o [1]
  .rodata             const    0x0800f03c     0x8  parse.o [1]
  .rodata             const    0x0800f044     0x8  parse.o [1]
  .rodata             const    0x0800f04c     0x8  parse.o [1]
  .rodata             const    0x0800f054     0x8  parse.o [1]
  .rodata             const    0x0800f05c     0x8  parse.o [1]
  .rodata             const    0x0800f064     0x8  parser.o [1]
  .rodata             const    0x0800f06c     0x8  QMC5883.o [1]
  .rodata             const    0x0800f074     0x4  Canlibration.o [1]
  .rodata             const    0x0800f078     0x4  Canlibration.o [1]
  .rodata             const    0x0800f07c     0x4  parse.o [1]
  .text               ro code  0x0800f080     0x4  startup_stm32f10x_cl.o [1]
  .text               ro code  0x0800f084     0x4  startup_stm32f10x_cl.o [1]
  .text               ro code  0x0800f088     0x4  startup_stm32f10x_cl.o [1]
  .text               ro code  0x0800f08c     0x4  startup_stm32f10x_cl.o [1]
  .text               ro code  0x0800f090     0x4  startup_stm32f10x_cl.o [1]
  .text               ro code  0x0800f094     0x4  startup_stm32f10x_cl.o [1]
  .text               ro code  0x0800f098     0x4  startup_stm32f10x_cl.o [1]
  .text               ro code  0x0800f09c     0x4  startup_stm32f10x_cl.o [1]
  .text               ro code  0x0800f0a0     0x4  startup_stm32f10x_cl.o [1]
  .text               ro code  0x0800f0a4     0x4  startup_stm32f10x_cl.o [1]
  .text               ro code  0x0800f0a8     0x4  startup_stm32f10x_cl.o [1]
  .text               ro code  0x0800f0ac     0x4  startup_stm32f10x_cl.o [1]
  .text               ro code  0x0800f0b0     0x4  startup_stm32f10x_cl.o [1]
  .text               ro code  0x0800f0b4     0x4  startup_stm32f10x_cl.o [1]
  .text               ro code  0x0800f0b8     0x4  startup_stm32f10x_cl.o [1]
  .text               ro code  0x0800f0bc     0x4  startup_stm32f10x_cl.o [1]
  .text               ro code  0x0800f0c0     0x4  startup_stm32f10x_cl.o [1]
  .text               ro code  0x0800f0c4     0x4  startup_stm32f10x_cl.o [1]
  .text               ro code  0x0800f0c8     0x4  startup_stm32f10x_cl.o [1]
  .text               ro code  0x0800f0cc     0x4  startup_stm32f10x_cl.o [1]
  .text               ro code  0x0800f0d0     0x4  startup_stm32f10x_cl.o [1]
  .text               ro code  0x0800f0d4     0x4  startup_stm32f10x_cl.o [1]
  .text               ro code  0x0800f0d8     0x4  startup_stm32f10x_cl.o [1]
  .text               ro code  0x0800f0dc     0x4  startup_stm32f10x_cl.o [1]
  .text               ro code  0x0800f0e0     0x4  startup_stm32f10x_cl.o [1]
  .text               ro code  0x0800f0e4     0x4  startup_stm32f10x_cl.o [1]
  .text               ro code  0x0800f0e8     0x4  startup_stm32f10x_cl.o [1]
  .text               ro code  0x0800f0ec     0x4  startup_stm32f10x_cl.o [1]
  .text               ro code  0x0800f0f0     0x4  startup_stm32f10x_cl.o [1]
  .text               ro code  0x0800f0f4     0x4  startup_stm32f10x_cl.o [1]
  .text               ro code  0x0800f0f8     0x4  startup_stm32f10x_cl.o [1]
  .text               ro code  0x0800f0fc     0x4  startup_stm32f10x_cl.o [1]
  .text               ro code  0x0800f100     0x4  startup_stm32f10x_cl.o [1]
  .text               ro code  0x0800f104     0x4  startup_stm32f10x_cl.o [1]
  .text               ro code  0x0800f108     0x4  startup_stm32f10x_cl.o [1]
  .text               ro code  0x0800f10c     0x4  startup_stm32f10x_cl.o [1]
  .text               ro code  0x0800f110     0x4  startup_stm32f10x_cl.o [1]
  .text               ro code  0x0800f114     0x4  startup_stm32f10x_cl.o [1]
  .text               ro code  0x0800f118     0x4  startup_stm32f10x_cl.o [1]
  .text               ro code  0x0800f11c     0x4  startup_stm32f10x_cl.o [1]
  .text               ro code  0x0800f120     0x4  startup_stm32f10x_cl.o [1]
  .text               ro code  0x0800f124     0x4  startup_stm32f10x_cl.o [1]
  .text               ro code  0x0800f128     0x4  startup_stm32f10x_cl.o [1]
  .text               ro code  0x0800f12c     0x4  startup_stm32f10x_cl.o [1]
  .text               ro code  0x0800f130     0x4  startup_stm32f10x_cl.o [1]
  .text               ro code  0x0800f134     0x4  startup_stm32f10x_cl.o [1]
  .text               ro code  0x0800f138     0x4  startup_stm32f10x_cl.o [1]
  .text               ro code  0x0800f13c     0x4  startup_stm32f10x_cl.o [1]
  .text               ro code  0x0800f140     0x4  startup_stm32f10x_cl.o [1]
  .text               ro code  0x0800f144     0x4  startup_stm32f10x_cl.o [1]
  .text               ro code  0x0800f148     0x4  startup_stm32f10x_cl.o [1]
  .text               ro code  0x0800f14c     0x4  startup_stm32f10x_cl.o [1]
  .text               ro code  0x0800f150     0x4  startup_stm32f10x_cl.o [1]
  .text               ro code  0x0800f154     0x4  startup_stm32f10x_cl.o [1]
  .text               ro code  0x0800f158     0x4  startup_stm32f10x_cl.o [1]
  .text               ro code  0x0800f15c     0x4  startup_stm32f10x_cl.o [1]
  .text               ro code  0x0800f160     0x4  startup_stm32f10x_cl.o [1]
  .text               ro code  0x0800f164     0x4  startup_stm32f10x_cl.o [1]
  .text               ro code  0x0800f168     0x4  startup_stm32f10x_cl.o [1]
  .text               ro code  0x0800f16c     0x4  startup_stm32f10x_cl.o [1]
  .text               ro code  0x0800f170     0x4  startup_stm32f10x_cl.o [1]
  .text               ro code  0x0800f174     0x4  startup_stm32f10x_cl.o [1]
  .text               ro code  0x0800f178     0x4  startup_stm32f10x_cl.o [1]
  .text               ro code  0x0800f17c     0x4  startup_stm32f10x_cl.o [1]
  .rodata             const    0x0800f180     0x0  zero_init3.o [5]
  .rodata             const    0x0800f180     0x0  packbits_init.o [5]
  Initializer bytes   ro data  0x0800f180    0xd5  <for P2 s0>
                             - 0x0800f255  0xf105

"P2", part 1 of 3:                          0x234
  P2 s0                        0x20000000   0x234  <Init block>
    __DLIB_PERTHREAD  inited   0x20000000    0x88  localeconv.o [3]
    __DLIB_PERTHREAD  inited   0x20000088    0x74  setlocale.o [3]
    .data             inited   0x200000fc    0x40  xfiles.o [3]
    .data             inited   0x2000013c    0x24  filter.o [1]
    .data             inited   0x20000160    0x20  main.o [1]
    .data             inited   0x20000180    0x20  main.o [1]
    .data             inited   0x200001a0    0x1c  main.o [1]
    .data             inited   0x200001bc    0x14  parse.o [1]
    .data             inited   0x200001d0    0x10  stm32f10x_rcc.o [1]
    .data             inited   0x200001e0     0xc  context.o [1]
    .data             inited   0x200001ec     0xc  main.o [1]
    .data             inited   0x200001f8     0x8  MyNRF24L0.o [1]
    .data             inited   0x20000200     0x8  MyNRF24L0.o [1]
    .data             inited   0x20000208     0x4  Calculation.o [1]
    .data             inited   0x2000020c     0x4  Canlibration.o [1]
    .data             inited   0x20000210     0x4  Canlibration.o [1]
    .data             inited   0x20000214     0x4  Canlibration.o [1]
    .data             inited   0x20000218     0x4  Canlibration.o [1]
    .data             inited   0x2000021c     0x4  L3GD20.o [1]
    .data             inited   0x20000220     0x4  Mpu6050.o [1]
    .data             inited   0x20000224     0x4  stm32f10x_rcc.o [1]
    .data             inited   0x20000228     0x4  system_stm32f10x.o [1]
    __DLIB_PERTHREAD  inited   0x2000022c     0x4  errno.o [3]
    .data             inited   0x20000230     0x1  Interact.o [1]
    .data             inited   0x20000231     0x1  ISR.o [1]
    .data             inited   0x20000232     0x1  Task.o [1]
    .data             inited   0x20000233     0x1  Task.o [1]
                             - 0x20000234   0x234

"P2", part 2 of 3:                         0x110c
  .bss                zero     0x20000234   0x43c  main.o [1]
  .bss                zero     0x20000670   0x320  Task.o [1]
  .bss                zero     0x20000990   0x1d8  dlmalloc.o [3]
  .bss                zero     0x20000b68    0x14  main.o [1]
  .bss                zero     0x20000b80   0x168  ISR.o [1]
  .bss                zero     0x20000ce8   0x100  ISR.o [1]
  .bss                zero     0x20000de8    0xc8  usart.o [1]
  .bss                zero     0x20000eb0    0x80  main.o [1]
  .bss                zero     0x20000f30    0x60  ms5611.o [1]
  .bss                zero     0x20000f90    0x50  xfiles.o [3]
  .bss                zero     0x20000fe0    0x38  BMP180.o [1]
  .bss                zero     0x20001018    0x38  ms5611.o [1]
  .bss                zero     0x20001050    0x38  Task.o [1]
  .bss                zero     0x20001088    0x30  Interact.o [1]
  .bss                zero     0x200010b8    0x30  Task.o [1]
  .bss                zero     0x200010e8    0x20  Calculation.o [1]
  .bss                zero     0x20001108    0x20  MyNRF24L0.o [1]
  .bss                zero     0x20001128    0x20  MyNRF24L0.o [1]
  .bss                zero     0x20001148    0x18  Calculation.o [1]
  .bss                zero     0x20001160    0x18  ISR.o [1]
  .bss                zero     0x20001178    0x18  ISR.o [1]
  .bss                zero     0x20001190    0x18  ISR.o [1]
  .bss                zero     0x200011a8    0x18  main.o [1]
  .bss                zero     0x200011c0    0x18  dlmalloc.o [3]
  .bss                zero     0x200011d8    0x10  Calculation.o [1]
  .bss                zero     0x200011e8     0xc  Calculation.o [1]
  .bss                zero     0x200011f4     0xc  Calculation.o [1]
  .bss                zero     0x20001200     0xc  Calculation.o [1]
  .bss                zero     0x2000120c     0xc  Calculation.o [1]
  .bss                zero     0x20001218     0xc  ISR.o [1]
  .bss                zero     0x20001224     0xc  main.o [1]
  .bss                zero     0x20001230     0x8  ISR.o [1]
  .bss                zero     0x20001238     0x8  ISR.o [1]
  .bss                zero     0x20001240     0x8  ISR.o [1]
  .bss                zero     0x20001248     0x4  Calculation.o [1]
  .bss                zero     0x2000124c     0x4  Calculation.o [1]
  .bss                zero     0x20001250     0x4  Calculation.o [1]
  .bss                zero     0x20001254     0x4  Calculation.o [1]
  .bss                zero     0x20001258     0x4  Calculation.o [1]
  .bss                zero     0x2000125c     0x4  Calculation.o [1]
  .bss                zero     0x20001260     0x4  Calculation.o [1]
  .bss                zero     0x20001264     0x4  Calculation.o [1]
  .bss                zero     0x20001268     0x4  Calculation.o [1]
  .bss                zero     0x2000126c     0x4  Calculation.o [1]
  .bss                zero     0x20001270     0x4  Calculation.o [1]
  .bss                zero     0x20001274     0x4  Calculation.o [1]
  .bss                zero     0x20001278     0x4  Calculation.o [1]
  .bss                zero     0x2000127c     0x4  Calculation.o [1]
  .bss                zero     0x20001280     0x4  Calculation.o [1]
  .bss                zero     0x20001284     0x4  Calculation.o [1]
  .bss                zero     0x20001288     0x4  Calculation.o [1]
  .bss                zero     0x2000128c     0x4  Calculation.o [1]
  .bss                zero     0x20001290     0x4  Calculation.o [1]
  .bss                zero     0x20001294     0x4  Calculation.o [1]
  .bss                zero     0x20001298     0x4  Calculation.o [1]
  .bss                zero     0x2000129c     0x4  Calculation.o [1]
  .bss                zero     0x200012a0     0x4  Calculation.o [1]
  .bss                zero     0x200012a4     0x4  Calculation.o [1]
  .bss                zero     0x200012a8     0x4  Calculation.o [1]
  .bss                zero     0x200012ac     0x4  Calculation.o [1]
  .bss                zero     0x200012b0     0x4  Calculation.o [1]
  .bss                zero     0x200012b4     0x4  Calculation.o [1]
  .bss                zero     0x200012b8     0x4  Calculation.o [1]
  .bss                zero     0x200012bc     0x4  Calculation.o [1]
  .bss                zero     0x200012c0     0x4  Calculation.o [1]
  .bss                zero     0x200012c4     0x4  Calculation.o [1]
  .bss                zero     0x200012c8     0x4  Calculation.o [1]
  .bss                zero     0x200012cc     0x4  Interact.o [1]
  .bss                zero     0x200012d0     0x4  Interact.o [1]
  .bss                zero     0x200012d4     0x4  Interact.o [1]
  .bss                zero     0x200012d8     0x4  ISR.o [1]
  .bss                zero     0x200012dc     0x4  ISR.o [1]
  .bss                zero     0x200012e0     0x4  main.o [1]
  .bss                zero     0x200012e4     0x4  main.o [1]
  .bss                zero     0x200012e8     0x4  ms5611.o [1]
  .bss                zero     0x200012ec     0x4  MyIIC.o [1]
  .bss                zero     0x200012f0     0x4  MyNRF24L0.o [1]
  .bss                zero     0x200012f4     0x4  MyNRF24L0.o [1]
  .bss                zero     0x200012f8     0x4  Task.o [1]
  .bss                zero     0x200012fc     0x4  Task.o [1]
  .bss                zero     0x20001300     0x4  Task.o [1]
  .bss                zero     0x20001304     0x4  Task.o [1]
  .bss                zero     0x20001308     0x4  xgetmemchunk.o [3]
  .bss                zero     0x2000130c     0x2  Canlibration.o [1]
  .bss                zero     0x2000130e     0x2  Canlibration.o [1]
  .bss                zero     0x20001310     0x2  Canlibration.o [1]
  .bss                zero     0x20001312     0x2  Canlibration.o [1]
  .bss                zero     0x20001314     0x2  Canlibration.o [1]
  .bss                zero     0x20001316     0x2  Canlibration.o [1]
  .bss                zero     0x20001318     0x2  delay.o [1]
  .bss                zero     0x2000131a     0x2  ISR.o [1]
  .bss                zero     0x2000131c     0x2  Task.o [1]
  .bss                zero     0x2000131e     0x2  usart.o [1]
  .bss                zero     0x20001320     0x1  delay.o [1]
  .bss                zero     0x20001321     0x1  Interact.o [1]
  .bss                zero     0x20001322     0x1  ISR.o [1]
  .bss                zero     0x20001323     0x1  ISR.o [1]
  .bss                zero     0x20001324     0x1  ISR.o [1]
  .bss                zero     0x20001325     0x1  ISR.o [1]
  .bss                zero     0x20001326     0x1  ISR.o [1]
  .bss                zero     0x20001327     0x1  ISR.o [1]
  .bss                zero     0x20001328     0x1  ISR.o [1]
  .bss                zero     0x20001329     0x1  main.o [1]
  .bss                zero     0x2000132a     0x1  ms5611.o [1]
  .bss                zero     0x2000132b     0x1  ms5611.o [1]
  .bss                zero     0x2000132c     0x1  ms5611.o [1]
  .bss                zero     0x2000132d     0x1  ms5611.o [1]
  .bss                zero     0x2000132e     0x1  MyNRF24L0.o [1]
  .bss                zero     0x2000132f     0x1  MyNRF24L0.o [1]
  .bss                zero     0x20001330     0x1  MyNRF24L0.o [1]
  .bss                zero     0x20001331     0x1  MyNRF24L0.o [1]
  .bss                zero     0x20001332     0x1  Task.o [1]
  .bss                zero     0x20001333     0x1  Task.o [1]
  .bss                zero     0x20001334     0x1  Task.o [1]
  .bss                zero     0x20001335     0x1  Task.o [1]
  .bss                zero     0x20001336     0x1  Task.o [1]
  .bss                zero     0x20001337     0x1  Task.o [1]
  .bss                zero     0x20001338     0x1  Task.o [1]
                             - 0x20001339  0x1105

"P2", part 3 of 3:                         0x3000
  CSTACK                       0x20001340  0x2000  <Block>
    CSTACK            uninit   0x20001340  0x2000  <Block tail>
  HEAP                         0x20003340  0x1000  <Block>
    HEAP              uninit   0x20003340  0x1000  <Block tail>
                             - 0x20004340  0x3000


*******************************************************************************
*** INIT TABLE
***

          Address     Size
          -------     ----
Zero (__iar_zero_init3)
    1 destination range, total size 0x1105:
          0x20000234  0x1105

Copy/packbits (__iar_packbits_init3)
    1 source range, total size 0xd5 (37% of destination):
          0x0800f180    0xd5
    1 destination range, total size 0x234:
          0x20000000   0x234



*******************************************************************************
*** MODULE SUMMARY
***

    Module                  ro code  ro data  rw data
    ------                  -------  -------  -------
E:\FlyCtrl\CTRL_PCBV5 (github)\FlyControl\software\quadrotor\Debug\Obj: [1]
    BMP180.o                                       56
    Calculation.o             5 496        1      256
    Canlibration.o            3 436       14       28
    ISR.o                       820       77      742
    Interact.o                1 792                62
    L3GD20.o                    712        2        4
    LSM303.o                    224        2
    Mpu6050.o                   976      257        4
    MyIIC.o                     682                 4
    MyNRF24L0.o               1 096       14       92
    QMC5883.o                   188        8
    Task.o                    3 108       77      931
    context.o                   100        4       12
    delay.o                     240                 3
    filter.o                  1 920      221       36
    info.o                       26
    main.o                      644       72    1 381
    misc.o                      176
    ms5611.o                  2 520               160
    parse.o                   2 320      676       20
    parser.o                  1 172      116
    startup_stm32f10x_cl.o      608
    stm32f10x_MY_spi.o          384
    stm32f10x_MyFlash.o          14
    stm32f10x_adc.o             482
    stm32f10x_dma.o              52
    stm32f10x_exti.o             56
    stm32f10x_flash.o           462
    stm32f10x_gpio.o          1 240
    stm32f10x_rcc.o             328        8       20
    stm32f10x_spi.o             144
    stm32f10x_tim.o           1 548
    stm32f10x_usart.o           498
    sys_init.o                1 438
    system_stm32f10x.o          344        1        4
    tok.o                       674
    usart.o                     744               202
    -------------------------------------------------
    Total:                   36 664    1 550    4 017

command line: [2]
    -------------------------------------------------
    Total:

dl7M_tlf.a: [3]
    abort.o                       6
    div.o                        14
    dlmalloc.o                5 312               496
    errno.o                      12        2        4
    exit.o                        4
    isdigit.o                    10
    isxxx.o                      40
    localeconv.o                108       51      136
    low_level_init.o              4
    memcpy.o                     12
    memset.o                     20
    printf.o                     36
    putchar.o                    12
    setlocale.o                  24       44      116
    strncmp.o                    42
    strtol.o                      6
    tolower.o                    20
    vsnprint.o                   60
    xfiles.o                              24      144
    xgetmemchunk.o               44                 4
    xlocale_c.o                  54
    xprintffull_nomb.o        3 438
    xprout.o                     22
    xsnprout.o                   26
    xstoflt.o                   440
    xstol.o                     136
    xstopfx.o                   308
    xstoul.o                    404
    xstoxflt.o                  536
    xtls.o                        2
    -------------------------------------------------
    Total:                   11 152      121      900

m7M_tl.a: [4]
    DblAdd.o                    232
    DblCmpEq.o                   32
    DblCmpGe.o                   46
    DblCmpLe.o                   46
    DblDiv.o                    582
    DblMul.o                    418
    DblSub.o                    384
    DblToFlt.o                  144
    DblToI32.o                   88
    DblToI64.o                  122
    FltAdd.o                    132
    FltCmpEq.o                   28
    FltCmpGe.o                   36
    FltCmpLe.o                   36
    FltDiv.o                    252
    FltMul.o                    216
    FltSub.o                    230
    FltToDbl.o                   78
    FltToS32.o                   68
    FltToS64.o                  118
    I32ToDbl.o                   48
    I32ToFlt.o                   50
    I64ToDbl.o                   88
    I64ToFlt.o                   98
    acos.o                      232
    asin.o                      246
    atan.o                      148
    cos.o                         6
    fmod.o                      424
    pow.o                     2 144
    sin.o                         6
    sqrt.o                      240
    strtod.o                      6
    xatan.o                     480
    xdint.o                     126
    xdnorm.o                     66
    xdscale.o                   268
    xdtento.o                   512
    xdtest.o                     50
    xdunscal.o                   86
    xexp.o                      676
    xfdtest.o                    42
    xlog.o                      172
    xquad.o                     352
    xsin.o                    1 066
    xstod.o                     332
    -------------------------------------------------
    Total:                   11 252

rt7M_tl.a: [5]
    ABImemclr4.o                  6
    ABImemcpy_unaligned.o       118
    ABImemset.o                 102
    ABImemset48.o                50
    I64DivMod.o                 238
    I64DivZer.o                   2
    cexit.o                      10
    cmain.o                      26
    cstartup_M.o                 12
    data_init.o                  40
    iarEdom.o                    12
    memchr.o                     88
    memcmp_unaligned.o           98
    packbits_init.o             212
    strchr.o                     22
    strlen.o                     54
    zero_init3.o                 34
    -------------------------------------------------
    Total:                    1 124

shb_l.a: [6]
    ABIassert.o                  44
    exit.o                       20
    -------------------------------------------------
    Total:                       64

    Gaps                         64        2        4
    Linker created                        44   12 288
-----------------------------------------------------
    Grand Total:             60 320    1 717   17 209


*******************************************************************************
*** ENTRY LIST
***

Entry                      Address   Size  Type      Object
-----                      -------   ----  ----      ------
?main                   0x0800ee09         Code  Gb  cmain.o [5]
ADCPrescTable           0x20000224    0x4  Data  Lc  stm32f10x_rcc.o [1]
ADC_Cmd                 0x0800d85d   0x1a  Code  Gb  stm32f10x_adc.o [1]
ADC_GetCalibrationStatus
                        0x0800d8a3   0x18  Code  Gb  stm32f10x_adc.o [1]
ADC_GetConversionValue  0x0800d9c3    0x6  Code  Gb  stm32f10x_adc.o [1]
ADC_GetFlagStatus       0x0800d9d1   0x1a  Code  Gb  stm32f10x_adc.o [1]
ADC_GetResetCalibrationStatus
                        0x0800d881   0x18  Code  Gb  stm32f10x_adc.o [1]
ADC_Init                0x0800d809   0x54  Code  Gb  stm32f10x_adc.o [1]
ADC_RegularChannelConfig
                        0x0800d8d5   0xee  Code  Gb  stm32f10x_adc.o [1]
ADC_ResetCalibration    0x0800d877    0xa  Code  Gb  stm32f10x_adc.o [1]
ADC_SoftwareStartConvCmd
                        0x0800d8bb   0x1a  Code  Gb  stm32f10x_adc.o [1]
ADC_StartCalibration    0x0800d899    0xa  Code  Gb  stm32f10x_adc.o [1]
APBAHBPrescTable        0x200001d0   0x10  Data  Lc  stm32f10x_rcc.o [1]
AccAndMS5611KalmanFilterFusion
                        0x080025ad  0x658  Code  Gb  filter.o [1]
AccCalibration          0x08005fab  0x668  Code  Gb  Canlibration.o [1]
AdcInit                 0x0800d603   0x8a  Code  Gb  sys_init.o [1]
AltitudeControl         0x08000a7d  0x1d8  Code  Gb  Calculation.o [1]
AttCalc                 0x08000387  0x6f6  Code  Gb  Calculation.o [1]
AttHld                  0x0800847f  0x208  Code  Gb  Task.o [1]
AttHldPrep              0x08008447   0x38  Code  Gb  Task.o [1]
BatVoltageGet           0x0800d547   0xbc  Code  Gb  sys_init.o [1]
CSTACK$$Base            0x20001340          --   Gb  - Linker created -
CSTACK$$Limit           0x20003340          --   Gb  - Linker created -
CaliFilt                0x08000151  0x236  Code  Gb  Calculation.o [1]
Coef                    0x20000208    0x4  Data  Gb  Calculation.o [1]
CompassCalibration      0x0800662d  0x536  Code  Gb  Canlibration.o [1]
DMA1_Channel3_IRQHandler
                        0x0800e0f9   0x2c  Code  Gb  ISR.o [1]
DMA_ClearITPendingBit   0x0800e225   0x10  Code  Gb  stm32f10x_dma.o [1]
DMA_Cmd                 0x0800e209   0x1c  Code  Gb  stm32f10x_dma.o [1]
DelayMs                 0x080070f7   0x42  Code  Gb  delay.o [1]
EXTI15_10_IRQHandler    0x0800df5f   0x3e  Code  Gb  ISR.o [1]
EXTI9_5_IRQHandler      0x0800df9d   0x54  Code  Gb  ISR.o [1]
EXTI_ClearITPendingBit  0x0800e1dd    0x6  Code  Gb  stm32f10x_exti.o [1]
EXTI_GetITStatus        0x0800e1b5   0x28  Code  Gb  stm32f10x_exti.o [1]
Experiment              0x08008a71  0x2a0  Code  Gb  Task.o [1]
FLASH_ErasePage         0x08006c09   0x5e  Code  Gb  stm32f10x_flash.o [1]
FLASH_GetBank1Status    0x08006d33   0x34  Code  Gb  stm32f10x_flash.o [1]
FLASH_Lock              0x08006bf7   0x12  Code  Gb  stm32f10x_flash.o [1]
FLASH_ProgramHalfWord   0x08006ce7   0x4c  Code  Gb  stm32f10x_flash.o [1]
FLASH_ProgramWord       0x08006c67   0x80  Code  Gb  stm32f10x_flash.o [1]
FLASH_ReadByte          0x08007e65    0x4  Code  Gb  stm32f10x_MyFlash.o [1]
FLASH_ReadHalfWord      0x08007e69    0x4  Code  Gb  stm32f10x_MyFlash.o [1]
FLASH_Unlock            0x08006be1   0x16  Code  Gb  stm32f10x_flash.o [1]
FLASH_WaitForLastOperation
                        0x08006d81   0x2e  Code  Gb  stm32f10x_flash.o [1]
Filter_init_flag        0x20001338    0x1  Data  Gb  Task.o [1]
FlashReadFloat          0x08007e6d    0x6  Code  Gb  stm32f10x_MyFlash.o [1]
FlashWriteAddr          0x2000020c    0x4  Data  Gb  Canlibration.o [1]
GPIO_EXTILineConfig     0x08007ce3   0x9c  Code  Gb  stm32f10x_gpio.o [1]
GPIO_Init               0x080078dd  0x136  Code  Gb  stm32f10x_gpio.o [1]
GPIO_PinRemapConfig     0x08007c5b   0x88  Code  Gb  stm32f10x_gpio.o [1]
GPIO_SetBits            0x08007c55    0x6  Code  Gb  stm32f10x_gpio.o [1]
GPSCal                  0x08001375  0x244  Code  Gb  Calculation.o [1]
GetAdc                  0x0800d519   0x2e  Code  Gb  sys_init.o [1]
GyroCalibration         0x08006613   0x1a  Code  Gb  Canlibration.o [1]
HEAP$$Base              0x20003340          --   Gb  - Linker created -
HEAP$$Limit             0x20004340          --   Gb  - Linker created -
HeiHld                  0x080086b5  0x1fa  Code  Gb  Task.o [1]
HeiHldPrep              0x08008687   0x28  Code  Gb  Task.o [1]
IIC_Ack                 0x08006ea1   0x34  Code  Gb  MyIIC.o [1]
IIC_NAck                0x08006ed5   0x40  Code  Gb  MyIIC.o [1]
IIC_Port_Init           0x08006db9   0x24  Code  Gb  MyIIC.o [1]
IIC_Read_Byte           0x08006f6b   0x52  Code  Gb  MyIIC.o [1]
IIC_Send_Byte           0x08006f15   0x56  Code  Gb  MyIIC.o [1]
IIC_Start               0x08006ddd   0x34  Code  Gb  MyIIC.o [1]
IIC_Stop                0x08006e11   0x34  Code  Gb  MyIIC.o [1]
IIC_Wait_Ack            0x08006e45   0x5c  Code  Lc  MyIIC.o [1]
InStream_Read           0x0800e9e1   0x22  Code  Lc  packbits_init.o [5]
Init_KalmanInfo         0x080024ad   0x38  Code  Gb  filter.o [1]
KalmanFilter            0x080024e5   0xc8  Code  Gb  filter.o [1]
L3GD20GyroCalibration   0x0800764f  0x190  Code  Gb  L3GD20.o [1]
L3GD20ReadReg           0x0800755d   0x3e  Code  Gb  L3GD20.o [1]
L3GD20WriteReg          0x08007525   0x38  Code  Gb  L3GD20.o [1]
L3GD20_IO_Init          0x0800759b   0x20  Code  Gb  L3GD20.o [1]
L3GD20_Init             0x080075bb   0x40  Code  Gb  L3GD20.o [1]
L3GD20_Read             0x080075fb   0x54  Code  Gb  L3GD20.o [1]
L3GDgyro_adc            0x200001ec    0xc  Data  Gb  main.o [1]
LSM303A_Init            0x0800e85b   0x20  Code  Gb  LSM303.o [1]
LSM303D_Init            0x0800e81f   0x3c  Code  Gb  LSM303.o [1]
LSM303ReadReg           0x0800e7e1   0x3e  Code  Gb  LSM303.o [1]
LSM303WriteReg          0x0800e7a9   0x38  Code  Gb  LSM303.o [1]
LSM_acc_adc             0x20000180   0x20  Data  Gb  main.o [1]
MPU6050GyroCalibration  0x08007343  0x1c4  Code  Gb  Mpu6050.o [1]
MPUInit                 0x08007155   0xee  Code  Gb  Mpu6050.o [1]
MPUReadAcc              0x08007243   0x80  Code  Gb  Mpu6050.o [1]
MPUReadGyr              0x080072c3   0x80  Code  Gb  Mpu6050.o [1]
MS561101BA_Init         0x0800a6c9   0x18  Code  Gb  ms5611.o [1]
MS561101BA_Reset        0x0800a691    0xc  Code  Gb  ms5611.o [1]
MS561101BA_readPROM     0x0800a69d   0x2c  Code  Gb  ms5611.o [1]
MS5611GetTemperatureAndPressure
                        0x0800a6e1  0x4da  Code  Gb  ms5611.o [1]
MS5611_I2C_NoAddr_WriteByte
                        0x0800a59b   0x28  Code  Gb  ms5611.o [1]
MS5611_I2C_Read_2Bytes  0x0800a5c3   0x5a  Code  Gb  ms5611.o [1]
MS5611_I2C_Read_3Bytes  0x0800a61d   0x74  Code  Gb  ms5611.o [1]
MS5611_IIC_Ack          0x0800a3dd   0x62  Code  Gb  ms5611.o [1]
MS5611_IIC_Init         0x0800a23d   0x68  Code  Gb  ms5611.o [1]
MS5611_IIC_NAck         0x0800a43f   0x62  Code  Gb  ms5611.o [1]
MS5611_IIC_Read_Byte    0x0800a521   0x7a  Code  Gb  ms5611.o [1]
MS5611_IIC_Send_Byte    0x0800a4a1   0x80  Code  Gb  ms5611.o [1]
MS5611_IIC_Start        0x0800a2a5   0x62  Code  Gb  ms5611.o [1]
MS5611_IIC_Stop         0x0800a307   0x62  Code  Gb  ms5611.o [1]
MS5611_IIC_Wait_Ack     0x0800a369   0x74  Code  Gb  ms5611.o [1]
NVIC_Config             0x0800d791   0x76  Code  Gb  sys_init.o [1]
NVIC_Init               0x08007dbf   0x6a  Code  Gb  misc.o [1]
NVIC_PriorityGroupConfig
                        0x08007db5    0xa  Code  Gb  misc.o [1]
PIT4_Init               0x08009167   0x70  Code  Gb  stm32f10x_tim.o [1]
PWMCalc                 0x08000c81  0x6b6  Code  Gb  Calculation.o [1]
ParamInit               0x0800d269  0x2b0  Code  Gb  sys_init.o [1]
QMC5883Init             0x080077ed   0x38  Code  Gb  QMC5883.o [1]
RCC_ADCCLKConfig        0x08008021   0x14  Code  Gb  stm32f10x_rcc.o [1]
RCC_APB1PeriphClockCmd  0x0800812f   0x1e  Code  Gb  stm32f10x_rcc.o [1]
RCC_APB2PeriphClockCmd  0x08008111   0x1e  Code  Gb  stm32f10x_rcc.o [1]
RCC_GetClocksFreq       0x08008035   0xdc  Code  Gb  stm32f10x_rcc.o [1]
RCDenote                0x0800996b  0x114  Code  Gb  Interact.o [1]
RX_ADDRESS              0x20000200    0x8  Data  Gb  MyNRF24L0.o [1]
ReadQMC5883             0x08007829   0x80  Code  Gb  QMC5883.o [1]
Region$$Table$$Base     0x0800eda0          --   Gb  - Linker created -
Region$$Table$$Limit    0x0800edcc          --   Gb  - Linker created -
SCISend_to_Own          0x08009429  0x542  Code  Gb  Interact.o [1]
SPI3_Init               0x08007f85   0x8e  Code  Gb  stm32f10x_MY_spi.o [1]
SPI_Cmd                 0x080081a9   0x1c  Code  Gb  stm32f10x_spi.o [1]
SPI_I2S_GetFlagStatus   0x080081e1   0x18  Code  Gb  stm32f10x_spi.o [1]
SPI_Init                0x08008169   0x40  Code  Gb  stm32f10x_spi.o [1]
SPI_SSOutputCmd         0x080081c5   0x1c  Code  Gb  stm32f10x_spi.o [1]
SaveToFlash             0x08005e75  0x136  Code  Gb  Canlibration.o [1]
SetParaPre              0x080088af    0xe  Code  Gb  Task.o [1]
SetParam                0x080088bd  0x19a  Code  Gb  Task.o [1]
SetSysClock             0x0800e8dd    0x8  Code  Lc  system_stm32f10x.o [1]
SetSysClockTo72         0x0800e8e5   0xe0  Code  Lc  system_stm32f10x.o [1]
Single_Read             0x0800701d   0x46  Code  Gb  MyIIC.o [1]
Single_Write            0x08006fcd   0x50  Code  Gb  MyIIC.o [1]
Standby                 0x08008231  0x216  Code  Gb  Task.o [1]
StbPrep                 0x080081f9   0x38  Code  Gb  Task.o [1]
SysTick_CLKSourceConfig
                        0x08007e29   0x20  Code  Gb  misc.o [1]
SystemCoreClock         0x20000228    0x4  Data  Gb  system_stm32f10x.o [1]
SystemInit              0x0800e889   0x54  Code  Gb  system_stm32f10x.o [1]
TIM2_PWM_Init           0x08009209  0x12a  Code  Gb  stm32f10x_tim.o [1]
TIM3_PWM_Init           0x08009333   0xd4  Code  Gb  stm32f10x_tim.o [1]
TIM4_IRQHandler         0x0800de81   0xde  Code  Gb  ISR.o [1]
TIM_ClearITPendingBit   0x080091ed    0x8  Code  Gb  stm32f10x_tim.o [1]
TIM_Cmd                 0x080090d7   0x1c  Code  Gb  stm32f10x_tim.o [1]
TIM_ITConfig            0x080090f3   0x16  Code  Gb  stm32f10x_tim.o [1]
TIM_OC1Init             0x08008eb1   0x9a  Code  Gb  stm32f10x_tim.o [1]
TIM_OC1PreloadConfig    0x08009109   0x12  Code  Gb  stm32f10x_tim.o [1]
TIM_OC2Init             0x08008f4b   0x90  Code  Gb  stm32f10x_tim.o [1]
TIM_OC2PreloadConfig    0x0800911b   0x14  Code  Gb  stm32f10x_tim.o [1]
TIM_OC3Init             0x08008fdb   0x8e  Code  Gb  stm32f10x_tim.o [1]
TIM_OC3PreloadConfig    0x0800912f   0x12  Code  Gb  stm32f10x_tim.o [1]
TIM_OC4Init             0x08009069   0x6e  Code  Gb  stm32f10x_tim.o [1]
TIM_OC4PreloadConfig    0x08009141   0x14  Code  Gb  stm32f10x_tim.o [1]
TIM_SetCompare1         0x08009155    0x4  Code  Gb  stm32f10x_tim.o [1]
TIM_SetCompare2         0x08009159    0x4  Code  Gb  stm32f10x_tim.o [1]
TIM_SetCompare3         0x0800915d    0x4  Code  Gb  stm32f10x_tim.o [1]
TIM_SetCompare4         0x08009161    0x6  Code  Gb  stm32f10x_tim.o [1]
TIM_TimeBaseInit        0x08008e1d   0x94  Code  Gb  stm32f10x_tim.o [1]
TX_ADDRESS              0x200001f8    0x8  Data  Gb  MyNRF24L0.o [1]
Task                    0x200010b8   0x30  Data  Gb  Task.o [1]
TaskInit                0x08008d31   0x2a  Code  Gb  Task.o [1]
USART1_IRQHandler       0x0800e46b   0x7e  Code  Gb  usart.o [1]
USART3_IRQHandler       0x0800dff1  0x108  Code  Gb  ISR.o [1]
USART_Cmd               0x0800a0c5   0x1c  Code  Gb  stm32f10x_usart.o [1]
USART_GetFlagStatus     0x0800a147   0x1e  Code  Gb  stm32f10x_usart.o [1]
USART_GetITStatus       0x0800a165   0x6e  Code  Gb  stm32f10x_usart.o [1]
USART_ITConfig          0x0800a0e1   0x56  Code  Gb  stm32f10x_usart.o [1]
USART_Init              0x08009fe1   0xde  Code  Gb  stm32f10x_usart.o [1]
USART_RX_BUF            0x20000de8   0xc8  Data  Gb  usart.o [1]
USART_RX_STA            0x2000131e    0x2  Data  Gb  usart.o [1]
USART_ReceiveData       0x0800a13f    0x8  Code  Gb  stm32f10x_usart.o [1]
USART_SendData          0x0800a137    0x8  Code  Gb  stm32f10x_usart.o [1]
Uart1_RevBuf            0x20000ce8  0x100  Data  Gb  ISR.o [1]
Uart1_RevBuf_Tail       0x2000131a    0x2  Data  Gb  ISR.o [1]
UartInit                0x0800e24f  0x21c  Code  Gb  usart.o [1]
_GenldFullNoMb          0x0800587d  0x24a  Code  Lc  xprintffull_nomb.o [3]
_IsdstStr               0x2000008c    0x4  Data  Gb  setlocale.o [3]
_LdtobFullNoMb          0x08005491  0x3e6  Code  Lc  xprintffull_nomb.o [3]
_LitobFullNoMb          0x08005389  0x106  Code  Lc  xprintffull_nomb.o [3]
_LocaleC_isalpha        0x0800d1c9   0x16  Code  Gb  xlocale_c.o [3]
_LocaleC_isspace        0x0800d1df   0x14  Code  Gb  xlocale_c.o [3]
_LocaleC_tolower        0x0800d25d    0xc  Code  Gb  xlocale_c.o [3]
_LocaleForCat           0x0800d1b1   0x12  Code  Gb  setlocale.o [3]
_LocaleReturnString     0x200000ac   0x50  Data  Lc  setlocale.o [3]
_Locale_Profile         0x20000090   0x1c  Data  Gb  setlocale.o [3]
_Locale_aeabi_lconv     0x20000050   0x38  Data  Gb  localeconv.o [3]
_Locale_lconv           0x20000000   0x50  Data  Gb  localeconv.o [3]
_PrintfFullNoMb         0x08004da1  0x5e2  Code  Gb  xprintffull_nomb.o [3]
_Prout                  0x0800eec9   0x16  Code  Gb  xprout.o [3]
_PutcharsFullNoMb       0x08005ac7   0x2e  Code  Lc  xprintffull_nomb.o [3]
_SNProut                0x08001803   0x1a  Code  Gb  xsnprout.o [3]
_Stoflt                 0x0800cb95  0x1b8  Code  Gb  xstoflt.o [3]
_Stopfx                 0x0800ca61  0x134  Code  Gb  xstopfx.o [3]
_Stoxflt                0x0800cf99  0x1e2  Code  Gb  xstoxflt.o [3]
_TzoneStr               0x20000088    0x4  Data  Gb  setlocale.o [3]
__aeabi_assert          0x08007e77   0x24  Code  Gb  ABIassert.o [6]
__aeabi_cdcmpeq         0x080036d1         Code  Gb  DblCmpEq.o [4]
__aeabi_cdcmple         0x08002cb9         Code  Gb  DblCmpLe.o [4]
__aeabi_cdrcmple        0x08002c89         Code  Gb  DblCmpGe.o [4]
__aeabi_cfcmpeq         0x08002de1         Code  Gb  FltCmpEq.o [4]
__aeabi_cfcmple         0x08001dd5         Code  Gb  FltCmpLe.o [4]
__aeabi_cfrcmple        0x08001ef5         Code  Gb  FltCmpGe.o [4]
__aeabi_d2f             0x08001c55         Code  Gb  DblToFlt.o [4]
__aeabi_d2iz            0x08003499         Code  Gb  DblToI32.o [4]
__aeabi_d2lz            0x0800ac15         Code  Gb  DblToI64.o [4]
__aeabi_d2uiz           0x080034c5         Code  Gb  DblToI32.o [4]
__aeabi_dadd            0x08002245         Code  Gb  DblAdd.o [4]
__aeabi_ddiv            0x08001a0d         Code  Gb  DblDiv.o [4]
__aeabi_dmul            0x08002001         Code  Gb  DblMul.o [4]
__aeabi_dsub            0x0800232d         Code  Gb  DblSub.o [4]
__aeabi_errno_addr      0x08002fe9    0x6  Code  Gb  errno.o [3]
__aeabi_f2d             0x080019bd         Code  Gb  FltToDbl.o [4]
__aeabi_f2iz            0x080018f5         Code  Gb  FltToS32.o [4]
__aeabi_f2lz            0x0800acf5         Code  Gb  FltToS64.o [4]
__aeabi_fadd            0x08001939         Code  Gb  FltAdd.o [4]
__aeabi_fdiv            0x08001df9         Code  Gb  FltDiv.o [4]
__aeabi_fmul            0x0800181d         Code  Gb  FltMul.o [4]
__aeabi_fsub            0x0800171d         Code  Gb  FltSub.o [4]
__aeabi_i2d             0x08002c59         Code  Gb  I32ToDbl.o [4]
__aeabi_i2f             0x080016c9         Code  Gb  I32ToFlt.o [4]
__aeabi_l2d             0x0800ad6d         Code  Gb  I64ToDbl.o [4]
__aeabi_l2f             0x0800ac91         Code  Gb  I64ToFlt.o [4]
__aeabi_ldiv0           0x08005e71         Code  Gb  I64DivZer.o [5]
__aeabi_memclr4         0x08006db1         Code  Gb  ABImemclr4.o [5]
__aeabi_memset          0x0800a1d5         Code  Gb  ABImemset.o [5]
__aeabi_ui2d            0x08002c6d         Code  Gb  I32ToDbl.o [4]
__aeabi_ui2f            0x080016dd         Code  Gb  I32ToFlt.o [4]
__aeabi_ul2f            0x0800acad         Code  Gb  I64ToFlt.o [4]
__aeabi_uldivmod        0x08005bb9         Code  Gb  I64DivMod.o [5]
__cmain                 0x0800ee09         Code  Gb  cmain.o [5]
__data_GetMemChunk      0x08004d61   0x2c  Code  Gb  xgetmemchunk.o [3]
__exit                  0x08004d8d   0x14  Code  Gb  exit.o [6]
__iar_Atan              0x08002e09  0x148  Code  Gb  xatan.o [4]
__iar_Dint              0x08003651   0x7e  Code  Gb  xdint.o [4]
__iar_Dnorm             0x08005ca7   0x42  Code  Gb  xdnorm.o [4]
__iar_Dscale            0x08005ce9  0x10c  Code  Gb  xdscale.o [4]
__iar_Dtentox           0x0800cdeb  0x14c  Code  Gb  xdtento.o [4]
__iar_Dtest             0x0800b9d1   0x32  Code  Gb  xdtest.o [4]
__iar_Dunscale          0x0800d207   0x56  Code  Gb  xdunscal.o [4]
__iar_EmptyStepPoint    0x08007e75    0x2  Code  Gb  ABIassert.o [6]
__iar_Errno             0x2000022c    0x4  Data  Gb  errno.o [3]
__iar_Exp               0x0800b72d  0x29e  Code  Gb  xexp.o [4]
__iar_FDtest            0x08002c2d   0x2a  Code  Gb  xfdtest.o [4]
__iar_Locale_lconv_init
                        0x08005df5   0x3a  Code  Gb  localeconv.o [3]
__iar_Logpoly           0x0800b681   0x70  Code  Gb  xlog.o [4]
__iar_Memchr            0x08005b61         Code  Gb  memchr.o [5]
__iar_Memset            0x0800a1d5         Code  Gb  ABImemset.o [5]
__iar_Memset4_word      0x080078a9         Code  Gb  ABImemset48.o [5]
__iar_Memset8_word      0x080078a9         Code  Gb  ABImemset48.o [5]
__iar_Memset_word       0x0800a1dd         Code  Gb  ABImemset.o [5]
__iar_Quad              0x080034f1  0x160  Code  Gb  xquad.o [4]
__iar_Sin               0x08002ff5  0x424  Code  Gb  xsin.o [4]
__iar_Stdout            0x200000fc   0x40  Data  Gb  xfiles.o [3]
__iar_Stod              0x0800c8a1    0x4  Code  Gb  xstod.o [4]
__iar_Stodx             0x0800c759  0x13a  Code  Gb  xstod.o [4]
__iar_Stolx             0x0800c6d1   0x88  Code  Gb  xstol.o [3]
__iar_Stoulx            0x0800c8cd  0x13e  Code  Gb  xstoul.o [3]
__iar_Strchr            0x08005b11         Code  Gb  strchr.o [5]
__iar_d2uiz             0x080034d1         Code  Gb  DblToI32.o [4]
__iar_dadd              0x08002259         Code  Gb  DblAdd.o [4]
__iar_data_init3        0x0800eca1   0x28  Code  Gb  data_init.o [5]
__iar_dlfree            0x0800483f  0x512  Code  Gb  dlmalloc.o [3]
__iar_dlib_perthread_access
                        0x08003497    0x2  Code  Gb  xtls.o [3]
__iar_dlmalloc          0x08004581  0x2b2  Code  Gb  dlmalloc.o [3]
__iar_dsub              0x08002341         Code  Gb  DblSub.o [4]
__iar_dsubStart         0x08002353         Code  Gb  DblSub.o [4]
__iar_edom              0x08002dfd         Code  Gb  iarEdom.o [5]
__iar_fadd              0x08001949         Code  Gb  FltAdd.o [4]
__iar_fmod              0x080036f1         Code  Gb  fmod.o [4]
__iar_fmodl             0x080036f1         Code  Gb  fmod.o [4]
__iar_fsub              0x0800172d         Code  Gb  FltSub.o [4]
__iar_fsubStart         0x0800173d         Code  Gb  FltSub.o [4]
__iar_gm_               0x20000990  0x1d8  Data  Gb  dlmalloc.o [3]
__iar_packbits_init3    0x0800ea03   0xb2  Code  Gb  packbits_init.o [5]
__iar_program_start     0x0800f021         Code  Gb  cstartup_M.o [5]
__iar_sqrt              0x08001ce5         Code  Gb  sqrt.o [4]
__iar_ui2d              0x08002c71         Code  Gb  I32ToDbl.o [4]
__iar_ui2f              0x080016e1         Code  Gb  I32ToFlt.o [4]
__iar_ul2d              0x0800ad89         Code  Gb  I64ToDbl.o [4]
__iar_ul2f              0x0800acb9         Code  Gb  I64ToFlt.o [4]
__iar_unaligned___aeabi_memcpy
                        0x08003421         Code  Gb  ABImemcpy_unaligned.o [5]
__iar_unaligned___aeabi_memcpy4
                        0x08003441         Code  Gb  ABImemcpy_unaligned.o [5]
__iar_unaligned___aeabi_memcpy8
                        0x08003441         Code  Gb  ABImemcpy_unaligned.o [5]
__iar_unaligned_memcmp  0x0800c61d         Code  Gb  memcmp_unaligned.o [5]
__iar_zero_init3        0x080016fb   0x22  Code  Gb  zero_init3.o [5]
__low_level_init        0x0800ee23    0x4  Code  Gb  low_level_init.o [3]
__vector_table          0x08000000         Data  Gb  startup_stm32f10x_cl.o [1]
_amtp                   0x20000210    0x4  Data  Gb  Canlibration.o [1]
_call_main              0x0800ee15         Code  Gb  cmain.o [5]
_exit                   0x0800ee2d         Code  Gb  cexit.o [5]
_gt                     0x20000218    0x4  Data  Gb  Canlibration.o [1]
_main                   0x0800ee1f         Code  Gb  cmain.o [5]
_nmea_parse_time        0x0800ba05   0x8c  Code  Gb  parse.o [1]
a                       0x08002fa8   0x40  Data  Lc  xatan.o [4]
abort                   0x08004d59    0x6  Code  Gb  abort.o [3]
acc                     0x20000160   0x20  Data  Gb  main.o [1]
acc1                    0x20001218    0xc  Data  Gb  ISR.o [1]
acc_angle               0x200011a8   0x18  Data  Gb  main.o [1]
acc_chip_out            0x20001230    0x8  Data  Gb  ISR.o [1]
acos                    0x08001f19   0xe8  Code  Gb  acos.o [4]
amplitude               0x2000131c    0x2  Data  Gb  Task.o [1]
angle                   0x200011e8    0xc  Data  Gb  Calculation.o [1]
angle_error_x           0x2000124c    0x4  Data  Gb  Calculation.o [1]
angle_error_y           0x20001250    0x4  Data  Gb  Calculation.o [1]
anglex_pnode            0x200012cc    0x4  Data  Gb  Interact.o [1]
angley_data             0x20000670  0x320  Data  Gb  Task.o [1]
angley_pnode            0x200012d0    0x4  Data  Gb  Interact.o [1]
anglez_pnode            0x200012d4    0x4  Data  Gb  Interact.o [1]
angx_err                0x200012b8    0x4  Data  Gb  Calculation.o [1]
angy_err                0x200012bc    0x4  Data  Gb  Calculation.o [1]
asin                    0x08002ce9   0xf0  Code  Gb  asin.o [4]
atan                    0x080021b1   0x94  Code  Gb  atan.o [4]
bat_voltage             0x200012e4    0x4  Data  Gb  main.o [1]
cali_acc_flag           0x20001334    0x1  Data  Gb  Task.o [1]
cali_compass            0x20001337    0x1  Data  Gb  Task.o [1]
cali_gyro_flag          0x20001335    0x1  Data  Gb  Task.o [1]
compass                 0x200001a0   0x1c  Data  Gb  main.o [1]
cos                     0x080021a9    0x6  Code  Gb  cos.o [4]
cps_chip_out            0x20001240    0x8  Data  Gb  ISR.o [1]
ctrl                    0x20000b68   0x14  Data  Gb  main.o [1]
delay_init              0x08007065   0x28  Code  Gb  delay.o [1]
delay_raw1us            0x080070af   0x48  Code  Gb  delay.o [1]
delay_us                0x0800708d   0x22  Code  Gb  delay.o [1]
digits                  0x0800ca10   0x28  Data  Lc  xstoul.o [3]
div                     0x08005e61    0xe  Code  Gb  div.o [3]
dma_max_recieve         0x200012dc    0x4  Data  Gb  ISR.o [1]
dmul                    0x0800cd99   0x52  Code  Lc  xdtento.o [4]
exit                    0x0800ee27    0x4  Code  Gb  exit.o [3]
expriment_time          0x200012f8    0x4  Data  Gb  Task.o [1]
fac_ms                  0x20001318    0x2  Data  Lc  delay.o [1]
fac_us                  0x20001320    0x1  Data  Lc  delay.o [1]
filted_acc              0x20001160   0x18  Data  Gb  ISR.o [1]
filted_cps              0x20001190   0x18  Data  Gb  ISR.o [1]
filted_gyro             0x20001178   0x18  Data  Gb  ISR.o [1]
fmod                    0x080036f1         Code  Gb  fmod.o [4]
fmodl                   0x080036f1         Code  Gb  fmod.o [4]
fputc                   0x0800e23d   0x12  Code  Gb  usart.o [1]
gc                      0x20000eb0   0x80  Data  Gb  main.o [1]
gpio_init               0x08007a13  0x1b4  Code  Gb  stm32f10x_gpio.o [1]
gpio_int_cfg            0x08007bc7   0x8e  Code  Gb  stm32f10x_gpio.o [1]
gyro                    0x20001224    0xc  Data  Gb  main.o [1]
gyro_cali_tolerance     0x20000220    0x4  Data  Gb  Mpu6050.o [1]
gyro_chip_out           0x20001238    0x8  Data  Gb  ISR.o [1]
info                    0x20000b80  0x168  Data  Gb  ISR.o [1]
init_mparams            0x080038b3   0x32  Code  Lc  dlmalloc.o [3]
init_top                0x080038e5   0x34  Code  Lc  dlmalloc.o [3]
internal_Pow            0x0800ae21  0x428  Code  Lc  pow.o [4]
irq_tx_buff             0x20001108   0x20  Data  Gb  MyNRF24L0.o [1]
isalpha                 0x0800c8a5   0x14  Code  Gb  isxxx.o [3]
isdigit                 0x0800c68b    0xa  Code  Gb  isdigit.o [3]
isspace                 0x0800c8b9   0x14  Code  Gb  isxxx.o [3]
kalmanFilter_of_MPU6050_acc
                        0x20001050   0x38  Data  Gb  Task.o [1]
kalmanFilter_of_bmp180_altitude
                        0x20000fe0   0x38  Data  Gb  BMP180.o [1]
kalmanFilter_of_ms5611_altitude
                        0x20001018   0x38  Data  Gb  ms5611.o [1]
l3gd_gyro_cali_tolerance
                        0x2000021c    0x4  Data  Gb  L3GD20.o [1]
lnbias                  0x0800b260  0x420  Data  Lc  pow.o [4]
localeconv              0x08005e2f   0x16  Code  Gb  localeconv.o [3]
main                    0x0800e525  0x284  Code  Gb  main.o [1]
memchr                  0x08005b61         Code  Gb  memchr.o [5]
memcpy                  0x08009b77    0xc  Code  Gb  memcpy.o [3]
memset                  0x08009fcd   0x14  Code  Gb  memset.o [3]
mparams                 0x200011c0   0x18  Data  Lc  dlmalloc.o [3]
ms5611                  0x20000f30   0x60  Data  Gb  ms5611.o [1]
ndigs                   0x0800ca38   0x28  Data  Lc  xstoul.o [3]
need_restart_flag       0x20001336    0x1  Data  Gb  Task.o [1]
next_procedure          0x20001332    0x1  Data  Gb  Task.o [1]
nmea_GPGGA2info         0x0800bfe9   0x80  Code  Gb  parse.o [1]
nmea_GPGSA2info         0x0800c069   0x94  Code  Gb  parse.o [1]
nmea_GPGSV2info         0x0800c0fd   0xc6  Code  Gb  parse.o [1]
nmea_GPRMC2info         0x0800c1c3   0xac  Code  Gb  parse.o [1]
nmea_GPVTG2info         0x0800c26f   0x40  Code  Gb  parse.o [1]
nmea_atof               0x0800c347   0x34  Code  Gb  tok.o [1]
nmea_atoi               0x0800c315   0x32  Code  Gb  tok.o [1]
nmea_error              0x0800c5df   0x3e  Code  Gb  context.o [1]
nmea_find_tail          0x0800bb27   0xc6  Code  Gb  parse.o [1]
nmea_pack_type          0x0800ba91   0x96  Code  Gb  parse.o [1]
nmea_parse              0x0800da7b   0xa2  Code  Gb  parser.o [1]
nmea_parse_GPGGA        0x0800bbed   0xc8  Code  Gb  parse.o [1]
nmea_parse_GPGSA        0x0800bcb5   0xb8  Code  Gb  parse.o [1]
nmea_parse_GPGSV        0x0800bd6d   0xf6  Code  Gb  parse.o [1]
nmea_parse_GPRMC        0x0800be63   0xdc  Code  Gb  parse.o [1]
nmea_parse_GPVTG        0x0800bf3f   0xaa  Code  Gb  parse.o [1]
nmea_parser_buff_clear  0x0800de1d   0x26  Code  Gb  parser.o [1]
nmea_parser_destroy     0x0800da43   0x38  Code  Gb  parser.o [1]
nmea_parser_drop        0x0800ddcf   0x4e  Code  Gb  parser.o [1]
nmea_parser_init        0x0800d9ed   0x56  Code  Gb  parser.o [1]
nmea_parser_pop         0x0800dd87   0x48  Code  Gb  parser.o [1]
nmea_parser_push        0x0800dd4b   0x3c  Code  Gb  parser.o [1]
nmea_parser_queue_clear
                        0x0800de43   0x2a  Code  Gb  parser.o [1]
nmea_parser_real_push   0x0800db1d  0x22e  Code  Gb  parser.o [1]
nmea_property           0x0800c5b9    0x4  Code  Gb  context.o [1]
nmea_scanf              0x0800c37b  0x23c  Code  Gb  tok.o [1]
nmea_trace_buff         0x0800c5c1   0x1e  Code  Gb  context.o [1]
nmea_zero_INFO          0x0800e1ed   0x1a  Code  Gb  info.o [1]
nrf_break               0x20000233    0x1  Data  Gb  Task.o [1]
nrf_handler             0x08009ee9   0xb0  Code  Gb  MyNRF24L0.o [1]
nrf_init                0x08009b85   0xc6  Code  Gb  MyNRF24L0.o [1]
nrf_int_flag            0x20000231    0x1  Data  Gb  ISR.o [1]
nrf_irq_tx_addr         0x200012f0    0x4  Data  Gb  MyNRF24L0.o [1]
nrf_irq_tx_flag         0x2000132f    0x1  Data  Gb  MyNRF24L0.o [1]
nrf_irq_tx_pnum         0x200012f4    0x4  Data  Gb  MyNRF24L0.o [1]
nrf_link_check          0x08009d41   0xa4  Code  Gb  MyNRF24L0.o [1]
nrf_mode                0x2000132e    0x1  Data  Gb  MyNRF24L0.o [1]
nrf_rciv                0x20001128   0x20  Data  Gb  MyNRF24L0.o [1]
nrf_readbuf             0x08009d05   0x3c  Code  Lc  MyNRF24L0.o [1]
nrf_readreg             0x08009c8d   0x3a  Code  Lc  MyNRF24L0.o [1]
nrf_rx_mode             0x08009de5   0x54  Code  Gb  MyNRF24L0.o [1]
nrf_tx                  0x08009e87   0x62  Code  Gb  MyNRF24L0.o [1]
nrf_tx_mode             0x08009e39   0x4e  Code  Gb  MyNRF24L0.o [1]
nrf_writebuf            0x08009cc7   0x3e  Code  Lc  MyNRF24L0.o [1]
nrf_writereg            0x08009c4b   0x42  Code  Lc  MyNRF24L0.o [1]
obuf                    0x20000f90   0x50  Data  Lc  xfiles.o [3]
offset_angle            0x2000120c    0xc  Data  Gb  Calculation.o [1]
pipl_dir                0x20001329    0x1  Data  Gb  main.o [1]
pit_25ms_flag           0x20001324    0x1  Data  Gb  ISR.o [1]
pit_500ms_flag          0x20001326    0x1  Data  Gb  ISR.o [1]
pit_50ms_flag           0x20001325    0x1  Data  Gb  ISR.o [1]
pit_5ms_flag            0x20001322    0x1  Data  Gb  ISR.o [1]
pit_5s_flag             0x20001327    0x1  Data  Gb  ISR.o [1]
pit_80ms_flag           0x20001323    0x1  Data  Gb  ISR.o [1]
pow                     0x0800b24f    0xe  Code  Gb  pow.o [4]
pows                    0x0800cf50   0x48  Data  Lc  xdtento.o [4]
prepend_alloc           0x08003919  0x33c  Code  Lc  dlmalloc.o [3]
pressure                0x200012e0    0x4  Data  Gb  main.o [1]
printf                  0x08009b29   0x24  Code  Gb  printf.o [3]
putchar                 0x0800eee1    0xc  Code  Gb  putchar.o [3]
pwm                     0x200011d8   0x10  Data  Gb  Calculation.o [1]
pwm0                    0x200012fc    0x4  Data  Gb  Task.o [1]
pwm1                    0x20001300    0x4  Data  Gb  Task.o [1]
pwm_of_dir              0x2000129c    0x4  Data  Gb  Calculation.o [1]
pwr_low_flag            0x20000232    0x1  Data  Gb  Task.o [1]
rx_flag                 0x20001331    0x1  Data  Gb  MyNRF24L0.o [1]
sCom                    0x20000234  0x43c  Data  Gb  main.o [1]
segment_holding         0x08003899   0x1a  Code  Lc  dlmalloc.o [3]
send_type               0x20000230    0x1  Data  Gb  Interact.o [1]
send_wave_flag          0x20001333    0x1  Data  Gb  Task.o [1]
sin                     0x080021a3    0x6  Code  Gb  sin.o [4]
spi_mosi                0x08007ea1   0x4e  Code  Gb  stm32f10x_MY_spi.o [1]
spi_mosi_cmd            0x08007eef   0x96  Code  Gb  stm32f10x_MY_spi.o [1]
sqrt                    0x08001ce5         Code  Gb  sqrt.o [4]
sqrtl                   0x08001ce5         Code  Gb  sqrt.o [4]
strchr                  0x08005b11         Code  Gb  strchr.o [5]
strlen                  0x08005b29         Code  Gb  strlen.o [5]
strncmp                 0x08009b4d   0x2a  Code  Gb  strncmp.o [3]
strtod                  0x0800c685    0x6  Code  Gb  strtod.o [4]
strtol                  0x0800c67f    0x6  Code  Gb  strtol.o [3]
sys_alloc               0x08003c55  0x384  Code  Lc  dlmalloc.o [3]
tmalloc_large           0x08003fe5  0x38a  Code  Lc  dlmalloc.o [3]
tmalloc_small           0x0800436f  0x204  Code  Lc  dlmalloc.o [3]
tolower                 0x0800d1f3   0x14  Code  Gb  tolower.o [3]
tx_flag                 0x20001330    0x1  Data  Gb  MyNRF24L0.o [1]
usart_GPS_sd_flag       0x20001328    0x1  Data  Gb  ISR.o [1]
vsnprintf               0x0800c695   0x3c  Code  Gb  vsnprint.o [3]
x_b                     0x2000126c    0x4  Data  Gb  Calculation.o [1]
x_d_i                   0x20001284    0x4  Data  Gb  Calculation.o [1]
x_max                   0x2000130e    0x2  Data  Gb  Canlibration.o [1]
x_min                   0x2000130c    0x2  Data  Gb  Canlibration.o [1]
x_p_i                   0x20001280    0x4  Data  Gb  Calculation.o [1]
x_p_o                   0x2000127c    0x4  Data  Gb  Calculation.o [1]
xcq                     0x20001294    0x4  Data  Gb  Calculation.o [1]
xyz_t                   0x20000214    0x4  Data  Gb  Canlibration.o [1]
y_b                     0x20001270    0x4  Data  Gb  Calculation.o [1]
y_d_i                   0x20001290    0x4  Data  Gb  Calculation.o [1]
y_max                   0x20001312    0x2  Data  Gb  Canlibration.o [1]
y_min                   0x20001310    0x2  Data  Gb  Canlibration.o [1]
y_p_i                   0x2000128c    0x4  Data  Gb  Calculation.o [1]
y_p_o                   0x20001288    0x4  Data  Gb  Calculation.o [1]
yaw_init                0x20001248    0x4  Data  Gb  Calculation.o [1]
ycq                     0x20001298    0x4  Data  Gb  Calculation.o [1]
z_d                     0x20001278    0x4  Data  Gb  Calculation.o [1]
z_max                   0x20001316    0x2  Data  Gb  Canlibration.o [1]
z_min                   0x20001314    0x2  Data  Gb  Canlibration.o [1]
z_p                     0x20001274    0x4  Data  Gb  Calculation.o [1]


[1] = E:\FlyCtrl\CTRL_PCBV5 (github)\FlyControl\software\quadrotor\Debug\Obj
[2] = command line
[3] = dl7M_tlf.a
[4] = m7M_tl.a
[5] = rt7M_tl.a
[6] = shb_l.a

  60 320 bytes of readonly  code memory
   1 717 bytes of readonly  data memory
  17 209 bytes of readwrite data memory

Errors: none
Warnings: none
