###############################################################################
#
# IAR ELF Linker V7.10.1.6676/W32 for ARM                 04/Mar/2021  12:49:34
# Copyright 2007-2014 IAR Systems AB.
#
#    Output file  =  
#        E:\FlyCtrl\CTRL_PCBV5
#        (github)\FlyControl\software\quadrotor\Debug\Exe\STM32F103-IAR.out
#    Map file     =  
#        E:\FlyCtrl\CTRL_PCBV5
#        (github)\FlyControl\software\quadrotor\Debug\List\STM32F103-IAR.map
#    Command line =  
#        "E:\FlyCtrl\CTRL_PCBV5
#        (github)\FlyControl\software\quadrotor\Debug\Obj\Calculation.o"
#        "E:\FlyCtrl\CTRL_PCBV5
#        (github)\FlyControl\software\quadrotor\Debug\Obj\Canlibration.o"
#        "E:\FlyCtrl\CTRL_PCBV5
#        (github)\FlyControl\software\quadrotor\Debug\Obj\context.o"
#        "E:\FlyCtrl\CTRL_PCBV5
#        (github)\FlyControl\software\quadrotor\Debug\Obj\DataStructure.o"
#        "E:\FlyCtrl\CTRL_PCBV5
#        (github)\FlyControl\software\quadrotor\Debug\Obj\delay.o"
#        "E:\FlyCtrl\CTRL_PCBV5
#        (github)\FlyControl\software\quadrotor\Debug\Obj\generate.o"
#        "E:\FlyCtrl\CTRL_PCBV5
#        (github)\FlyControl\software\quadrotor\Debug\Obj\generator.o"
#        "E:\FlyCtrl\CTRL_PCBV5
#        (github)\FlyControl\software\quadrotor\Debug\Obj\gmath.o"
#        "E:\FlyCtrl\CTRL_PCBV5
#        (github)\FlyControl\software\quadrotor\Debug\Obj\GPS.o"
#        "E:\FlyCtrl\CTRL_PCBV5
#        (github)\FlyControl\software\quadrotor\Debug\Obj\HMC5883.o"
#        "E:\FlyCtrl\CTRL_PCBV5
#        (github)\FlyControl\software\quadrotor\Debug\Obj\info.o"
#        "E:\FlyCtrl\CTRL_PCBV5
#        (github)\FlyControl\software\quadrotor\Debug\Obj\Interact.o"
#        "E:\FlyCtrl\CTRL_PCBV5
#        (github)\FlyControl\software\quadrotor\Debug\Obj\ISR.o"
#        "E:\FlyCtrl\CTRL_PCBV5
#        (github)\FlyControl\software\quadrotor\Debug\Obj\L3GD20.o"
#        "E:\FlyCtrl\CTRL_PCBV5
#        (github)\FlyControl\software\quadrotor\Debug\Obj\LSM303.o"
#        "E:\FlyCtrl\CTRL_PCBV5
#        (github)\FlyControl\software\quadrotor\Debug\Obj\main.o"
#        "E:\FlyCtrl\CTRL_PCBV5
#        (github)\FlyControl\software\quadrotor\Debug\Obj\misc.o"
#        "E:\FlyCtrl\CTRL_PCBV5
#        (github)\FlyControl\software\quadrotor\Debug\Obj\Mpu6050.o"
#        "E:\FlyCtrl\CTRL_PCBV5
#        (github)\FlyControl\software\quadrotor\Debug\Obj\MyIIC.o"
#        "E:\FlyCtrl\CTRL_PCBV5
#        (github)\FlyControl\software\quadrotor\Debug\Obj\MyNRF24L0.o"
#        "E:\FlyCtrl\CTRL_PCBV5
#        (github)\FlyControl\software\quadrotor\Debug\Obj\parse.o"
#        "E:\FlyCtrl\CTRL_PCBV5
#        (github)\FlyControl\software\quadrotor\Debug\Obj\parser.o"
#        "E:\FlyCtrl\CTRL_PCBV5
#        (github)\FlyControl\software\quadrotor\Debug\Obj\QMC5883.o"
#        "E:\FlyCtrl\CTRL_PCBV5
#        (github)\FlyControl\software\quadrotor\Debug\Obj\sentence.o"
#        "E:\FlyCtrl\CTRL_PCBV5
#        (github)\FlyControl\software\quadrotor\Debug\Obj\startup_stm32f10x_cl.o"
#        "E:\FlyCtrl\CTRL_PCBV5
#        (github)\FlyControl\software\quadrotor\Debug\Obj\stm32f10x_adc.o"
#        "E:\FlyCtrl\CTRL_PCBV5
#        (github)\FlyControl\software\quadrotor\Debug\Obj\stm32f10x_dma.o"
#        "E:\FlyCtrl\CTRL_PCBV5
#        (github)\FlyControl\software\quadrotor\Debug\Obj\stm32f10x_exti.o"
#        "E:\FlyCtrl\CTRL_PCBV5
#        (github)\FlyControl\software\quadrotor\Debug\Obj\stm32f10x_flash.o"
#        "E:\FlyCtrl\CTRL_PCBV5
#        (github)\FlyControl\software\quadrotor\Debug\Obj\stm32f10x_gpio.o"
#        "E:\FlyCtrl\CTRL_PCBV5
#        (github)\FlyControl\software\quadrotor\Debug\Obj\stm32f10x_i2c.o"
#        "E:\FlyCtrl\CTRL_PCBV5
#        (github)\FlyControl\software\quadrotor\Debug\Obj\stm32f10x_MY_spi.o"
#        "E:\FlyCtrl\CTRL_PCBV5
#        (github)\FlyControl\software\quadrotor\Debug\Obj\stm32f10x_MyFlash.o"
#        "E:\FlyCtrl\CTRL_PCBV5
#        (github)\FlyControl\software\quadrotor\Debug\Obj\stm32f10x_rcc.o"
#        "E:\FlyCtrl\CTRL_PCBV5
#        (github)\FlyControl\software\quadrotor\Debug\Obj\stm32f10x_spi.o"
#        "E:\FlyCtrl\CTRL_PCBV5
#        (github)\FlyControl\software\quadrotor\Debug\Obj\stm32f10x_tim.o"
#        "E:\FlyCtrl\CTRL_PCBV5
#        (github)\FlyControl\software\quadrotor\Debug\Obj\stm32f10x_usart.o"
#        "E:\FlyCtrl\CTRL_PCBV5
#        (github)\FlyControl\software\quadrotor\Debug\Obj\sys_init.o"
#        "E:\FlyCtrl\CTRL_PCBV5
#        (github)\FlyControl\software\quadrotor\Debug\Obj\system_stm32f10x.o"
#        "E:\FlyCtrl\CTRL_PCBV5
#        (github)\FlyControl\software\quadrotor\Debug\Obj\Task.o"
#        "E:\FlyCtrl\CTRL_PCBV5
#        (github)\FlyControl\software\quadrotor\Debug\Obj\time.o"
#        "E:\FlyCtrl\CTRL_PCBV5
#        (github)\FlyControl\software\quadrotor\Debug\Obj\tok.o"
#        "E:\FlyCtrl\CTRL_PCBV5
#        (github)\FlyControl\software\quadrotor\Debug\Obj\usart.o" -o
#        "E:\FlyCtrl\CTRL_PCBV5
#        (github)\FlyControl\software\quadrotor\Debug\Exe\STM32F103-IAR.out"
#        --map "E:\FlyCtrl\CTRL_PCBV5
#        (github)\FlyControl\software\quadrotor\Debug\List\STM32F103-IAR.map"
#        --config "E:\FlyCtrl\CTRL_PCBV5
#        (github)\FlyControl\software\quadrotor\Config\stm32f10x_flash.icf"
#        --semihosting --entry __iar_program_start --redirect
#        __iar_sh_stdout=__iar_sh_stdout_swo --vfe
#
###############################################################################

*******************************************************************************
*** RUNTIME MODEL ATTRIBUTES
***

CppFlavor                     = *
__Heap_Handler                = DLMalloc
__SystemLibrary               = DLib
__dlib_dynamic_initialization = normal


*******************************************************************************
*** PLACEMENT SUMMARY
***

"A1":  place at 0x08000000 { ro section .intvec };
"P1":  place in [from 0x08000000 to 0x080fffff] { ro };
"P2":  place in [from 0x20000000 to 0x2000bfff] { rw, block CSTACK, block HEAP };

  Section             Kind        Address    Size  Object
  -------             ----        -------    ----  ------
"A1":                                       0x150
  .intvec             ro code  0x08000000   0x150  startup_stm32f10x_cl.o [1]
                             - 0x08000150   0x150

"P1":                                      0xc91d
  .text               ro code  0x08000150  0x14c0  dlmalloc.o [3]
  .text               ro code  0x08001610     0x6  abort.o [3]
  .text               ro code  0x08001616    0x22  zero_init3.o [5]
  .text               ro code  0x08001638    0x2c  xgetmemchunk.o [3]
  .text               ro code  0x08001664    0x14  exit.o [6]
  .text               ro code  0x08001678  0x123c  Calculation.o [1]
  .text               ro code  0x080028b4    0x32  I32ToFlt.o [4]
  .text               ro code  0x080028e6    0x1a  xsnprout.o [3]
  .text               ro code  0x08002900    0xe6  FltSub.o [4]
  .text               ro code  0x080029e8    0xd8  FltMul.o [4]
  .text               ro code  0x08002ac0    0x44  FltToS32.o [4]
  .text               ro code  0x08002b04    0x84  FltAdd.o [4]
  .text               ro code  0x08002b88    0x4e  FltToDbl.o [4]
  .text               ro code  0x08002bd8   0x246  DblDiv.o [4]
  .text               ro code  0x08002e20    0x90  DblToFlt.o [4]
  .text               ro code  0x08002eb0    0xf0  sqrt.o [4]
  .text               ro code  0x08002fa0    0x24  FltCmpLe.o [4]
  .text               ro code  0x08002fc4    0xfc  FltDiv.o [4]
  .text               ro code  0x080030c0    0x24  FltCmpGe.o [4]
  .text               ro code  0x080030e4    0xe8  acos.o [4]
  .text               ro code  0x080031cc   0x180  DblSub.o [4]
  .text               ro code  0x0800334c   0x1a2  DblMul.o [4]
  .text               ro code  0x080034f0    0xe8  DblAdd.o [4]
  .text               ro code  0x080035d8    0x30  I32ToDbl.o [4]
  .text               ro code  0x08003608     0x6  sin.o [4]
  .text               ro code  0x08003610    0x2e  DblCmpGe.o [4]
  .text               ro code  0x08003640    0x2e  DblCmpLe.o [4]
  .text               ro code  0x08003670    0xf6  asin.o [4]
  .text               ro code  0x08003768    0x1c  FltCmpEq.o [4]
  .text               ro code  0x08003784     0x6  cos.o [4]
  .text               ro code  0x0800378c    0x94  atan.o [4]
  .text               ro code  0x08003820     0xc  iarEdom.o [5]
  .rodata             const    0x0800382c    0x5c  Mpu6050.o [1]
  .text               ro code  0x08003888   0x1e0  xatan.o [4]
  .text               ro code  0x08003a68     0xc  errno.o [3]
  .text               ro code  0x08003a74   0x42a  xsin.o [4]
  .text               ro code  0x08003e9e     0x2  xtls.o [3]
  .text               ro code  0x08003ea0    0x58  DblToI32.o [4]
  .text               ro code  0x08003ef8   0x160  xquad.o [4]
  .text               ro code  0x08004058    0x7e  xdint.o [4]
  .text               ro code  0x080040d8    0x20  DblCmpEq.o [4]
  .text               ro code  0x080040f8   0x1a8  fmod.o [4]
  .text               ro code  0x080042a0   0xd78  Canlibration.o [1]
  .text               ro code  0x08005018   0x1ce  stm32f10x_flash.o [1]
  .text               ro code  0x080051e8     0x6  ABImemclr4.o [5]
  .text               ro code  0x080051f0   0x2be  MyIIC.o [1]
  .text               ro code  0x080054b0   0x39c  Mpu6050.o [1]
  .text               ro code  0x0800584c    0xa8  delay.o [1]
  .text               ro code  0x080058f4   0x2c8  L3GD20.o [1]
  .text               ro code  0x08005bbc    0xbc  QMC5883.o [1]
  .text               ro code  0x08005c78    0x32  ABImemset48.o [5]
  .text               ro code  0x08005cac   0x4d0  stm32f10x_gpio.o [1]
  .text               ro code  0x0800617c     0xe  stm32f10x_MyFlash.o [1]
  .text               ro code  0x0800618c    0x2c  ABIassert.o [6]
  .text               ro code  0x080061b8    0x76  ABImemcpy_unaligned.o [5]
  .text               ro code  0x08006230    0xb0  misc.o [1]
  .text               ro code  0x080062e0   0x180  stm32f10x_MY_spi.o [1]
  .text               ro code  0x08006460   0x148  stm32f10x_rcc.o [1]
  .text               ro code  0x080065a8    0x90  stm32f10x_spi.o [1]
  .text               ro code  0x08006638   0xd6e  xprintffull_nomb.o [3]
  .text               ro code  0x080073a8    0x16  strchr.o [5]
  .text               ro code  0x080073c0    0x36  strlen.o [5]
  .text               ro code  0x080073f8    0x58  memchr.o [5]
  .text               ro code  0x08007450    0xee  I64DivMod.o [5]
  .text               ro code  0x0800753e    0x42  xdnorm.o [4]
  .text               ro code  0x08007580   0x10c  xdscale.o [4]
  .text               ro code  0x0800768c    0x6c  localeconv.o [3]
  .text               ro code  0x080076f8     0xe  div.o [3]
  .text               ro code  0x08007708     0x2  I64DivZer.o [5]
  .text               ro code  0x0800770c   0x91c  Task.o [1]
  .text               ro code  0x08008028   0x60c  stm32f10x_tim.o [1]
  .text               ro code  0x08008634   0x6e0  Interact.o [1]
  .text               ro code  0x08008d14    0x24  printf.o [3]
  .text               ro code  0x08008d38   0x3dc  MyNRF24L0.o [1]
  .text               ro code  0x08009114   0x1f2  stm32f10x_usart.o [1]
  .text               ro code  0x08009308   0x910  parse.o [1]
  .text               ro code  0x08009c18   0x2a2  tok.o [1]
  .text               ro code  0x08009ebc    0x64  context.o [1]
  .text               ro code  0x08009f20    0x62  memcmp_unaligned.o [5]
  .text               ro code  0x08009f82    0x14  memset.o [3]
  .text               ro code  0x08009f96     0xc  memcpy.o [3]
  .text               ro code  0x08009fa2     0x6  strtol.o [3]
  .text               ro code  0x08009fa8     0x6  strtod.o [4]
  .text               ro code  0x08009fae     0xa  isdigit.o [3]
  .text               ro code  0x08009fb8    0x3c  vsnprint.o [3]
  .text               ro code  0x08009ff4    0x66  ABImemset.o [5]
  .text               ro code  0x0800a05a    0x88  xstol.o [3]
  .text               ro code  0x0800a0e4   0x14c  xstod.o [4]
  .text               ro code  0x0800a230    0x28  isxxx.o [3]
  .text               ro code  0x0800a258   0x194  xstoul.o [3]
  .text               ro code  0x0800a3ec   0x134  xstopfx.o [3]
  .text               ro code  0x0800a520   0x1b8  xstoflt.o [3]
  .text               ro code  0x0800a6d8   0x200  xdtento.o [4]
  .text               ro code  0x0800a8d8   0x218  xstoxflt.o [3]
  .text               ro code  0x0800aaf0    0x18  setlocale.o [3]
  .text               ro code  0x0800ab08    0x16  xlocale_c.o [3]
  .text               ro code  0x0800ab1e    0x14  xlocale_c.o [3]
  .text               ro code  0x0800ab32    0x14  tolower.o [3]
  .text               ro code  0x0800ab46    0x56  xdunscal.o [4]
  .text               ro code  0x0800ab9c     0xc  xlocale_c.o [3]
  .text               ro code  0x0800aba8   0x532  sys_init.o [1]
  .text               ro code  0x0800b0da    0x2a  xfdtest.o [4]
  .text               ro code  0x0800b104   0x1e2  stm32f10x_adc.o [1]
  .text               ro code  0x0800b2e8   0x494  parser.o [1]
  .text               ro code  0x0800b77c   0x354  ISR.o [1]
  .text               ro code  0x0800bad0    0x38  stm32f10x_exti.o [1]
  .text               ro code  0x0800bb08    0x1a  info.o [1]
  .text               ro code  0x0800bb24    0x34  stm32f10x_dma.o [1]
  .text               ro code  0x0800bb58   0x2e8  usart.o [1]
  .text               ro code  0x0800be40   0x264  main.o [1]
  .text               ro code  0x0800c0a4    0xbc  LSM303.o [1]
  .text               ro code  0x0800c160   0x158  system_stm32f10x.o [1]
  .text               ro code  0x0800c2b8    0xd4  packbits_init.o [5]
  .rodata             const    0x0800c38c    0x60  Mpu6050.o [1]
  .rodata             const    0x0800c3ec    0x44  parse.o [1]
  .rodata             const    0x0800c430    0x3c  parse.o [1]
  .rodata             const    0x0800c46c    0x3c  parse.o [1]
  .rodata             const    0x0800c4a8    0x3c  parser.o [1]
  .rodata             const    0x0800c4e4    0x38  ISR.o [1]
  .rodata             const    0x0800c51c    0x38  Mpu6050.o [1]
  .rodata             const    0x0800c554    0x34  parse.o [1]
  .rodata             const    0x0800c588    0x34  parse.o [1]
  .text               ro code  0x0800c5bc    0x28  data_init.o [5]
  .rodata             const    0x0800c5e4    0x24  parse.o [1]
  .rodata             const    0x0800c608    0x24  parse.o [1]
  .iar.init_table     const    0x0800c62c    0x2c  - Linker created -
  .rodata             const    0x0800c658    0x20  parse.o [1]
  .rodata             const    0x0800c678    0x1c  parser.o [1]
  .text               ro code  0x0800c694    0x1a  cmain.o [5]
  .text               ro code  0x0800c6ae     0x4  low_level_init.o [3]
  .text               ro code  0x0800c6b2     0x4  exit.o [3]
  .text               ro code  0x0800c6b8     0xa  cexit.o [5]
  .rodata             const    0x0800c6c4    0x18  parse.o [1]
  .rodata             const    0x0800c6dc    0x18  parse.o [1]
  .rodata             const    0x0800c6f4    0x18  parser.o [1]
  .rodata             const    0x0800c70c    0x18  Task.o [1]
  .text               ro code  0x0800c724    0x16  xprout.o [3]
  .text               ro code  0x0800c73c     0xc  putchar.o [3]
  .rodata             const    0x0800c748    0x14  parse.o [1]
  .rodata             const    0x0800c75c    0x14  parse.o [1]
  .rodata             const    0x0800c770    0x14  parse.o [1]
  .rodata             const    0x0800c784    0x14  parse.o [1]
  .rodata             const    0x0800c798    0x14  parse.o [1]
  .rodata             const    0x0800c7ac    0x10  Mpu6050.o [1]
  .rodata             const    0x0800c7bc    0x10  parse.o [1]
  .rodata             const    0x0800c7cc    0x10  parse.o [1]
  .rodata             const    0x0800c7dc    0x10  parse.o [1]
  .rodata             const    0x0800c7ec    0x10  parse.o [1]
  .rodata             const    0x0800c7fc    0x10  Task.o [1]
  .text               ro code  0x0800c80c    0x10  startup_stm32f10x_cl.o [1]
  .rodata             const    0x0800c81c     0xc  parse.o [1]
  .rodata             const    0x0800c828     0xc  Task.o [1]
  .rodata             const    0x0800c834     0xc  Task.o [1]
  .text               ro code  0x0800c840     0xc  cstartup_M.o [5]
  .rodata             const    0x0800c84c     0x8  MyNRF24L0.o [1]
  .rodata             const    0x0800c854     0x8  parse.o [1]
  .rodata             const    0x0800c85c     0x8  parse.o [1]
  .rodata             const    0x0800c864     0x8  parse.o [1]
  .rodata             const    0x0800c86c     0x8  parse.o [1]
  .rodata             const    0x0800c874     0x8  parse.o [1]
  .rodata             const    0x0800c87c     0x8  parse.o [1]
  .rodata             const    0x0800c884     0x8  parser.o [1]
  .rodata             const    0x0800c88c     0x8  QMC5883.o [1]
  .rodata             const    0x0800c894     0x4  Canlibration.o [1]
  .rodata             const    0x0800c898     0x4  Canlibration.o [1]
  .rodata             const    0x0800c89c     0x4  parse.o [1]
  .text               ro code  0x0800c8a0     0x4  startup_stm32f10x_cl.o [1]
  .text               ro code  0x0800c8a4     0x4  startup_stm32f10x_cl.o [1]
  .text               ro code  0x0800c8a8     0x4  startup_stm32f10x_cl.o [1]
  .text               ro code  0x0800c8ac     0x4  startup_stm32f10x_cl.o [1]
  .text               ro code  0x0800c8b0     0x4  startup_stm32f10x_cl.o [1]
  .text               ro code  0x0800c8b4     0x4  startup_stm32f10x_cl.o [1]
  .text               ro code  0x0800c8b8     0x4  startup_stm32f10x_cl.o [1]
  .text               ro code  0x0800c8bc     0x4  startup_stm32f10x_cl.o [1]
  .text               ro code  0x0800c8c0     0x4  startup_stm32f10x_cl.o [1]
  .text               ro code  0x0800c8c4     0x4  startup_stm32f10x_cl.o [1]
  .text               ro code  0x0800c8c8     0x4  startup_stm32f10x_cl.o [1]
  .text               ro code  0x0800c8cc     0x4  startup_stm32f10x_cl.o [1]
  .text               ro code  0x0800c8d0     0x4  startup_stm32f10x_cl.o [1]
  .text               ro code  0x0800c8d4     0x4  startup_stm32f10x_cl.o [1]
  .text               ro code  0x0800c8d8     0x4  startup_stm32f10x_cl.o [1]
  .text               ro code  0x0800c8dc     0x4  startup_stm32f10x_cl.o [1]
  .text               ro code  0x0800c8e0     0x4  startup_stm32f10x_cl.o [1]
  .text               ro code  0x0800c8e4     0x4  startup_stm32f10x_cl.o [1]
  .text               ro code  0x0800c8e8     0x4  startup_stm32f10x_cl.o [1]
  .text               ro code  0x0800c8ec     0x4  startup_stm32f10x_cl.o [1]
  .text               ro code  0x0800c8f0     0x4  startup_stm32f10x_cl.o [1]
  .text               ro code  0x0800c8f4     0x4  startup_stm32f10x_cl.o [1]
  .text               ro code  0x0800c8f8     0x4  startup_stm32f10x_cl.o [1]
  .text               ro code  0x0800c8fc     0x4  startup_stm32f10x_cl.o [1]
  .text               ro code  0x0800c900     0x4  startup_stm32f10x_cl.o [1]
  .text               ro code  0x0800c904     0x4  startup_stm32f10x_cl.o [1]
  .text               ro code  0x0800c908     0x4  startup_stm32f10x_cl.o [1]
  .text               ro code  0x0800c90c     0x4  startup_stm32f10x_cl.o [1]
  .text               ro code  0x0800c910     0x4  startup_stm32f10x_cl.o [1]
  .text               ro code  0x0800c914     0x4  startup_stm32f10x_cl.o [1]
  .text               ro code  0x0800c918     0x4  startup_stm32f10x_cl.o [1]
  .text               ro code  0x0800c91c     0x4  startup_stm32f10x_cl.o [1]
  .text               ro code  0x0800c920     0x4  startup_stm32f10x_cl.o [1]
  .text               ro code  0x0800c924     0x4  startup_stm32f10x_cl.o [1]
  .text               ro code  0x0800c928     0x4  startup_stm32f10x_cl.o [1]
  .text               ro code  0x0800c92c     0x4  startup_stm32f10x_cl.o [1]
  .text               ro code  0x0800c930     0x4  startup_stm32f10x_cl.o [1]
  .text               ro code  0x0800c934     0x4  startup_stm32f10x_cl.o [1]
  .text               ro code  0x0800c938     0x4  startup_stm32f10x_cl.o [1]
  .text               ro code  0x0800c93c     0x4  startup_stm32f10x_cl.o [1]
  .text               ro code  0x0800c940     0x4  startup_stm32f10x_cl.o [1]
  .text               ro code  0x0800c944     0x4  startup_stm32f10x_cl.o [1]
  .text               ro code  0x0800c948     0x4  startup_stm32f10x_cl.o [1]
  .text               ro code  0x0800c94c     0x4  startup_stm32f10x_cl.o [1]
  .text               ro code  0x0800c950     0x4  startup_stm32f10x_cl.o [1]
  .text               ro code  0x0800c954     0x4  startup_stm32f10x_cl.o [1]
  .text               ro code  0x0800c958     0x4  startup_stm32f10x_cl.o [1]
  .text               ro code  0x0800c95c     0x4  startup_stm32f10x_cl.o [1]
  .text               ro code  0x0800c960     0x4  startup_stm32f10x_cl.o [1]
  .text               ro code  0x0800c964     0x4  startup_stm32f10x_cl.o [1]
  .text               ro code  0x0800c968     0x4  startup_stm32f10x_cl.o [1]
  .text               ro code  0x0800c96c     0x4  startup_stm32f10x_cl.o [1]
  .text               ro code  0x0800c970     0x4  startup_stm32f10x_cl.o [1]
  .text               ro code  0x0800c974     0x4  startup_stm32f10x_cl.o [1]
  .text               ro code  0x0800c978     0x4  startup_stm32f10x_cl.o [1]
  .text               ro code  0x0800c97c     0x4  startup_stm32f10x_cl.o [1]
  .text               ro code  0x0800c980     0x4  startup_stm32f10x_cl.o [1]
  .text               ro code  0x0800c984     0x4  startup_stm32f10x_cl.o [1]
  .text               ro code  0x0800c988     0x4  startup_stm32f10x_cl.o [1]
  .text               ro code  0x0800c98c     0x4  startup_stm32f10x_cl.o [1]
  .text               ro code  0x0800c990     0x4  startup_stm32f10x_cl.o [1]
  .text               ro code  0x0800c994     0x4  startup_stm32f10x_cl.o [1]
  .text               ro code  0x0800c998     0x4  startup_stm32f10x_cl.o [1]
  .text               ro code  0x0800c99c     0x4  startup_stm32f10x_cl.o [1]
  .rodata             const    0x0800c9a0     0x0  zero_init3.o [5]
  .rodata             const    0x0800c9a0     0x0  packbits_init.o [5]
  Initializer bytes   ro data  0x0800c9a0    0xcd  <for P2 s0>
                             - 0x0800ca6d  0xc91d

"P2", part 1 of 3:                          0x214
  P2 s0                        0x20000000   0x214  <Init block>
    __DLIB_PERTHREAD  inited   0x20000000    0x88  localeconv.o [3]
    __DLIB_PERTHREAD  inited   0x20000088    0x74  setlocale.o [3]
    .data             inited   0x200000fc    0x40  xfiles.o [3]
    .data             inited   0x2000013c    0x20  main.o [1]
    .data             inited   0x2000015c    0x20  main.o [1]
    .data             inited   0x2000017c    0x1c  main.o [1]
    .data             inited   0x20000198    0x14  parse.o [1]
    .data             inited   0x200001ac    0x10  stm32f10x_rcc.o [1]
    .data             inited   0x200001bc     0xc  context.o [1]
    .data             inited   0x200001c8     0xc  main.o [1]
    .data             inited   0x200001d4     0x8  MyNRF24L0.o [1]
    .data             inited   0x200001dc     0x8  MyNRF24L0.o [1]
    .data             inited   0x200001e4     0x4  Calculation.o [1]
    .data             inited   0x200001e8     0x4  Canlibration.o [1]
    .data             inited   0x200001ec     0x4  Canlibration.o [1]
    .data             inited   0x200001f0     0x4  Canlibration.o [1]
    .data             inited   0x200001f4     0x4  Canlibration.o [1]
    .data             inited   0x200001f8     0x4  Interact.o [1]
    .data             inited   0x200001fc     0x4  L3GD20.o [1]
    .data             inited   0x20000200     0x4  Mpu6050.o [1]
    .data             inited   0x20000204     0x4  stm32f10x_rcc.o [1]
    .data             inited   0x20000208     0x4  system_stm32f10x.o [1]
    __DLIB_PERTHREAD  inited   0x2000020c     0x4  errno.o [3]
    .data             inited   0x20000210     0x1  Interact.o [1]
    .data             inited   0x20000211     0x1  ISR.o [1]
    .data             inited   0x20000212     0x1  Task.o [1]
    .data             inited   0x20000213     0x1  Task.o [1]
                             - 0x20000214   0x214

"P2", part 2 of 3:                          0xfa4
  .bss                zero     0x20000214   0x43c  main.o [1]
  .bss                zero     0x20000650   0x320  Task.o [1]
  .bss                zero     0x20000970   0x1d8  dlmalloc.o [3]
  .bss                zero     0x20000b48    0x14  main.o [1]
  .bss                zero     0x20000b60   0x168  ISR.o [1]
  .bss                zero     0x20000cc8   0x100  ISR.o [1]
  .bss                zero     0x20000dc8    0xc8  usart.o [1]
  .bss                zero     0x20000e90    0x80  main.o [1]
  .bss                zero     0x20000f10    0x50  xfiles.o [3]
  .bss                zero     0x20000f60    0x30  Interact.o [1]
  .bss                zero     0x20000f90    0x28  Task.o [1]
  .bss                zero     0x20000fb8    0x20  Calculation.o [1]
  .bss                zero     0x20000fd8    0x20  MyNRF24L0.o [1]
  .bss                zero     0x20000ff8    0x18  Calculation.o [1]
  .bss                zero     0x20001010    0x18  ISR.o [1]
  .bss                zero     0x20001028    0x18  ISR.o [1]
  .bss                zero     0x20001040    0x18  ISR.o [1]
  .bss                zero     0x20001058    0x18  main.o [1]
  .bss                zero     0x20001070    0x18  dlmalloc.o [3]
  .bss                zero     0x20001088    0x10  Calculation.o [1]
  .bss                zero     0x20001098     0xc  Calculation.o [1]
  .bss                zero     0x200010a4     0xc  Calculation.o [1]
  .bss                zero     0x200010b0     0xc  Calculation.o [1]
  .bss                zero     0x200010bc     0xc  main.o [1]
  .bss                zero     0x200010c8     0x8  Calculation.o [1]
  .bss                zero     0x200010d0     0x8  ISR.o [1]
  .bss                zero     0x200010d8     0x8  ISR.o [1]
  .bss                zero     0x200010e0     0x8  ISR.o [1]
  .bss                zero     0x200010e8     0x4  Calculation.o [1]
  .bss                zero     0x200010ec     0x4  Calculation.o [1]
  .bss                zero     0x200010f0     0x4  Calculation.o [1]
  .bss                zero     0x200010f4     0x4  Calculation.o [1]
  .bss                zero     0x200010f8     0x4  Calculation.o [1]
  .bss                zero     0x200010fc     0x4  Calculation.o [1]
  .bss                zero     0x20001100     0x4  Calculation.o [1]
  .bss                zero     0x20001104     0x4  Calculation.o [1]
  .bss                zero     0x20001108     0x4  Calculation.o [1]
  .bss                zero     0x2000110c     0x4  Calculation.o [1]
  .bss                zero     0x20001110     0x4  Calculation.o [1]
  .bss                zero     0x20001114     0x4  Calculation.o [1]
  .bss                zero     0x20001118     0x4  Calculation.o [1]
  .bss                zero     0x2000111c     0x4  Calculation.o [1]
  .bss                zero     0x20001120     0x4  Calculation.o [1]
  .bss                zero     0x20001124     0x4  Calculation.o [1]
  .bss                zero     0x20001128     0x4  Calculation.o [1]
  .bss                zero     0x2000112c     0x4  Calculation.o [1]
  .bss                zero     0x20001130     0x4  Calculation.o [1]
  .bss                zero     0x20001134     0x4  Calculation.o [1]
  .bss                zero     0x20001138     0x4  Calculation.o [1]
  .bss                zero     0x2000113c     0x4  Calculation.o [1]
  .bss                zero     0x20001140     0x4  Calculation.o [1]
  .bss                zero     0x20001144     0x4  Calculation.o [1]
  .bss                zero     0x20001148     0x4  Calculation.o [1]
  .bss                zero     0x2000114c     0x4  Calculation.o [1]
  .bss                zero     0x20001150     0x4  Calculation.o [1]
  .bss                zero     0x20001154     0x4  Calculation.o [1]
  .bss                zero     0x20001158     0x4  Calculation.o [1]
  .bss                zero     0x2000115c     0x4  Interact.o [1]
  .bss                zero     0x20001160     0x4  Interact.o [1]
  .bss                zero     0x20001164     0x4  Interact.o [1]
  .bss                zero     0x20001168     0x4  ISR.o [1]
  .bss                zero     0x2000116c     0x4  ISR.o [1]
  .bss                zero     0x20001170     0x4  main.o [1]
  .bss                zero     0x20001174     0x4  main.o [1]
  .bss                zero     0x20001178     0x4  MyIIC.o [1]
  .bss                zero     0x2000117c     0x4  Task.o [1]
  .bss                zero     0x20001180     0x4  Task.o [1]
  .bss                zero     0x20001184     0x4  Task.o [1]
  .bss                zero     0x20001188     0x4  Task.o [1]
  .bss                zero     0x2000118c     0x4  xgetmemchunk.o [3]
  .bss                zero     0x20001190     0x2  Canlibration.o [1]
  .bss                zero     0x20001192     0x2  Canlibration.o [1]
  .bss                zero     0x20001194     0x2  Canlibration.o [1]
  .bss                zero     0x20001196     0x2  Canlibration.o [1]
  .bss                zero     0x20001198     0x2  Canlibration.o [1]
  .bss                zero     0x2000119a     0x2  Canlibration.o [1]
  .bss                zero     0x2000119c     0x2  delay.o [1]
  .bss                zero     0x2000119e     0x2  ISR.o [1]
  .bss                zero     0x200011a0     0x2  Task.o [1]
  .bss                zero     0x200011a2     0x2  usart.o [1]
  .bss                zero     0x200011a4     0x1  delay.o [1]
  .bss                zero     0x200011a5     0x1  Interact.o [1]
  .bss                zero     0x200011a6     0x1  ISR.o [1]
  .bss                zero     0x200011a7     0x1  ISR.o [1]
  .bss                zero     0x200011a8     0x1  ISR.o [1]
  .bss                zero     0x200011a9     0x1  ISR.o [1]
  .bss                zero     0x200011aa     0x1  ISR.o [1]
  .bss                zero     0x200011ab     0x1  ISR.o [1]
  .bss                zero     0x200011ac     0x1  main.o [1]
  .bss                zero     0x200011ad     0x1  MyNRF24L0.o [1]
  .bss                zero     0x200011ae     0x1  MyNRF24L0.o [1]
  .bss                zero     0x200011af     0x1  MyNRF24L0.o [1]
  .bss                zero     0x200011b0     0x1  Task.o [1]
  .bss                zero     0x200011b1     0x1  Task.o [1]
  .bss                zero     0x200011b2     0x1  Task.o [1]
  .bss                zero     0x200011b3     0x1  Task.o [1]
  .bss                zero     0x200011b4     0x1  Task.o [1]
  .bss                zero     0x200011b5     0x1  Task.o [1]
                             - 0x200011b6   0xfa2

"P2", part 3 of 3:                         0x3000
  CSTACK                       0x200011b8  0x2000  <Block>
    CSTACK            uninit   0x200011b8  0x2000  <Block tail>
  HEAP                         0x200031b8  0x1000  <Block>
    HEAP              uninit   0x200031b8  0x1000  <Block tail>
                             - 0x200041b8  0x3000


*******************************************************************************
*** INIT TABLE
***

          Address     Size
          -------     ----
Zero (__iar_zero_init3)
    1 destination range, total size 0xfa2:
          0x20000214  0xfa2

Copy/packbits (__iar_packbits_init3)
    1 source range, total size 0xcd (38% of destination):
          0x0800c9a0   0xcd
    1 destination range, total size 0x214:
          0x20000000  0x214



*******************************************************************************
*** MODULE SUMMARY
***

    Module                  ro code  ro data  rw data
    ------                  -------  -------  -------
E:\FlyCtrl\CTRL_PCBV5 (github)\FlyControl\software\quadrotor\Debug\Obj: [1]
    Calculation.o             4 668        2      236
    Canlibration.o            3 448       14       28
    ISR.o                       852       57      729
    Interact.o                1 760        1       66
    L3GD20.o                    712        2        4
    LSM303.o                    188
    Mpu6050.o                   924      261        4
    MyIIC.o                     702                 4
    MyNRF24L0.o                 988       14       51
    QMC5883.o                   188        8
    Task.o                    2 332       65      866
    context.o                   100        4       12
    delay.o                     168                 3
    info.o                       26
    main.o                      612       41    1 381
    misc.o                      176
    parse.o                   2 320      679       20
    parser.o                  1 172      120
    startup_stm32f10x_cl.o      608
    stm32f10x_MY_spi.o          384
    stm32f10x_MyFlash.o          14
    stm32f10x_adc.o             482
    stm32f10x_dma.o              52
    stm32f10x_exti.o             56
    stm32f10x_flash.o           462
    stm32f10x_gpio.o          1 232
    stm32f10x_rcc.o             328        9       20
    stm32f10x_spi.o             144
    stm32f10x_tim.o           1 548
    stm32f10x_usart.o           498
    sys_init.o                1 330
    system_stm32f10x.o          344        1        4
    tok.o                       674
    usart.o                     744               202
    -------------------------------------------------
    Total:                   30 236    1 278    3 630

command line: [2]
    -------------------------------------------------
    Total:

dl7M_tlf.a: [3]
    abort.o                       6
    div.o                        14
    dlmalloc.o                5 312               496
    errno.o                      12        2        4
    exit.o                        4
    isdigit.o                    10
    isxxx.o                      40
    localeconv.o                108       52      136
    low_level_init.o              4
    memcpy.o                     12
    memset.o                     20
    printf.o                     36
    putchar.o                    12
    setlocale.o                  24       45      116
    strtol.o                      6
    tolower.o                    20
    vsnprint.o                   60
    xfiles.o                              24      144
    xgetmemchunk.o               44                 4
    xlocale_c.o                  54
    xprintffull_nomb.o        3 438
    xprout.o                     22
    xsnprout.o                   26
    xstoflt.o                   440
    xstol.o                     136
    xstopfx.o                   308
    xstoul.o                    404
    xstoxflt.o                  536
    xtls.o                        2
    -------------------------------------------------
    Total:                   11 110      123      900

m7M_tl.a: [4]
    DblAdd.o                    232
    DblCmpEq.o                   32
    DblCmpGe.o                   46
    DblCmpLe.o                   46
    DblDiv.o                    582
    DblMul.o                    418
    DblSub.o                    384
    DblToFlt.o                  144
    DblToI32.o                   88
    FltAdd.o                    132
    FltCmpEq.o                   28
    FltCmpGe.o                   36
    FltCmpLe.o                   36
    FltDiv.o                    252
    FltMul.o                    216
    FltSub.o                    230
    FltToDbl.o                   78
    FltToS32.o                   68
    I32ToDbl.o                   48
    I32ToFlt.o                   50
    acos.o                      232
    asin.o                      246
    atan.o                      148
    cos.o                         6
    fmod.o                      424
    sin.o                         6
    sqrt.o                      240
    strtod.o                      6
    xatan.o                     480
    xdint.o                     126
    xdnorm.o                     66
    xdscale.o                   268
    xdtento.o                   512
    xdunscal.o                   86
    xfdtest.o                    42
    xquad.o                     352
    xsin.o                    1 066
    xstod.o                     332
    -------------------------------------------------
    Total:                    7 784

rt7M_tl.a: [5]
    ABImemclr4.o                  6
    ABImemcpy_unaligned.o       118
    ABImemset.o                 102
    ABImemset48.o                50
    I64DivMod.o                 238
    I64DivZer.o                   2
    cexit.o                      10
    cmain.o                      26
    cstartup_M.o                 12
    data_init.o                  40
    iarEdom.o                    12
    memchr.o                     88
    memcmp_unaligned.o           98
    packbits_init.o             212
    strchr.o                     22
    strlen.o                     54
    zero_init3.o                 34
    -------------------------------------------------
    Total:                    1 124

shb_l.a: [6]
    ABIassert.o                  44
    exit.o                       20
    -------------------------------------------------
    Total:                       64

    Gaps                         56        2        4
    Linker created                        44   12 288
-----------------------------------------------------
    Grand Total:             50 374    1 447   16 822


*******************************************************************************
*** ENTRY LIST
***

Entry                      Address   Size  Type      Object
-----                      -------   ----  ----      ------
?main                   0x0800c695         Code  Gb  cmain.o [5]
ADCPrescTable           0x20000204    0x4  Data  Lc  stm32f10x_rcc.o [1]
ADC_Cmd                 0x0800b159   0x1a  Code  Gb  stm32f10x_adc.o [1]
ADC_GetCalibrationStatus
                        0x0800b19f   0x18  Code  Gb  stm32f10x_adc.o [1]
ADC_GetConversionValue  0x0800b2bf    0x6  Code  Gb  stm32f10x_adc.o [1]
ADC_GetFlagStatus       0x0800b2cd   0x1a  Code  Gb  stm32f10x_adc.o [1]
ADC_GetResetCalibrationStatus
                        0x0800b17d   0x18  Code  Gb  stm32f10x_adc.o [1]
ADC_Init                0x0800b105   0x54  Code  Gb  stm32f10x_adc.o [1]
ADC_RegularChannelConfig
                        0x0800b1d1   0xee  Code  Gb  stm32f10x_adc.o [1]
ADC_ResetCalibration    0x0800b173    0xa  Code  Gb  stm32f10x_adc.o [1]
ADC_SoftwareStartConvCmd
                        0x0800b1b7   0x1a  Code  Gb  stm32f10x_adc.o [1]
ADC_StartCalibration    0x0800b195    0xa  Code  Gb  stm32f10x_adc.o [1]
APBAHBPrescTable        0x200001ac   0x10  Data  Lc  stm32f10x_rcc.o [1]
AccCalibration          0x080043d7  0x674  Code  Gb  Canlibration.o [1]
AdcInit                 0x0800af03   0x8a  Code  Gb  sys_init.o [1]
AttCalc                 0x080018af  0x53c  Code  Gb  Calculation.o [1]
AttHld                  0x08007ac9  0x1a6  Code  Gb  Task.o [1]
AttHldPrep              0x08007a91   0x38  Code  Gb  Task.o [1]
BatVoltageGet           0x0800ae47   0xbc  Code  Gb  sys_init.o [1]
CSTACK$$Base            0x200011b8          --   Gb  - Linker created -
CSTACK$$Limit           0x200031b8          --   Gb  - Linker created -
CaliFilt                0x08001679  0x236  Code  Gb  Calculation.o [1]
Coef                    0x200001e4    0x4  Data  Gb  Calculation.o [1]
CompassCalibration      0x08004a65  0x536  Code  Gb  Canlibration.o [1]
DMA1_Channel3_IRQHandler
                        0x0800ba0f   0x2c  Code  Gb  ISR.o [1]
DMA_ClearITPendingBit   0x0800bb41   0x10  Code  Gb  stm32f10x_dma.o [1]
DMA_Cmd                 0x0800bb25   0x1c  Code  Gb  stm32f10x_dma.o [1]
DelayMs                 0x08005897   0x42  Code  Gb  delay.o [1]
EXTI15_10_IRQHandler    0x0800b861   0x52  Code  Gb  ISR.o [1]
EXTI9_5_IRQHandler      0x0800b8b3   0x54  Code  Gb  ISR.o [1]
EXTI_ClearITPendingBit  0x0800baf9    0x6  Code  Gb  stm32f10x_exti.o [1]
EXTI_GetITStatus        0x0800bad1   0x28  Code  Gb  stm32f10x_exti.o [1]
Experiment              0x08007cad  0x2a0  Code  Gb  Task.o [1]
FLASH_ErasePage         0x08005041   0x5e  Code  Gb  stm32f10x_flash.o [1]
FLASH_GetBank1Status    0x0800516b   0x34  Code  Gb  stm32f10x_flash.o [1]
FLASH_Lock              0x0800502f   0x12  Code  Gb  stm32f10x_flash.o [1]
FLASH_ProgramHalfWord   0x0800511f   0x4c  Code  Gb  stm32f10x_flash.o [1]
FLASH_ProgramWord       0x0800509f   0x80  Code  Gb  stm32f10x_flash.o [1]
FLASH_ReadByte          0x0800617d    0x4  Code  Gb  stm32f10x_MyFlash.o [1]
FLASH_ReadHalfWord      0x08006181    0x4  Code  Gb  stm32f10x_MyFlash.o [1]
FLASH_Unlock            0x08005019   0x16  Code  Gb  stm32f10x_flash.o [1]
FLASH_WaitForLastOperation
                        0x080051b9   0x2e  Code  Gb  stm32f10x_flash.o [1]
FlashReadFloat          0x08006185    0x6  Code  Gb  stm32f10x_MyFlash.o [1]
FlashWriteAddr          0x200001e8    0x4  Data  Gb  Canlibration.o [1]
GPIO_EXTILineConfig     0x080060ad   0x9c  Code  Gb  stm32f10x_gpio.o [1]
GPIO_Init               0x08005cad  0x136  Code  Gb  stm32f10x_gpio.o [1]
GPIO_PinRemapConfig     0x08006025   0x88  Code  Gb  stm32f10x_gpio.o [1]
GPSCal                  0x0800257d  0x244  Code  Gb  Calculation.o [1]
GetAdc                  0x0800ae19   0x2e  Code  Gb  sys_init.o [1]
GyroCalibration         0x08004a4b   0x1a  Code  Gb  Canlibration.o [1]
HEAP$$Base              0x200031b8          --   Gb  - Linker created -
HEAP$$Limit             0x200041b8          --   Gb  - Linker created -
IIC_Ack                 0x080052db   0x34  Code  Gb  MyIIC.o [1]
IIC_NAck                0x0800530f   0x40  Code  Gb  MyIIC.o [1]
IIC_Port_Init           0x080051f1   0x24  Code  Gb  MyIIC.o [1]
IIC_Read_Byte           0x080053a5   0x64  Code  Gb  MyIIC.o [1]
IIC_Send_Byte           0x0800534f   0x56  Code  Gb  MyIIC.o [1]
IIC_Start               0x08005215   0x34  Code  Gb  MyIIC.o [1]
IIC_Stop                0x08005249   0x34  Code  Gb  MyIIC.o [1]
IIC_Wait_Ack            0x0800527d   0x5e  Code  Lc  MyIIC.o [1]
InStream_Read           0x0800c2b9   0x22  Code  Lc  packbits_init.o [5]
L3GD20GyroCalibration   0x08005a1f  0x190  Code  Gb  L3GD20.o [1]
L3GD20ReadReg           0x0800592d   0x3e  Code  Gb  L3GD20.o [1]
L3GD20WriteReg          0x080058f5   0x38  Code  Gb  L3GD20.o [1]
L3GD20_IO_Init          0x0800596b   0x20  Code  Gb  L3GD20.o [1]
L3GD20_Init             0x0800598b   0x40  Code  Gb  L3GD20.o [1]
L3GD20_Read             0x080059cb   0x54  Code  Gb  L3GD20.o [1]
L3GDgyro_adc            0x200001c8    0xc  Data  Gb  main.o [1]
LSM303D_Init            0x0800c11b   0x3c  Code  Gb  LSM303.o [1]
LSM303ReadReg           0x0800c0dd   0x3e  Code  Gb  LSM303.o [1]
LSM303WriteReg          0x0800c0a5   0x38  Code  Gb  LSM303.o [1]
LSM_acc_adc             0x2000015c   0x20  Data  Gb  main.o [1]
MPU6050GyroCalibration  0x0800569d  0x196  Code  Gb  Mpu6050.o [1]
MPUInit                 0x080054b1   0xec  Code  Gb  Mpu6050.o [1]
MPUReadAcc              0x0800559d   0x80  Code  Gb  Mpu6050.o [1]
MPUReadGyr              0x0800561d   0x80  Code  Gb  Mpu6050.o [1]
NVIC_Config             0x0800b065   0x76  Code  Gb  sys_init.o [1]
NVIC_Init               0x0800623b   0x6a  Code  Gb  misc.o [1]
NVIC_PriorityGroupConfig
                        0x08006231    0xa  Code  Gb  misc.o [1]
PIT4_Init               0x08008373   0x70  Code  Gb  stm32f10x_tim.o [1]
PWMCalc                 0x08001df9  0x764  Code  Gb  Calculation.o [1]
ParamInit               0x0800aba9  0x270  Code  Gb  sys_init.o [1]
QMC5883Init             0x08005bbd   0x38  Code  Gb  QMC5883.o [1]
RCC_ADCCLKConfig        0x08006461   0x14  Code  Gb  stm32f10x_rcc.o [1]
RCC_APB1PeriphClockCmd  0x0800656f   0x1e  Code  Gb  stm32f10x_rcc.o [1]
RCC_APB2PeriphClockCmd  0x08006551   0x1e  Code  Gb  stm32f10x_rcc.o [1]
RCC_GetClocksFreq       0x08006475   0xdc  Code  Gb  stm32f10x_rcc.o [1]
RCDenote                0x08008bf5   0x82  Code  Gb  Interact.o [1]
RX_ADDRESS              0x200001dc    0x8  Data  Gb  MyNRF24L0.o [1]
ReadQMC5883             0x08005bf9   0x80  Code  Gb  QMC5883.o [1]
Region$$Table$$Base     0x0800c62c          --   Gb  - Linker created -
Region$$Table$$Limit    0x0800c658          --   Gb  - Linker created -
SCISend_to_Own          0x0800866d  0x586  Code  Gb  Interact.o [1]
SPI3_Init               0x080063c5   0x8e  Code  Gb  stm32f10x_MY_spi.o [1]
SPI_Cmd                 0x080065e9   0x1c  Code  Gb  stm32f10x_spi.o [1]
SPI_I2S_GetFlagStatus   0x08006621   0x18  Code  Gb  stm32f10x_spi.o [1]
SPI_Init                0x080065a9   0x40  Code  Gb  stm32f10x_spi.o [1]
SPI_SSOutputCmd         0x08006605   0x1c  Code  Gb  stm32f10x_spi.o [1]
SaveToFlash             0x080042a1  0x136  Code  Gb  Canlibration.o [1]
SendParametersToRC      0x08008bf3    0x2  Code  Gb  Interact.o [1]
SetParaPre              0x08007c6f   0x22  Code  Gb  Task.o [1]
SetParam                0x08007c91   0x14  Code  Gb  Task.o [1]
SetSysClock             0x0800c1b5    0x8  Code  Lc  system_stm32f10x.o [1]
SetSysClockTo72         0x0800c1bd   0xe0  Code  Lc  system_stm32f10x.o [1]
Single_Read             0x08005469   0x46  Code  Gb  MyIIC.o [1]
Single_Write            0x08005419   0x50  Code  Gb  MyIIC.o [1]
Standby                 0x08007745  0x34c  Code  Gb  Task.o [1]
StbPrep                 0x0800770d   0x38  Code  Gb  Task.o [1]
SysTick_CLKSourceConfig
                        0x080062a5   0x20  Code  Gb  misc.o [1]
SystemCoreClock         0x20000208    0x4  Data  Gb  system_stm32f10x.o [1]
SystemInit              0x0800c161   0x54  Code  Gb  system_stm32f10x.o [1]
TIM2_PWM_Init           0x08008415  0x12a  Code  Gb  stm32f10x_tim.o [1]
TIM3_PWM_Init           0x0800853f   0xd4  Code  Gb  stm32f10x_tim.o [1]
TIM4_IRQHandler         0x0800b77d   0xe4  Code  Gb  ISR.o [1]
TIM_ClearITPendingBit   0x080083f9    0x8  Code  Gb  stm32f10x_tim.o [1]
TIM_Cmd                 0x080082e3   0x1c  Code  Gb  stm32f10x_tim.o [1]
TIM_ITConfig            0x080082ff   0x16  Code  Gb  stm32f10x_tim.o [1]
TIM_OC1Init             0x080080bd   0x9a  Code  Gb  stm32f10x_tim.o [1]
TIM_OC1PreloadConfig    0x08008315   0x12  Code  Gb  stm32f10x_tim.o [1]
TIM_OC2Init             0x08008157   0x90  Code  Gb  stm32f10x_tim.o [1]
TIM_OC2PreloadConfig    0x08008327   0x14  Code  Gb  stm32f10x_tim.o [1]
TIM_OC3Init             0x080081e7   0x8e  Code  Gb  stm32f10x_tim.o [1]
TIM_OC3PreloadConfig    0x0800833b   0x12  Code  Gb  stm32f10x_tim.o [1]
TIM_OC4Init             0x08008275   0x6e  Code  Gb  stm32f10x_tim.o [1]
TIM_OC4PreloadConfig    0x0800834d   0x14  Code  Gb  stm32f10x_tim.o [1]
TIM_SetCompare1         0x08008361    0x4  Code  Gb  stm32f10x_tim.o [1]
TIM_SetCompare2         0x08008365    0x4  Code  Gb  stm32f10x_tim.o [1]
TIM_SetCompare3         0x08008369    0x4  Code  Gb  stm32f10x_tim.o [1]
TIM_SetCompare4         0x0800836d    0x6  Code  Gb  stm32f10x_tim.o [1]
TIM_TimeBaseInit        0x08008029   0x94  Code  Gb  stm32f10x_tim.o [1]
TX_ADDRESS              0x200001d4    0x8  Data  Gb  MyNRF24L0.o [1]
Task                    0x20000f90   0x28  Data  Gb  Task.o [1]
TaskInit                0x08007f4d   0x22  Code  Gb  Task.o [1]
UARTSendFloat           0x08008635   0x38  Code  Gb  Interact.o [1]
USART1_IRQHandler       0x0800bd87   0x7e  Code  Gb  usart.o [1]
USART3_IRQHandler       0x0800b907  0x108  Code  Gb  ISR.o [1]
USART_Cmd               0x080091f9   0x1c  Code  Gb  stm32f10x_usart.o [1]
USART_GetFlagStatus     0x0800927b   0x1e  Code  Gb  stm32f10x_usart.o [1]
USART_GetITStatus       0x08009299   0x6e  Code  Gb  stm32f10x_usart.o [1]
USART_ITConfig          0x08009215   0x56  Code  Gb  stm32f10x_usart.o [1]
USART_Init              0x08009115   0xde  Code  Gb  stm32f10x_usart.o [1]
USART_RX_BUF            0x20000dc8   0xc8  Data  Gb  usart.o [1]
USART_RX_STA            0x200011a2    0x2  Data  Gb  usart.o [1]
USART_ReceiveData       0x08009273    0x8  Code  Gb  stm32f10x_usart.o [1]
USART_SendData          0x0800926b    0x8  Code  Gb  stm32f10x_usart.o [1]
Uart1_RevBuf            0x20000cc8  0x100  Data  Gb  ISR.o [1]
Uart1_RevBuf_Tail       0x2000119e    0x2  Data  Gb  ISR.o [1]
UartInit                0x0800bb6b  0x21c  Code  Gb  usart.o [1]
_GenldFullNoMb          0x08007115  0x24a  Code  Lc  xprintffull_nomb.o [3]
_IsdstStr               0x2000008c    0x4  Data  Gb  setlocale.o [3]
_LdtobFullNoMb          0x08006d29  0x3e6  Code  Lc  xprintffull_nomb.o [3]
_LitobFullNoMb          0x08006c21  0x106  Code  Lc  xprintffull_nomb.o [3]
_LocaleC_isalpha        0x0800ab09   0x16  Code  Gb  xlocale_c.o [3]
_LocaleC_isspace        0x0800ab1f   0x14  Code  Gb  xlocale_c.o [3]
_LocaleC_tolower        0x0800ab9d    0xc  Code  Gb  xlocale_c.o [3]
_LocaleForCat           0x0800aaf1   0x12  Code  Gb  setlocale.o [3]
_LocaleReturnString     0x200000ac   0x50  Data  Lc  setlocale.o [3]
_Locale_Profile         0x20000090   0x1c  Data  Gb  setlocale.o [3]
_Locale_aeabi_lconv     0x20000050   0x38  Data  Gb  localeconv.o [3]
_Locale_lconv           0x20000000   0x50  Data  Gb  localeconv.o [3]
_PrintfFullNoMb         0x08006639  0x5e2  Code  Gb  xprintffull_nomb.o [3]
_Prout                  0x0800c725   0x16  Code  Gb  xprout.o [3]
_PutcharsFullNoMb       0x0800735f   0x2e  Code  Lc  xprintffull_nomb.o [3]
_SNProut                0x080028e7   0x1a  Code  Gb  xsnprout.o [3]
_Stoflt                 0x0800a521  0x1b8  Code  Gb  xstoflt.o [3]
_Stopfx                 0x0800a3ed  0x134  Code  Gb  xstopfx.o [3]
_Stoxflt                0x0800a8d9  0x1e2  Code  Gb  xstoxflt.o [3]
_TzoneStr               0x20000088    0x4  Data  Gb  setlocale.o [3]
__aeabi_assert          0x0800618f   0x24  Code  Gb  ABIassert.o [6]
__aeabi_cdcmpeq         0x080040d9         Code  Gb  DblCmpEq.o [4]
__aeabi_cdcmple         0x08003641         Code  Gb  DblCmpLe.o [4]
__aeabi_cdrcmple        0x08003611         Code  Gb  DblCmpGe.o [4]
__aeabi_cfcmpeq         0x08003769         Code  Gb  FltCmpEq.o [4]
__aeabi_cfcmple         0x08002fa1         Code  Gb  FltCmpLe.o [4]
__aeabi_cfrcmple        0x080030c1         Code  Gb  FltCmpGe.o [4]
__aeabi_d2f             0x08002e21         Code  Gb  DblToFlt.o [4]
__aeabi_d2iz            0x08003ea1         Code  Gb  DblToI32.o [4]
__aeabi_d2uiz           0x08003ecd         Code  Gb  DblToI32.o [4]
__aeabi_dadd            0x080034f1         Code  Gb  DblAdd.o [4]
__aeabi_ddiv            0x08002bd9         Code  Gb  DblDiv.o [4]
__aeabi_dmul            0x0800334d         Code  Gb  DblMul.o [4]
__aeabi_dsub            0x080031cd         Code  Gb  DblSub.o [4]
__aeabi_errno_addr      0x08003a69    0x6  Code  Gb  errno.o [3]
__aeabi_f2d             0x08002b89         Code  Gb  FltToDbl.o [4]
__aeabi_f2iz            0x08002ac1         Code  Gb  FltToS32.o [4]
__aeabi_fadd            0x08002b05         Code  Gb  FltAdd.o [4]
__aeabi_fdiv            0x08002fc5         Code  Gb  FltDiv.o [4]
__aeabi_fmul            0x080029e9         Code  Gb  FltMul.o [4]
__aeabi_fsub            0x08002901         Code  Gb  FltSub.o [4]
__aeabi_i2d             0x080035d9         Code  Gb  I32ToDbl.o [4]
__aeabi_i2f             0x080028b5         Code  Gb  I32ToFlt.o [4]
__aeabi_ldiv0           0x08007709         Code  Gb  I64DivZer.o [5]
__aeabi_memclr4         0x080051e9         Code  Gb  ABImemclr4.o [5]
__aeabi_memset          0x08009ff5         Code  Gb  ABImemset.o [5]
__aeabi_ui2d            0x080035ed         Code  Gb  I32ToDbl.o [4]
__aeabi_ui2f            0x080028c9         Code  Gb  I32ToFlt.o [4]
__aeabi_uldivmod        0x08007451         Code  Gb  I64DivMod.o [5]
__cmain                 0x0800c695         Code  Gb  cmain.o [5]
__data_GetMemChunk      0x08001639   0x2c  Code  Gb  xgetmemchunk.o [3]
__exit                  0x08001665   0x14  Code  Gb  exit.o [6]
__iar_Atan              0x08003889  0x148  Code  Gb  xatan.o [4]
__iar_Dint              0x08004059   0x7e  Code  Gb  xdint.o [4]
__iar_Dnorm             0x0800753f   0x42  Code  Gb  xdnorm.o [4]
__iar_Dscale            0x08007581  0x10c  Code  Gb  xdscale.o [4]
__iar_Dtentox           0x0800a72b  0x14c  Code  Gb  xdtento.o [4]
__iar_Dunscale          0x0800ab47   0x56  Code  Gb  xdunscal.o [4]
__iar_EmptyStepPoint    0x0800618d    0x2  Code  Gb  ABIassert.o [6]
__iar_Errno             0x2000020c    0x4  Data  Gb  errno.o [3]
__iar_FDtest            0x0800b0db   0x2a  Code  Gb  xfdtest.o [4]
__iar_Locale_lconv_init
                        0x0800768d   0x3a  Code  Gb  localeconv.o [3]
__iar_Memchr            0x080073f9         Code  Gb  memchr.o [5]
__iar_Memset            0x08009ff5         Code  Gb  ABImemset.o [5]
__iar_Memset4_word      0x08005c79         Code  Gb  ABImemset48.o [5]
__iar_Memset8_word      0x08005c79         Code  Gb  ABImemset48.o [5]
__iar_Memset_word       0x08009ffd         Code  Gb  ABImemset.o [5]
__iar_Quad              0x08003ef9  0x160  Code  Gb  xquad.o [4]
__iar_Sin               0x08003a75  0x424  Code  Gb  xsin.o [4]
__iar_Stdout            0x200000fc   0x40  Data  Gb  xfiles.o [3]
__iar_Stod              0x0800a22d    0x4  Code  Gb  xstod.o [4]
__iar_Stodx             0x0800a0e5  0x13a  Code  Gb  xstod.o [4]
__iar_Stolx             0x0800a05b   0x88  Code  Gb  xstol.o [3]
__iar_Stoulx            0x0800a259  0x13e  Code  Gb  xstoul.o [3]
__iar_Strchr            0x080073a9         Code  Gb  strchr.o [5]
__iar_d2uiz             0x08003ed9         Code  Gb  DblToI32.o [4]
__iar_dadd              0x08003505         Code  Gb  DblAdd.o [4]
__iar_data_init3        0x0800c5bd   0x28  Code  Gb  data_init.o [5]
__iar_dlfree            0x080010f7  0x512  Code  Gb  dlmalloc.o [3]
__iar_dlib_perthread_access
                        0x08003e9f    0x2  Code  Gb  xtls.o [3]
__iar_dlmalloc          0x08000e39  0x2b2  Code  Gb  dlmalloc.o [3]
__iar_dsub              0x080031e1         Code  Gb  DblSub.o [4]
__iar_dsubStart         0x080031f3         Code  Gb  DblSub.o [4]
__iar_edom              0x08003821         Code  Gb  iarEdom.o [5]
__iar_fadd              0x08002b15         Code  Gb  FltAdd.o [4]
__iar_fmod              0x080040f9         Code  Gb  fmod.o [4]
__iar_fmodl             0x080040f9         Code  Gb  fmod.o [4]
__iar_fsub              0x08002911         Code  Gb  FltSub.o [4]
__iar_fsubStart         0x08002921         Code  Gb  FltSub.o [4]
__iar_gm_               0x20000970  0x1d8  Data  Gb  dlmalloc.o [3]
__iar_packbits_init3    0x0800c2db   0xb2  Code  Gb  packbits_init.o [5]
__iar_program_start     0x0800c841         Code  Gb  cstartup_M.o [5]
__iar_sqrt              0x08002eb1         Code  Gb  sqrt.o [4]
__iar_ui2d              0x080035f1         Code  Gb  I32ToDbl.o [4]
__iar_ui2f              0x080028cd         Code  Gb  I32ToFlt.o [4]
__iar_unaligned___aeabi_memcpy
                        0x080061b9         Code  Gb  ABImemcpy_unaligned.o [5]
__iar_unaligned___aeabi_memcpy4
                        0x080061d9         Code  Gb  ABImemcpy_unaligned.o [5]
__iar_unaligned___aeabi_memcpy8
                        0x080061d9         Code  Gb  ABImemcpy_unaligned.o [5]
__iar_unaligned_memcmp  0x08009f21         Code  Gb  memcmp_unaligned.o [5]
__iar_zero_init3        0x08001617   0x22  Code  Gb  zero_init3.o [5]
__low_level_init        0x0800c6af    0x4  Code  Gb  low_level_init.o [3]
__vector_table          0x08000000         Data  Gb  startup_stm32f10x_cl.o [1]
_amtp                   0x200001ec    0x4  Data  Gb  Canlibration.o [1]
_call_main              0x0800c6a1         Code  Gb  cmain.o [5]
_exit                   0x0800c6b9         Code  Gb  cexit.o [5]
_gt                     0x200001f4    0x4  Data  Gb  Canlibration.o [1]
_main                   0x0800c6ab         Code  Gb  cmain.o [5]
_nmea_parse_time        0x08009309   0x8c  Code  Gb  parse.o [1]
a                       0x08003a28   0x40  Data  Lc  xatan.o [4]
abort                   0x08001611    0x6  Code  Gb  abort.o [3]
acc                     0x2000013c   0x20  Data  Gb  main.o [1]
acc_angle               0x20001058   0x18  Data  Gb  main.o [1]
acc_chip_out            0x200010d0    0x8  Data  Gb  ISR.o [1]
acos                    0x080030e5   0xe8  Code  Gb  acos.o [4]
amplitude               0x200011a0    0x2  Data  Gb  Task.o [1]
angle                   0x20001098    0xc  Data  Gb  Calculation.o [1]
angle_error_x           0x200010e8    0x4  Data  Gb  Calculation.o [1]
angle_error_y           0x200010ec    0x4  Data  Gb  Calculation.o [1]
angle_z_ctrl_rate       0x200001f8    0x4  Data  Gb  Interact.o [1]
anglex_pnode            0x2000115c    0x4  Data  Gb  Interact.o [1]
angley_data             0x20000650  0x320  Data  Gb  Task.o [1]
angley_pnode            0x20001160    0x4  Data  Gb  Interact.o [1]
anglez_pnode            0x20001164    0x4  Data  Gb  Interact.o [1]
angx_err                0x20001148    0x4  Data  Gb  Calculation.o [1]
angy_err                0x2000114c    0x4  Data  Gb  Calculation.o [1]
asin                    0x08003671   0xf0  Code  Gb  asin.o [4]
atan                    0x0800378d   0x94  Code  Gb  atan.o [4]
bat_voltage             0x20001174    0x4  Data  Gb  main.o [1]
cali_acc_flag           0x200011b2    0x1  Data  Gb  Task.o [1]
cali_compass            0x200011b5    0x1  Data  Gb  Task.o [1]
cali_gyro_flag          0x200011b3    0x1  Data  Gb  Task.o [1]
compass                 0x2000017c   0x1c  Data  Gb  main.o [1]
cos                     0x08003785    0x6  Code  Gb  cos.o [4]
cps_chip_out            0x200010e0    0x8  Data  Gb  ISR.o [1]
ctrl                    0x20000b48   0x14  Data  Gb  main.o [1]
delay_init              0x0800584d   0x28  Code  Gb  delay.o [1]
delay_us                0x08005875   0x22  Code  Gb  delay.o [1]
digits                  0x0800a39c   0x28  Data  Lc  xstoul.o [3]
div                     0x080076f9    0xe  Code  Gb  div.o [3]
dma_max_recieve         0x2000116c    0x4  Data  Gb  ISR.o [1]
dmul                    0x0800a6d9   0x52  Code  Lc  xdtento.o [4]
exit                    0x0800c6b3    0x4  Code  Gb  exit.o [3]
expriment_time          0x2000117c    0x4  Data  Gb  Task.o [1]
fac_ms                  0x2000119c    0x2  Data  Lc  delay.o [1]
fac_us                  0x200011a4    0x1  Data  Lc  delay.o [1]
filted_acc              0x20001010   0x18  Data  Gb  ISR.o [1]
filted_cps              0x20001040   0x18  Data  Gb  ISR.o [1]
filted_gyro             0x20001028   0x18  Data  Gb  ISR.o [1]
fmod                    0x080040f9         Code  Gb  fmod.o [4]
fmodl                   0x080040f9         Code  Gb  fmod.o [4]
fputc                   0x0800bb59   0x12  Code  Gb  usart.o [1]
gc                      0x20000e90   0x80  Data  Gb  main.o [1]
gpio_init               0x08005de3  0x1b4  Code  Gb  stm32f10x_gpio.o [1]
gpio_int_cfg            0x08005f97   0x8e  Code  Gb  stm32f10x_gpio.o [1]
gyro                    0x200010bc    0xc  Data  Gb  main.o [1]
gyro_cali_tolerance     0x20000200    0x4  Data  Gb  Mpu6050.o [1]
gyro_chip_out           0x200010d8    0x8  Data  Gb  ISR.o [1]
info                    0x20000b60  0x168  Data  Gb  ISR.o [1]
init_mparams            0x0800016b   0x32  Code  Lc  dlmalloc.o [3]
init_top                0x0800019d   0x34  Code  Lc  dlmalloc.o [3]
isalpha                 0x0800a231   0x14  Code  Gb  isxxx.o [3]
isdigit                 0x08009faf    0xa  Code  Gb  isdigit.o [3]
isspace                 0x0800a245   0x14  Code  Gb  isxxx.o [3]
l3gd_gyro_cali_tolerance
                        0x200001fc    0x4  Data  Gb  L3GD20.o [1]
localeconv              0x080076c7   0x16  Code  Gb  localeconv.o [3]
main                    0x0800be41  0x264  Code  Gb  main.o [1]
memchr                  0x080073f9         Code  Gb  memchr.o [5]
memcpy                  0x08009f97    0xc  Code  Gb  memcpy.o [3]
memset                  0x08009f83   0x14  Code  Gb  memset.o [3]
mparams                 0x20001070   0x18  Data  Lc  dlmalloc.o [3]
ndigs                   0x0800a3c4   0x28  Data  Lc  xstoul.o [3]
need_restart_flag       0x200011b4    0x1  Data  Gb  Task.o [1]
next_procedure          0x200011b0    0x1  Data  Gb  Task.o [1]
nmea_GPGGA2info         0x080098ed   0x80  Code  Gb  parse.o [1]
nmea_GPGSA2info         0x0800996d   0x94  Code  Gb  parse.o [1]
nmea_GPGSV2info         0x08009a01   0xc6  Code  Gb  parse.o [1]
nmea_GPRMC2info         0x08009ac7   0xac  Code  Gb  parse.o [1]
nmea_GPVTG2info         0x08009b73   0x40  Code  Gb  parse.o [1]
nmea_atof               0x08009c4b   0x34  Code  Gb  tok.o [1]
nmea_atoi               0x08009c19   0x32  Code  Gb  tok.o [1]
nmea_error              0x08009ee3   0x3e  Code  Gb  context.o [1]
nmea_find_tail          0x0800942b   0xc6  Code  Gb  parse.o [1]
nmea_pack_type          0x08009395   0x96  Code  Gb  parse.o [1]
nmea_parse              0x0800b377   0xa2  Code  Gb  parser.o [1]
nmea_parse_GPGGA        0x080094f1   0xc8  Code  Gb  parse.o [1]
nmea_parse_GPGSA        0x080095b9   0xb8  Code  Gb  parse.o [1]
nmea_parse_GPGSV        0x08009671   0xf6  Code  Gb  parse.o [1]
nmea_parse_GPRMC        0x08009767   0xdc  Code  Gb  parse.o [1]
nmea_parse_GPVTG        0x08009843   0xaa  Code  Gb  parse.o [1]
nmea_parser_buff_clear  0x0800b719   0x26  Code  Gb  parser.o [1]
nmea_parser_destroy     0x0800b33f   0x38  Code  Gb  parser.o [1]
nmea_parser_drop        0x0800b6cb   0x4e  Code  Gb  parser.o [1]
nmea_parser_init        0x0800b2e9   0x56  Code  Gb  parser.o [1]
nmea_parser_pop         0x0800b683   0x48  Code  Gb  parser.o [1]
nmea_parser_push        0x0800b647   0x3c  Code  Gb  parser.o [1]
nmea_parser_queue_clear
                        0x0800b73f   0x2a  Code  Gb  parser.o [1]
nmea_parser_real_push   0x0800b419  0x22e  Code  Gb  parser.o [1]
nmea_property           0x08009ebd    0x4  Code  Gb  context.o [1]
nmea_scanf              0x08009c7f  0x23c  Code  Gb  tok.o [1]
nmea_trace_buff         0x08009ec5   0x1e  Code  Gb  context.o [1]
nmea_zero_INFO          0x0800bb09   0x1a  Code  Gb  info.o [1]
nrf_break               0x20000213    0x1  Data  Gb  Task.o [1]
nrf_handler             0x0800903b   0xb0  Code  Gb  MyNRF24L0.o [1]
nrf_init                0x08008d39   0xc6  Code  Gb  MyNRF24L0.o [1]
nrf_int_flag            0x20000211    0x1  Data  Gb  ISR.o [1]
nrf_link_check          0x08008ef5   0xa4  Code  Gb  MyNRF24L0.o [1]
nrf_mode                0x200011ad    0x1  Data  Gb  MyNRF24L0.o [1]
nrf_rciv                0x20000fd8   0x20  Data  Gb  MyNRF24L0.o [1]
nrf_readbuf             0x08008eb9   0x3c  Code  Lc  MyNRF24L0.o [1]
nrf_readreg             0x08008e41   0x3a  Code  Lc  MyNRF24L0.o [1]
nrf_rx_mode             0x08008f99   0x54  Code  Gb  MyNRF24L0.o [1]
nrf_tx_mode             0x08008fed   0x4e  Code  Gb  MyNRF24L0.o [1]
nrf_writebuf            0x08008e7b   0x3e  Code  Lc  MyNRF24L0.o [1]
nrf_writereg            0x08008dff   0x42  Code  Lc  MyNRF24L0.o [1]
obuf                    0x20000f10   0x50  Data  Lc  xfiles.o [3]
offset_angle            0x200010b0    0xc  Data  Gb  Calculation.o [1]
pipl_dir                0x200011ac    0x1  Data  Gb  main.o [1]
pit_25ms_flag           0x200011a7    0x1  Data  Gb  ISR.o [1]
pit_500ms_flag          0x200011a9    0x1  Data  Gb  ISR.o [1]
pit_50ms_flag           0x200011a8    0x1  Data  Gb  ISR.o [1]
pit_5ms_flag            0x200011a6    0x1  Data  Gb  ISR.o [1]
pit_5s_flag             0x200011aa    0x1  Data  Gb  ISR.o [1]
pows                    0x0800a890   0x48  Data  Lc  xdtento.o [4]
prepend_alloc           0x080001d1  0x33c  Code  Lc  dlmalloc.o [3]
pressure                0x20001170    0x4  Data  Gb  main.o [1]
printf                  0x08008d15   0x24  Code  Gb  printf.o [3]
putchar                 0x0800c73d    0xc  Code  Gb  putchar.o [3]
pwm                     0x20001088   0x10  Data  Gb  Calculation.o [1]
pwm0                    0x20001180    0x4  Data  Gb  Task.o [1]
pwm1                    0x20001184    0x4  Data  Gb  Task.o [1]
pwm_of_dir              0x20001128    0x4  Data  Gb  Calculation.o [1]
pwr_low_flag            0x20000212    0x1  Data  Gb  Task.o [1]
rx_flag                 0x200011af    0x1  Data  Gb  MyNRF24L0.o [1]
sCom                    0x20000214  0x43c  Data  Gb  main.o [1]
segment_holding         0x08000151   0x1a  Code  Lc  dlmalloc.o [3]
send_type               0x20000210    0x1  Data  Gb  Interact.o [1]
send_wave_flag          0x200011b1    0x1  Data  Gb  Task.o [1]
sin                     0x08003609    0x6  Code  Gb  sin.o [4]
spi_mosi                0x080062e1   0x4e  Code  Gb  stm32f10x_MY_spi.o [1]
spi_mosi_cmd            0x0800632f   0x96  Code  Gb  stm32f10x_MY_spi.o [1]
sqrt                    0x08002eb1         Code  Gb  sqrt.o [4]
sqrtl                   0x08002eb1         Code  Gb  sqrt.o [4]
strchr                  0x080073a9         Code  Gb  strchr.o [5]
strlen                  0x080073c1         Code  Gb  strlen.o [5]
strtod                  0x08009fa9    0x6  Code  Gb  strtod.o [4]
strtol                  0x08009fa3    0x6  Code  Gb  strtol.o [3]
sys_alloc               0x0800050d  0x384  Code  Lc  dlmalloc.o [3]
tmalloc_large           0x0800089d  0x38a  Code  Lc  dlmalloc.o [3]
tmalloc_small           0x08000c27  0x204  Code  Lc  dlmalloc.o [3]
tolower                 0x0800ab33   0x14  Code  Gb  tolower.o [3]
tx_flag                 0x200011ae    0x1  Data  Gb  MyNRF24L0.o [1]
usart_GPS_sd_flag       0x200011ab    0x1  Data  Gb  ISR.o [1]
vsnprintf               0x08009fb9   0x3c  Code  Gb  vsnprint.o [3]
x_b                     0x200010f8    0x4  Data  Gb  Calculation.o [1]
x_d_i                   0x20001110    0x4  Data  Gb  Calculation.o [1]
x_max                   0x20001192    0x2  Data  Gb  Canlibration.o [1]
x_min                   0x20001190    0x2  Data  Gb  Canlibration.o [1]
x_p_i                   0x2000110c    0x4  Data  Gb  Calculation.o [1]
x_p_o                   0x20001108    0x4  Data  Gb  Calculation.o [1]
xcq                     0x20001120    0x4  Data  Gb  Calculation.o [1]
xyz_t                   0x200001f0    0x4  Data  Gb  Canlibration.o [1]
y_b                     0x200010fc    0x4  Data  Gb  Calculation.o [1]
y_d_i                   0x2000111c    0x4  Data  Gb  Calculation.o [1]
y_max                   0x20001196    0x2  Data  Gb  Canlibration.o [1]
y_min                   0x20001194    0x2  Data  Gb  Canlibration.o [1]
y_p_i                   0x20001118    0x4  Data  Gb  Calculation.o [1]
y_p_o                   0x20001114    0x4  Data  Gb  Calculation.o [1]
ycq                     0x20001124    0x4  Data  Gb  Calculation.o [1]
z_d                     0x20001104    0x4  Data  Gb  Calculation.o [1]
z_max                   0x2000119a    0x2  Data  Gb  Canlibration.o [1]
z_min                   0x20001198    0x2  Data  Gb  Canlibration.o [1]
z_p                     0x20001100    0x4  Data  Gb  Calculation.o [1]


[1] = E:\FlyCtrl\CTRL_PCBV5 (github)\FlyControl\software\quadrotor\Debug\Obj
[2] = command line
[3] = dl7M_tlf.a
[4] = m7M_tl.a
[5] = rt7M_tl.a
[6] = shb_l.a

  50 374 bytes of readonly  code memory
   1 447 bytes of readonly  data memory
  16 822 bytes of readwrite data memory

Errors: none
Warnings: none
