###############################################################################
#
# IAR ELF Linker V7.10.1.6676/W32 for ARM                 09/Mar/2021  09:25:38
# Copyright 2007-2014 IAR Systems AB.
#
#    Output file  =  
#        E:\FlyCtrl\CTRL_PCBV5
#        (github)\FlyControl\software\quadrotor\Debug\Exe\STM32F103-IAR.out
#    Map file     =  
#        E:\FlyCtrl\CTRL_PCBV5
#        (github)\FlyControl\software\quadrotor\Debug\List\STM32F103-IAR.map
#    Command line =  
#        "E:\FlyCtrl\CTRL_PCBV5
#        (github)\FlyControl\software\quadrotor\Debug\Obj\Calculation.o"
#        "E:\FlyCtrl\CTRL_PCBV5
#        (github)\FlyControl\software\quadrotor\Debug\Obj\Canlibration.o"
#        "E:\FlyCtrl\CTRL_PCBV5
#        (github)\FlyControl\software\quadrotor\Debug\Obj\context.o"
#        "E:\FlyCtrl\CTRL_PCBV5
#        (github)\FlyControl\software\quadrotor\Debug\Obj\DataStructure.o"
#        "E:\FlyCtrl\CTRL_PCBV5
#        (github)\FlyControl\software\quadrotor\Debug\Obj\delay.o"
#        "E:\FlyCtrl\CTRL_PCBV5
#        (github)\FlyControl\software\quadrotor\Debug\Obj\generate.o"
#        "E:\FlyCtrl\CTRL_PCBV5
#        (github)\FlyControl\software\quadrotor\Debug\Obj\generator.o"
#        "E:\FlyCtrl\CTRL_PCBV5
#        (github)\FlyControl\software\quadrotor\Debug\Obj\gmath.o"
#        "E:\FlyCtrl\CTRL_PCBV5
#        (github)\FlyControl\software\quadrotor\Debug\Obj\GPS.o"
#        "E:\FlyCtrl\CTRL_PCBV5
#        (github)\FlyControl\software\quadrotor\Debug\Obj\HMC5883.o"
#        "E:\FlyCtrl\CTRL_PCBV5
#        (github)\FlyControl\software\quadrotor\Debug\Obj\info.o"
#        "E:\FlyCtrl\CTRL_PCBV5
#        (github)\FlyControl\software\quadrotor\Debug\Obj\Interact.o"
#        "E:\FlyCtrl\CTRL_PCBV5
#        (github)\FlyControl\software\quadrotor\Debug\Obj\ISR.o"
#        "E:\FlyCtrl\CTRL_PCBV5
#        (github)\FlyControl\software\quadrotor\Debug\Obj\L3GD20.o"
#        "E:\FlyCtrl\CTRL_PCBV5
#        (github)\FlyControl\software\quadrotor\Debug\Obj\LSM303.o"
#        "E:\FlyCtrl\CTRL_PCBV5
#        (github)\FlyControl\software\quadrotor\Debug\Obj\main.o"
#        "E:\FlyCtrl\CTRL_PCBV5
#        (github)\FlyControl\software\quadrotor\Debug\Obj\misc.o"
#        "E:\FlyCtrl\CTRL_PCBV5
#        (github)\FlyControl\software\quadrotor\Debug\Obj\Mpu6050.o"
#        "E:\FlyCtrl\CTRL_PCBV5
#        (github)\FlyControl\software\quadrotor\Debug\Obj\MyIIC.o"
#        "E:\FlyCtrl\CTRL_PCBV5
#        (github)\FlyControl\software\quadrotor\Debug\Obj\MyNRF24L0.o"
#        "E:\FlyCtrl\CTRL_PCBV5
#        (github)\FlyControl\software\quadrotor\Debug\Obj\parse.o"
#        "E:\FlyCtrl\CTRL_PCBV5
#        (github)\FlyControl\software\quadrotor\Debug\Obj\parser.o"
#        "E:\FlyCtrl\CTRL_PCBV5
#        (github)\FlyControl\software\quadrotor\Debug\Obj\QMC5883.o"
#        "E:\FlyCtrl\CTRL_PCBV5
#        (github)\FlyControl\software\quadrotor\Debug\Obj\sentence.o"
#        "E:\FlyCtrl\CTRL_PCBV5
#        (github)\FlyControl\software\quadrotor\Debug\Obj\startup_stm32f10x_cl.o"
#        "E:\FlyCtrl\CTRL_PCBV5
#        (github)\FlyControl\software\quadrotor\Debug\Obj\stm32f10x_adc.o"
#        "E:\FlyCtrl\CTRL_PCBV5
#        (github)\FlyControl\software\quadrotor\Debug\Obj\stm32f10x_dma.o"
#        "E:\FlyCtrl\CTRL_PCBV5
#        (github)\FlyControl\software\quadrotor\Debug\Obj\stm32f10x_exti.o"
#        "E:\FlyCtrl\CTRL_PCBV5
#        (github)\FlyControl\software\quadrotor\Debug\Obj\stm32f10x_flash.o"
#        "E:\FlyCtrl\CTRL_PCBV5
#        (github)\FlyControl\software\quadrotor\Debug\Obj\stm32f10x_gpio.o"
#        "E:\FlyCtrl\CTRL_PCBV5
#        (github)\FlyControl\software\quadrotor\Debug\Obj\stm32f10x_i2c.o"
#        "E:\FlyCtrl\CTRL_PCBV5
#        (github)\FlyControl\software\quadrotor\Debug\Obj\stm32f10x_MY_spi.o"
#        "E:\FlyCtrl\CTRL_PCBV5
#        (github)\FlyControl\software\quadrotor\Debug\Obj\stm32f10x_MyFlash.o"
#        "E:\FlyCtrl\CTRL_PCBV5
#        (github)\FlyControl\software\quadrotor\Debug\Obj\stm32f10x_rcc.o"
#        "E:\FlyCtrl\CTRL_PCBV5
#        (github)\FlyControl\software\quadrotor\Debug\Obj\stm32f10x_spi.o"
#        "E:\FlyCtrl\CTRL_PCBV5
#        (github)\FlyControl\software\quadrotor\Debug\Obj\stm32f10x_tim.o"
#        "E:\FlyCtrl\CTRL_PCBV5
#        (github)\FlyControl\software\quadrotor\Debug\Obj\stm32f10x_usart.o"
#        "E:\FlyCtrl\CTRL_PCBV5
#        (github)\FlyControl\software\quadrotor\Debug\Obj\sys_init.o"
#        "E:\FlyCtrl\CTRL_PCBV5
#        (github)\FlyControl\software\quadrotor\Debug\Obj\system_stm32f10x.o"
#        "E:\FlyCtrl\CTRL_PCBV5
#        (github)\FlyControl\software\quadrotor\Debug\Obj\Task.o"
#        "E:\FlyCtrl\CTRL_PCBV5
#        (github)\FlyControl\software\quadrotor\Debug\Obj\time.o"
#        "E:\FlyCtrl\CTRL_PCBV5
#        (github)\FlyControl\software\quadrotor\Debug\Obj\tok.o"
#        "E:\FlyCtrl\CTRL_PCBV5
#        (github)\FlyControl\software\quadrotor\Debug\Obj\usart.o" -o
#        "E:\FlyCtrl\CTRL_PCBV5
#        (github)\FlyControl\software\quadrotor\Debug\Exe\STM32F103-IAR.out"
#        --map "E:\FlyCtrl\CTRL_PCBV5
#        (github)\FlyControl\software\quadrotor\Debug\List\STM32F103-IAR.map"
#        --config "E:\FlyCtrl\CTRL_PCBV5
#        (github)\FlyControl\software\quadrotor\Config\stm32f10x_flash.icf"
#        --semihosting --entry __iar_program_start --redirect
#        __iar_sh_stdout=__iar_sh_stdout_swo --vfe
#
###############################################################################

*******************************************************************************
*** RUNTIME MODEL ATTRIBUTES
***

CppFlavor                     = *
__Heap_Handler                = DLMalloc
__SystemLibrary               = DLib
__dlib_dynamic_initialization = normal


*******************************************************************************
*** PLACEMENT SUMMARY
***

"A1":  place at 0x08000000 { ro section .intvec };
"P1":  place in [from 0x08000000 to 0x080fffff] { ro };
"P2":  place in [from 0x20000000 to 0x2000bfff] { rw, block CSTACK, block HEAP };

  Section             Kind        Address    Size  Object
  -------             ----        -------    ----  ------
"A1":                                       0x150
  .intvec             ro code  0x08000000   0x150  startup_stm32f10x_cl.o [1]
                             - 0x08000150   0x150

"P1":                                      0xc75d
  .text               ro code  0x08000150  0x14c0  dlmalloc.o [3]
  .text               ro code  0x08001610     0x6  abort.o [3]
  .text               ro code  0x08001616    0x22  zero_init3.o [5]
  .text               ro code  0x08001638    0x2c  xgetmemchunk.o [3]
  .text               ro code  0x08001664    0x14  exit.o [6]
  .text               ro code  0x08001678  0x10b8  Calculation.o [1]
  .text               ro code  0x08002730    0x32  I32ToFlt.o [4]
  .text               ro code  0x08002762    0x1a  xsnprout.o [3]
  .text               ro code  0x0800277c    0xe6  FltSub.o [4]
  .text               ro code  0x08002864    0xd8  FltMul.o [4]
  .text               ro code  0x0800293c    0x44  FltToS32.o [4]
  .text               ro code  0x08002980    0x84  FltAdd.o [4]
  .text               ro code  0x08002a04    0x4e  FltToDbl.o [4]
  .text               ro code  0x08002a54   0x246  DblDiv.o [4]
  .text               ro code  0x08002c9c    0x90  DblToFlt.o [4]
  .text               ro code  0x08002d2c    0xf0  sqrt.o [4]
  .text               ro code  0x08002e1c    0x24  FltCmpLe.o [4]
  .text               ro code  0x08002e40    0xfc  FltDiv.o [4]
  .text               ro code  0x08002f3c    0x24  FltCmpGe.o [4]
  .text               ro code  0x08002f60    0xe8  acos.o [4]
  .text               ro code  0x08003048   0x1a2  DblMul.o [4]
  .text               ro code  0x080031ec    0xe8  DblAdd.o [4]
  .text               ro code  0x080032d4   0x180  DblSub.o [4]
  .text               ro code  0x08003454    0x30  I32ToDbl.o [4]
  .text               ro code  0x08003484     0x6  sin.o [4]
  .text               ro code  0x0800348c    0x2e  DblCmpGe.o [4]
  .text               ro code  0x080034bc    0x2e  DblCmpLe.o [4]
  .text               ro code  0x080034ec    0xf6  asin.o [4]
  .text               ro code  0x080035e4    0x1c  FltCmpEq.o [4]
  .text               ro code  0x08003600     0x6  cos.o [4]
  .text               ro code  0x08003608    0x94  atan.o [4]
  .text               ro code  0x0800369c     0xc  iarEdom.o [5]
  .text               ro code  0x080036a8   0x1e0  xatan.o [4]
  .text               ro code  0x08003888     0xc  errno.o [3]
  .text               ro code  0x08003894   0x42a  xsin.o [4]
  .text               ro code  0x08003cbe     0x2  xtls.o [3]
  .text               ro code  0x08003cc0    0x58  DblToI32.o [4]
  .text               ro code  0x08003d18   0x160  xquad.o [4]
  .text               ro code  0x08003e78    0x7e  xdint.o [4]
  .text               ro code  0x08003ef8    0x20  DblCmpEq.o [4]
  .text               ro code  0x08003f18   0x1a8  fmod.o [4]
  .text               ro code  0x080040c0   0xd6e  xprintffull_nomb.o [3]
  .text               ro code  0x08004e30    0x16  strchr.o [5]
  .text               ro code  0x08004e48    0x36  strlen.o [5]
  .text               ro code  0x08004e80    0x58  memchr.o [5]
  .text               ro code  0x08004ed8    0xee  I64DivMod.o [5]
  .text               ro code  0x08004fc8    0x76  ABImemcpy_unaligned.o [5]
  .text               ro code  0x0800503e    0x42  xdnorm.o [4]
  .text               ro code  0x08005080   0x10c  xdscale.o [4]
  .text               ro code  0x0800518c    0x6c  localeconv.o [3]
  .text               ro code  0x080051f8     0xe  div.o [3]
  .text               ro code  0x08005208     0x2  I64DivZer.o [5]
  .text               ro code  0x0800520c   0xd6c  Canlibration.o [1]
  .text               ro code  0x08005f78   0x1ce  stm32f10x_flash.o [1]
  .text               ro code  0x08006148     0x6  ABImemclr4.o [5]
  .text               ro code  0x08006150   0x2aa  MyIIC.o [1]
  .text               ro code  0x080063fc    0xf0  delay.o [1]
  .text               ro code  0x080064ec   0x3d0  Mpu6050.o [1]
  .text               ro code  0x080068bc   0x2c8  L3GD20.o [1]
  .text               ro code  0x08006b84    0xbc  QMC5883.o [1]
  .text               ro code  0x08006c40    0x32  ABImemset48.o [5]
  .text               ro code  0x08006c74   0x4d0  stm32f10x_gpio.o [1]
  .text               ro code  0x08007144    0xb0  misc.o [1]
  .text               ro code  0x080071f4     0xe  stm32f10x_MyFlash.o [1]
  .text               ro code  0x08007204    0x2c  ABIassert.o [6]
  .text               ro code  0x08007230   0x180  stm32f10x_MY_spi.o [1]
  .text               ro code  0x080073b0   0x148  stm32f10x_rcc.o [1]
  .text               ro code  0x080074f8    0x90  stm32f10x_spi.o [1]
  .text               ro code  0x08007588   0x910  parse.o [1]
  .text               ro code  0x08007e98   0x2a2  tok.o [1]
  .text               ro code  0x0800813c    0x64  context.o [1]
  .text               ro code  0x080081a0    0x62  memcmp_unaligned.o [5]
  .text               ro code  0x08008202    0x14  memset.o [3]
  .text               ro code  0x08008216     0xc  memcpy.o [3]
  .text               ro code  0x08008222     0x6  strtol.o [3]
  .text               ro code  0x08008228     0x6  strtod.o [4]
  .text               ro code  0x0800822e     0xa  isdigit.o [3]
  .text               ro code  0x08008238    0x3c  vsnprint.o [3]
  .text               ro code  0x08008274    0x66  ABImemset.o [5]
  .text               ro code  0x080082da    0x88  xstol.o [3]
  .text               ro code  0x08008364   0x14c  xstod.o [4]
  .text               ro code  0x080084b0    0x28  isxxx.o [3]
  .text               ro code  0x080084d8   0x194  xstoul.o [3]
  .text               ro code  0x0800866c   0x134  xstopfx.o [3]
  .text               ro code  0x080087a0   0x1b8  xstoflt.o [3]
  .text               ro code  0x08008958   0x200  xdtento.o [4]
  .text               ro code  0x08008b58   0x218  xstoxflt.o [3]
  .text               ro code  0x08008d70    0x18  setlocale.o [3]
  .text               ro code  0x08008d88    0x16  xlocale_c.o [3]
  .text               ro code  0x08008d9e    0x14  xlocale_c.o [3]
  .text               ro code  0x08008db2    0x14  tolower.o [3]
  .text               ro code  0x08008dc6    0x56  xdunscal.o [4]
  .text               ro code  0x08008e1c     0xc  xlocale_c.o [3]
  .text               ro code  0x08008e28   0x7a8  Task.o [1]
  .text               ro code  0x080095d0   0x60c  stm32f10x_tim.o [1]
  .text               ro code  0x08009bdc   0x6f0  Interact.o [1]
  .text               ro code  0x0800a2cc    0x2a  strncmp.o [3]
  .text               ro code  0x0800a2f8   0x448  MyNRF24L0.o [1]
  .text               ro code  0x0800a740   0x1f2  stm32f10x_usart.o [1]
  .text               ro code  0x0800a934   0x53a  sys_init.o [1]
  .text               ro code  0x0800ae6e    0x2a  xfdtest.o [4]
  .text               ro code  0x0800ae98   0x1e2  stm32f10x_adc.o [1]
  .text               ro code  0x0800b07c   0x494  parser.o [1]
  .text               ro code  0x0800b510   0x348  ISR.o [1]
  .text               ro code  0x0800b858    0x38  stm32f10x_exti.o [1]
  .text               ro code  0x0800b890    0x1a  info.o [1]
  .text               ro code  0x0800b8ac    0x34  stm32f10x_dma.o [1]
  .text               ro code  0x0800b8e0   0x2e8  usart.o [1]
  .text               ro code  0x0800bbc8   0x26c  main.o [1]
  .text               ro code  0x0800be34    0x24  printf.o [3]
  .text               ro code  0x0800be58    0xbc  LSM303.o [1]
  .text               ro code  0x0800bf14   0x158  system_stm32f10x.o [1]
  .text               ro code  0x0800c06c    0xd4  packbits_init.o [5]
  .rodata             const    0x0800c140    0x60  Mpu6050.o [1]
  .rodata             const    0x0800c1a0    0x5c  Mpu6050.o [1]
  .rodata             const    0x0800c1fc    0x54  parse.o [1]
  .rodata             const    0x0800c250    0x54  parser.o [1]
  .rodata             const    0x0800c2a4    0x50  Mpu6050.o [1]
  .rodata             const    0x0800c2f4    0x4c  ISR.o [1]
  .rodata             const    0x0800c340    0x44  parse.o [1]
  .rodata             const    0x0800c384    0x3c  parse.o [1]
  .rodata             const    0x0800c3c0    0x34  parse.o [1]
  .rodata             const    0x0800c3f4    0x34  parse.o [1]
  .text               ro code  0x0800c428    0x28  data_init.o [5]
  .rodata             const    0x0800c450    0x24  parse.o [1]
  .rodata             const    0x0800c474    0x24  parse.o [1]
  .iar.init_table     const    0x0800c498    0x2c  - Linker created -
  .rodata             const    0x0800c4c4    0x20  parse.o [1]
  .rodata             const    0x0800c4e4    0x1c  parser.o [1]
  .text               ro code  0x0800c500    0x1a  cmain.o [5]
  .text               ro code  0x0800c51a     0x4  low_level_init.o [3]
  .text               ro code  0x0800c51e     0x4  exit.o [3]
  .text               ro code  0x0800c524     0xa  cexit.o [5]
  .rodata             const    0x0800c530    0x18  parse.o [1]
  .rodata             const    0x0800c548    0x18  parse.o [1]
  .rodata             const    0x0800c560    0x18  parser.o [1]
  .text               ro code  0x0800c578    0x16  xprout.o [3]
  .text               ro code  0x0800c590     0xc  putchar.o [3]
  .rodata             const    0x0800c59c    0x14  parse.o [1]
  .rodata             const    0x0800c5b0    0x14  parse.o [1]
  .rodata             const    0x0800c5c4    0x14  parse.o [1]
  .rodata             const    0x0800c5d8    0x14  parse.o [1]
  .rodata             const    0x0800c5ec    0x14  parse.o [1]
  .rodata             const    0x0800c600    0x10  Mpu6050.o [1]
  .rodata             const    0x0800c610    0x10  parse.o [1]
  .rodata             const    0x0800c620    0x10  parse.o [1]
  .rodata             const    0x0800c630    0x10  parse.o [1]
  .rodata             const    0x0800c640    0x10  parse.o [1]
  .text               ro code  0x0800c650    0x10  startup_stm32f10x_cl.o [1]
  .rodata             const    0x0800c660     0xc  parse.o [1]
  .rodata             const    0x0800c66c     0xc  Task.o [1]
  .text               ro code  0x0800c678     0xc  cstartup_M.o [5]
  .rodata             const    0x0800c684     0x8  main.o [1]
  .rodata             const    0x0800c68c     0x8  MyNRF24L0.o [1]
  .rodata             const    0x0800c694     0x8  parse.o [1]
  .rodata             const    0x0800c69c     0x8  parse.o [1]
  .rodata             const    0x0800c6a4     0x8  parse.o [1]
  .rodata             const    0x0800c6ac     0x8  parse.o [1]
  .rodata             const    0x0800c6b4     0x8  parse.o [1]
  .rodata             const    0x0800c6bc     0x8  parse.o [1]
  .rodata             const    0x0800c6c4     0x8  parser.o [1]
  .rodata             const    0x0800c6cc     0x8  QMC5883.o [1]
  .rodata             const    0x0800c6d4     0x4  Canlibration.o [1]
  .rodata             const    0x0800c6d8     0x4  Canlibration.o [1]
  .rodata             const    0x0800c6dc     0x4  parse.o [1]
  .text               ro code  0x0800c6e0     0x4  startup_stm32f10x_cl.o [1]
  .text               ro code  0x0800c6e4     0x4  startup_stm32f10x_cl.o [1]
  .text               ro code  0x0800c6e8     0x4  startup_stm32f10x_cl.o [1]
  .text               ro code  0x0800c6ec     0x4  startup_stm32f10x_cl.o [1]
  .text               ro code  0x0800c6f0     0x4  startup_stm32f10x_cl.o [1]
  .text               ro code  0x0800c6f4     0x4  startup_stm32f10x_cl.o [1]
  .text               ro code  0x0800c6f8     0x4  startup_stm32f10x_cl.o [1]
  .text               ro code  0x0800c6fc     0x4  startup_stm32f10x_cl.o [1]
  .text               ro code  0x0800c700     0x4  startup_stm32f10x_cl.o [1]
  .text               ro code  0x0800c704     0x4  startup_stm32f10x_cl.o [1]
  .text               ro code  0x0800c708     0x4  startup_stm32f10x_cl.o [1]
  .text               ro code  0x0800c70c     0x4  startup_stm32f10x_cl.o [1]
  .text               ro code  0x0800c710     0x4  startup_stm32f10x_cl.o [1]
  .text               ro code  0x0800c714     0x4  startup_stm32f10x_cl.o [1]
  .text               ro code  0x0800c718     0x4  startup_stm32f10x_cl.o [1]
  .text               ro code  0x0800c71c     0x4  startup_stm32f10x_cl.o [1]
  .text               ro code  0x0800c720     0x4  startup_stm32f10x_cl.o [1]
  .text               ro code  0x0800c724     0x4  startup_stm32f10x_cl.o [1]
  .text               ro code  0x0800c728     0x4  startup_stm32f10x_cl.o [1]
  .text               ro code  0x0800c72c     0x4  startup_stm32f10x_cl.o [1]
  .text               ro code  0x0800c730     0x4  startup_stm32f10x_cl.o [1]
  .text               ro code  0x0800c734     0x4  startup_stm32f10x_cl.o [1]
  .text               ro code  0x0800c738     0x4  startup_stm32f10x_cl.o [1]
  .text               ro code  0x0800c73c     0x4  startup_stm32f10x_cl.o [1]
  .text               ro code  0x0800c740     0x4  startup_stm32f10x_cl.o [1]
  .text               ro code  0x0800c744     0x4  startup_stm32f10x_cl.o [1]
  .text               ro code  0x0800c748     0x4  startup_stm32f10x_cl.o [1]
  .text               ro code  0x0800c74c     0x4  startup_stm32f10x_cl.o [1]
  .text               ro code  0x0800c750     0x4  startup_stm32f10x_cl.o [1]
  .text               ro code  0x0800c754     0x4  startup_stm32f10x_cl.o [1]
  .text               ro code  0x0800c758     0x4  startup_stm32f10x_cl.o [1]
  .text               ro code  0x0800c75c     0x4  startup_stm32f10x_cl.o [1]
  .text               ro code  0x0800c760     0x4  startup_stm32f10x_cl.o [1]
  .text               ro code  0x0800c764     0x4  startup_stm32f10x_cl.o [1]
  .text               ro code  0x0800c768     0x4  startup_stm32f10x_cl.o [1]
  .text               ro code  0x0800c76c     0x4  startup_stm32f10x_cl.o [1]
  .text               ro code  0x0800c770     0x4  startup_stm32f10x_cl.o [1]
  .text               ro code  0x0800c774     0x4  startup_stm32f10x_cl.o [1]
  .text               ro code  0x0800c778     0x4  startup_stm32f10x_cl.o [1]
  .text               ro code  0x0800c77c     0x4  startup_stm32f10x_cl.o [1]
  .text               ro code  0x0800c780     0x4  startup_stm32f10x_cl.o [1]
  .text               ro code  0x0800c784     0x4  startup_stm32f10x_cl.o [1]
  .text               ro code  0x0800c788     0x4  startup_stm32f10x_cl.o [1]
  .text               ro code  0x0800c78c     0x4  startup_stm32f10x_cl.o [1]
  .text               ro code  0x0800c790     0x4  startup_stm32f10x_cl.o [1]
  .text               ro code  0x0800c794     0x4  startup_stm32f10x_cl.o [1]
  .text               ro code  0x0800c798     0x4  startup_stm32f10x_cl.o [1]
  .text               ro code  0x0800c79c     0x4  startup_stm32f10x_cl.o [1]
  .text               ro code  0x0800c7a0     0x4  startup_stm32f10x_cl.o [1]
  .text               ro code  0x0800c7a4     0x4  startup_stm32f10x_cl.o [1]
  .text               ro code  0x0800c7a8     0x4  startup_stm32f10x_cl.o [1]
  .text               ro code  0x0800c7ac     0x4  startup_stm32f10x_cl.o [1]
  .text               ro code  0x0800c7b0     0x4  startup_stm32f10x_cl.o [1]
  .text               ro code  0x0800c7b4     0x4  startup_stm32f10x_cl.o [1]
  .text               ro code  0x0800c7b8     0x4  startup_stm32f10x_cl.o [1]
  .text               ro code  0x0800c7bc     0x4  startup_stm32f10x_cl.o [1]
  .text               ro code  0x0800c7c0     0x4  startup_stm32f10x_cl.o [1]
  .text               ro code  0x0800c7c4     0x4  startup_stm32f10x_cl.o [1]
  .text               ro code  0x0800c7c8     0x4  startup_stm32f10x_cl.o [1]
  .text               ro code  0x0800c7cc     0x4  startup_stm32f10x_cl.o [1]
  .text               ro code  0x0800c7d0     0x4  startup_stm32f10x_cl.o [1]
  .text               ro code  0x0800c7d4     0x4  startup_stm32f10x_cl.o [1]
  .text               ro code  0x0800c7d8     0x4  startup_stm32f10x_cl.o [1]
  .text               ro code  0x0800c7dc     0x4  startup_stm32f10x_cl.o [1]
  .rodata             const    0x0800c7e0     0x0  zero_init3.o [5]
  .rodata             const    0x0800c7e0     0x0  packbits_init.o [5]
  Initializer bytes   ro data  0x0800c7e0    0xcd  <for P2 s0>
                             - 0x0800c8ad  0xc75d

"P2", part 1 of 3:                          0x214
  P2 s0                        0x20000000   0x214  <Init block>
    __DLIB_PERTHREAD  inited   0x20000000    0x88  localeconv.o [3]
    __DLIB_PERTHREAD  inited   0x20000088    0x74  setlocale.o [3]
    .data             inited   0x200000fc    0x40  xfiles.o [3]
    .data             inited   0x2000013c    0x20  main.o [1]
    .data             inited   0x2000015c    0x20  main.o [1]
    .data             inited   0x2000017c    0x1c  main.o [1]
    .data             inited   0x20000198    0x14  parse.o [1]
    .data             inited   0x200001ac    0x10  stm32f10x_rcc.o [1]
    .data             inited   0x200001bc     0xc  context.o [1]
    .data             inited   0x200001c8     0xc  main.o [1]
    .data             inited   0x200001d4     0x8  MyNRF24L0.o [1]
    .data             inited   0x200001dc     0x8  MyNRF24L0.o [1]
    .data             inited   0x200001e4     0x4  Calculation.o [1]
    .data             inited   0x200001e8     0x4  Canlibration.o [1]
    .data             inited   0x200001ec     0x4  Canlibration.o [1]
    .data             inited   0x200001f0     0x4  Canlibration.o [1]
    .data             inited   0x200001f4     0x4  Canlibration.o [1]
    .data             inited   0x200001f8     0x4  Interact.o [1]
    .data             inited   0x200001fc     0x4  L3GD20.o [1]
    .data             inited   0x20000200     0x4  Mpu6050.o [1]
    .data             inited   0x20000204     0x4  stm32f10x_rcc.o [1]
    .data             inited   0x20000208     0x4  system_stm32f10x.o [1]
    __DLIB_PERTHREAD  inited   0x2000020c     0x4  errno.o [3]
    .data             inited   0x20000210     0x1  Interact.o [1]
    .data             inited   0x20000211     0x1  ISR.o [1]
    .data             inited   0x20000212     0x1  Task.o [1]
    .data             inited   0x20000213     0x1  Task.o [1]
                             - 0x20000214   0x214

"P2", part 2 of 3:                          0xca4
  .bss                zero     0x20000214   0x43c  main.o [1]
  .bss                zero     0x20000650   0x1d8  dlmalloc.o [3]
  .bss                zero     0x20000828    0x14  main.o [1]
  .bss                zero     0x20000840   0x168  ISR.o [1]
  .bss                zero     0x200009a8   0x100  ISR.o [1]
  .bss                zero     0x20000aa8    0xc8  usart.o [1]
  .bss                zero     0x20000b70    0x80  main.o [1]
  .bss                zero     0x20000bf0    0x50  xfiles.o [3]
  .bss                zero     0x20000c40    0x30  Interact.o [1]
  .bss                zero     0x20000c70    0x28  Task.o [1]
  .bss                zero     0x20000c98    0x20  Calculation.o [1]
  .bss                zero     0x20000cb8    0x20  MyNRF24L0.o [1]
  .bss                zero     0x20000cd8    0x20  MyNRF24L0.o [1]
  .bss                zero     0x20000cf8    0x18  Calculation.o [1]
  .bss                zero     0x20000d10    0x18  ISR.o [1]
  .bss                zero     0x20000d28    0x18  ISR.o [1]
  .bss                zero     0x20000d40    0x18  ISR.o [1]
  .bss                zero     0x20000d58    0x18  main.o [1]
  .bss                zero     0x20000d70    0x18  dlmalloc.o [3]
  .bss                zero     0x20000d88    0x10  Calculation.o [1]
  .bss                zero     0x20000d98     0xc  Calculation.o [1]
  .bss                zero     0x20000da4     0xc  Calculation.o [1]
  .bss                zero     0x20000db0     0xc  Calculation.o [1]
  .bss                zero     0x20000dbc     0xc  main.o [1]
  .bss                zero     0x20000dc8     0x8  Calculation.o [1]
  .bss                zero     0x20000dd0     0x8  ISR.o [1]
  .bss                zero     0x20000dd8     0x8  ISR.o [1]
  .bss                zero     0x20000de0     0x8  ISR.o [1]
  .bss                zero     0x20000de8     0x4  Calculation.o [1]
  .bss                zero     0x20000dec     0x4  Calculation.o [1]
  .bss                zero     0x20000df0     0x4  Calculation.o [1]
  .bss                zero     0x20000df4     0x4  Calculation.o [1]
  .bss                zero     0x20000df8     0x4  Calculation.o [1]
  .bss                zero     0x20000dfc     0x4  Calculation.o [1]
  .bss                zero     0x20000e00     0x4  Calculation.o [1]
  .bss                zero     0x20000e04     0x4  Calculation.o [1]
  .bss                zero     0x20000e08     0x4  Calculation.o [1]
  .bss                zero     0x20000e0c     0x4  Calculation.o [1]
  .bss                zero     0x20000e10     0x4  Calculation.o [1]
  .bss                zero     0x20000e14     0x4  Calculation.o [1]
  .bss                zero     0x20000e18     0x4  Calculation.o [1]
  .bss                zero     0x20000e1c     0x4  Calculation.o [1]
  .bss                zero     0x20000e20     0x4  Calculation.o [1]
  .bss                zero     0x20000e24     0x4  Calculation.o [1]
  .bss                zero     0x20000e28     0x4  Calculation.o [1]
  .bss                zero     0x20000e2c     0x4  Calculation.o [1]
  .bss                zero     0x20000e30     0x4  Calculation.o [1]
  .bss                zero     0x20000e34     0x4  Calculation.o [1]
  .bss                zero     0x20000e38     0x4  Calculation.o [1]
  .bss                zero     0x20000e3c     0x4  Calculation.o [1]
  .bss                zero     0x20000e40     0x4  Calculation.o [1]
  .bss                zero     0x20000e44     0x4  Calculation.o [1]
  .bss                zero     0x20000e48     0x4  Calculation.o [1]
  .bss                zero     0x20000e4c     0x4  Calculation.o [1]
  .bss                zero     0x20000e50     0x4  Calculation.o [1]
  .bss                zero     0x20000e54     0x4  Calculation.o [1]
  .bss                zero     0x20000e58     0x4  Interact.o [1]
  .bss                zero     0x20000e5c     0x4  Interact.o [1]
  .bss                zero     0x20000e60     0x4  Interact.o [1]
  .bss                zero     0x20000e64     0x4  ISR.o [1]
  .bss                zero     0x20000e68     0x4  ISR.o [1]
  .bss                zero     0x20000e6c     0x4  main.o [1]
  .bss                zero     0x20000e70     0x4  main.o [1]
  .bss                zero     0x20000e74     0x4  MyIIC.o [1]
  .bss                zero     0x20000e78     0x4  MyNRF24L0.o [1]
  .bss                zero     0x20000e7c     0x4  MyNRF24L0.o [1]
  .bss                zero     0x20000e80     0x4  Task.o [1]
  .bss                zero     0x20000e84     0x4  Task.o [1]
  .bss                zero     0x20000e88     0x4  xgetmemchunk.o [3]
  .bss                zero     0x20000e8c     0x2  Canlibration.o [1]
  .bss                zero     0x20000e8e     0x2  Canlibration.o [1]
  .bss                zero     0x20000e90     0x2  Canlibration.o [1]
  .bss                zero     0x20000e92     0x2  Canlibration.o [1]
  .bss                zero     0x20000e94     0x2  Canlibration.o [1]
  .bss                zero     0x20000e96     0x2  Canlibration.o [1]
  .bss                zero     0x20000e98     0x2  delay.o [1]
  .bss                zero     0x20000e9a     0x2  ISR.o [1]
  .bss                zero     0x20000e9c     0x2  Task.o [1]
  .bss                zero     0x20000e9e     0x2  usart.o [1]
  .bss                zero     0x20000ea0     0x1  delay.o [1]
  .bss                zero     0x20000ea1     0x1  Interact.o [1]
  .bss                zero     0x20000ea2     0x1  ISR.o [1]
  .bss                zero     0x20000ea3     0x1  ISR.o [1]
  .bss                zero     0x20000ea4     0x1  ISR.o [1]
  .bss                zero     0x20000ea5     0x1  ISR.o [1]
  .bss                zero     0x20000ea6     0x1  ISR.o [1]
  .bss                zero     0x20000ea7     0x1  main.o [1]
  .bss                zero     0x20000ea8     0x1  MyNRF24L0.o [1]
  .bss                zero     0x20000ea9     0x1  MyNRF24L0.o [1]
  .bss                zero     0x20000eaa     0x1  MyNRF24L0.o [1]
  .bss                zero     0x20000eab     0x1  MyNRF24L0.o [1]
  .bss                zero     0x20000eac     0x1  Task.o [1]
  .bss                zero     0x20000ead     0x1  Task.o [1]
  .bss                zero     0x20000eae     0x1  Task.o [1]
  .bss                zero     0x20000eaf     0x1  Task.o [1]
  .bss                zero     0x20000eb0     0x1  Task.o [1]
  .bss                zero     0x20000eb1     0x1  Task.o [1]
                             - 0x20000eb2   0xc9e

"P2", part 3 of 3:                         0x3000
  CSTACK                       0x20000eb8  0x2000  <Block>
    CSTACK            uninit   0x20000eb8  0x2000  <Block tail>
  HEAP                         0x20002eb8  0x1000  <Block>
    HEAP              uninit   0x20002eb8  0x1000  <Block tail>
                             - 0x20003eb8  0x3000


*******************************************************************************
*** INIT TABLE
***

          Address     Size
          -------     ----
Zero (__iar_zero_init3)
    1 destination range, total size 0xc9e:
          0x20000214  0xc9e

Copy/packbits (__iar_packbits_init3)
    1 source range, total size 0xcd (38% of destination):
          0x0800c7e0   0xcd
    1 destination range, total size 0x214:
          0x20000000  0x214



*******************************************************************************
*** MODULE SUMMARY
***

    Module                  ro code  ro data  rw data
    ------                  -------  -------  -------
E:\FlyCtrl\CTRL_PCBV5 (github)\FlyControl\software\quadrotor\Debug\Obj: [1]
    Calculation.o             4 280        2      232
    Canlibration.o            3 436       14       28
    ISR.o                       840       77      728
    Interact.o                1 776        1       66
    L3GD20.o                    712        2        4
    LSM303.o                    188
    Mpu6050.o                   976      285        4
    MyIIC.o                     682                 4
    MyNRF24L0.o               1 096       14       92
    QMC5883.o                   188        8
    Task.o                    1 960       13       58
    context.o                   100        4       12
    delay.o                     240                 3
    info.o                       26
    main.o                      620       49    1 381
    misc.o                      176
    parse.o                   2 320      703       20
    parser.o                  1 172      144
    startup_stm32f10x_cl.o      608
    stm32f10x_MY_spi.o          384
    stm32f10x_MyFlash.o          14
    stm32f10x_adc.o             482
    stm32f10x_dma.o              52
    stm32f10x_exti.o             56
    stm32f10x_flash.o           462
    stm32f10x_gpio.o          1 232
    stm32f10x_rcc.o             328        9       20
    stm32f10x_spi.o             144
    stm32f10x_tim.o           1 548
    stm32f10x_usart.o           498
    sys_init.o                1 338
    system_stm32f10x.o          344        1        4
    tok.o                       674
    usart.o                     744               202
    -------------------------------------------------
    Total:                   29 696    1 326    2 858

command line: [2]
    -------------------------------------------------
    Total:

dl7M_tlf.a: [3]
    abort.o                       6
    div.o                        14
    dlmalloc.o                5 312               496
    errno.o                      12        2        4
    exit.o                        4
    isdigit.o                    10
    isxxx.o                      40
    localeconv.o                108       52      136
    low_level_init.o              4
    memcpy.o                     12
    memset.o                     20
    printf.o                     36
    putchar.o                    12
    setlocale.o                  24       45      116
    strncmp.o                    42
    strtol.o                      6
    tolower.o                    20
    vsnprint.o                   60
    xfiles.o                              24      144
    xgetmemchunk.o               44                 4
    xlocale_c.o                  54
    xprintffull_nomb.o        3 438
    xprout.o                     22
    xsnprout.o                   26
    xstoflt.o                   440
    xstol.o                     136
    xstopfx.o                   308
    xstoul.o                    404
    xstoxflt.o                  536
    xtls.o                        2
    -------------------------------------------------
    Total:                   11 152      123      900

m7M_tl.a: [4]
    DblAdd.o                    232
    DblCmpEq.o                   32
    DblCmpGe.o                   46
    DblCmpLe.o                   46
    DblDiv.o                    582
    DblMul.o                    418
    DblSub.o                    384
    DblToFlt.o                  144
    DblToI32.o                   88
    FltAdd.o                    132
    FltCmpEq.o                   28
    FltCmpGe.o                   36
    FltCmpLe.o                   36
    FltDiv.o                    252
    FltMul.o                    216
    FltSub.o                    230
    FltToDbl.o                   78
    FltToS32.o                   68
    I32ToDbl.o                   48
    I32ToFlt.o                   50
    acos.o                      232
    asin.o                      246
    atan.o                      148
    cos.o                         6
    fmod.o                      424
    sin.o                         6
    sqrt.o                      240
    strtod.o                      6
    xatan.o                     480
    xdint.o                     126
    xdnorm.o                     66
    xdscale.o                   268
    xdtento.o                   512
    xdunscal.o                   86
    xfdtest.o                    42
    xquad.o                     352
    xsin.o                    1 066
    xstod.o                     332
    -------------------------------------------------
    Total:                    7 784

rt7M_tl.a: [5]
    ABImemclr4.o                  6
    ABImemcpy_unaligned.o       118
    ABImemset.o                 102
    ABImemset48.o                50
    I64DivMod.o                 238
    I64DivZer.o                   2
    cexit.o                      10
    cmain.o                      26
    cstartup_M.o                 12
    data_init.o                  40
    iarEdom.o                    12
    memchr.o                     88
    memcmp_unaligned.o           98
    packbits_init.o             212
    strchr.o                     22
    strlen.o                     54
    zero_init3.o                 34
    -------------------------------------------------
    Total:                    1 124

shb_l.a: [6]
    ABIassert.o                  44
    exit.o                       20
    -------------------------------------------------
    Total:                       64

    Gaps                         58        2        4
    Linker created                        44   12 288
-----------------------------------------------------
    Grand Total:             49 878    1 495   16 050


*******************************************************************************
*** ENTRY LIST
***

Entry                      Address   Size  Type      Object
-----                      -------   ----  ----      ------
?main                   0x0800c501         Code  Gb  cmain.o [5]
ADCPrescTable           0x20000204    0x4  Data  Lc  stm32f10x_rcc.o [1]
ADC_Cmd                 0x0800aeed   0x1a  Code  Gb  stm32f10x_adc.o [1]
ADC_GetCalibrationStatus
                        0x0800af33   0x18  Code  Gb  stm32f10x_adc.o [1]
ADC_GetConversionValue  0x0800b053    0x6  Code  Gb  stm32f10x_adc.o [1]
ADC_GetFlagStatus       0x0800b061   0x1a  Code  Gb  stm32f10x_adc.o [1]
ADC_GetResetCalibrationStatus
                        0x0800af11   0x18  Code  Gb  stm32f10x_adc.o [1]
ADC_Init                0x0800ae99   0x54  Code  Gb  stm32f10x_adc.o [1]
ADC_RegularChannelConfig
                        0x0800af65   0xee  Code  Gb  stm32f10x_adc.o [1]
ADC_ResetCalibration    0x0800af07    0xa  Code  Gb  stm32f10x_adc.o [1]
ADC_SoftwareStartConvCmd
                        0x0800af4b   0x1a  Code  Gb  stm32f10x_adc.o [1]
ADC_StartCalibration    0x0800af29    0xa  Code  Gb  stm32f10x_adc.o [1]
APBAHBPrescTable        0x200001ac   0x10  Data  Lc  stm32f10x_rcc.o [1]
AccCalibration          0x08005343  0x668  Code  Gb  Canlibration.o [1]
AdcInit                 0x0800ac93   0x8a  Code  Gb  sys_init.o [1]
AttCalc                 0x080018af  0x510  Code  Gb  Calculation.o [1]
AttHld                  0x08009059  0x1a4  Code  Gb  Task.o [1]
AttHldPrep              0x08009021   0x38  Code  Gb  Task.o [1]
BatVoltageGet           0x0800abd7   0xbc  Code  Gb  sys_init.o [1]
CSTACK$$Base            0x20000eb8          --   Gb  - Linker created -
CSTACK$$Limit           0x20002eb8          --   Gb  - Linker created -
CaliFilt                0x08001679  0x236  Code  Gb  Calculation.o [1]
Coef                    0x200001e4    0x4  Data  Gb  Calculation.o [1]
CompassCalibration      0x080059c5  0x536  Code  Gb  Canlibration.o [1]
DMA1_Channel3_IRQHandler
                        0x0800b79d   0x2c  Code  Gb  ISR.o [1]
DMA_ClearITPendingBit   0x0800b8c9   0x10  Code  Gb  stm32f10x_dma.o [1]
DMA_Cmd                 0x0800b8ad   0x1c  Code  Gb  stm32f10x_dma.o [1]
DelayMs                 0x0800648f   0x42  Code  Gb  delay.o [1]
EXTI15_10_IRQHandler    0x0800b5ef   0x52  Code  Gb  ISR.o [1]
EXTI9_5_IRQHandler      0x0800b641   0x54  Code  Gb  ISR.o [1]
EXTI_ClearITPendingBit  0x0800b881    0x6  Code  Gb  stm32f10x_exti.o [1]
EXTI_GetITStatus        0x0800b859   0x28  Code  Gb  stm32f10x_exti.o [1]
Experiment              0x08009379  0x178  Code  Gb  Task.o [1]
FLASH_ErasePage         0x08005fa1   0x5e  Code  Gb  stm32f10x_flash.o [1]
FLASH_GetBank1Status    0x080060cb   0x34  Code  Gb  stm32f10x_flash.o [1]
FLASH_Lock              0x08005f8f   0x12  Code  Gb  stm32f10x_flash.o [1]
FLASH_ProgramHalfWord   0x0800607f   0x4c  Code  Gb  stm32f10x_flash.o [1]
FLASH_ProgramWord       0x08005fff   0x80  Code  Gb  stm32f10x_flash.o [1]
FLASH_ReadByte          0x080071f5    0x4  Code  Gb  stm32f10x_MyFlash.o [1]
FLASH_ReadHalfWord      0x080071f9    0x4  Code  Gb  stm32f10x_MyFlash.o [1]
FLASH_Unlock            0x08005f79   0x16  Code  Gb  stm32f10x_flash.o [1]
FLASH_WaitForLastOperation
                        0x08006119   0x2e  Code  Gb  stm32f10x_flash.o [1]
FlashReadFloat          0x080071fd    0x6  Code  Gb  stm32f10x_MyFlash.o [1]
FlashWriteAddr          0x200001e8    0x4  Data  Gb  Canlibration.o [1]
GPIO_EXTILineConfig     0x08007075   0x9c  Code  Gb  stm32f10x_gpio.o [1]
GPIO_Init               0x08006c75  0x136  Code  Gb  stm32f10x_gpio.o [1]
GPIO_PinRemapConfig     0x08006fed   0x88  Code  Gb  stm32f10x_gpio.o [1]
GPSCal                  0x08002401  0x244  Code  Gb  Calculation.o [1]
GetAdc                  0x0800aba9   0x2e  Code  Gb  sys_init.o [1]
GyroCalibration         0x080059ab   0x1a  Code  Gb  Canlibration.o [1]
HEAP$$Base              0x20002eb8          --   Gb  - Linker created -
HEAP$$Limit             0x20003eb8          --   Gb  - Linker created -
IIC_Ack                 0x08006239   0x34  Code  Gb  MyIIC.o [1]
IIC_NAck                0x0800626d   0x40  Code  Gb  MyIIC.o [1]
IIC_Port_Init           0x08006151   0x24  Code  Gb  MyIIC.o [1]
IIC_Read_Byte           0x08006303   0x52  Code  Gb  MyIIC.o [1]
IIC_Send_Byte           0x080062ad   0x56  Code  Gb  MyIIC.o [1]
IIC_Start               0x08006175   0x34  Code  Gb  MyIIC.o [1]
IIC_Stop                0x080061a9   0x34  Code  Gb  MyIIC.o [1]
IIC_Wait_Ack            0x080061dd   0x5c  Code  Lc  MyIIC.o [1]
InStream_Read           0x0800c06d   0x22  Code  Lc  packbits_init.o [5]
L3GD20GyroCalibration   0x080069e7  0x190  Code  Gb  L3GD20.o [1]
L3GD20ReadReg           0x080068f5   0x3e  Code  Gb  L3GD20.o [1]
L3GD20WriteReg          0x080068bd   0x38  Code  Gb  L3GD20.o [1]
L3GD20_IO_Init          0x08006933   0x20  Code  Gb  L3GD20.o [1]
L3GD20_Init             0x08006953   0x40  Code  Gb  L3GD20.o [1]
L3GD20_Read             0x08006993   0x54  Code  Gb  L3GD20.o [1]
L3GDgyro_adc            0x200001c8    0xc  Data  Gb  main.o [1]
LSM303D_Init            0x0800becf   0x3c  Code  Gb  LSM303.o [1]
LSM303ReadReg           0x0800be91   0x3e  Code  Gb  LSM303.o [1]
LSM303WriteReg          0x0800be59   0x38  Code  Gb  LSM303.o [1]
LSM_acc_adc             0x2000015c   0x20  Data  Gb  main.o [1]
MPU6050GyroCalibration  0x080066db  0x1c4  Code  Gb  Mpu6050.o [1]
MPUInit                 0x080064ed   0xee  Code  Gb  Mpu6050.o [1]
MPUReadAcc              0x080065db   0x80  Code  Gb  Mpu6050.o [1]
MPUReadGyr              0x0800665b   0x80  Code  Gb  Mpu6050.o [1]
NVIC_Config             0x0800adf9   0x76  Code  Gb  sys_init.o [1]
NVIC_Init               0x0800714f   0x6a  Code  Gb  misc.o [1]
NVIC_PriorityGroupConfig
                        0x08007145    0xa  Code  Gb  misc.o [1]
PIT4_Init               0x0800991b   0x70  Code  Gb  stm32f10x_tim.o [1]
PWMCalc                 0x08001dc5  0x61e  Code  Gb  Calculation.o [1]
ParamInit               0x0800a935  0x274  Code  Gb  sys_init.o [1]
QMC5883Init             0x08006b85   0x38  Code  Gb  QMC5883.o [1]
RCC_ADCCLKConfig        0x080073b1   0x14  Code  Gb  stm32f10x_rcc.o [1]
RCC_APB1PeriphClockCmd  0x080074bf   0x1e  Code  Gb  stm32f10x_rcc.o [1]
RCC_APB2PeriphClockCmd  0x080074a1   0x1e  Code  Gb  stm32f10x_rcc.o [1]
RCC_GetClocksFreq       0x080073c5   0xdc  Code  Gb  stm32f10x_rcc.o [1]
RCDenote                0x0800a15d   0x82  Code  Gb  Interact.o [1]
RX_ADDRESS              0x200001dc    0x8  Data  Gb  MyNRF24L0.o [1]
ReadQMC5883             0x08006bc1   0x80  Code  Gb  QMC5883.o [1]
Region$$Table$$Base     0x0800c498          --   Gb  - Linker created -
Region$$Table$$Limit    0x0800c4c4          --   Gb  - Linker created -
SCISend_to_Own          0x08009bdd  0x580  Code  Gb  Interact.o [1]
SPI3_Init               0x08007315   0x8e  Code  Gb  stm32f10x_MY_spi.o [1]
SPI_Cmd                 0x08007539   0x1c  Code  Gb  stm32f10x_spi.o [1]
SPI_I2S_GetFlagStatus   0x08007571   0x18  Code  Gb  stm32f10x_spi.o [1]
SPI_Init                0x080074f9   0x40  Code  Gb  stm32f10x_spi.o [1]
SPI_SSOutputCmd         0x08007555   0x1c  Code  Gb  stm32f10x_spi.o [1]
SaveAngleDataToNode     0x0800a1df   0x56  Code  Gb  Interact.o [1]
SaveToFlash             0x0800520d  0x136  Code  Gb  Canlibration.o [1]
SetParaPre              0x080091fd    0xe  Code  Gb  Task.o [1]
SetParam                0x0800920b  0x160  Code  Gb  Task.o [1]
SetSysClock             0x0800bf69    0x8  Code  Lc  system_stm32f10x.o [1]
SetSysClockTo72         0x0800bf71   0xe0  Code  Lc  system_stm32f10x.o [1]
Single_Read             0x080063b5   0x46  Code  Gb  MyIIC.o [1]
Single_Write            0x08006365   0x50  Code  Gb  MyIIC.o [1]
Standby                 0x08008e61  0x1c0  Code  Gb  Task.o [1]
StbPrep                 0x08008e29   0x38  Code  Gb  Task.o [1]
SysTick_CLKSourceConfig
                        0x080071b9   0x20  Code  Gb  misc.o [1]
SystemCoreClock         0x20000208    0x4  Data  Gb  system_stm32f10x.o [1]
SystemInit              0x0800bf15   0x54  Code  Gb  system_stm32f10x.o [1]
TIM2_PWM_Init           0x080099bd  0x12a  Code  Gb  stm32f10x_tim.o [1]
TIM3_PWM_Init           0x08009ae7   0xd4  Code  Gb  stm32f10x_tim.o [1]
TIM4_IRQHandler         0x0800b511   0xde  Code  Gb  ISR.o [1]
TIM_ClearITPendingBit   0x080099a1    0x8  Code  Gb  stm32f10x_tim.o [1]
TIM_Cmd                 0x0800988b   0x1c  Code  Gb  stm32f10x_tim.o [1]
TIM_ITConfig            0x080098a7   0x16  Code  Gb  stm32f10x_tim.o [1]
TIM_OC1Init             0x08009665   0x9a  Code  Gb  stm32f10x_tim.o [1]
TIM_OC1PreloadConfig    0x080098bd   0x12  Code  Gb  stm32f10x_tim.o [1]
TIM_OC2Init             0x080096ff   0x90  Code  Gb  stm32f10x_tim.o [1]
TIM_OC2PreloadConfig    0x080098cf   0x14  Code  Gb  stm32f10x_tim.o [1]
TIM_OC3Init             0x0800978f   0x8e  Code  Gb  stm32f10x_tim.o [1]
TIM_OC3PreloadConfig    0x080098e3   0x12  Code  Gb  stm32f10x_tim.o [1]
TIM_OC4Init             0x0800981d   0x6e  Code  Gb  stm32f10x_tim.o [1]
TIM_OC4PreloadConfig    0x080098f5   0x14  Code  Gb  stm32f10x_tim.o [1]
TIM_SetCompare1         0x08009909    0x4  Code  Gb  stm32f10x_tim.o [1]
TIM_SetCompare2         0x0800990d    0x4  Code  Gb  stm32f10x_tim.o [1]
TIM_SetCompare3         0x08009911    0x4  Code  Gb  stm32f10x_tim.o [1]
TIM_SetCompare4         0x08009915    0x6  Code  Gb  stm32f10x_tim.o [1]
TIM_TimeBaseInit        0x080095d1   0x94  Code  Gb  stm32f10x_tim.o [1]
TX_ADDRESS              0x200001d4    0x8  Data  Gb  MyNRF24L0.o [1]
Task                    0x20000c70   0x28  Data  Gb  Task.o [1]
TaskInit                0x080094fd   0x22  Code  Gb  Task.o [1]
USART1_IRQHandler       0x0800bb0f   0x7e  Code  Gb  usart.o [1]
USART3_IRQHandler       0x0800b695  0x108  Code  Gb  ISR.o [1]
USART_Cmd               0x0800a825   0x1c  Code  Gb  stm32f10x_usart.o [1]
USART_GetFlagStatus     0x0800a8a7   0x1e  Code  Gb  stm32f10x_usart.o [1]
USART_GetITStatus       0x0800a8c5   0x6e  Code  Gb  stm32f10x_usart.o [1]
USART_ITConfig          0x0800a841   0x56  Code  Gb  stm32f10x_usart.o [1]
USART_Init              0x0800a741   0xde  Code  Gb  stm32f10x_usart.o [1]
USART_RX_BUF            0x20000aa8   0xc8  Data  Gb  usart.o [1]
USART_RX_STA            0x20000e9e    0x2  Data  Gb  usart.o [1]
USART_ReceiveData       0x0800a89f    0x8  Code  Gb  stm32f10x_usart.o [1]
USART_SendData          0x0800a897    0x8  Code  Gb  stm32f10x_usart.o [1]
Uart1_RevBuf            0x200009a8  0x100  Data  Gb  ISR.o [1]
Uart1_RevBuf_Tail       0x20000e9a    0x2  Data  Gb  ISR.o [1]
UartInit                0x0800b8f3  0x21c  Code  Gb  usart.o [1]
_GenldFullNoMb          0x08004b9d  0x24a  Code  Lc  xprintffull_nomb.o [3]
_IsdstStr               0x2000008c    0x4  Data  Gb  setlocale.o [3]
_LdtobFullNoMb          0x080047b1  0x3e6  Code  Lc  xprintffull_nomb.o [3]
_LitobFullNoMb          0x080046a9  0x106  Code  Lc  xprintffull_nomb.o [3]
_LocaleC_isalpha        0x08008d89   0x16  Code  Gb  xlocale_c.o [3]
_LocaleC_isspace        0x08008d9f   0x14  Code  Gb  xlocale_c.o [3]
_LocaleC_tolower        0x08008e1d    0xc  Code  Gb  xlocale_c.o [3]
_LocaleForCat           0x08008d71   0x12  Code  Gb  setlocale.o [3]
_LocaleReturnString     0x200000ac   0x50  Data  Lc  setlocale.o [3]
_Locale_Profile         0x20000090   0x1c  Data  Gb  setlocale.o [3]
_Locale_aeabi_lconv     0x20000050   0x38  Data  Gb  localeconv.o [3]
_Locale_lconv           0x20000000   0x50  Data  Gb  localeconv.o [3]
_PrintfFullNoMb         0x080040c1  0x5e2  Code  Gb  xprintffull_nomb.o [3]
_Prout                  0x0800c579   0x16  Code  Gb  xprout.o [3]
_PutcharsFullNoMb       0x08004de7   0x2e  Code  Lc  xprintffull_nomb.o [3]
_SNProut                0x08002763   0x1a  Code  Gb  xsnprout.o [3]
_Stoflt                 0x080087a1  0x1b8  Code  Gb  xstoflt.o [3]
_Stopfx                 0x0800866d  0x134  Code  Gb  xstopfx.o [3]
_Stoxflt                0x08008b59  0x1e2  Code  Gb  xstoxflt.o [3]
_TzoneStr               0x20000088    0x4  Data  Gb  setlocale.o [3]
__aeabi_assert          0x08007207   0x24  Code  Gb  ABIassert.o [6]
__aeabi_cdcmpeq         0x08003ef9         Code  Gb  DblCmpEq.o [4]
__aeabi_cdcmple         0x080034bd         Code  Gb  DblCmpLe.o [4]
__aeabi_cdrcmple        0x0800348d         Code  Gb  DblCmpGe.o [4]
__aeabi_cfcmpeq         0x080035e5         Code  Gb  FltCmpEq.o [4]
__aeabi_cfcmple         0x08002e1d         Code  Gb  FltCmpLe.o [4]
__aeabi_cfrcmple        0x08002f3d         Code  Gb  FltCmpGe.o [4]
__aeabi_d2f             0x08002c9d         Code  Gb  DblToFlt.o [4]
__aeabi_d2iz            0x08003cc1         Code  Gb  DblToI32.o [4]
__aeabi_d2uiz           0x08003ced         Code  Gb  DblToI32.o [4]
__aeabi_dadd            0x080031ed         Code  Gb  DblAdd.o [4]
__aeabi_ddiv            0x08002a55         Code  Gb  DblDiv.o [4]
__aeabi_dmul            0x08003049         Code  Gb  DblMul.o [4]
__aeabi_dsub            0x080032d5         Code  Gb  DblSub.o [4]
__aeabi_errno_addr      0x08003889    0x6  Code  Gb  errno.o [3]
__aeabi_f2d             0x08002a05         Code  Gb  FltToDbl.o [4]
__aeabi_f2iz            0x0800293d         Code  Gb  FltToS32.o [4]
__aeabi_fadd            0x08002981         Code  Gb  FltAdd.o [4]
__aeabi_fdiv            0x08002e41         Code  Gb  FltDiv.o [4]
__aeabi_fmul            0x08002865         Code  Gb  FltMul.o [4]
__aeabi_fsub            0x0800277d         Code  Gb  FltSub.o [4]
__aeabi_i2d             0x08003455         Code  Gb  I32ToDbl.o [4]
__aeabi_i2f             0x08002731         Code  Gb  I32ToFlt.o [4]
__aeabi_ldiv0           0x08005209         Code  Gb  I64DivZer.o [5]
__aeabi_memclr4         0x08006149         Code  Gb  ABImemclr4.o [5]
__aeabi_memset          0x08008275         Code  Gb  ABImemset.o [5]
__aeabi_ui2d            0x08003469         Code  Gb  I32ToDbl.o [4]
__aeabi_ui2f            0x08002745         Code  Gb  I32ToFlt.o [4]
__aeabi_uldivmod        0x08004ed9         Code  Gb  I64DivMod.o [5]
__cmain                 0x0800c501         Code  Gb  cmain.o [5]
__data_GetMemChunk      0x08001639   0x2c  Code  Gb  xgetmemchunk.o [3]
__exit                  0x08001665   0x14  Code  Gb  exit.o [6]
__iar_Atan              0x080036a9  0x148  Code  Gb  xatan.o [4]
__iar_Dint              0x08003e79   0x7e  Code  Gb  xdint.o [4]
__iar_Dnorm             0x0800503f   0x42  Code  Gb  xdnorm.o [4]
__iar_Dscale            0x08005081  0x10c  Code  Gb  xdscale.o [4]
__iar_Dtentox           0x080089ab  0x14c  Code  Gb  xdtento.o [4]
__iar_Dunscale          0x08008dc7   0x56  Code  Gb  xdunscal.o [4]
__iar_EmptyStepPoint    0x08007205    0x2  Code  Gb  ABIassert.o [6]
__iar_Errno             0x2000020c    0x4  Data  Gb  errno.o [3]
__iar_FDtest            0x0800ae6f   0x2a  Code  Gb  xfdtest.o [4]
__iar_Locale_lconv_init
                        0x0800518d   0x3a  Code  Gb  localeconv.o [3]
__iar_Memchr            0x08004e81         Code  Gb  memchr.o [5]
__iar_Memset            0x08008275         Code  Gb  ABImemset.o [5]
__iar_Memset4_word      0x08006c41         Code  Gb  ABImemset48.o [5]
__iar_Memset8_word      0x08006c41         Code  Gb  ABImemset48.o [5]
__iar_Memset_word       0x0800827d         Code  Gb  ABImemset.o [5]
__iar_Quad              0x08003d19  0x160  Code  Gb  xquad.o [4]
__iar_Sin               0x08003895  0x424  Code  Gb  xsin.o [4]
__iar_Stdout            0x200000fc   0x40  Data  Gb  xfiles.o [3]
__iar_Stod              0x080084ad    0x4  Code  Gb  xstod.o [4]
__iar_Stodx             0x08008365  0x13a  Code  Gb  xstod.o [4]
__iar_Stolx             0x080082db   0x88  Code  Gb  xstol.o [3]
__iar_Stoulx            0x080084d9  0x13e  Code  Gb  xstoul.o [3]
__iar_Strchr            0x08004e31         Code  Gb  strchr.o [5]
__iar_d2uiz             0x08003cf9         Code  Gb  DblToI32.o [4]
__iar_dadd              0x08003201         Code  Gb  DblAdd.o [4]
__iar_data_init3        0x0800c429   0x28  Code  Gb  data_init.o [5]
__iar_dlfree            0x080010f7  0x512  Code  Gb  dlmalloc.o [3]
__iar_dlib_perthread_access
                        0x08003cbf    0x2  Code  Gb  xtls.o [3]
__iar_dlmalloc          0x08000e39  0x2b2  Code  Gb  dlmalloc.o [3]
__iar_dsub              0x080032e9         Code  Gb  DblSub.o [4]
__iar_dsubStart         0x080032fb         Code  Gb  DblSub.o [4]
__iar_edom              0x0800369d         Code  Gb  iarEdom.o [5]
__iar_fadd              0x08002991         Code  Gb  FltAdd.o [4]
__iar_fmod              0x08003f19         Code  Gb  fmod.o [4]
__iar_fmodl             0x08003f19         Code  Gb  fmod.o [4]
__iar_fsub              0x0800278d         Code  Gb  FltSub.o [4]
__iar_fsubStart         0x0800279d         Code  Gb  FltSub.o [4]
__iar_gm_               0x20000650  0x1d8  Data  Gb  dlmalloc.o [3]
__iar_packbits_init3    0x0800c08f   0xb2  Code  Gb  packbits_init.o [5]
__iar_program_start     0x0800c679         Code  Gb  cstartup_M.o [5]
__iar_sqrt              0x08002d2d         Code  Gb  sqrt.o [4]
__iar_ui2d              0x0800346d         Code  Gb  I32ToDbl.o [4]
__iar_ui2f              0x08002749         Code  Gb  I32ToFlt.o [4]
__iar_unaligned___aeabi_memcpy
                        0x08004fc9         Code  Gb  ABImemcpy_unaligned.o [5]
__iar_unaligned___aeabi_memcpy4
                        0x08004fe9         Code  Gb  ABImemcpy_unaligned.o [5]
__iar_unaligned___aeabi_memcpy8
                        0x08004fe9         Code  Gb  ABImemcpy_unaligned.o [5]
__iar_unaligned_memcmp  0x080081a1         Code  Gb  memcmp_unaligned.o [5]
__iar_zero_init3        0x08001617   0x22  Code  Gb  zero_init3.o [5]
__low_level_init        0x0800c51b    0x4  Code  Gb  low_level_init.o [3]
__vector_table          0x08000000         Data  Gb  startup_stm32f10x_cl.o [1]
_amtp                   0x200001ec    0x4  Data  Gb  Canlibration.o [1]
_call_main              0x0800c50d         Code  Gb  cmain.o [5]
_exit                   0x0800c525         Code  Gb  cexit.o [5]
_gt                     0x200001f4    0x4  Data  Gb  Canlibration.o [1]
_main                   0x0800c517         Code  Gb  cmain.o [5]
_nmea_parse_time        0x08007589   0x8c  Code  Gb  parse.o [1]
a                       0x08003848   0x40  Data  Lc  xatan.o [4]
abort                   0x08001611    0x6  Code  Gb  abort.o [3]
acc                     0x2000013c   0x20  Data  Gb  main.o [1]
acc_angle               0x20000d58   0x18  Data  Gb  main.o [1]
acc_chip_out            0x20000dd0    0x8  Data  Gb  ISR.o [1]
acos                    0x08002f61   0xe8  Code  Gb  acos.o [4]
amplitude               0x20000e9c    0x2  Data  Gb  Task.o [1]
angle                   0x20000d98    0xc  Data  Gb  Calculation.o [1]
angle_error_x           0x20000de8    0x4  Data  Gb  Calculation.o [1]
angle_error_y           0x20000dec    0x4  Data  Gb  Calculation.o [1]
angle_z_ctrl_rate       0x200001f8    0x4  Data  Gb  Interact.o [1]
anglex_pnode            0x20000e58    0x4  Data  Gb  Interact.o [1]
angley_pnode            0x20000e5c    0x4  Data  Gb  Interact.o [1]
anglez_pnode            0x20000e60    0x4  Data  Gb  Interact.o [1]
angx_err                0x20000e44    0x4  Data  Gb  Calculation.o [1]
angy_err                0x20000e48    0x4  Data  Gb  Calculation.o [1]
asin                    0x080034ed   0xf0  Code  Gb  asin.o [4]
atan                    0x08003609   0x94  Code  Gb  atan.o [4]
bat_voltage             0x20000e70    0x4  Data  Gb  main.o [1]
cali_acc_flag           0x20000eae    0x1  Data  Gb  Task.o [1]
cali_compass            0x20000eb1    0x1  Data  Gb  Task.o [1]
cali_gyro_flag          0x20000eaf    0x1  Data  Gb  Task.o [1]
compass                 0x2000017c   0x1c  Data  Gb  main.o [1]
cos                     0x08003601    0x6  Code  Gb  cos.o [4]
cps_chip_out            0x20000de0    0x8  Data  Gb  ISR.o [1]
ctrl                    0x20000828   0x14  Data  Gb  main.o [1]
delay_init              0x080063fd   0x28  Code  Gb  delay.o [1]
delay_raw1us            0x08006447   0x48  Code  Gb  delay.o [1]
delay_us                0x08006425   0x22  Code  Gb  delay.o [1]
digits                  0x0800861c   0x28  Data  Lc  xstoul.o [3]
div                     0x080051f9    0xe  Code  Gb  div.o [3]
dma_max_recieve         0x20000e68    0x4  Data  Gb  ISR.o [1]
dmul                    0x08008959   0x52  Code  Lc  xdtento.o [4]
exit                    0x0800c51f    0x4  Code  Gb  exit.o [3]
fac_ms                  0x20000e98    0x2  Data  Lc  delay.o [1]
fac_us                  0x20000ea0    0x1  Data  Lc  delay.o [1]
filted_acc              0x20000d10   0x18  Data  Gb  ISR.o [1]
filted_cps              0x20000d40   0x18  Data  Gb  ISR.o [1]
filted_gyro             0x20000d28   0x18  Data  Gb  ISR.o [1]
fmod                    0x08003f19         Code  Gb  fmod.o [4]
fmodl                   0x08003f19         Code  Gb  fmod.o [4]
fputc                   0x0800b8e1   0x12  Code  Gb  usart.o [1]
gc                      0x20000b70   0x80  Data  Gb  main.o [1]
gpio_init               0x08006dab  0x1b4  Code  Gb  stm32f10x_gpio.o [1]
gpio_int_cfg            0x08006f5f   0x8e  Code  Gb  stm32f10x_gpio.o [1]
gyro                    0x20000dbc    0xc  Data  Gb  main.o [1]
gyro_cali_tolerance     0x20000200    0x4  Data  Gb  Mpu6050.o [1]
gyro_chip_out           0x20000dd8    0x8  Data  Gb  ISR.o [1]
info                    0x20000840  0x168  Data  Gb  ISR.o [1]
init_mparams            0x0800016b   0x32  Code  Lc  dlmalloc.o [3]
init_top                0x0800019d   0x34  Code  Lc  dlmalloc.o [3]
irq_tx_buff             0x20000cb8   0x20  Data  Gb  MyNRF24L0.o [1]
isalpha                 0x080084b1   0x14  Code  Gb  isxxx.o [3]
isdigit                 0x0800822f    0xa  Code  Gb  isdigit.o [3]
isspace                 0x080084c5   0x14  Code  Gb  isxxx.o [3]
l3gd_gyro_cali_tolerance
                        0x200001fc    0x4  Data  Gb  L3GD20.o [1]
localeconv              0x080051c7   0x16  Code  Gb  localeconv.o [3]
main                    0x0800bbc9  0x26c  Code  Gb  main.o [1]
memchr                  0x08004e81         Code  Gb  memchr.o [5]
memcpy                  0x08008217    0xc  Code  Gb  memcpy.o [3]
memset                  0x08008203   0x14  Code  Gb  memset.o [3]
mparams                 0x20000d70   0x18  Data  Lc  dlmalloc.o [3]
ndigs                   0x08008644   0x28  Data  Lc  xstoul.o [3]
need_restart_flag       0x20000eb0    0x1  Data  Gb  Task.o [1]
next_procedure          0x20000eac    0x1  Data  Gb  Task.o [1]
nmea_GPGGA2info         0x08007b6d   0x80  Code  Gb  parse.o [1]
nmea_GPGSA2info         0x08007bed   0x94  Code  Gb  parse.o [1]
nmea_GPGSV2info         0x08007c81   0xc6  Code  Gb  parse.o [1]
nmea_GPRMC2info         0x08007d47   0xac  Code  Gb  parse.o [1]
nmea_GPVTG2info         0x08007df3   0x40  Code  Gb  parse.o [1]
nmea_atof               0x08007ecb   0x34  Code  Gb  tok.o [1]
nmea_atoi               0x08007e99   0x32  Code  Gb  tok.o [1]
nmea_error              0x08008163   0x3e  Code  Gb  context.o [1]
nmea_find_tail          0x080076ab   0xc6  Code  Gb  parse.o [1]
nmea_pack_type          0x08007615   0x96  Code  Gb  parse.o [1]
nmea_parse              0x0800b10b   0xa2  Code  Gb  parser.o [1]
nmea_parse_GPGGA        0x08007771   0xc8  Code  Gb  parse.o [1]
nmea_parse_GPGSA        0x08007839   0xb8  Code  Gb  parse.o [1]
nmea_parse_GPGSV        0x080078f1   0xf6  Code  Gb  parse.o [1]
nmea_parse_GPRMC        0x080079e7   0xdc  Code  Gb  parse.o [1]
nmea_parse_GPVTG        0x08007ac3   0xaa  Code  Gb  parse.o [1]
nmea_parser_buff_clear  0x0800b4ad   0x26  Code  Gb  parser.o [1]
nmea_parser_destroy     0x0800b0d3   0x38  Code  Gb  parser.o [1]
nmea_parser_drop        0x0800b45f   0x4e  Code  Gb  parser.o [1]
nmea_parser_init        0x0800b07d   0x56  Code  Gb  parser.o [1]
nmea_parser_pop         0x0800b417   0x48  Code  Gb  parser.o [1]
nmea_parser_push        0x0800b3db   0x3c  Code  Gb  parser.o [1]
nmea_parser_queue_clear
                        0x0800b4d3   0x2a  Code  Gb  parser.o [1]
nmea_parser_real_push   0x0800b1ad  0x22e  Code  Gb  parser.o [1]
nmea_property           0x0800813d    0x4  Code  Gb  context.o [1]
nmea_scanf              0x08007eff  0x23c  Code  Gb  tok.o [1]
nmea_trace_buff         0x08008145   0x1e  Code  Gb  context.o [1]
nmea_zero_INFO          0x0800b891   0x1a  Code  Gb  info.o [1]
nrf_break               0x20000213    0x1  Data  Gb  Task.o [1]
nrf_handler             0x0800a65d   0xb0  Code  Gb  MyNRF24L0.o [1]
nrf_init                0x0800a2f9   0xc6  Code  Gb  MyNRF24L0.o [1]
nrf_int_flag            0x20000211    0x1  Data  Gb  ISR.o [1]
nrf_irq_tx_addr         0x20000e78    0x4  Data  Gb  MyNRF24L0.o [1]
nrf_irq_tx_flag         0x20000ea9    0x1  Data  Gb  MyNRF24L0.o [1]
nrf_irq_tx_pnum         0x20000e7c    0x4  Data  Gb  MyNRF24L0.o [1]
nrf_link_check          0x0800a4b5   0xa4  Code  Gb  MyNRF24L0.o [1]
nrf_mode                0x20000ea8    0x1  Data  Gb  MyNRF24L0.o [1]
nrf_rciv                0x20000cd8   0x20  Data  Gb  MyNRF24L0.o [1]
nrf_readbuf             0x0800a479   0x3c  Code  Lc  MyNRF24L0.o [1]
nrf_readreg             0x0800a401   0x3a  Code  Lc  MyNRF24L0.o [1]
nrf_rx_mode             0x0800a559   0x54  Code  Gb  MyNRF24L0.o [1]
nrf_tx                  0x0800a5fb   0x62  Code  Gb  MyNRF24L0.o [1]
nrf_tx_mode             0x0800a5ad   0x4e  Code  Gb  MyNRF24L0.o [1]
nrf_writebuf            0x0800a43b   0x3e  Code  Lc  MyNRF24L0.o [1]
nrf_writereg            0x0800a3bf   0x42  Code  Lc  MyNRF24L0.o [1]
obuf                    0x20000bf0   0x50  Data  Lc  xfiles.o [3]
offset_angle            0x20000db0    0xc  Data  Gb  Calculation.o [1]
pipl_dir                0x20000ea7    0x1  Data  Gb  main.o [1]
pit_25ms_flag           0x20000ea2    0x1  Data  Gb  ISR.o [1]
pit_500ms_flag          0x20000ea4    0x1  Data  Gb  ISR.o [1]
pit_50ms_flag           0x20000ea3    0x1  Data  Gb  ISR.o [1]
pit_5s_flag             0x20000ea5    0x1  Data  Gb  ISR.o [1]
pows                    0x08008b10   0x48  Data  Lc  xdtento.o [4]
prepend_alloc           0x080001d1  0x33c  Code  Lc  dlmalloc.o [3]
pressure                0x20000e6c    0x4  Data  Gb  main.o [1]
printf                  0x0800be35   0x24  Code  Gb  printf.o [3]
putchar                 0x0800c591    0xc  Code  Gb  putchar.o [3]
pwm                     0x20000d88   0x10  Data  Gb  Calculation.o [1]
pwm_of_dir              0x20000e2c    0x4  Data  Gb  Calculation.o [1]
pwr_low_flag            0x20000212    0x1  Data  Gb  Task.o [1]
rx_flag                 0x20000eab    0x1  Data  Gb  MyNRF24L0.o [1]
sCom                    0x20000214  0x43c  Data  Gb  main.o [1]
segment_holding         0x08000151   0x1a  Code  Lc  dlmalloc.o [3]
send_type               0x20000210    0x1  Data  Gb  Interact.o [1]
send_wave_flag          0x20000ead    0x1  Data  Gb  Task.o [1]
sin                     0x08003485    0x6  Code  Gb  sin.o [4]
spi_mosi                0x08007231   0x4e  Code  Gb  stm32f10x_MY_spi.o [1]
spi_mosi_cmd            0x0800727f   0x96  Code  Gb  stm32f10x_MY_spi.o [1]
sqrt                    0x08002d2d         Code  Gb  sqrt.o [4]
sqrtl                   0x08002d2d         Code  Gb  sqrt.o [4]
strchr                  0x08004e31         Code  Gb  strchr.o [5]
strlen                  0x08004e49         Code  Gb  strlen.o [5]
strncmp                 0x0800a2cd   0x2a  Code  Gb  strncmp.o [3]
strtod                  0x08008229    0x6  Code  Gb  strtod.o [4]
strtol                  0x08008223    0x6  Code  Gb  strtol.o [3]
sys_alloc               0x0800050d  0x384  Code  Lc  dlmalloc.o [3]
tmalloc_large           0x0800089d  0x38a  Code  Lc  dlmalloc.o [3]
tmalloc_small           0x08000c27  0x204  Code  Lc  dlmalloc.o [3]
tolower                 0x08008db3   0x14  Code  Gb  tolower.o [3]
tx_flag                 0x20000eaa    0x1  Data  Gb  MyNRF24L0.o [1]
usart_GPS_sd_flag       0x20000ea6    0x1  Data  Gb  ISR.o [1]
vsnprintf               0x08008239   0x3c  Code  Gb  vsnprint.o [3]
x_b                     0x20000dfc    0x4  Data  Gb  Calculation.o [1]
x_d_i                   0x20000e14    0x4  Data  Gb  Calculation.o [1]
x_max                   0x20000e8e    0x2  Data  Gb  Canlibration.o [1]
x_min                   0x20000e8c    0x2  Data  Gb  Canlibration.o [1]
x_p_i                   0x20000e10    0x4  Data  Gb  Calculation.o [1]
x_p_o                   0x20000e0c    0x4  Data  Gb  Calculation.o [1]
xcq                     0x20000e24    0x4  Data  Gb  Calculation.o [1]
xyz_t                   0x200001f0    0x4  Data  Gb  Canlibration.o [1]
y_b                     0x20000e00    0x4  Data  Gb  Calculation.o [1]
y_d_i                   0x20000e20    0x4  Data  Gb  Calculation.o [1]
y_max                   0x20000e92    0x2  Data  Gb  Canlibration.o [1]
y_min                   0x20000e90    0x2  Data  Gb  Canlibration.o [1]
y_p_i                   0x20000e1c    0x4  Data  Gb  Calculation.o [1]
y_p_o                   0x20000e18    0x4  Data  Gb  Calculation.o [1]
ycq                     0x20000e28    0x4  Data  Gb  Calculation.o [1]
z_d                     0x20000e08    0x4  Data  Gb  Calculation.o [1]
z_max                   0x20000e96    0x2  Data  Gb  Canlibration.o [1]
z_min                   0x20000e94    0x2  Data  Gb  Canlibration.o [1]
z_p                     0x20000e04    0x4  Data  Gb  Calculation.o [1]


[1] = E:\FlyCtrl\CTRL_PCBV5 (github)\FlyControl\software\quadrotor\Debug\Obj
[2] = command line
[3] = dl7M_tlf.a
[4] = m7M_tl.a
[5] = rt7M_tl.a
[6] = shb_l.a

  49 878 bytes of readonly  code memory
   1 495 bytes of readonly  data memory
  16 050 bytes of readwrite data memory

Errors: none
Warnings: none
