###############################################################################
#
# IAR ELF Linker V7.10.1.6676/W32 for ARM                 07/Mar/2021  00:36:41
# Copyright 2007-2014 IAR Systems AB.
#
#    Output file  =  
#        E:\Elec\Air plane\FlyCtrl\CTRL_PCBV5\Debug\Exe\STM32F103-IAR.out
#    Map file     =  
#        E:\Elec\Air plane\FlyCtrl\CTRL_PCBV5\Debug\List\STM32F103-IAR.map
#    Command line =  
#        "E:\Elec\Air plane\FlyCtrl\CTRL_PCBV5\Debug\Obj\Calculation.o"
#        "E:\Elec\Air plane\FlyCtrl\CTRL_PCBV5\Debug\Obj\Canlibration.o"
#        "E:\Elec\Air plane\FlyCtrl\CTRL_PCBV5\Debug\Obj\context.o"
#        "E:\Elec\Air plane\FlyCtrl\CTRL_PCBV5\Debug\Obj\DataStructure.o"
#        "E:\Elec\Air plane\FlyCtrl\CTRL_PCBV5\Debug\Obj\delay.o" "E:\Elec\Air
#        plane\FlyCtrl\CTRL_PCBV5\Debug\Obj\generate.o" "E:\Elec\Air
#        plane\FlyCtrl\CTRL_PCBV5\Debug\Obj\generator.o" "E:\Elec\Air
#        plane\FlyCtrl\CTRL_PCBV5\Debug\Obj\gmath.o" "E:\Elec\Air
#        plane\FlyCtrl\CTRL_PCBV5\Debug\Obj\GPS.o" "E:\Elec\Air
#        plane\FlyCtrl\CTRL_PCBV5\Debug\Obj\HMC5883.o" "E:\Elec\Air
#        plane\FlyCtrl\CTRL_PCBV5\Debug\Obj\info.o" "E:\Elec\Air
#        plane\FlyCtrl\CTRL_PCBV5\Debug\Obj\Interact.o" "E:\Elec\Air
#        plane\FlyCtrl\CTRL_PCBV5\Debug\Obj\ISR.o" "E:\Elec\Air
#        plane\FlyCtrl\CTRL_PCBV5\Debug\Obj\L3GD20.o" "E:\Elec\Air
#        plane\FlyCtrl\CTRL_PCBV5\Debug\Obj\LSM303.o" "E:\Elec\Air
#        plane\FlyCtrl\CTRL_PCBV5\Debug\Obj\main.o" "E:\Elec\Air
#        plane\FlyCtrl\CTRL_PCBV5\Debug\Obj\misc.o" "E:\Elec\Air
#        plane\FlyCtrl\CTRL_PCBV5\Debug\Obj\Mpu6050.o" "E:\Elec\Air
#        plane\FlyCtrl\CTRL_PCBV5\Debug\Obj\MyIIC.o" "E:\Elec\Air
#        plane\FlyCtrl\CTRL_PCBV5\Debug\Obj\MyNRF24L0.o" "E:\Elec\Air
#        plane\FlyCtrl\CTRL_PCBV5\Debug\Obj\parse.o" "E:\Elec\Air
#        plane\FlyCtrl\CTRL_PCBV5\Debug\Obj\parser.o" "E:\Elec\Air
#        plane\FlyCtrl\CTRL_PCBV5\Debug\Obj\QMC5883.o" "E:\Elec\Air
#        plane\FlyCtrl\CTRL_PCBV5\Debug\Obj\sentence.o" "E:\Elec\Air
#        plane\FlyCtrl\CTRL_PCBV5\Debug\Obj\startup_stm32f10x_cl.o"
#        "E:\Elec\Air plane\FlyCtrl\CTRL_PCBV5\Debug\Obj\stm32f10x_adc.o"
#        "E:\Elec\Air plane\FlyCtrl\CTRL_PCBV5\Debug\Obj\stm32f10x_dma.o"
#        "E:\Elec\Air plane\FlyCtrl\CTRL_PCBV5\Debug\Obj\stm32f10x_exti.o"
#        "E:\Elec\Air plane\FlyCtrl\CTRL_PCBV5\Debug\Obj\stm32f10x_flash.o"
#        "E:\Elec\Air plane\FlyCtrl\CTRL_PCBV5\Debug\Obj\stm32f10x_gpio.o"
#        "E:\Elec\Air plane\FlyCtrl\CTRL_PCBV5\Debug\Obj\stm32f10x_i2c.o"
#        "E:\Elec\Air plane\FlyCtrl\CTRL_PCBV5\Debug\Obj\stm32f10x_MY_spi.o"
#        "E:\Elec\Air plane\FlyCtrl\CTRL_PCBV5\Debug\Obj\stm32f10x_MyFlash.o"
#        "E:\Elec\Air plane\FlyCtrl\CTRL_PCBV5\Debug\Obj\stm32f10x_rcc.o"
#        "E:\Elec\Air plane\FlyCtrl\CTRL_PCBV5\Debug\Obj\stm32f10x_spi.o"
#        "E:\Elec\Air plane\FlyCtrl\CTRL_PCBV5\Debug\Obj\stm32f10x_tim.o"
#        "E:\Elec\Air plane\FlyCtrl\CTRL_PCBV5\Debug\Obj\stm32f10x_usart.o"
#        "E:\Elec\Air plane\FlyCtrl\CTRL_PCBV5\Debug\Obj\sys_init.o"
#        "E:\Elec\Air plane\FlyCtrl\CTRL_PCBV5\Debug\Obj\system_stm32f10x.o"
#        "E:\Elec\Air plane\FlyCtrl\CTRL_PCBV5\Debug\Obj\Task.o" "E:\Elec\Air
#        plane\FlyCtrl\CTRL_PCBV5\Debug\Obj\time.o" "E:\Elec\Air
#        plane\FlyCtrl\CTRL_PCBV5\Debug\Obj\tok.o" -o "E:\Elec\Air
#        plane\FlyCtrl\CTRL_PCBV5\Debug\Exe\STM32F103-IAR.out" --map
#        "E:\Elec\Air plane\FlyCtrl\CTRL_PCBV5\Debug\List\STM32F103-IAR.map"
#        --config "E:\Elec\Air
#        plane\FlyCtrl\CTRL_PCBV5\Config\stm32f10x_flash.icf" --semihosting
#        --entry __iar_program_start --redirect
#        __iar_sh_stdout=__iar_sh_stdout_swo --vfe
#
###############################################################################

*******************************************************************************
*** RUNTIME MODEL ATTRIBUTES
***

CppFlavor                     = *
__Heap_Handler                = DLMalloc
__SystemLibrary               = DLib
__dlib_dynamic_initialization = normal


*******************************************************************************
*** PLACEMENT SUMMARY
***

"A1":  place at 0x08000000 { ro section .intvec };
"P1":  place in [from 0x08000000 to 0x080fffff] { ro };
"P2":  place in [from 0x20000000 to 0x2000bfff] { rw, block CSTACK, block HEAP };

  Section             Kind        Address    Size  Object
  -------             ----        -------    ----  ------
"A1":                                       0x150
  .intvec             ro code  0x08000000   0x150  startup_stm32f10x_cl.o [1]
                             - 0x08000150   0x150

"P1":                                      0xc75a
  .text               ro code  0x08000150  0x14c0  dlmalloc.o [3]
  .text               ro code  0x08001610     0x6  abort.o [3]
  .text               ro code  0x08001616    0x22  zero_init3.o [5]
  .text               ro code  0x08001638    0x2c  xgetmemchunk.o [3]
  .text               ro code  0x08001664    0x14  exit.o [6]
  .text               ro code  0x08001678  0x10d0  Calculation.o [1]
  .text               ro code  0x08002748    0x32  I32ToFlt.o [4]
  .text               ro code  0x0800277a    0x1a  xsnprout.o [3]
  .text               ro code  0x08002794    0xe6  FltSub.o [4]
  .text               ro code  0x0800287c    0xd8  FltMul.o [4]
  .text               ro code  0x08002954    0x44  FltToS32.o [4]
  .text               ro code  0x08002998    0x84  FltAdd.o [4]
  .text               ro code  0x08002a1c    0x4e  FltToDbl.o [4]
  .text               ro code  0x08002a6c   0x246  DblDiv.o [4]
  .text               ro code  0x08002cb4    0x90  DblToFlt.o [4]
  .text               ro code  0x08002d44    0xf0  sqrt.o [4]
  .text               ro code  0x08002e34    0x24  FltCmpLe.o [4]
  .text               ro code  0x08002e58    0xfc  FltDiv.o [4]
  .text               ro code  0x08002f54    0x24  FltCmpGe.o [4]
  .text               ro code  0x08002f78    0xe8  acos.o [4]
  .text               ro code  0x08003060   0x180  DblSub.o [4]
  .text               ro code  0x080031e0   0x1a2  DblMul.o [4]
  .text               ro code  0x08003384    0xe8  DblAdd.o [4]
  .text               ro code  0x0800346c    0x30  I32ToDbl.o [4]
  .text               ro code  0x0800349c     0x6  sin.o [4]
  .text               ro code  0x080034a4    0x2e  DblCmpGe.o [4]
  .text               ro code  0x080034d4    0x2e  DblCmpLe.o [4]
  .text               ro code  0x08003504    0xf6  asin.o [4]
  .text               ro code  0x080035fc    0x1c  FltCmpEq.o [4]
  .text               ro code  0x08003618     0x6  cos.o [4]
  .text               ro code  0x08003620    0x94  atan.o [4]
  .text               ro code  0x080036b4     0xc  iarEdom.o [5]
  .text               ro code  0x080036c0   0x1e0  xatan.o [4]
  .text               ro code  0x080038a0     0xc  errno.o [3]
  .text               ro code  0x080038ac   0x42a  xsin.o [4]
  .text               ro code  0x08003cd6     0x2  xtls.o [3]
  .text               ro code  0x08003cd8    0x58  DblToI32.o [4]
  .text               ro code  0x08003d30   0x160  xquad.o [4]
  .text               ro code  0x08003e90    0x7e  xdint.o [4]
  .text               ro code  0x08003f10    0x20  DblCmpEq.o [4]
  .text               ro code  0x08003f30   0x1a8  fmod.o [4]
  .text               ro code  0x080040d8   0xd6e  xprintffull_nomb.o [3]
  .text               ro code  0x08004e48    0x16  strchr.o [5]
  .text               ro code  0x08004e60    0x36  strlen.o [5]
  .text               ro code  0x08004e98    0x58  memchr.o [5]
  .text               ro code  0x08004ef0    0xee  I64DivMod.o [5]
  .text               ro code  0x08004fe0    0x76  ABImemcpy_unaligned.o [5]
  .text               ro code  0x08005056    0x42  xdnorm.o [4]
  .text               ro code  0x08005098   0x10c  xdscale.o [4]
  .text               ro code  0x080051a4    0x6c  localeconv.o [3]
  .text               ro code  0x08005210     0xe  div.o [3]
  .text               ro code  0x08005220     0x2  I64DivZer.o [5]
  .text               ro code  0x08005224   0xd6c  Canlibration.o [1]
  .text               ro code  0x08005f90   0x1ce  stm32f10x_flash.o [1]
  .text               ro code  0x08006160     0x6  ABImemclr4.o [5]
  .text               ro code  0x08006168   0x2aa  MyIIC.o [1]
  .text               ro code  0x08006414    0xf0  delay.o [1]
  .text               ro code  0x08006504   0x3d0  Mpu6050.o [1]
  .text               ro code  0x080068d4   0x2c8  L3GD20.o [1]
  .text               ro code  0x08006b9c    0xbc  QMC5883.o [1]
  .text               ro code  0x08006c58    0x32  ABImemset48.o [5]
  .text               ro code  0x08006c8c   0x4d0  stm32f10x_gpio.o [1]
  .text               ro code  0x0800715c    0xb0  misc.o [1]
  .text               ro code  0x0800720c     0xe  stm32f10x_MyFlash.o [1]
  .text               ro code  0x0800721c    0x2c  ABIassert.o [6]
  .text               ro code  0x08007248   0x180  stm32f10x_MY_spi.o [1]
  .text               ro code  0x080073c8   0x148  stm32f10x_rcc.o [1]
  .text               ro code  0x08007510    0x90  stm32f10x_spi.o [1]
  .text               ro code  0x080075a0   0x9c4  Interact.o [1]
  .text               ro code  0x08007f64   0x19c  stm32f10x_usart.o [1]
  .text               ro code  0x08008100   0x910  parse.o [1]
  .text               ro code  0x08008a10   0x2a2  tok.o [1]
  .text               ro code  0x08008cb4    0x64  context.o [1]
  .text               ro code  0x08008d18    0x62  memcmp_unaligned.o [5]
  .text               ro code  0x08008d7a    0x14  memset.o [3]
  .text               ro code  0x08008d8e     0xc  memcpy.o [3]
  .text               ro code  0x08008d9a     0x6  strtol.o [3]
  .text               ro code  0x08008da0     0x6  strtod.o [4]
  .text               ro code  0x08008da6     0xa  isdigit.o [3]
  .text               ro code  0x08008db0    0x3c  vsnprint.o [3]
  .text               ro code  0x08008dec    0x66  ABImemset.o [5]
  .text               ro code  0x08008e52    0x88  xstol.o [3]
  .text               ro code  0x08008edc   0x14c  xstod.o [4]
  .text               ro code  0x08009028    0x28  isxxx.o [3]
  .text               ro code  0x08009050   0x194  xstoul.o [3]
  .text               ro code  0x080091e4   0x134  xstopfx.o [3]
  .text               ro code  0x08009318   0x1b8  xstoflt.o [3]
  .text               ro code  0x080094d0   0x200  xdtento.o [4]
  .text               ro code  0x080096d0   0x218  xstoxflt.o [3]
  .text               ro code  0x080098e8    0x18  setlocale.o [3]
  .text               ro code  0x08009900    0x16  xlocale_c.o [3]
  .text               ro code  0x08009916    0x14  xlocale_c.o [3]
  .text               ro code  0x0800992a    0x14  tolower.o [3]
  .text               ro code  0x0800993e    0x56  xdunscal.o [4]
  .text               ro code  0x08009994     0xc  xlocale_c.o [3]
  .text               ro code  0x080099a0   0x8d0  Task.o [1]
  .text               ro code  0x0800a270   0x60c  stm32f10x_tim.o [1]
  .text               ro code  0x0800a87c    0x2a  strncmp.o [3]
  .text               ro code  0x0800a8a8   0x448  MyNRF24L0.o [1]
  .text               ro code  0x0800acf0   0x53a  sys_init.o [1]
  .text               ro code  0x0800b22a    0x2a  xfdtest.o [4]
  .text               ro code  0x0800b254   0x1e2  stm32f10x_adc.o [1]
  .text               ro code  0x0800b438   0x494  parser.o [1]
  .text               ro code  0x0800b8cc   0x348  ISR.o [1]
  .text               ro code  0x0800bc14    0x38  stm32f10x_exti.o [1]
  .text               ro code  0x0800bc4c    0x1a  info.o [1]
  .text               ro code  0x0800bc68    0x34  stm32f10x_dma.o [1]
  .text               ro code  0x0800bc9c   0x264  main.o [1]
  .text               ro code  0x0800bf00    0xbc  LSM303.o [1]
  .text               ro code  0x0800bfbc   0x158  system_stm32f10x.o [1]
  .text               ro code  0x0800c114    0xd4  packbits_init.o [5]
  .rodata             const    0x0800c1e8    0x60  Mpu6050.o [1]
  .rodata             const    0x0800c248    0x5c  Mpu6050.o [1]
  .rodata             const    0x0800c2a4    0x44  parse.o [1]
  .rodata             const    0x0800c2e8    0x3c  parse.o [1]
  .rodata             const    0x0800c324    0x3c  parse.o [1]
  .rodata             const    0x0800c360    0x3c  parser.o [1]
  .rodata             const    0x0800c39c    0x38  Mpu6050.o [1]
  .rodata             const    0x0800c3d4    0x34  ISR.o [1]
  .rodata             const    0x0800c408    0x34  parse.o [1]
  .rodata             const    0x0800c43c    0x34  parse.o [1]
  .text               ro code  0x0800c470    0x28  data_init.o [5]
  .rodata             const    0x0800c498    0x24  parse.o [1]
  .rodata             const    0x0800c4bc    0x24  parse.o [1]
  .iar.init_table     const    0x0800c4e0    0x2c  - Linker created -
  .rodata             const    0x0800c50c    0x20  parse.o [1]
  .rodata             const    0x0800c52c    0x1c  parser.o [1]
  .text               ro code  0x0800c548    0x1a  cmain.o [5]
  .text               ro code  0x0800c562     0x4  low_level_init.o [3]
  .text               ro code  0x0800c566     0x4  exit.o [3]
  .text               ro code  0x0800c56c     0xa  cexit.o [5]
  .rodata             const    0x0800c578    0x18  parse.o [1]
  .rodata             const    0x0800c590    0x18  parse.o [1]
  .rodata             const    0x0800c5a8    0x18  parser.o [1]
  .rodata             const    0x0800c5c0    0x14  parse.o [1]
  .rodata             const    0x0800c5d4    0x14  parse.o [1]
  .rodata             const    0x0800c5e8    0x14  parse.o [1]
  .rodata             const    0x0800c5fc    0x14  parse.o [1]
  .rodata             const    0x0800c610    0x14  parse.o [1]
  .rodata             const    0x0800c624    0x10  Mpu6050.o [1]
  .rodata             const    0x0800c634    0x10  parse.o [1]
  .rodata             const    0x0800c644    0x10  parse.o [1]
  .rodata             const    0x0800c654    0x10  parse.o [1]
  .rodata             const    0x0800c664    0x10  parse.o [1]
  .text               ro code  0x0800c674    0x10  startup_stm32f10x_cl.o [1]
  .rodata             const    0x0800c684     0xc  parse.o [1]
  .rodata             const    0x0800c690     0xc  Task.o [1]
  .text               ro code  0x0800c69c     0xc  cstartup_M.o [5]
  .rodata             const    0x0800c6a8     0x8  MyNRF24L0.o [1]
  .rodata             const    0x0800c6b0     0x8  parse.o [1]
  .rodata             const    0x0800c6b8     0x8  parse.o [1]
  .rodata             const    0x0800c6c0     0x8  parse.o [1]
  .rodata             const    0x0800c6c8     0x8  parse.o [1]
  .rodata             const    0x0800c6d0     0x8  parse.o [1]
  .rodata             const    0x0800c6d8     0x8  parse.o [1]
  .rodata             const    0x0800c6e0     0x8  parser.o [1]
  .rodata             const    0x0800c6e8     0x8  QMC5883.o [1]
  .rodata             const    0x0800c6f0     0x4  Canlibration.o [1]
  .rodata             const    0x0800c6f4     0x4  Canlibration.o [1]
  .rodata             const    0x0800c6f8     0x4  parse.o [1]
  .text               ro code  0x0800c6fc     0x4  startup_stm32f10x_cl.o [1]
  .text               ro code  0x0800c700     0x4  startup_stm32f10x_cl.o [1]
  .text               ro code  0x0800c704     0x4  startup_stm32f10x_cl.o [1]
  .text               ro code  0x0800c708     0x4  startup_stm32f10x_cl.o [1]
  .text               ro code  0x0800c70c     0x4  startup_stm32f10x_cl.o [1]
  .text               ro code  0x0800c710     0x4  startup_stm32f10x_cl.o [1]
  .text               ro code  0x0800c714     0x4  startup_stm32f10x_cl.o [1]
  .text               ro code  0x0800c718     0x4  startup_stm32f10x_cl.o [1]
  .text               ro code  0x0800c71c     0x4  startup_stm32f10x_cl.o [1]
  .text               ro code  0x0800c720     0x4  startup_stm32f10x_cl.o [1]
  .text               ro code  0x0800c724     0x4  startup_stm32f10x_cl.o [1]
  .text               ro code  0x0800c728     0x4  startup_stm32f10x_cl.o [1]
  .text               ro code  0x0800c72c     0x4  startup_stm32f10x_cl.o [1]
  .text               ro code  0x0800c730     0x4  startup_stm32f10x_cl.o [1]
  .text               ro code  0x0800c734     0x4  startup_stm32f10x_cl.o [1]
  .text               ro code  0x0800c738     0x4  startup_stm32f10x_cl.o [1]
  .text               ro code  0x0800c73c     0x4  startup_stm32f10x_cl.o [1]
  .text               ro code  0x0800c740     0x4  startup_stm32f10x_cl.o [1]
  .text               ro code  0x0800c744     0x4  startup_stm32f10x_cl.o [1]
  .text               ro code  0x0800c748     0x4  startup_stm32f10x_cl.o [1]
  .text               ro code  0x0800c74c     0x4  startup_stm32f10x_cl.o [1]
  .text               ro code  0x0800c750     0x4  startup_stm32f10x_cl.o [1]
  .text               ro code  0x0800c754     0x4  startup_stm32f10x_cl.o [1]
  .text               ro code  0x0800c758     0x4  startup_stm32f10x_cl.o [1]
  .text               ro code  0x0800c75c     0x4  startup_stm32f10x_cl.o [1]
  .text               ro code  0x0800c760     0x4  startup_stm32f10x_cl.o [1]
  .text               ro code  0x0800c764     0x4  startup_stm32f10x_cl.o [1]
  .text               ro code  0x0800c768     0x4  startup_stm32f10x_cl.o [1]
  .text               ro code  0x0800c76c     0x4  startup_stm32f10x_cl.o [1]
  .text               ro code  0x0800c770     0x4  startup_stm32f10x_cl.o [1]
  .text               ro code  0x0800c774     0x4  startup_stm32f10x_cl.o [1]
  .text               ro code  0x0800c778     0x4  startup_stm32f10x_cl.o [1]
  .text               ro code  0x0800c77c     0x4  startup_stm32f10x_cl.o [1]
  .text               ro code  0x0800c780     0x4  startup_stm32f10x_cl.o [1]
  .text               ro code  0x0800c784     0x4  startup_stm32f10x_cl.o [1]
  .text               ro code  0x0800c788     0x4  startup_stm32f10x_cl.o [1]
  .text               ro code  0x0800c78c     0x4  startup_stm32f10x_cl.o [1]
  .text               ro code  0x0800c790     0x4  startup_stm32f10x_cl.o [1]
  .text               ro code  0x0800c794     0x4  startup_stm32f10x_cl.o [1]
  .text               ro code  0x0800c798     0x4  startup_stm32f10x_cl.o [1]
  .text               ro code  0x0800c79c     0x4  startup_stm32f10x_cl.o [1]
  .text               ro code  0x0800c7a0     0x4  startup_stm32f10x_cl.o [1]
  .text               ro code  0x0800c7a4     0x4  startup_stm32f10x_cl.o [1]
  .text               ro code  0x0800c7a8     0x4  startup_stm32f10x_cl.o [1]
  .text               ro code  0x0800c7ac     0x4  startup_stm32f10x_cl.o [1]
  .text               ro code  0x0800c7b0     0x4  startup_stm32f10x_cl.o [1]
  .text               ro code  0x0800c7b4     0x4  startup_stm32f10x_cl.o [1]
  .text               ro code  0x0800c7b8     0x4  startup_stm32f10x_cl.o [1]
  .text               ro code  0x0800c7bc     0x4  startup_stm32f10x_cl.o [1]
  .text               ro code  0x0800c7c0     0x4  startup_stm32f10x_cl.o [1]
  .text               ro code  0x0800c7c4     0x4  startup_stm32f10x_cl.o [1]
  .text               ro code  0x0800c7c8     0x4  startup_stm32f10x_cl.o [1]
  .text               ro code  0x0800c7cc     0x4  startup_stm32f10x_cl.o [1]
  .text               ro code  0x0800c7d0     0x4  startup_stm32f10x_cl.o [1]
  .text               ro code  0x0800c7d4     0x4  startup_stm32f10x_cl.o [1]
  .text               ro code  0x0800c7d8     0x4  startup_stm32f10x_cl.o [1]
  .text               ro code  0x0800c7dc     0x4  startup_stm32f10x_cl.o [1]
  .text               ro code  0x0800c7e0     0x4  startup_stm32f10x_cl.o [1]
  .text               ro code  0x0800c7e4     0x4  startup_stm32f10x_cl.o [1]
  .text               ro code  0x0800c7e8     0x4  startup_stm32f10x_cl.o [1]
  .text               ro code  0x0800c7ec     0x4  startup_stm32f10x_cl.o [1]
  .text               ro code  0x0800c7f0     0x4  startup_stm32f10x_cl.o [1]
  .text               ro code  0x0800c7f4     0x4  startup_stm32f10x_cl.o [1]
  .text               ro code  0x0800c7f8     0x4  startup_stm32f10x_cl.o [1]
  .text               ro code  0x0800c7fc     0x4  startup_stm32f10x_cl.o [1]
  .rodata             const    0x0800c800     0x0  zero_init3.o [5]
  .rodata             const    0x0800c800     0x0  packbits_init.o [5]
  Initializer bytes   ro data  0x0800c800    0xaa  <for P2 s0>
                             - 0x0800c8aa  0xc75a

"P2", part 1 of 3:                          0x1d4
  P2 s0                        0x20000000   0x1d4  <Init block>
    __DLIB_PERTHREAD  inited   0x20000000    0x88  localeconv.o [3]
    __DLIB_PERTHREAD  inited   0x20000088    0x74  setlocale.o [3]
    .data             inited   0x200000fc    0x20  main.o [1]
    .data             inited   0x2000011c    0x20  main.o [1]
    .data             inited   0x2000013c    0x1c  main.o [1]
    .data             inited   0x20000158    0x14  parse.o [1]
    .data             inited   0x2000016c    0x10  stm32f10x_rcc.o [1]
    .data             inited   0x2000017c     0xc  context.o [1]
    .data             inited   0x20000188     0xc  main.o [1]
    .data             inited   0x20000194     0x8  MyNRF24L0.o [1]
    .data             inited   0x2000019c     0x8  MyNRF24L0.o [1]
    .data             inited   0x200001a4     0x4  Calculation.o [1]
    .data             inited   0x200001a8     0x4  Canlibration.o [1]
    .data             inited   0x200001ac     0x4  Canlibration.o [1]
    .data             inited   0x200001b0     0x4  Canlibration.o [1]
    .data             inited   0x200001b4     0x4  Canlibration.o [1]
    .data             inited   0x200001b8     0x4  Interact.o [1]
    .data             inited   0x200001bc     0x4  L3GD20.o [1]
    .data             inited   0x200001c0     0x4  Mpu6050.o [1]
    .data             inited   0x200001c4     0x4  stm32f10x_rcc.o [1]
    .data             inited   0x200001c8     0x4  system_stm32f10x.o [1]
    __DLIB_PERTHREAD  inited   0x200001cc     0x4  errno.o [3]
    .data             inited   0x200001d0     0x1  Interact.o [1]
    .data             inited   0x200001d1     0x1  ISR.o [1]
    .data             inited   0x200001d2     0x1  Task.o [1]
    .data             inited   0x200001d3     0x1  Task.o [1]
                             - 0x200001d4   0x1d4

"P2", part 2 of 3:                          0xb84
  .bss                zero     0x200001d4   0x43c  main.o [1]
  .bss                zero     0x20000610   0x1d8  dlmalloc.o [3]
  .bss                zero     0x200007e8    0x14  main.o [1]
  .bss                zero     0x20000800   0x168  ISR.o [1]
  .bss                zero     0x20000968   0x100  ISR.o [1]
  .bss                zero     0x20000a68    0x80  main.o [1]
  .bss                zero     0x20000ae8    0x30  Interact.o [1]
  .bss                zero     0x20000b18    0x28  Task.o [1]
  .bss                zero     0x20000b40    0x20  Calculation.o [1]
  .bss                zero     0x20000b60    0x20  MyNRF24L0.o [1]
  .bss                zero     0x20000b80    0x20  MyNRF24L0.o [1]
  .bss                zero     0x20000ba0    0x18  Calculation.o [1]
  .bss                zero     0x20000bb8    0x18  ISR.o [1]
  .bss                zero     0x20000bd0    0x18  ISR.o [1]
  .bss                zero     0x20000be8    0x18  ISR.o [1]
  .bss                zero     0x20000c00    0x18  main.o [1]
  .bss                zero     0x20000c18    0x18  dlmalloc.o [3]
  .bss                zero     0x20000c30    0x10  Calculation.o [1]
  .bss                zero     0x20000c40     0xc  Calculation.o [1]
  .bss                zero     0x20000c4c     0xc  Calculation.o [1]
  .bss                zero     0x20000c58     0xc  Calculation.o [1]
  .bss                zero     0x20000c64     0xc  main.o [1]
  .bss                zero     0x20000c70     0x8  Calculation.o [1]
  .bss                zero     0x20000c78     0x8  ISR.o [1]
  .bss                zero     0x20000c80     0x8  ISR.o [1]
  .bss                zero     0x20000c88     0x8  ISR.o [1]
  .bss                zero     0x20000c90     0x4  Calculation.o [1]
  .bss                zero     0x20000c94     0x4  Calculation.o [1]
  .bss                zero     0x20000c98     0x4  Calculation.o [1]
  .bss                zero     0x20000c9c     0x4  Calculation.o [1]
  .bss                zero     0x20000ca0     0x4  Calculation.o [1]
  .bss                zero     0x20000ca4     0x4  Calculation.o [1]
  .bss                zero     0x20000ca8     0x4  Calculation.o [1]
  .bss                zero     0x20000cac     0x4  Calculation.o [1]
  .bss                zero     0x20000cb0     0x4  Calculation.o [1]
  .bss                zero     0x20000cb4     0x4  Calculation.o [1]
  .bss                zero     0x20000cb8     0x4  Calculation.o [1]
  .bss                zero     0x20000cbc     0x4  Calculation.o [1]
  .bss                zero     0x20000cc0     0x4  Calculation.o [1]
  .bss                zero     0x20000cc4     0x4  Calculation.o [1]
  .bss                zero     0x20000cc8     0x4  Calculation.o [1]
  .bss                zero     0x20000ccc     0x4  Calculation.o [1]
  .bss                zero     0x20000cd0     0x4  Calculation.o [1]
  .bss                zero     0x20000cd4     0x4  Calculation.o [1]
  .bss                zero     0x20000cd8     0x4  Calculation.o [1]
  .bss                zero     0x20000cdc     0x4  Calculation.o [1]
  .bss                zero     0x20000ce0     0x4  Calculation.o [1]
  .bss                zero     0x20000ce4     0x4  Calculation.o [1]
  .bss                zero     0x20000ce8     0x4  Calculation.o [1]
  .bss                zero     0x20000cec     0x4  Calculation.o [1]
  .bss                zero     0x20000cf0     0x4  Calculation.o [1]
  .bss                zero     0x20000cf4     0x4  Calculation.o [1]
  .bss                zero     0x20000cf8     0x4  Calculation.o [1]
  .bss                zero     0x20000cfc     0x4  Calculation.o [1]
  .bss                zero     0x20000d00     0x4  Interact.o [1]
  .bss                zero     0x20000d04     0x4  Interact.o [1]
  .bss                zero     0x20000d08     0x4  Interact.o [1]
  .bss                zero     0x20000d0c     0x4  ISR.o [1]
  .bss                zero     0x20000d10     0x4  ISR.o [1]
  .bss                zero     0x20000d14     0x4  main.o [1]
  .bss                zero     0x20000d18     0x4  main.o [1]
  .bss                zero     0x20000d1c     0x4  MyIIC.o [1]
  .bss                zero     0x20000d20     0x4  MyNRF24L0.o [1]
  .bss                zero     0x20000d24     0x4  MyNRF24L0.o [1]
  .bss                zero     0x20000d28     0x4  Task.o [1]
  .bss                zero     0x20000d2c     0x4  Task.o [1]
  .bss                zero     0x20000d30     0x4  xgetmemchunk.o [3]
  .bss                zero     0x20000d34     0x2  Canlibration.o [1]
  .bss                zero     0x20000d36     0x2  Canlibration.o [1]
  .bss                zero     0x20000d38     0x2  Canlibration.o [1]
  .bss                zero     0x20000d3a     0x2  Canlibration.o [1]
  .bss                zero     0x20000d3c     0x2  Canlibration.o [1]
  .bss                zero     0x20000d3e     0x2  Canlibration.o [1]
  .bss                zero     0x20000d40     0x2  delay.o [1]
  .bss                zero     0x20000d42     0x2  ISR.o [1]
  .bss                zero     0x20000d44     0x2  Task.o [1]
  .bss                zero     0x20000d46     0x1  delay.o [1]
  .bss                zero     0x20000d47     0x1  Interact.o [1]
  .bss                zero     0x20000d48     0x1  ISR.o [1]
  .bss                zero     0x20000d49     0x1  ISR.o [1]
  .bss                zero     0x20000d4a     0x1  ISR.o [1]
  .bss                zero     0x20000d4b     0x1  ISR.o [1]
  .bss                zero     0x20000d4c     0x1  ISR.o [1]
  .bss                zero     0x20000d4d     0x1  main.o [1]
  .bss                zero     0x20000d4e     0x1  MyNRF24L0.o [1]
  .bss                zero     0x20000d4f     0x1  MyNRF24L0.o [1]
  .bss                zero     0x20000d50     0x1  MyNRF24L0.o [1]
  .bss                zero     0x20000d51     0x1  MyNRF24L0.o [1]
  .bss                zero     0x20000d52     0x1  Task.o [1]
  .bss                zero     0x20000d53     0x1  Task.o [1]
  .bss                zero     0x20000d54     0x1  Task.o [1]
  .bss                zero     0x20000d55     0x1  Task.o [1]
  .bss                zero     0x20000d56     0x1  Task.o [1]
  .bss                zero     0x20000d57     0x1  Task.o [1]
                             - 0x20000d58   0xb84

"P2", part 3 of 3:                         0x3000
  CSTACK                       0x20000d58  0x2000  <Block>
    CSTACK            uninit   0x20000d58  0x2000  <Block tail>
  HEAP                         0x20002d58  0x1000  <Block>
    HEAP              uninit   0x20002d58  0x1000  <Block tail>
                             - 0x20003d58  0x3000


*******************************************************************************
*** INIT TABLE
***

          Address     Size
          -------     ----
Zero (__iar_zero_init3)
    1 destination range, total size 0xb84:
          0x200001d4  0xb84

Copy/packbits (__iar_packbits_init3)
    1 source range, total size 0xaa (36% of destination):
          0x0800c800   0xaa
    1 destination range, total size 0x1d4:
          0x20000000  0x1d4



*******************************************************************************
*** MODULE SUMMARY
***

    Module                  ro code  ro data  rw data
    ------                  -------  -------  -------
E:\Elec\Air plane\FlyCtrl\CTRL_PCBV5\Debug\Obj: [1]
    Calculation.o             4 304        2      232
    Canlibration.o            3 436       13       28
    ISR.o                       840       53      728
    Interact.o                2 500        2       66
    L3GD20.o                    712        1        4
    LSM303.o                    188
    Mpu6050.o                   976      262        4
    MyIIC.o                     682                 4
    MyNRF24L0.o               1 096       14       92
    QMC5883.o                   188        8
    Task.o                    2 256       13       58
    context.o                   100        4       12
    delay.o                     240                 3
    info.o                       26
    main.o                      612       37    1 381
    misc.o                      176
    parse.o                   2 320      680       20
    parser.o                  1 172      120
    startup_stm32f10x_cl.o      612
    stm32f10x_MY_spi.o          384
    stm32f10x_MyFlash.o          14
    stm32f10x_adc.o             482
    stm32f10x_dma.o              52
    stm32f10x_exti.o             56
    stm32f10x_flash.o           462
    stm32f10x_gpio.o          1 232
    stm32f10x_rcc.o             328        7       20
    stm32f10x_spi.o             144
    stm32f10x_tim.o           1 548
    stm32f10x_usart.o           412
    sys_init.o                1 338
    system_stm32f10x.o          344        2        4
    tok.o                       674
    -------------------------------------------------
    Total:                   29 906    1 218    2 656

command line: [2]
    -------------------------------------------------
    Total:

dl7M_tlf.a: [3]
    abort.o                       6
    div.o                        14
    dlmalloc.o                5 312               496
    errno.o                      12        1        4
    exit.o                        4
    isdigit.o                    10
    isxxx.o                      40
    localeconv.o                108       49      136
    low_level_init.o              4
    memcpy.o                     12
    memset.o                     20
    setlocale.o                  24       42      116
    strncmp.o                    42
    strtol.o                      6
    tolower.o                    20
    vsnprint.o                   60
    xgetmemchunk.o               44                 4
    xlocale_c.o                  54
    xprintffull_nomb.o        3 438
    xsnprout.o                   26
    xstoflt.o                   440
    xstol.o                     136
    xstopfx.o                   308
    xstoul.o                    404
    xstoxflt.o                  536
    xtls.o                        2
    -------------------------------------------------
    Total:                   11 082       92      756

m7M_tl.a: [4]
    DblAdd.o                    232
    DblCmpEq.o                   32
    DblCmpGe.o                   46
    DblCmpLe.o                   46
    DblDiv.o                    582
    DblMul.o                    418
    DblSub.o                    384
    DblToFlt.o                  144
    DblToI32.o                   88
    FltAdd.o                    132
    FltCmpEq.o                   28
    FltCmpGe.o                   36
    FltCmpLe.o                   36
    FltDiv.o                    252
    FltMul.o                    216
    FltSub.o                    230
    FltToDbl.o                   78
    FltToS32.o                   68
    I32ToDbl.o                   48
    I32ToFlt.o                   50
    acos.o                      232
    asin.o                      246
    atan.o                      148
    cos.o                         6
    fmod.o                      424
    sin.o                         6
    sqrt.o                      240
    strtod.o                      6
    xatan.o                     480
    xdint.o                     126
    xdnorm.o                     66
    xdscale.o                   268
    xdtento.o                   512
    xdunscal.o                   86
    xfdtest.o                    42
    xquad.o                     352
    xsin.o                    1 066
    xstod.o                     332
    -------------------------------------------------
    Total:                    7 784

rt7M_tl.a: [5]
    ABImemclr4.o                  6
    ABImemcpy_unaligned.o       118
    ABImemset.o                 102
    ABImemset48.o                50
    I64DivMod.o                 238
    I64DivZer.o                   2
    cexit.o                      10
    cmain.o                      26
    cstartup_M.o                 12
    data_init.o                  40
    iarEdom.o                    12
    memchr.o                     88
    memcmp_unaligned.o           98
    packbits_init.o             212
    strchr.o                     22
    strlen.o                     54
    zero_init3.o                 34
    -------------------------------------------------
    Total:                    1 124

shb_l.a: [6]
    ABIassert.o                  44
    exit.o                       20
    -------------------------------------------------
    Total:                       64

    Gaps                         54        2        4
    Linker created                        44   12 288
-----------------------------------------------------
    Grand Total:             50 014    1 356   15 704


*******************************************************************************
*** ENTRY LIST
***

Entry                      Address   Size  Type      Object
-----                      -------   ----  ----      ------
?main                   0x0800c549         Code  Gb  cmain.o [5]
ADCPrescTable           0x200001c4    0x4  Data  Lc  stm32f10x_rcc.o [1]
ADC_Cmd                 0x0800b2a9   0x1a  Code  Gb  stm32f10x_adc.o [1]
ADC_GetCalibrationStatus
                        0x0800b2ef   0x18  Code  Gb  stm32f10x_adc.o [1]
ADC_GetConversionValue  0x0800b40f    0x6  Code  Gb  stm32f10x_adc.o [1]
ADC_GetFlagStatus       0x0800b41d   0x1a  Code  Gb  stm32f10x_adc.o [1]
ADC_GetResetCalibrationStatus
                        0x0800b2cd   0x18  Code  Gb  stm32f10x_adc.o [1]
ADC_Init                0x0800b255   0x54  Code  Gb  stm32f10x_adc.o [1]
ADC_RegularChannelConfig
                        0x0800b321   0xee  Code  Gb  stm32f10x_adc.o [1]
ADC_ResetCalibration    0x0800b2c3    0xa  Code  Gb  stm32f10x_adc.o [1]
ADC_SoftwareStartConvCmd
                        0x0800b307   0x1a  Code  Gb  stm32f10x_adc.o [1]
ADC_StartCalibration    0x0800b2e5    0xa  Code  Gb  stm32f10x_adc.o [1]
APBAHBPrescTable        0x2000016c   0x10  Data  Lc  stm32f10x_rcc.o [1]
AccCalibration          0x0800535b  0x668  Code  Gb  Canlibration.o [1]
AdcInit                 0x0800b04f   0x8a  Code  Gb  sys_init.o [1]
AttCalc                 0x080018af  0x52a  Code  Gb  Calculation.o [1]
AttHld                  0x08009ce3  0x1a4  Code  Gb  Task.o [1]
AttHldPrep              0x08009cab   0x38  Code  Gb  Task.o [1]
BatVoltageGet           0x0800af93   0xbc  Code  Gb  sys_init.o [1]
CSTACK$$Base            0x20000d58          --   Gb  - Linker created -
CSTACK$$Limit           0x20002d58          --   Gb  - Linker created -
CaliFilt                0x08001679  0x236  Code  Gb  Calculation.o [1]
Coef                    0x200001a4    0x4  Data  Gb  Calculation.o [1]
CompassCalibration      0x080059dd  0x536  Code  Gb  Canlibration.o [1]
DMA1_Channel3_IRQHandler
                        0x0800bb59   0x2c  Code  Gb  ISR.o [1]
DMA_ClearITPendingBit   0x0800bc85   0x10  Code  Gb  stm32f10x_dma.o [1]
DMA_Cmd                 0x0800bc69   0x1c  Code  Gb  stm32f10x_dma.o [1]
DelayMs                 0x080064a7   0x42  Code  Gb  delay.o [1]
EXTI15_10_IRQHandler    0x0800b9ab   0x52  Code  Gb  ISR.o [1]
EXTI9_5_IRQHandler      0x0800b9fd   0x54  Code  Gb  ISR.o [1]
EXTI_ClearITPendingBit  0x0800bc3d    0x6  Code  Gb  stm32f10x_exti.o [1]
EXTI_GetITStatus        0x0800bc15   0x28  Code  Gb  stm32f10x_exti.o [1]
Experiment              0x0800a009  0x178  Code  Gb  Task.o [1]
FLASH_ErasePage         0x08005fb9   0x5e  Code  Gb  stm32f10x_flash.o [1]
FLASH_GetBank1Status    0x080060e3   0x34  Code  Gb  stm32f10x_flash.o [1]
FLASH_Lock              0x08005fa7   0x12  Code  Gb  stm32f10x_flash.o [1]
FLASH_ProgramHalfWord   0x08006097   0x4c  Code  Gb  stm32f10x_flash.o [1]
FLASH_ProgramWord       0x08006017   0x80  Code  Gb  stm32f10x_flash.o [1]
FLASH_ReadByte          0x0800720d    0x4  Code  Gb  stm32f10x_MyFlash.o [1]
FLASH_ReadHalfWord      0x08007211    0x4  Code  Gb  stm32f10x_MyFlash.o [1]
FLASH_Unlock            0x08005f91   0x16  Code  Gb  stm32f10x_flash.o [1]
FLASH_WaitForLastOperation
                        0x08006131   0x2e  Code  Gb  stm32f10x_flash.o [1]
FlashReadFloat          0x08007215    0x6  Code  Gb  stm32f10x_MyFlash.o [1]
FlashWriteAddr          0x200001a8    0x4  Data  Gb  Canlibration.o [1]
GPIO_EXTILineConfig     0x0800708d   0x9c  Code  Gb  stm32f10x_gpio.o [1]
GPIO_Init               0x08006c8d  0x136  Code  Gb  stm32f10x_gpio.o [1]
GPIO_PinRemapConfig     0x08007005   0x88  Code  Gb  stm32f10x_gpio.o [1]
GPSCal                  0x08002419  0x244  Code  Gb  Calculation.o [1]
GetAdc                  0x0800af65   0x2e  Code  Gb  sys_init.o [1]
GyroCalibration         0x080059c3   0x1a  Code  Gb  Canlibration.o [1]
HEAP$$Base              0x20002d58          --   Gb  - Linker created -
HEAP$$Limit             0x20003d58          --   Gb  - Linker created -
IIC_Ack                 0x08006251   0x34  Code  Gb  MyIIC.o [1]
IIC_NAck                0x08006285   0x40  Code  Gb  MyIIC.o [1]
IIC_Port_Init           0x08006169   0x24  Code  Gb  MyIIC.o [1]
IIC_Read_Byte           0x0800631b   0x52  Code  Gb  MyIIC.o [1]
IIC_Send_Byte           0x080062c5   0x56  Code  Gb  MyIIC.o [1]
IIC_Start               0x0800618d   0x34  Code  Gb  MyIIC.o [1]
IIC_Stop                0x080061c1   0x34  Code  Gb  MyIIC.o [1]
IIC_Wait_Ack            0x080061f5   0x5c  Code  Lc  MyIIC.o [1]
InStream_Read           0x0800c115   0x22  Code  Lc  packbits_init.o [5]
L3GD20GyroCalibration   0x080069ff  0x190  Code  Gb  L3GD20.o [1]
L3GD20ReadReg           0x0800690d   0x3e  Code  Gb  L3GD20.o [1]
L3GD20WriteReg          0x080068d5   0x38  Code  Gb  L3GD20.o [1]
L3GD20_IO_Init          0x0800694b   0x20  Code  Gb  L3GD20.o [1]
L3GD20_Init             0x0800696b   0x40  Code  Gb  L3GD20.o [1]
L3GD20_Read             0x080069ab   0x54  Code  Gb  L3GD20.o [1]
L3GDgyro_adc            0x20000188    0xc  Data  Gb  main.o [1]
LSM303D_Init            0x0800bf77   0x3c  Code  Gb  LSM303.o [1]
LSM303ReadReg           0x0800bf39   0x3e  Code  Gb  LSM303.o [1]
LSM303WriteReg          0x0800bf01   0x38  Code  Gb  LSM303.o [1]
LSM_acc_adc             0x2000011c   0x20  Data  Gb  main.o [1]
MPU6050GyroCalibration  0x080066f3  0x1c4  Code  Gb  Mpu6050.o [1]
MPUInit                 0x08006505   0xee  Code  Gb  Mpu6050.o [1]
MPUReadAcc              0x080065f3   0x80  Code  Gb  Mpu6050.o [1]
MPUReadGyr              0x08006673   0x80  Code  Gb  Mpu6050.o [1]
NVIC_Config             0x0800b1b5   0x76  Code  Gb  sys_init.o [1]
NVIC_Init               0x08007167   0x6a  Code  Gb  misc.o [1]
NVIC_PriorityGroupConfig
                        0x0800715d    0xa  Code  Gb  misc.o [1]
PIT4_Init               0x0800a5bb   0x70  Code  Gb  stm32f10x_tim.o [1]
PWMCalc                 0x08001ddd  0x61e  Code  Gb  Calculation.o [1]
ParamInit               0x0800acf1  0x274  Code  Gb  sys_init.o [1]
QMC5883Init             0x08006b9d   0x38  Code  Gb  QMC5883.o [1]
RCC_ADCCLKConfig        0x080073c9   0x14  Code  Gb  stm32f10x_rcc.o [1]
RCC_APB1PeriphClockCmd  0x080074d7   0x1e  Code  Gb  stm32f10x_rcc.o [1]
RCC_APB2PeriphClockCmd  0x080074b9   0x1e  Code  Gb  stm32f10x_rcc.o [1]
RCC_GetClocksFreq       0x080073dd   0xdc  Code  Gb  stm32f10x_rcc.o [1]
RCDenote                0x08007bcb   0x88  Code  Gb  Interact.o [1]
RX_ADDRESS              0x2000019c    0x8  Data  Gb  MyNRF24L0.o [1]
ReadQMC5883             0x08006bd9   0x80  Code  Gb  QMC5883.o [1]
Region$$Table$$Base     0x0800c4e0          --   Gb  - Linker created -
Region$$Table$$Limit    0x0800c50c          --   Gb  - Linker created -
SCISend_to_Own          0x080075d9  0x5f2  Code  Gb  Interact.o [1]
SPI3_Init               0x0800732d   0x8e  Code  Gb  stm32f10x_MY_spi.o [1]
SPI_Cmd                 0x08007551   0x1c  Code  Gb  stm32f10x_spi.o [1]
SPI_I2S_GetFlagStatus   0x08007589   0x18  Code  Gb  stm32f10x_spi.o [1]
SPI_Init                0x08007511   0x40  Code  Gb  stm32f10x_spi.o [1]
SPI_SSOutputCmd         0x0800756d   0x1c  Code  Gb  stm32f10x_spi.o [1]
SaveAngleDataToNode     0x08007e45   0x56  Code  Gb  Interact.o [1]
SaveToFlash             0x08005225  0x136  Code  Gb  Canlibration.o [1]
SetParaPre              0x08009e87    0xe  Code  Gb  Task.o [1]
SetParam                0x08009e95  0x164  Code  Gb  Task.o [1]
SetSysClock             0x0800c011    0x8  Code  Lc  system_stm32f10x.o [1]
SetSysClockTo72         0x0800c019   0xe0  Code  Lc  system_stm32f10x.o [1]
Single_Read             0x080063cd   0x46  Code  Gb  MyIIC.o [1]
Single_Write            0x0800637d   0x50  Code  Gb  MyIIC.o [1]
Standby                 0x080099d9  0x2d2  Code  Gb  Task.o [1]
StbPrep                 0x080099a1   0x38  Code  Gb  Task.o [1]
SysTick_CLKSourceConfig
                        0x080071d1   0x20  Code  Gb  misc.o [1]
SystemCoreClock         0x200001c8    0x4  Data  Gb  system_stm32f10x.o [1]
SystemInit              0x0800bfbd   0x54  Code  Gb  system_stm32f10x.o [1]
TIM2_PWM_Init           0x0800a65d  0x12a  Code  Gb  stm32f10x_tim.o [1]
TIM3_PWM_Init           0x0800a787   0xd4  Code  Gb  stm32f10x_tim.o [1]
TIM4_IRQHandler         0x0800b8cd   0xde  Code  Gb  ISR.o [1]
TIM_ClearITPendingBit   0x0800a641    0x8  Code  Gb  stm32f10x_tim.o [1]
TIM_Cmd                 0x0800a52b   0x1c  Code  Gb  stm32f10x_tim.o [1]
TIM_ITConfig            0x0800a547   0x16  Code  Gb  stm32f10x_tim.o [1]
TIM_OC1Init             0x0800a305   0x9a  Code  Gb  stm32f10x_tim.o [1]
TIM_OC1PreloadConfig    0x0800a55d   0x12  Code  Gb  stm32f10x_tim.o [1]
TIM_OC2Init             0x0800a39f   0x90  Code  Gb  stm32f10x_tim.o [1]
TIM_OC2PreloadConfig    0x0800a56f   0x14  Code  Gb  stm32f10x_tim.o [1]
TIM_OC3Init             0x0800a42f   0x8e  Code  Gb  stm32f10x_tim.o [1]
TIM_OC3PreloadConfig    0x0800a583   0x12  Code  Gb  stm32f10x_tim.o [1]
TIM_OC4Init             0x0800a4bd   0x6e  Code  Gb  stm32f10x_tim.o [1]
TIM_OC4PreloadConfig    0x0800a595   0x14  Code  Gb  stm32f10x_tim.o [1]
TIM_SetCompare1         0x0800a5a9    0x4  Code  Gb  stm32f10x_tim.o [1]
TIM_SetCompare2         0x0800a5ad    0x4  Code  Gb  stm32f10x_tim.o [1]
TIM_SetCompare3         0x0800a5b1    0x4  Code  Gb  stm32f10x_tim.o [1]
TIM_SetCompare4         0x0800a5b5    0x6  Code  Gb  stm32f10x_tim.o [1]
TIM_TimeBaseInit        0x0800a271   0x94  Code  Gb  stm32f10x_tim.o [1]
TX_ADDRESS              0x20000194    0x8  Data  Gb  MyNRF24L0.o [1]
Task                    0x20000b18   0x28  Data  Gb  Task.o [1]
TaskInit                0x0800a18d   0x22  Code  Gb  Task.o [1]
UARTSendFloat           0x080075a1   0x38  Code  Gb  Interact.o [1]
USART3_IRQHandler       0x0800ba51  0x108  Code  Gb  ISR.o [1]
USART_Cmd               0x08008049   0x1c  Code  Gb  stm32f10x_usart.o [1]
USART_GetFlagStatus     0x08008075   0x1e  Code  Gb  stm32f10x_usart.o [1]
USART_GetITStatus       0x08008093   0x6e  Code  Gb  stm32f10x_usart.o [1]
USART_Init              0x08007f65   0xde  Code  Gb  stm32f10x_usart.o [1]
USART_ReceiveData       0x0800806d    0x8  Code  Gb  stm32f10x_usart.o [1]
USART_SendData          0x08008065    0x8  Code  Gb  stm32f10x_usart.o [1]
Uart1_RevBuf            0x20000968  0x100  Data  Gb  ISR.o [1]
Uart1_RevBuf_Tail       0x20000d42    0x2  Data  Gb  ISR.o [1]
UartInit                0x08007c53  0x1f2  Code  Gb  Interact.o [1]
_GenldFullNoMb          0x08004bb5  0x24a  Code  Lc  xprintffull_nomb.o [3]
_IsdstStr               0x2000008c    0x4  Data  Gb  setlocale.o [3]
_LdtobFullNoMb          0x080047c9  0x3e6  Code  Lc  xprintffull_nomb.o [3]
_LitobFullNoMb          0x080046c1  0x106  Code  Lc  xprintffull_nomb.o [3]
_LocaleC_isalpha        0x08009901   0x16  Code  Gb  xlocale_c.o [3]
_LocaleC_isspace        0x08009917   0x14  Code  Gb  xlocale_c.o [3]
_LocaleC_tolower        0x08009995    0xc  Code  Gb  xlocale_c.o [3]
_LocaleForCat           0x080098e9   0x12  Code  Gb  setlocale.o [3]
_LocaleReturnString     0x200000ac   0x50  Data  Lc  setlocale.o [3]
_Locale_Profile         0x20000090   0x1c  Data  Gb  setlocale.o [3]
_Locale_aeabi_lconv     0x20000050   0x38  Data  Gb  localeconv.o [3]
_Locale_lconv           0x20000000   0x50  Data  Gb  localeconv.o [3]
_PrintfFullNoMb         0x080040d9  0x5e2  Code  Gb  xprintffull_nomb.o [3]
_PutcharsFullNoMb       0x08004dff   0x2e  Code  Lc  xprintffull_nomb.o [3]
_SNProut                0x0800277b   0x1a  Code  Gb  xsnprout.o [3]
_Stoflt                 0x08009319  0x1b8  Code  Gb  xstoflt.o [3]
_Stopfx                 0x080091e5  0x134  Code  Gb  xstopfx.o [3]
_Stoxflt                0x080096d1  0x1e2  Code  Gb  xstoxflt.o [3]
_TzoneStr               0x20000088    0x4  Data  Gb  setlocale.o [3]
__aeabi_assert          0x0800721f   0x24  Code  Gb  ABIassert.o [6]
__aeabi_cdcmpeq         0x08003f11         Code  Gb  DblCmpEq.o [4]
__aeabi_cdcmple         0x080034d5         Code  Gb  DblCmpLe.o [4]
__aeabi_cdrcmple        0x080034a5         Code  Gb  DblCmpGe.o [4]
__aeabi_cfcmpeq         0x080035fd         Code  Gb  FltCmpEq.o [4]
__aeabi_cfcmple         0x08002e35         Code  Gb  FltCmpLe.o [4]
__aeabi_cfrcmple        0x08002f55         Code  Gb  FltCmpGe.o [4]
__aeabi_d2f             0x08002cb5         Code  Gb  DblToFlt.o [4]
__aeabi_d2iz            0x08003cd9         Code  Gb  DblToI32.o [4]
__aeabi_d2uiz           0x08003d05         Code  Gb  DblToI32.o [4]
__aeabi_dadd            0x08003385         Code  Gb  DblAdd.o [4]
__aeabi_ddiv            0x08002a6d         Code  Gb  DblDiv.o [4]
__aeabi_dmul            0x080031e1         Code  Gb  DblMul.o [4]
__aeabi_dsub            0x08003061         Code  Gb  DblSub.o [4]
__aeabi_errno_addr      0x080038a1    0x6  Code  Gb  errno.o [3]
__aeabi_f2d             0x08002a1d         Code  Gb  FltToDbl.o [4]
__aeabi_f2iz            0x08002955         Code  Gb  FltToS32.o [4]
__aeabi_fadd            0x08002999         Code  Gb  FltAdd.o [4]
__aeabi_fdiv            0x08002e59         Code  Gb  FltDiv.o [4]
__aeabi_fmul            0x0800287d         Code  Gb  FltMul.o [4]
__aeabi_fsub            0x08002795         Code  Gb  FltSub.o [4]
__aeabi_i2d             0x0800346d         Code  Gb  I32ToDbl.o [4]
__aeabi_i2f             0x08002749         Code  Gb  I32ToFlt.o [4]
__aeabi_ldiv0           0x08005221         Code  Gb  I64DivZer.o [5]
__aeabi_memclr4         0x08006161         Code  Gb  ABImemclr4.o [5]
__aeabi_memset          0x08008ded         Code  Gb  ABImemset.o [5]
__aeabi_ui2d            0x08003481         Code  Gb  I32ToDbl.o [4]
__aeabi_ui2f            0x0800275d         Code  Gb  I32ToFlt.o [4]
__aeabi_uldivmod        0x08004ef1         Code  Gb  I64DivMod.o [5]
__cmain                 0x0800c549         Code  Gb  cmain.o [5]
__data_GetMemChunk      0x08001639   0x2c  Code  Gb  xgetmemchunk.o [3]
__exit                  0x08001665   0x14  Code  Gb  exit.o [6]
__iar_Atan              0x080036c1  0x148  Code  Gb  xatan.o [4]
__iar_Dint              0x08003e91   0x7e  Code  Gb  xdint.o [4]
__iar_Dnorm             0x08005057   0x42  Code  Gb  xdnorm.o [4]
__iar_Dscale            0x08005099  0x10c  Code  Gb  xdscale.o [4]
__iar_Dtentox           0x08009523  0x14c  Code  Gb  xdtento.o [4]
__iar_Dunscale          0x0800993f   0x56  Code  Gb  xdunscal.o [4]
__iar_EmptyStepPoint    0x0800721d    0x2  Code  Gb  ABIassert.o [6]
__iar_Errno             0x200001cc    0x4  Data  Gb  errno.o [3]
__iar_FDtest            0x0800b22b   0x2a  Code  Gb  xfdtest.o [4]
__iar_Locale_lconv_init
                        0x080051a5   0x3a  Code  Gb  localeconv.o [3]
__iar_Memchr            0x08004e99         Code  Gb  memchr.o [5]
__iar_Memset            0x08008ded         Code  Gb  ABImemset.o [5]
__iar_Memset4_word      0x08006c59         Code  Gb  ABImemset48.o [5]
__iar_Memset8_word      0x08006c59         Code  Gb  ABImemset48.o [5]
__iar_Memset_word       0x08008df5         Code  Gb  ABImemset.o [5]
__iar_Quad              0x08003d31  0x160  Code  Gb  xquad.o [4]
__iar_Sin               0x080038ad  0x424  Code  Gb  xsin.o [4]
__iar_Stod              0x08009025    0x4  Code  Gb  xstod.o [4]
__iar_Stodx             0x08008edd  0x13a  Code  Gb  xstod.o [4]
__iar_Stolx             0x08008e53   0x88  Code  Gb  xstol.o [3]
__iar_Stoulx            0x08009051  0x13e  Code  Gb  xstoul.o [3]
__iar_Strchr            0x08004e49         Code  Gb  strchr.o [5]
__iar_d2uiz             0x08003d11         Code  Gb  DblToI32.o [4]
__iar_dadd              0x08003399         Code  Gb  DblAdd.o [4]
__iar_data_init3        0x0800c471   0x28  Code  Gb  data_init.o [5]
__iar_dlfree            0x080010f7  0x512  Code  Gb  dlmalloc.o [3]
__iar_dlib_perthread_access
                        0x08003cd7    0x2  Code  Gb  xtls.o [3]
__iar_dlmalloc          0x08000e39  0x2b2  Code  Gb  dlmalloc.o [3]
__iar_dsub              0x08003075         Code  Gb  DblSub.o [4]
__iar_dsubStart         0x08003087         Code  Gb  DblSub.o [4]
__iar_edom              0x080036b5         Code  Gb  iarEdom.o [5]
__iar_fadd              0x080029a9         Code  Gb  FltAdd.o [4]
__iar_fmod              0x08003f31         Code  Gb  fmod.o [4]
__iar_fmodl             0x08003f31         Code  Gb  fmod.o [4]
__iar_fsub              0x080027a5         Code  Gb  FltSub.o [4]
__iar_fsubStart         0x080027b5         Code  Gb  FltSub.o [4]
__iar_gm_               0x20000610  0x1d8  Data  Gb  dlmalloc.o [3]
__iar_packbits_init3    0x0800c137   0xb2  Code  Gb  packbits_init.o [5]
__iar_program_start     0x0800c69d         Code  Gb  cstartup_M.o [5]
__iar_sqrt              0x08002d45         Code  Gb  sqrt.o [4]
__iar_ui2d              0x08003485         Code  Gb  I32ToDbl.o [4]
__iar_ui2f              0x08002761         Code  Gb  I32ToFlt.o [4]
__iar_unaligned___aeabi_memcpy
                        0x08004fe1         Code  Gb  ABImemcpy_unaligned.o [5]
__iar_unaligned___aeabi_memcpy4
                        0x08005001         Code  Gb  ABImemcpy_unaligned.o [5]
__iar_unaligned___aeabi_memcpy8
                        0x08005001         Code  Gb  ABImemcpy_unaligned.o [5]
__iar_unaligned_memcmp  0x08008d19         Code  Gb  memcmp_unaligned.o [5]
__iar_zero_init3        0x08001617   0x22  Code  Gb  zero_init3.o [5]
__low_level_init        0x0800c563    0x4  Code  Gb  low_level_init.o [3]
__vector_table          0x08000000         Data  Gb  startup_stm32f10x_cl.o [1]
_amtp                   0x200001ac    0x4  Data  Gb  Canlibration.o [1]
_call_main              0x0800c555         Code  Gb  cmain.o [5]
_exit                   0x0800c56d         Code  Gb  cexit.o [5]
_gt                     0x200001b4    0x4  Data  Gb  Canlibration.o [1]
_main                   0x0800c55f         Code  Gb  cmain.o [5]
_nmea_parse_time        0x08008101   0x8c  Code  Gb  parse.o [1]
a                       0x08003860   0x40  Data  Lc  xatan.o [4]
abort                   0x08001611    0x6  Code  Gb  abort.o [3]
acc                     0x200000fc   0x20  Data  Gb  main.o [1]
acc_angle               0x20000c00   0x18  Data  Gb  main.o [1]
acc_chip_out            0x20000c78    0x8  Data  Gb  ISR.o [1]
acos                    0x08002f79   0xe8  Code  Gb  acos.o [4]
amplitude               0x20000d44    0x2  Data  Gb  Task.o [1]
angle                   0x20000c40    0xc  Data  Gb  Calculation.o [1]
angle_error_x           0x20000c90    0x4  Data  Gb  Calculation.o [1]
angle_error_y           0x20000c94    0x4  Data  Gb  Calculation.o [1]
angle_z_ctrl_rate       0x200001b8    0x4  Data  Gb  Interact.o [1]
anglex_pnode            0x20000d00    0x4  Data  Gb  Interact.o [1]
angley_pnode            0x20000d04    0x4  Data  Gb  Interact.o [1]
anglez_pnode            0x20000d08    0x4  Data  Gb  Interact.o [1]
angx_err                0x20000cec    0x4  Data  Gb  Calculation.o [1]
angy_err                0x20000cf0    0x4  Data  Gb  Calculation.o [1]
asin                    0x08003505   0xf0  Code  Gb  asin.o [4]
atan                    0x08003621   0x94  Code  Gb  atan.o [4]
bat_voltage             0x20000d18    0x4  Data  Gb  main.o [1]
cali_acc_flag           0x20000d54    0x1  Data  Gb  Task.o [1]
cali_compass            0x20000d57    0x1  Data  Gb  Task.o [1]
cali_gyro_flag          0x20000d55    0x1  Data  Gb  Task.o [1]
compass                 0x2000013c   0x1c  Data  Gb  main.o [1]
cos                     0x08003619    0x6  Code  Gb  cos.o [4]
cps_chip_out            0x20000c88    0x8  Data  Gb  ISR.o [1]
ctrl                    0x200007e8   0x14  Data  Gb  main.o [1]
delay_init              0x08006415   0x28  Code  Gb  delay.o [1]
delay_raw1us            0x0800645f   0x48  Code  Gb  delay.o [1]
delay_us                0x0800643d   0x22  Code  Gb  delay.o [1]
digits                  0x08009194   0x28  Data  Lc  xstoul.o [3]
div                     0x08005211    0xe  Code  Gb  div.o [3]
dma_max_recieve         0x20000d10    0x4  Data  Gb  ISR.o [1]
dmul                    0x080094d1   0x52  Code  Lc  xdtento.o [4]
exit                    0x0800c567    0x4  Code  Gb  exit.o [3]
fac_ms                  0x20000d40    0x2  Data  Lc  delay.o [1]
fac_us                  0x20000d46    0x1  Data  Lc  delay.o [1]
filted_acc              0x20000bb8   0x18  Data  Gb  ISR.o [1]
filted_cps              0x20000be8   0x18  Data  Gb  ISR.o [1]
filted_gyro             0x20000bd0   0x18  Data  Gb  ISR.o [1]
fmod                    0x08003f31         Code  Gb  fmod.o [4]
fmodl                   0x08003f31         Code  Gb  fmod.o [4]
gc                      0x20000a68   0x80  Data  Gb  main.o [1]
gpio_init               0x08006dc3  0x1b4  Code  Gb  stm32f10x_gpio.o [1]
gpio_int_cfg            0x08006f77   0x8e  Code  Gb  stm32f10x_gpio.o [1]
gyro                    0x20000c64    0xc  Data  Gb  main.o [1]
gyro_cali_tolerance     0x200001c0    0x4  Data  Gb  Mpu6050.o [1]
gyro_chip_out           0x20000c80    0x8  Data  Gb  ISR.o [1]
info                    0x20000800  0x168  Data  Gb  ISR.o [1]
init_mparams            0x0800016b   0x32  Code  Lc  dlmalloc.o [3]
init_top                0x0800019d   0x34  Code  Lc  dlmalloc.o [3]
irq_tx_buff             0x20000b60   0x20  Data  Gb  MyNRF24L0.o [1]
isalpha                 0x08009029   0x14  Code  Gb  isxxx.o [3]
isdigit                 0x08008da7    0xa  Code  Gb  isdigit.o [3]
isspace                 0x0800903d   0x14  Code  Gb  isxxx.o [3]
l3gd_gyro_cali_tolerance
                        0x200001bc    0x4  Data  Gb  L3GD20.o [1]
localeconv              0x080051df   0x16  Code  Gb  localeconv.o [3]
main                    0x0800bc9d  0x264  Code  Gb  main.o [1]
memchr                  0x08004e99         Code  Gb  memchr.o [5]
memcpy                  0x08008d8f    0xc  Code  Gb  memcpy.o [3]
memset                  0x08008d7b   0x14  Code  Gb  memset.o [3]
mparams                 0x20000c18   0x18  Data  Lc  dlmalloc.o [3]
ndigs                   0x080091bc   0x28  Data  Lc  xstoul.o [3]
need_restart_flag       0x20000d56    0x1  Data  Gb  Task.o [1]
next_procedure          0x20000d52    0x1  Data  Gb  Task.o [1]
nmea_GPGGA2info         0x080086e5   0x80  Code  Gb  parse.o [1]
nmea_GPGSA2info         0x08008765   0x94  Code  Gb  parse.o [1]
nmea_GPGSV2info         0x080087f9   0xc6  Code  Gb  parse.o [1]
nmea_GPRMC2info         0x080088bf   0xac  Code  Gb  parse.o [1]
nmea_GPVTG2info         0x0800896b   0x40  Code  Gb  parse.o [1]
nmea_atof               0x08008a43   0x34  Code  Gb  tok.o [1]
nmea_atoi               0x08008a11   0x32  Code  Gb  tok.o [1]
nmea_error              0x08008cdb   0x3e  Code  Gb  context.o [1]
nmea_find_tail          0x08008223   0xc6  Code  Gb  parse.o [1]
nmea_pack_type          0x0800818d   0x96  Code  Gb  parse.o [1]
nmea_parse              0x0800b4c7   0xa2  Code  Gb  parser.o [1]
nmea_parse_GPGGA        0x080082e9   0xc8  Code  Gb  parse.o [1]
nmea_parse_GPGSA        0x080083b1   0xb8  Code  Gb  parse.o [1]
nmea_parse_GPGSV        0x08008469   0xf6  Code  Gb  parse.o [1]
nmea_parse_GPRMC        0x0800855f   0xdc  Code  Gb  parse.o [1]
nmea_parse_GPVTG        0x0800863b   0xaa  Code  Gb  parse.o [1]
nmea_parser_buff_clear  0x0800b869   0x26  Code  Gb  parser.o [1]
nmea_parser_destroy     0x0800b48f   0x38  Code  Gb  parser.o [1]
nmea_parser_drop        0x0800b81b   0x4e  Code  Gb  parser.o [1]
nmea_parser_init        0x0800b439   0x56  Code  Gb  parser.o [1]
nmea_parser_pop         0x0800b7d3   0x48  Code  Gb  parser.o [1]
nmea_parser_push        0x0800b797   0x3c  Code  Gb  parser.o [1]
nmea_parser_queue_clear
                        0x0800b88f   0x2a  Code  Gb  parser.o [1]
nmea_parser_real_push   0x0800b569  0x22e  Code  Gb  parser.o [1]
nmea_property           0x08008cb5    0x4  Code  Gb  context.o [1]
nmea_scanf              0x08008a77  0x23c  Code  Gb  tok.o [1]
nmea_trace_buff         0x08008cbd   0x1e  Code  Gb  context.o [1]
nmea_zero_INFO          0x0800bc4d   0x1a  Code  Gb  info.o [1]
nrf_break               0x200001d3    0x1  Data  Gb  Task.o [1]
nrf_handler             0x0800ac0d   0xb0  Code  Gb  MyNRF24L0.o [1]
nrf_init                0x0800a8a9   0xc6  Code  Gb  MyNRF24L0.o [1]
nrf_int_flag            0x200001d1    0x1  Data  Gb  ISR.o [1]
nrf_irq_tx_addr         0x20000d20    0x4  Data  Gb  MyNRF24L0.o [1]
nrf_irq_tx_flag         0x20000d4f    0x1  Data  Gb  MyNRF24L0.o [1]
nrf_irq_tx_pnum         0x20000d24    0x4  Data  Gb  MyNRF24L0.o [1]
nrf_link_check          0x0800aa65   0xa4  Code  Gb  MyNRF24L0.o [1]
nrf_mode                0x20000d4e    0x1  Data  Gb  MyNRF24L0.o [1]
nrf_rciv                0x20000b80   0x20  Data  Gb  MyNRF24L0.o [1]
nrf_readbuf             0x0800aa29   0x3c  Code  Lc  MyNRF24L0.o [1]
nrf_readreg             0x0800a9b1   0x3a  Code  Lc  MyNRF24L0.o [1]
nrf_rx_mode             0x0800ab09   0x54  Code  Gb  MyNRF24L0.o [1]
nrf_tx                  0x0800abab   0x62  Code  Gb  MyNRF24L0.o [1]
nrf_tx_mode             0x0800ab5d   0x4e  Code  Gb  MyNRF24L0.o [1]
nrf_writebuf            0x0800a9eb   0x3e  Code  Lc  MyNRF24L0.o [1]
nrf_writereg            0x0800a96f   0x42  Code  Lc  MyNRF24L0.o [1]
offset_angle            0x20000c58    0xc  Data  Gb  Calculation.o [1]
pipl_dir                0x20000d4d    0x1  Data  Gb  main.o [1]
pit_25ms_flag           0x20000d48    0x1  Data  Gb  ISR.o [1]
pit_500ms_flag          0x20000d4a    0x1  Data  Gb  ISR.o [1]
pit_50ms_flag           0x20000d49    0x1  Data  Gb  ISR.o [1]
pit_5s_flag             0x20000d4b    0x1  Data  Gb  ISR.o [1]
pows                    0x08009688   0x48  Data  Lc  xdtento.o [4]
prepend_alloc           0x080001d1  0x33c  Code  Lc  dlmalloc.o [3]
pressure                0x20000d14    0x4  Data  Gb  main.o [1]
pwm                     0x20000c30   0x10  Data  Gb  Calculation.o [1]
pwm_of_dir              0x20000cd4    0x4  Data  Gb  Calculation.o [1]
pwr_low_flag            0x200001d2    0x1  Data  Gb  Task.o [1]
rx_flag                 0x20000d51    0x1  Data  Gb  MyNRF24L0.o [1]
sCom                    0x200001d4  0x43c  Data  Gb  main.o [1]
segment_holding         0x08000151   0x1a  Code  Lc  dlmalloc.o [3]
send_type               0x200001d0    0x1  Data  Gb  Interact.o [1]
send_wave_flag          0x20000d53    0x1  Data  Gb  Task.o [1]
sin                     0x0800349d    0x6  Code  Gb  sin.o [4]
spi_mosi                0x08007249   0x4e  Code  Gb  stm32f10x_MY_spi.o [1]
spi_mosi_cmd            0x08007297   0x96  Code  Gb  stm32f10x_MY_spi.o [1]
sqrt                    0x08002d45         Code  Gb  sqrt.o [4]
sqrtl                   0x08002d45         Code  Gb  sqrt.o [4]
strchr                  0x08004e49         Code  Gb  strchr.o [5]
strlen                  0x08004e61         Code  Gb  strlen.o [5]
strncmp                 0x0800a87d   0x2a  Code  Gb  strncmp.o [3]
strtod                  0x08008da1    0x6  Code  Gb  strtod.o [4]
strtol                  0x08008d9b    0x6  Code  Gb  strtol.o [3]
sys_alloc               0x0800050d  0x384  Code  Lc  dlmalloc.o [3]
tmalloc_large           0x0800089d  0x38a  Code  Lc  dlmalloc.o [3]
tmalloc_small           0x08000c27  0x204  Code  Lc  dlmalloc.o [3]
tolower                 0x0800992b   0x14  Code  Gb  tolower.o [3]
tx_flag                 0x20000d50    0x1  Data  Gb  MyNRF24L0.o [1]
usart_GPS_sd_flag       0x20000d4c    0x1  Data  Gb  ISR.o [1]
vsnprintf               0x08008db1   0x3c  Code  Gb  vsnprint.o [3]
x_b                     0x20000ca4    0x4  Data  Gb  Calculation.o [1]
x_d_i                   0x20000cbc    0x4  Data  Gb  Calculation.o [1]
x_max                   0x20000d36    0x2  Data  Gb  Canlibration.o [1]
x_min                   0x20000d34    0x2  Data  Gb  Canlibration.o [1]
x_p_i                   0x20000cb8    0x4  Data  Gb  Calculation.o [1]
x_p_o                   0x20000cb4    0x4  Data  Gb  Calculation.o [1]
xcq                     0x20000ccc    0x4  Data  Gb  Calculation.o [1]
xyz_t                   0x200001b0    0x4  Data  Gb  Canlibration.o [1]
y_b                     0x20000ca8    0x4  Data  Gb  Calculation.o [1]
y_d_i                   0x20000cc8    0x4  Data  Gb  Calculation.o [1]
y_max                   0x20000d3a    0x2  Data  Gb  Canlibration.o [1]
y_min                   0x20000d38    0x2  Data  Gb  Canlibration.o [1]
y_p_i                   0x20000cc4    0x4  Data  Gb  Calculation.o [1]
y_p_o                   0x20000cc0    0x4  Data  Gb  Calculation.o [1]
ycq                     0x20000cd0    0x4  Data  Gb  Calculation.o [1]
z_d                     0x20000cb0    0x4  Data  Gb  Calculation.o [1]
z_max                   0x20000d3e    0x2  Data  Gb  Canlibration.o [1]
z_min                   0x20000d3c    0x2  Data  Gb  Canlibration.o [1]
z_p                     0x20000cac    0x4  Data  Gb  Calculation.o [1]


[1] = E:\Elec\Air plane\FlyCtrl\CTRL_PCBV5\Debug\Obj
[2] = command line
[3] = dl7M_tlf.a
[4] = m7M_tl.a
[5] = rt7M_tl.a
[6] = shb_l.a

  50 014 bytes of readonly  code memory
   1 356 bytes of readonly  data memory
  15 704 bytes of readwrite data memory

Errors: none
Warnings: none
