###############################################################################
#
# IAR ELF Linker V7.10.1.6676/W32 for ARM                 04/Mar/2021  15:25:13
# Copyright 2007-2014 IAR Systems AB.
#
#    Output file  =  
#        E:\FlyCtrl\CTRL_PCBV5
#        (github)\FlyControl\software\RemotCtrl-V2\Debug\Exe\STM32F103-IAR.out
#    Map file     =  
#        E:\FlyCtrl\CTRL_PCBV5
#        (github)\FlyControl\software\RemotCtrl-V2\Debug\List\STM32F103-IAR.map
#    Command line =  
#        "E:\FlyCtrl\CTRL_PCBV5
#        (github)\FlyControl\software\RemotCtrl-V2\Debug\Obj\Calculation.o"
#        "E:\FlyCtrl\CTRL_PCBV5
#        (github)\FlyControl\software\RemotCtrl-V2\Debug\Obj\DataStructure.o"
#        "E:\FlyCtrl\CTRL_PCBV5
#        (github)\FlyControl\software\RemotCtrl-V2\Debug\Obj\delay.o"
#        "E:\FlyCtrl\CTRL_PCBV5
#        (github)\FlyControl\software\RemotCtrl-V2\Debug\Obj\ILI9341.o"
#        "E:\FlyCtrl\CTRL_PCBV5
#        (github)\FlyControl\software\RemotCtrl-V2\Debug\Obj\ISR.o"
#        "E:\FlyCtrl\CTRL_PCBV5
#        (github)\FlyControl\software\RemotCtrl-V2\Debug\Obj\lcd.o"
#        "E:\FlyCtrl\CTRL_PCBV5
#        (github)\FlyControl\software\RemotCtrl-V2\Debug\Obj\main.o"
#        "E:\FlyCtrl\CTRL_PCBV5
#        (github)\FlyControl\software\RemotCtrl-V2\Debug\Obj\misc.o"
#        "E:\FlyCtrl\CTRL_PCBV5
#        (github)\FlyControl\software\RemotCtrl-V2\Debug\Obj\MyIIC.o"
#        "E:\FlyCtrl\CTRL_PCBV5
#        (github)\FlyControl\software\RemotCtrl-V2\Debug\Obj\MyNRF24L0.o"
#        "E:\FlyCtrl\CTRL_PCBV5
#        (github)\FlyControl\software\RemotCtrl-V2\Debug\Obj\startup_stm32f10x_cl.o"
#        "E:\FlyCtrl\CTRL_PCBV5
#        (github)\FlyControl\software\RemotCtrl-V2\Debug\Obj\stm32f10x_adc.o"
#        "E:\FlyCtrl\CTRL_PCBV5
#        (github)\FlyControl\software\RemotCtrl-V2\Debug\Obj\stm32f10x_exti.o"
#        "E:\FlyCtrl\CTRL_PCBV5
#        (github)\FlyControl\software\RemotCtrl-V2\Debug\Obj\stm32f10x_flash.o"
#        "E:\FlyCtrl\CTRL_PCBV5
#        (github)\FlyControl\software\RemotCtrl-V2\Debug\Obj\stm32f10x_gpio.o"
#        "E:\FlyCtrl\CTRL_PCBV5
#        (github)\FlyControl\software\RemotCtrl-V2\Debug\Obj\stm32f10x_i2c.o"
#        "E:\FlyCtrl\CTRL_PCBV5
#        (github)\FlyControl\software\RemotCtrl-V2\Debug\Obj\stm32f10x_rcc.o"
#        "E:\FlyCtrl\CTRL_PCBV5
#        (github)\FlyControl\software\RemotCtrl-V2\Debug\Obj\stm32f10x_spi.o"
#        "E:\FlyCtrl\CTRL_PCBV5
#        (github)\FlyControl\software\RemotCtrl-V2\Debug\Obj\stm32f10x_tim.o"
#        "E:\FlyCtrl\CTRL_PCBV5
#        (github)\FlyControl\software\RemotCtrl-V2\Debug\Obj\stm32f10x_usart.o"
#        "E:\FlyCtrl\CTRL_PCBV5
#        (github)\FlyControl\software\RemotCtrl-V2\Debug\Obj\sys_init.o"
#        "E:\FlyCtrl\CTRL_PCBV5
#        (github)\FlyControl\software\RemotCtrl-V2\Debug\Obj\system_stm32f10x.o"
#        "E:\FlyCtrl\CTRL_PCBV5
#        (github)\FlyControl\software\RemotCtrl-V2\Debug\Obj\Task.o" -o
#        "E:\FlyCtrl\CTRL_PCBV5
#        (github)\FlyControl\software\RemotCtrl-V2\Debug\Exe\STM32F103-IAR.out"
#        --map "E:\FlyCtrl\CTRL_PCBV5
#        (github)\FlyControl\software\RemotCtrl-V2\Debug\List\STM32F103-IAR.map"
#        --config "E:\FlyCtrl\CTRL_PCBV5
#        (github)\FlyControl\software\RemotCtrl-V2\Config\stm32f10x_flash.icf"
#        --semihosting --entry __iar_program_start --redirect
#        __iar_sh_stdout=__iar_sh_stdout_swo --vfe
#
###############################################################################

*******************************************************************************
*** RUNTIME MODEL ATTRIBUTES
***

CppFlavor       = *
__Heap_Handler  = DLMalloc
__SystemLibrary = DLib


*******************************************************************************
*** PLACEMENT SUMMARY
***

"A1":  place at 0x08000000 { ro section .intvec };
"P1":  place in [from 0x08000000 to 0x080fffff] { ro };
"P2":  place in [from 0x20000000 to 0x20004fff] { rw, block CSTACK, block HEAP };

  Section             Kind        Address    Size  Object
  -------             ----        -------    ----  ------
"A1":                                       0x150
  .intvec             ro code  0x08000000   0x150  startup_stm32f10x_cl.o [1]
                             - 0x08000150   0x150

"P1":                                      0x9ad4
  .text               ro code  0x08000150  0x10b4  ILI9341.o [1]
  .text               ro code  0x08001204    0x1c  I32ToDbl.o [4]
  .text               ro code  0x08001220   0x1a2  DblMul.o [4]
  .text               ro code  0x080013c2    0x22  zero_init3.o [5]
  .text               ro code  0x080013e4    0x58  DblToI32.o [4]
  .text               ro code  0x0800143c   0x440  stm32f10x_gpio.o [1]
  .text               ro code  0x0800187c   0x328  stm32f10x_tim.o [1]
  .text               ro code  0x08001ba4    0xa8  delay.o [1]
  .text               ro code  0x08001c4c    0x5c  stm32f10x_rcc.o [1]
  .text               ro code  0x08001ca8   0x246  DblDiv.o [4]
  .text               ro code  0x08001eee    0x1a  xsnprout.o [3]
  .text               ro code  0x08001f08    0xe8  DblAdd.o [4]
  .text               ro code  0x08001ff0    0x32  I32ToFlt.o [4]
  .text               ro code  0x08002024    0x84  FltAdd.o [4]
  .text               ro code  0x080020a8    0xd8  FltMul.o [4]
  .text               ro code  0x08002180    0x4e  FltToDbl.o [4]
  .text               ro code  0x080021d0    0x90  DblToFlt.o [4]
  .text               ro code  0x08002260    0x44  FltToS32.o [4]
  .text               ro code  0x080022a4    0xb0  misc.o [1]
  .text               ro code  0x08002354   0x180  DblSub.o [4]
  .text               ro code  0x080024d4    0xe6  FltSub.o [4]
  .text               ro code  0x080025bc   0xfac  dlmalloc.o [3]
  .text               ro code  0x08003568     0x6  abort.o [3]
  .text               ro code  0x08003570    0x2c  xgetmemchunk.o [3]
  .text               ro code  0x0800359c    0x14  exit.o [6]
  .text               ro code  0x080035b0   0xf88  lcd.o [1]
  .text               ro code  0x08004538    0x2c  ABIassert.o [6]
  .text               ro code  0x08004564     0x6  ABImemclr4.o [5]
  .text               ro code  0x0800456c    0x44  snprintf.o [3]
  .text               ro code  0x080045b0    0x36  strlen.o [5]
  .text               ro code  0x080045e6    0x1c  strcat.o [3]
  .text               ro code  0x08004604    0x24  printf.o [3]
  .text               ro code  0x08004628     0x4  exit.o [3]
  .text               ro code  0x0800462c    0x32  ABImemset48.o [5]
  .text               ro code  0x08004660   0xbe2  xprintflarge_nomb.o [3]
  .text               ro code  0x08005244     0xa  cexit.o [5]
  .text               ro code  0x08005250    0x16  strchr.o [5]
  .text               ro code  0x08005268    0x58  memchr.o [5]
  .text               ro code  0x080052c0    0xee  I64DivMod.o [5]
  .text               ro code  0x080053b0    0x76  ABImemcpy_unaligned.o [5]
  .text               ro code  0x08005426    0x42  xdnorm.o [4]
  .text               ro code  0x08005468    0x2e  DblCmpLe.o [4]
  .text               ro code  0x08005498    0x6c  localeconv.o [3]
  .text               ro code  0x08005504     0xe  div.o [3]
  .text               ro code  0x08005514     0x2  I64DivZer.o [5]
  .text               ro code  0x08005516     0x2  xtls.o [3]
  .text               ro code  0x08005518   0xf28  Task.o [1]
  .text               ro code  0x08006440    0x50  stm32f10x_exti.o [1]
  .text               ro code  0x08006490   0x67c  sys_init.o [1]
  .text               ro code  0x08006b0c    0xfc  FltDiv.o [4]
  .text               ro code  0x08006c08   0x5a4  MyNRF24L0.o [1]
  .text               ro code  0x080071ac    0x44  strcpy_unaligned.o [5]
  .text               ro code  0x080071f0   0x1e2  stm32f10x_adc.o [1]
  .text               ro code  0x080073d4    0x90  stm32f10x_spi.o [1]
  .rodata             const    0x08007464   0xd5c  lcd.o [1]
  .rodata             const    0x080081c0   0x5f0  lcd.o [1]
  .rodata             const    0x080087b0   0x474  lcd.o [1]
  .text               ro code  0x08008c24   0x338  main.o [1]
  .text               ro code  0x08008f5c   0x264  ISR.o [1]
  .text               ro code  0x080091c0   0x1c6  lz77_init.o [5]
  .text               ro code  0x08009388   0x158  system_stm32f10x.o [1]
  .rodata             const    0x080094e0    0xb0  Task.o [1]
  .rodata             const    0x08009590    0x8c  Task.o [1]
  .rodata             const    0x0800961c    0x5c  lcd.o [1]
  .rodata             const    0x08009678    0x2c  main.o [1]
  .rodata             const    0x080096a4    0x2c  Task.o [1]
  .rodata             const    0x080096d0    0x28  Task.o [1]
  .text               ro code  0x080096f8    0x28  data_init.o [5]
  .iar.init_table     const    0x08009720    0x2c  - Linker created -
  .rodata             const    0x0800974c    0x20  Task.o [1]
  .rodata             const    0x0800976c    0x20  Task.o [1]
  .rodata             const    0x0800978c    0x20  Task.o [1]
  .rodata             const    0x080097ac    0x20  Task.o [1]
  .rodata             const    0x080097cc    0x1c  Task.o [1]
  .text               ro code  0x080097e8    0x1a  cmain.o [5]
  .text               ro code  0x08009802     0x4  low_level_init.o [3]
  .rodata             const    0x08009808    0x18  Task.o [1]
  .text               ro code  0x08009820    0x16  xprout.o [3]
  .text               ro code  0x08009838     0xc  putchar.o [3]
  .rodata             const    0x08009844    0x14  Task.o [1]
  .rodata             const    0x08009858    0x14  Task.o [1]
  .rodata             const    0x0800986c    0x10  lcd.o [1]
  .rodata             const    0x0800987c    0x10  main.o [1]
  .rodata             const    0x0800988c    0x10  sys_init.o [1]
  .rodata             const    0x0800989c    0x10  Task.o [1]
  .rodata             const    0x080098ac    0x10  Task.o [1]
  .rodata             const    0x080098bc    0x10  Task.o [1]
  .rodata             const    0x080098cc    0x10  Task.o [1]
  .text               ro code  0x080098dc    0x10  startup_stm32f10x_cl.o [1]
  .rodata             const    0x080098ec     0xc  main.o [1]
  .rodata             const    0x080098f8     0xc  sys_init.o [1]
  .rodata             const    0x08009904     0xc  sys_init.o [1]
  .rodata             const    0x08009910     0xc  sys_init.o [1]
  .rodata             const    0x0800991c     0xc  sys_init.o [1]
  .rodata             const    0x08009928     0xc  sys_init.o [1]
  .rodata             const    0x08009934     0xc  sys_init.o [1]
  .rodata             const    0x08009940     0xc  Task.o [1]
  .rodata             const    0x0800994c     0xc  Task.o [1]
  .rodata             const    0x08009958     0xc  Task.o [1]
  .rodata             const    0x08009964     0xc  Task.o [1]
  .rodata             const    0x08009970     0xc  Task.o [1]
  .text               ro code  0x0800997c     0xc  cstartup_M.o [5]
  .rodata             const    0x08009988     0x8  lcd.o [1]
  .rodata             const    0x08009990     0x8  lcd.o [1]
  .rodata             const    0x08009998     0x8  MyNRF24L0.o [1]
  .rodata             const    0x080099a0     0x8  sys_init.o [1]
  .rodata             const    0x080099a8     0x8  sys_init.o [1]
  .rodata             const    0x080099b0     0x8  sys_init.o [1]
  .rodata             const    0x080099b8     0x8  sys_init.o [1]
  .rodata             const    0x080099c0     0x8  Task.o [1]
  .rodata             const    0x080099c8     0x8  Task.o [1]
  .rodata             const    0x080099d0     0x8  Task.o [1]
  .rodata             const    0x080099d8     0x4  main.o [1]
  .text               ro code  0x080099dc     0x4  startup_stm32f10x_cl.o [1]
  .text               ro code  0x080099e0     0x4  startup_stm32f10x_cl.o [1]
  .text               ro code  0x080099e4     0x4  startup_stm32f10x_cl.o [1]
  .text               ro code  0x080099e8     0x4  startup_stm32f10x_cl.o [1]
  .text               ro code  0x080099ec     0x4  startup_stm32f10x_cl.o [1]
  .text               ro code  0x080099f0     0x4  startup_stm32f10x_cl.o [1]
  .text               ro code  0x080099f4     0x4  startup_stm32f10x_cl.o [1]
  .text               ro code  0x080099f8     0x4  startup_stm32f10x_cl.o [1]
  .text               ro code  0x080099fc     0x4  startup_stm32f10x_cl.o [1]
  .text               ro code  0x08009a00     0x4  startup_stm32f10x_cl.o [1]
  .text               ro code  0x08009a04     0x4  startup_stm32f10x_cl.o [1]
  .text               ro code  0x08009a08     0x4  startup_stm32f10x_cl.o [1]
  .text               ro code  0x08009a0c     0x4  startup_stm32f10x_cl.o [1]
  .text               ro code  0x08009a10     0x4  startup_stm32f10x_cl.o [1]
  .text               ro code  0x08009a14     0x4  startup_stm32f10x_cl.o [1]
  .text               ro code  0x08009a18     0x4  startup_stm32f10x_cl.o [1]
  .text               ro code  0x08009a1c     0x4  startup_stm32f10x_cl.o [1]
  .text               ro code  0x08009a20     0x4  startup_stm32f10x_cl.o [1]
  .text               ro code  0x08009a24     0x4  startup_stm32f10x_cl.o [1]
  .text               ro code  0x08009a28     0x4  startup_stm32f10x_cl.o [1]
  .text               ro code  0x08009a2c     0x4  startup_stm32f10x_cl.o [1]
  .text               ro code  0x08009a30     0x4  startup_stm32f10x_cl.o [1]
  .text               ro code  0x08009a34     0x4  startup_stm32f10x_cl.o [1]
  .text               ro code  0x08009a38     0x4  startup_stm32f10x_cl.o [1]
  .text               ro code  0x08009a3c     0x4  startup_stm32f10x_cl.o [1]
  .text               ro code  0x08009a40     0x4  startup_stm32f10x_cl.o [1]
  .text               ro code  0x08009a44     0x4  startup_stm32f10x_cl.o [1]
  .text               ro code  0x08009a48     0x4  startup_stm32f10x_cl.o [1]
  .text               ro code  0x08009a4c     0x4  startup_stm32f10x_cl.o [1]
  .text               ro code  0x08009a50     0x4  startup_stm32f10x_cl.o [1]
  .text               ro code  0x08009a54     0x4  startup_stm32f10x_cl.o [1]
  .text               ro code  0x08009a58     0x4  startup_stm32f10x_cl.o [1]
  .text               ro code  0x08009a5c     0x4  startup_stm32f10x_cl.o [1]
  .text               ro code  0x08009a60     0x4  startup_stm32f10x_cl.o [1]
  .text               ro code  0x08009a64     0x4  startup_stm32f10x_cl.o [1]
  .text               ro code  0x08009a68     0x4  startup_stm32f10x_cl.o [1]
  .text               ro code  0x08009a6c     0x4  startup_stm32f10x_cl.o [1]
  .text               ro code  0x08009a70     0x4  startup_stm32f10x_cl.o [1]
  .text               ro code  0x08009a74     0x4  startup_stm32f10x_cl.o [1]
  .text               ro code  0x08009a78     0x4  startup_stm32f10x_cl.o [1]
  .text               ro code  0x08009a7c     0x4  startup_stm32f10x_cl.o [1]
  .text               ro code  0x08009a80     0x4  startup_stm32f10x_cl.o [1]
  .text               ro code  0x08009a84     0x4  startup_stm32f10x_cl.o [1]
  .text               ro code  0x08009a88     0x4  startup_stm32f10x_cl.o [1]
  .text               ro code  0x08009a8c     0x4  startup_stm32f10x_cl.o [1]
  .text               ro code  0x08009a90     0x4  startup_stm32f10x_cl.o [1]
  .text               ro code  0x08009a94     0x4  startup_stm32f10x_cl.o [1]
  .text               ro code  0x08009a98     0x4  startup_stm32f10x_cl.o [1]
  .text               ro code  0x08009a9c     0x4  startup_stm32f10x_cl.o [1]
  .text               ro code  0x08009aa0     0x4  startup_stm32f10x_cl.o [1]
  .text               ro code  0x08009aa4     0x4  startup_stm32f10x_cl.o [1]
  .text               ro code  0x08009aa8     0x4  startup_stm32f10x_cl.o [1]
  .text               ro code  0x08009aac     0x4  startup_stm32f10x_cl.o [1]
  .text               ro code  0x08009ab0     0x4  startup_stm32f10x_cl.o [1]
  .text               ro code  0x08009ab4     0x4  startup_stm32f10x_cl.o [1]
  .text               ro code  0x08009ab8     0x4  startup_stm32f10x_cl.o [1]
  .text               ro code  0x08009abc     0x4  startup_stm32f10x_cl.o [1]
  .text               ro code  0x08009ac0     0x4  startup_stm32f10x_cl.o [1]
  .text               ro code  0x08009ac4     0x4  startup_stm32f10x_cl.o [1]
  .text               ro code  0x08009ac8     0x4  startup_stm32f10x_cl.o [1]
  .text               ro code  0x08009acc     0x4  startup_stm32f10x_cl.o [1]
  .text               ro code  0x08009ad0     0x4  startup_stm32f10x_cl.o [1]
  .text               ro code  0x08009ad4     0x4  startup_stm32f10x_cl.o [1]
  .text               ro code  0x08009ad8     0x4  startup_stm32f10x_cl.o [1]
  .text               ro code  0x08009adc     0x4  startup_stm32f10x_cl.o [1]
  .text               ro code  0x08009ae0     0x4  startup_stm32f10x_cl.o [1]
  .rodata             const    0x08009ae4     0x0  zero_init3.o [5]
  .rodata             const    0x08009ae4     0x0  lz77_init.o [5]
  Initializer bytes   ro data  0x08009ae4   0x140  <for P2 s0>
                             - 0x08009c24  0x9ad4

"P2", part 1 of 3:                          0x510
  P2 s0                        0x20000000   0x50d  <Init block>
    .data             inited   0x20000000   0x3e8  main.o [1]
    __DLIB_PERTHREAD  inited   0x200003e8    0x88  localeconv.o [3]
    .data             inited   0x20000470    0x40  xfiles.o [3]
    .data             inited   0x200004b0    0x20  MyNRF24L0.o [1]
    .data             inited   0x200004d0    0x18  main.o [1]
    .data             inited   0x200004e8     0x8  MyNRF24L0.o [1]
    .data             inited   0x200004f0     0x8  MyNRF24L0.o [1]
    .data             inited   0x200004f8     0x4  system_stm32f10x.o [1]
    .data             inited   0x200004fc     0x4  Task.o [1]
    .data             inited   0x20000500     0x4  Task.o [1]
    .data             inited   0x20000504     0x2  sys_init.o [1]
    .data             inited   0x20000506     0x2  Task.o [1]
    .data             inited   0x20000508     0x2  Task.o [1]
    .data             inited   0x2000050a     0x1  ISR.o [1]
    .data             inited   0x2000050b     0x1  MyNRF24L0.o [1]
    .data             inited   0x2000050c     0x1  Task.o [1]
                             - 0x2000050d   0x50d

"P2", part 2 of 3:                          0x358
  .bss                zero     0x20000510   0x1d8  dlmalloc.o [3]
  .bss                zero     0x200006e8    0x50  xfiles.o [3]
  .bss                zero     0x20000738    0x20  MyNRF24L0.o [1]
  .bss                zero     0x20000758    0x1c  Task.o [1]
  .bss                zero     0x20000774    0x18  main.o [1]
  .bss                zero     0x2000078c    0x18  dlmalloc.o [3]
  .bss                zero     0x200007a4    0x14  sys_init.o [1]
  .bss                zero     0x200007b8     0xc  lcd.o [1]
  .bss                zero     0x200007c4     0xc  lcd.o [1]
  .bss                zero     0x200007d0     0xc  main.o [1]
  .bss                zero     0x200007dc     0xc  main.o [1]
  .bss                zero     0x200007e8     0xc  main.o [1]
  .bss                zero     0x200007f4     0xc  main.o [1]
  .bss                zero     0x20000800     0x4  ISR.o [1]
  .bss                zero     0x20000804     0x4  ISR.o [1]
  .bss                zero     0x20000808     0x4  ISR.o [1]
  .bss                zero     0x2000080c     0x4  ISR.o [1]
  .bss                zero     0x20000810     0x4  lcd.o [1]
  .bss                zero     0x20000814     0x4  lcd.o [1]
  .bss                zero     0x20000818     0x4  lcd.o [1]
  .bss                zero     0x2000081c     0x4  lcd.o [1]
  .bss                zero     0x20000820     0x4  lcd.o [1]
  .bss                zero     0x20000824     0x4  main.o [1]
  .bss                zero     0x20000828     0x4  MyNRF24L0.o [1]
  .bss                zero     0x2000082c     0x4  MyNRF24L0.o [1]
  .bss                zero     0x20000830     0x4  MyNRF24L0.o [1]
  .bss                zero     0x20000834     0x4  sys_init.o [1]
  .bss                zero     0x20000838     0x4  sys_init.o [1]
  .bss                zero     0x2000083c     0x4  Task.o [1]
  .bss                zero     0x20000840     0x4  Task.o [1]
  .bss                zero     0x20000844     0x4  xgetmemchunk.o [3]
  .bss                zero     0x20000848     0x2  delay.o [1]
  .bss                zero     0x2000084a     0x2  Task.o [1]
  .bss                zero     0x2000084c     0x2  Task.o [1]
  .bss                zero     0x2000084e     0x2  Task.o [1]
  .bss                zero     0x20000850     0x2  Task.o [1]
  .bss                zero     0x20000852     0x2  Task.o [1]
  .bss                zero     0x20000854     0x1  delay.o [1]
  .bss                zero     0x20000855     0x1  ISR.o [1]
  .bss                zero     0x20000856     0x1  main.o [1]
  .bss                zero     0x20000857     0x1  main.o [1]
  .bss                zero     0x20000858     0x1  main.o [1]
  .bss                zero     0x20000859     0x1  main.o [1]
  .bss                zero     0x2000085a     0x1  main.o [1]
  .bss                zero     0x2000085b     0x1  main.o [1]
  .bss                zero     0x2000085c     0x1  main.o [1]
  .bss                zero     0x2000085d     0x1  MyNRF24L0.o [1]
  .bss                zero     0x2000085e     0x1  MyNRF24L0.o [1]
  .bss                zero     0x2000085f     0x1  MyNRF24L0.o [1]
  .bss                zero     0x20000860     0x1  sys_init.o [1]
  .bss                zero     0x20000861     0x1  Task.o [1]
  .bss                zero     0x20000862     0x1  Task.o [1]
  .bss                zero     0x20000863     0x1  Task.o [1]
  .bss                zero     0x20000864     0x1  Task.o [1]
                             - 0x20000865   0x355

"P2", part 3 of 3:                         0x2500
  CSTACK                       0x20000868   0x500  <Block>
    CSTACK            uninit   0x20000868   0x500  <Block tail>
  HEAP                         0x20000d68  0x2000  <Block>
    HEAP              uninit   0x20000d68  0x2000  <Block tail>
                             - 0x20002d68  0x2500


*******************************************************************************
*** INIT TABLE
***

          Address     Size
          -------     ----
Zero (__iar_zero_init3)
    1 destination range, total size 0x355:
          0x20000510  0x355

Copy/lz77 (__iar_lz77_init3)
    1 source range, total size 0x140 (24% of destination):
          0x08009ae4  0x140
    1 destination range, total size 0x50d:
          0x20000000  0x50d



*******************************************************************************
*** MODULE SUMMARY
***

    Module                  ro code  ro data  rw data
    ------                  -------  -------  -------
E:\FlyCtrl\CTRL_PCBV5 (github)\FlyControl\software\RemotCtrl-V2\Debug\Obj: [1]
    ILI9341.o                 4 276
    ISR.o                       612                18
    MyNRF24L0.o               1 444       20       96
    Task.o                    3 880      772       63
    delay.o                     168                 3
    lcd.o                     3 976    6 204       44
    main.o                      824      329    1 107
    misc.o                      176
    startup_stm32f10x_cl.o      616
    stm32f10x_adc.o             482
    stm32f10x_exti.o             80
    stm32f10x_gpio.o          1 088
    stm32f10x_rcc.o              92
    stm32f10x_spi.o             144
    stm32f10x_tim.o             808
    sys_init.o                1 660      121       31
    system_stm32f10x.o          344        1        4
    -------------------------------------------------
    Total:                   20 670    7 447    1 366

command line: [2]
    -------------------------------------------------
    Total:

dl7M_tlf.a: [3]
    abort.o                       6
    div.o                        14
    dlmalloc.o                4 012               496
    exit.o                        4
    localeconv.o                108       34      136
    low_level_init.o              4
    printf.o                     36
    putchar.o                    12
    snprintf.o                   68
    strcat.o                     28
    xfiles.o                              15      144
    xgetmemchunk.o               44                 4
    xprintflarge_nomb.o       3 042
    xprout.o                     22
    xsnprout.o                   26
    xtls.o                        2
    -------------------------------------------------
    Total:                    7 428       49      780

m7M_tl.a: [4]
    DblAdd.o                    232
    DblCmpLe.o                   46
    DblDiv.o                    582
    DblMul.o                    418
    DblSub.o                    384
    DblToFlt.o                  144
    DblToI32.o                   88
    FltAdd.o                    132
    FltDiv.o                    252
    FltMul.o                    216
    FltSub.o                    230
    FltToDbl.o                   78
    FltToS32.o                   68
    I32ToDbl.o                   28
    I32ToFlt.o                   50
    xdnorm.o                     66
    -------------------------------------------------
    Total:                    3 014

rt7M_tl.a: [5]
    ABImemclr4.o                  6
    ABImemcpy_unaligned.o       118
    ABImemset48.o                50
    I64DivMod.o                 238
    I64DivZer.o                   2
    cexit.o                      10
    cmain.o                      26
    cstartup_M.o                 12
    data_init.o                  40
    lz77_init.o                 454
    memchr.o                     88
    strchr.o                     22
    strcpy_unaligned.o           68
    strlen.o                     54
    zero_init3.o                 34
    -------------------------------------------------
    Total:                    1 222

shb_l.a: [6]
    ABIassert.o                  44
    exit.o                       20
    -------------------------------------------------
    Total:                       64

    Gaps                         32        2
    Linker created                        44    9 472
-----------------------------------------------------
    Grand Total:             32 430    7 542   11 618


*******************************************************************************
*** ENTRY LIST
***

Entry                      Address   Size  Type      Object
-----                      -------   ----  ----      ------
?main                   0x080097e9         Code  Gb  cmain.o [5]
ADC_Cmd                 0x08007245   0x1a  Code  Gb  stm32f10x_adc.o [1]
ADC_GetCalibrationStatus
                        0x0800728b   0x18  Code  Gb  stm32f10x_adc.o [1]
ADC_GetConversionValue  0x080073ab    0x6  Code  Gb  stm32f10x_adc.o [1]
ADC_GetFlagStatus       0x080073b9   0x1a  Code  Gb  stm32f10x_adc.o [1]
ADC_GetResetCalibrationStatus
                        0x08007269   0x18  Code  Gb  stm32f10x_adc.o [1]
ADC_Init                0x080071f1   0x54  Code  Gb  stm32f10x_adc.o [1]
ADC_RegularChannelConfig
                        0x080072bd   0xee  Code  Gb  stm32f10x_adc.o [1]
ADC_ResetCalibration    0x0800725f    0xa  Code  Gb  stm32f10x_adc.o [1]
ADC_SoftwareStartConvCmd
                        0x080072a3   0x1a  Code  Gb  stm32f10x_adc.o [1]
ADC_StartCalibration    0x08007281    0xa  Code  Gb  stm32f10x_adc.o [1]
Adc1Init                0x08006635   0xe0  Code  Gb  sys_init.o [1]
AreaFill                0x080007cf   0xd0  Code  Gb  ILI9341.o [1]
AttHld                  0x080059fd  0x1de  Code  Gb  Task.o [1]
AttHldPrep              0x080059c3   0x3a  Code  Gb  Task.o [1]
CSTACK$$Base            0x20000868          --   Gb  - Linker created -
CSTACK$$Limit           0x20000d68          --   Gb  - Linker created -
CratLcdRowList          0x0800417d   0x86  Code  Gb  lcd.o [1]
DelayMs                 0x08001bef   0x42  Code  Gb  delay.o [1]
DrawThLine              0x0800387f  0x2f6  Code  Gb  lcd.o [1]
EXTI0_IRQHandler        0x08009083    0xa  Code  Gb  ISR.o [1]
EXTI15_10_IRQHandler    0x0800908d   0xe2  Code  Gb  ISR.o [1]
EXTI9_5_IRQHandler      0x0800906f   0x14  Code  Gb  ISR.o [1]
EXTIDisable             0x0800647b    0xc  Code  Gb  stm32f10x_exti.o [1]
EXTIEnable              0x0800646f    0xc  Code  Gb  stm32f10x_exti.o [1]
EXTI_ClearITPendingBit  0x08006469    0x6  Code  Gb  stm32f10x_exti.o [1]
EXTI_GetITStatus        0x08006441   0x28  Code  Gb  stm32f10x_exti.o [1]
ExperimentProcedure     0x080060f1  0x262  Code  Gb  Task.o [1]
FiltedBatVoltage        0x08006525   0xd4  Code  Gb  sys_init.o [1]
GPIO_EXTILineConfig     0x080017bf   0x90  Code  Gb  stm32f10x_gpio.o [1]
GPIO_Init               0x0800143d  0x136  Code  Gb  stm32f10x_gpio.o [1]
GetAdc                  0x08006715   0x30  Code  Gb  sys_init.o [1]
Gpio8080OptLcdAS        0x08000401  0x1e2  Code  Gb  ILI9341.o [1]
Gpio8080OptLcdClr       0x0800408d   0xf0  Code  Gb  lcd.o [1]
Gpio8080OptLcdFill      0x080036c7   0xd8  Code  Gb  lcd.o [1]
Gpio8080OptLcdSC        0x08003dad  0x15c  Code  Gb  lcd.o [1]
GpioInit                0x08006491   0x94  Code  Gb  sys_init.o [1]
HEAP$$Base              0x20000d68          --   Gb  - Linker created -
HEAP$$Limit             0x20002d68          --   Gb  - Linker created -
InStream_Read           0x080091c1   0x22  Code  Lc  lz77_init.o [5]
LCDDrawPointer          0x08003b75  0x238  Code  Gb  lcd.o [1]
LCDShowVar              0x08003fb1   0xbe  Code  Gb  lcd.o [1]
LCD_Area_Set            0x08000305   0xfc  Code  Gb  ILI9341.o [1]
LCD_Fill                0x0800367f   0x48  Code  Gb  lcd.o [1]
LCD_GPIO_Init           0x080008b5   0x86  Code  Gb  ILI9341.o [1]
LCD_Init                0x0800093b  0x8ba  Code  Gb  ILI9341.o [1]
LCD_RD_DATA             0x08000219   0x84  Code  Gb  ILI9341.o [1]
LCD_SSD_BackLightSet    0x080005e3  0x1ec  Code  Gb  ILI9341.o [1]
LCD_Show_Para           0x080067bb  0x158  Code  Gb  sys_init.o [1]
LCD_WR_DATAX            0x080001bf   0x5a  Code  Gb  ILI9341.o [1]
LCD_WriteReg            0x0800029d   0x68  Code  Gb  ILI9341.o [1]
LCD_Write_Command       0x08000151   0x6e  Code  Gb  ILI9341.o [1]
LcdDrawLine             0x0800379f   0xe0  Code  Gb  lcd.o [1]
LcdDrwPoint             0x080035b1   0xce  Code  Gb  lcd.o [1]
LcdParamInit            0x08004461   0xae  Code  Gb  lcd.o [1]
LcdSS                   0x08003f09   0xa8  Code  Gb  lcd.o [1]
NVIC_Config             0x08006745   0x76  Code  Gb  sys_init.o [1]
NVIC_Init               0x080022af   0x6a  Code  Gb  misc.o [1]
NVIC_PriorityGroupConfig
                        0x080022a5    0xa  Code  Gb  misc.o [1]
OutStream_Write         0x080091e3   0x40  Code  Lc  lz77_init.o [5]
PIT4_Init               0x08001a09   0x70  Code  Gb  stm32f10x_tim.o [1]
PhotoRESVoltageGet      0x080065f9   0x3c  Code  Gb  sys_init.o [1]
RCC_ADCCLKConfig        0x08001c4d   0x14  Code  Gb  stm32f10x_rcc.o [1]
RCC_APB1PeriphClockCmd  0x08001c7f   0x1e  Code  Gb  stm32f10x_rcc.o [1]
RCC_APB2PeriphClockCmd  0x08001c61   0x1e  Code  Gb  stm32f10x_rcc.o [1]
RX_ADDRESS              0x200004f0    0x8  Data  Gb  MyNRF24L0.o [1]
Region$$Table$$Base     0x08009720          --   Gb  - Linker created -
Region$$Table$$Limit    0x0800974c          --   Gb  - Linker created -
SPI1_Init               0x08006d2d   0x86  Code  Gb  MyNRF24L0.o [1]
SPI_Cmd                 0x08007415   0x1c  Code  Gb  stm32f10x_spi.o [1]
SPI_I2S_GetFlagStatus   0x0800744d   0x18  Code  Gb  stm32f10x_spi.o [1]
SPI_Init                0x080073d5   0x40  Code  Gb  stm32f10x_spi.o [1]
SPI_SSOutputCmd         0x08007431   0x1c  Code  Gb  stm32f10x_spi.o [1]
SetParaPre              0x08005bdb  0x1c2  Code  Gb  Task.o [1]
SetParam                0x08005d9d  0x2ec  Code  Gb  Task.o [1]
SetStdPrintfArea        0x08004203   0x1e  Code  Gb  lcd.o [1]
SetSysClock             0x080093dd    0x8  Code  Lc  system_stm32f10x.o [1]
SetSysClockTo72         0x080093e5   0xe0  Code  Lc  system_stm32f10x.o [1]
Standby                 0x08005679  0x34a  Code  Gb  Task.o [1]
StbPrep                 0x08005519  0x160  Code  Gb  Task.o [1]
SysTick_CLKSourceConfig
                        0x08002319   0x20  Code  Gb  misc.o [1]
SystemCoreClock         0x200004f8    0x4  Data  Gb  system_stm32f10x.o [1]
SystemInit              0x08009389   0x54  Code  Gb  system_stm32f10x.o [1]
TIM1_PWM_Init           0x08001aa9   0xe0  Code  Gb  stm32f10x_tim.o [1]
TIM4_IRQHandler         0x08008f5d  0x112  Code  Gb  ISR.o [1]
TIM_ClearITPendingBit   0x08001a8d    0x8  Code  Gb  stm32f10x_tim.o [1]
TIM_Cmd                 0x0800199f   0x1c  Code  Gb  stm32f10x_tim.o [1]
TIM_CtrlPWMOutputs      0x080019bb   0x22  Code  Gb  stm32f10x_tim.o [1]
TIM_ITConfig            0x080019dd   0x16  Code  Gb  stm32f10x_tim.o [1]
TIM_OC3Init             0x08001911   0x8e  Code  Gb  stm32f10x_tim.o [1]
TIM_OC3PreloadConfig    0x080019f3   0x12  Code  Gb  stm32f10x_tim.o [1]
TIM_SetCompare3         0x08001a05    0x4  Code  Gb  stm32f10x_tim.o [1]
TIM_TimeBaseInit        0x0800187d   0x94  Code  Gb  stm32f10x_tim.o [1]
TX_ADDRESS              0x200004e8    0x8  Data  Gb  MyNRF24L0.o [1]
Task                    0x20000758   0x1c  Data  Gb  Task.o [1]
TaskInit                0x08006365   0x22  Code  Gb  Task.o [1]
UpdatePlaneMod          0x080069dd   0xd0  Code  Gb  sys_init.o [1]
UpdateRmtCtrlStatus     0x08006913   0xca  Code  Gb  sys_init.o [1]
_GenldLargeNoMb         0x08004fc5  0x234  Code  Lc  xprintflarge_nomb.o [3]
_LdtobLargeNoMb         0x08004d45  0x27a  Code  Lc  xprintflarge_nomb.o [3]
_LitobLargeNoMb         0x08004c3d  0x106  Code  Lc  xprintflarge_nomb.o [3]
_Locale_aeabi_lconv     0x20000438   0x38  Data  Gb  localeconv.o [3]
_Locale_lconv           0x200003e8   0x50  Data  Gb  localeconv.o [3]
_PrintfLargeNoMb        0x08004661  0x5d6  Code  Gb  xprintflarge_nomb.o [3]
_Prout                  0x08009821   0x16  Code  Gb  xprout.o [3]
_PutcharsLargeNoMb      0x080051f9   0x2e  Code  Lc  xprintflarge_nomb.o [3]
_SNProut                0x08001eef   0x1a  Code  Gb  xsnprout.o [3]
__aeabi_assert          0x0800453b   0x24  Code  Gb  ABIassert.o [6]
__aeabi_cdcmple         0x08005469         Code  Gb  DblCmpLe.o [4]
__aeabi_d2f             0x080021d1         Code  Gb  DblToFlt.o [4]
__aeabi_d2iz            0x080013e5         Code  Gb  DblToI32.o [4]
__aeabi_d2uiz           0x08001411         Code  Gb  DblToI32.o [4]
__aeabi_dadd            0x08001f09         Code  Gb  DblAdd.o [4]
__aeabi_ddiv            0x08001ca9         Code  Gb  DblDiv.o [4]
__aeabi_dmul            0x08001221         Code  Gb  DblMul.o [4]
__aeabi_dsub            0x08002355         Code  Gb  DblSub.o [4]
__aeabi_f2d             0x08002181         Code  Gb  FltToDbl.o [4]
__aeabi_f2iz            0x08002261         Code  Gb  FltToS32.o [4]
__aeabi_fadd            0x08002025         Code  Gb  FltAdd.o [4]
__aeabi_fdiv            0x08006b0d         Code  Gb  FltDiv.o [4]
__aeabi_fmul            0x080020a9         Code  Gb  FltMul.o [4]
__aeabi_fsub            0x080024d5         Code  Gb  FltSub.o [4]
__aeabi_i2f             0x08001ff1         Code  Gb  I32ToFlt.o [4]
__aeabi_ldiv0           0x08005515         Code  Gb  I64DivZer.o [5]
__aeabi_memclr4         0x08004565         Code  Gb  ABImemclr4.o [5]
__aeabi_ui2d            0x08001205         Code  Gb  I32ToDbl.o [4]
__aeabi_ui2f            0x08002005         Code  Gb  I32ToFlt.o [4]
__aeabi_uldivmod        0x080052c1         Code  Gb  I64DivMod.o [5]
__cmain                 0x080097e9         Code  Gb  cmain.o [5]
__data_GetMemChunk      0x08003571   0x2c  Code  Gb  xgetmemchunk.o [3]
__exit                  0x0800359d   0x14  Code  Gb  exit.o [6]
__iar_Dnorm             0x08005427   0x42  Code  Gb  xdnorm.o [4]
__iar_EmptyStepPoint    0x08004539    0x2  Code  Gb  ABIassert.o [6]
__iar_Locale_lconv_init
                        0x08005499   0x3a  Code  Gb  localeconv.o [3]
__iar_Memchr            0x08005269         Code  Gb  memchr.o [5]
__iar_Memset4_word      0x0800462d         Code  Gb  ABImemset48.o [5]
__iar_Memset8_word      0x0800462d         Code  Gb  ABImemset48.o [5]
__iar_Stdout            0x20000470   0x40  Data  Gb  xfiles.o [3]
__iar_Strchr            0x08005251         Code  Gb  strchr.o [5]
__iar_d2uiz             0x0800141d         Code  Gb  DblToI32.o [4]
__iar_dadd              0x08001f1d         Code  Gb  DblAdd.o [4]
__iar_data_init3        0x080096f9   0x28  Code  Gb  data_init.o [5]
__iar_dlib_perthread_access
                        0x08005517    0x2  Code  Gb  xtls.o [3]
__iar_dlmalloc          0x080032a5  0x2b2  Code  Gb  dlmalloc.o [3]
__iar_dsub              0x08002369         Code  Gb  DblSub.o [4]
__iar_dsubStart         0x0800237b         Code  Gb  DblSub.o [4]
__iar_fadd              0x08002035         Code  Gb  FltAdd.o [4]
__iar_fsub              0x080024e5         Code  Gb  FltSub.o [4]
__iar_fsubStart         0x080024f5         Code  Gb  FltSub.o [4]
__iar_gm_               0x20000510  0x1d8  Data  Gb  dlmalloc.o [3]
__iar_lz77_init3        0x08009223  0x164  Code  Gb  lz77_init.o [5]
__iar_program_start     0x0800997d         Code  Gb  cstartup_M.o [5]
__iar_ui2d              0x08001209         Code  Gb  I32ToDbl.o [4]
__iar_ui2f              0x08002009         Code  Gb  I32ToFlt.o [4]
__iar_unaligned___aeabi_memcpy
                        0x080053b1         Code  Gb  ABImemcpy_unaligned.o [5]
__iar_unaligned___aeabi_memcpy4
                        0x080053d1         Code  Gb  ABImemcpy_unaligned.o [5]
__iar_unaligned___aeabi_memcpy8
                        0x080053d1         Code  Gb  ABImemcpy_unaligned.o [5]
__iar_unaligned_strcpy  0x080071ad         Code  Gb  strcpy_unaligned.o [5]
__iar_zero_init3        0x080013c3   0x22  Code  Gb  zero_init3.o [5]
__low_level_init        0x08009803    0x4  Code  Gb  low_level_init.o [3]
__vector_table          0x08000000         Data  Gb  startup_stm32f10x_cl.o [1]
_call_main              0x080097f5         Code  Gb  cmain.o [5]
_exit                   0x08005245         Code  Gb  cexit.o [5]
_main                   0x080097ff         Code  Gb  cmain.o [5]
abort                   0x08003569    0x6  Code  Gb  abort.o [3]
asc2_1206               0x080087b0  0x474  Data  Gb  lcd.o [1]
asc2_1608               0x080081c0  0x5f0  Data  Gb  lcd.o [1]
asc2_2412               0x08007464  0xd5c  Data  Gb  lcd.o [1]
bat_voltage             0x20000824    0x4  Data  Gb  main.o [1]
bty_votg_lcd_info       0x200004d0   0x18  Data  Gb  main.o [1]
confirm_flag            0x2000085c    0x1  Data  Gb  main.o [1]
cursor                  0x20000500    0x4  Data  Lc  Task.o [1]
delay_init              0x08001ba5   0x28  Code  Gb  delay.o [1]
delay_us                0x08001bcd   0x22  Code  Gb  delay.o [1]
div                     0x08005505    0xe  Code  Gb  div.o [3]
dr_adc                  0x2000084c    0x2  Data  Gb  Task.o [1]
dr_lcd_info             0x200007f4    0xc  Data  Gb  main.o [1]
encoder                 0x20000804    0x4  Data  Gb  ISR.o [1]
exit                    0x08004629    0x4  Code  Gb  exit.o [3]
expriment_time          0x20000800    0x4  Data  Gb  ISR.o [1]
fac_ms                  0x20000848    0x2  Data  Lc  delay.o [1]
fac_us                  0x20000854    0x1  Data  Lc  delay.o [1]
first_cycl              0x2000050c    0x1  Data  Gb  Task.o [1]
fputc                   0x0800422d  0x22e  Code  Gb  lcd.o [1]
gpio_init               0x08001573  0x1b4  Code  Gb  stm32f10x_gpio.o [1]
gpio_int_cfg            0x08001727   0x98  Code  Gb  stm32f10x_gpio.o [1]
init_mparams            0x080025d7   0x32  Code  Lc  dlmalloc.o [3]
init_top                0x08002609   0x34  Code  Lc  dlmalloc.o [3]
irq_tx_buff             0x200004b0   0x20  Data  Gb  MyNRF24L0.o [1]
key2_press_time         0x20000808    0x4  Data  Gb  ISR.o [1]
last_cursor             0x200004fc    0x4  Data  Lc  Task.o [1]
last_parameter_pointer  0x20000508    0x2  Data  Lc  Task.o [1]
lcd                     0x200007c4    0xc  Data  Gb  lcd.o [1]
localeconv              0x080054d3   0x16  Code  Gb  localeconv.o [3]
lr_adc                  0x20000850    0x2  Data  Gb  Task.o [1]
lr_lcd_info             0x200007dc    0xc  Data  Gb  main.o [1]
main                    0x08008c25  0x338  Code  Gb  main.o [1]
memchr                  0x08005269         Code  Gb  memchr.o [5]
mparams                 0x2000078c   0x18  Data  Lc  dlmalloc.o [3]
next_procedure          0x20000861    0x1  Data  Gb  Task.o [1]
nrf_handler             0x08007099   0xd4  Code  Gb  MyNRF24L0.o [1]
nrf_init                0x08006db3   0xdc  Code  Gb  MyNRF24L0.o [1]
nrf_int_flag            0x2000050a    0x1  Data  Gb  ISR.o [1]
nrf_irq_tx_addr         0x20000828    0x4  Data  Gb  MyNRF24L0.o [1]
nrf_irq_tx_flag         0x2000085e    0x1  Data  Gb  MyNRF24L0.o [1]
nrf_irq_tx_pnum         0x2000082c    0x4  Data  Gb  MyNRF24L0.o [1]
nrf_link_check          0x08006f1b   0x84  Code  Gb  MyNRF24L0.o [1]
nrf_mode                0x2000085d    0x1  Data  Gb  MyNRF24L0.o [1]
nrf_rciv                0x20000738   0x20  Data  Gb  MyNRF24L0.o [1]
nrf_readbuf             0x08006ef7   0x24  Code  Lc  MyNRF24L0.o [1]
nrf_readreg             0x08006eaf   0x22  Code  Lc  MyNRF24L0.o [1]
nrf_rx_mode             0x08006f9f   0x54  Code  Gb  MyNRF24L0.o [1]
nrf_send_times          0x20000774   0x18  Data  Gb  main.o [1]
nrf_tx                  0x08007041   0x58  Code  Gb  MyNRF24L0.o [1]
nrf_tx_mode             0x08006ff3   0x4e  Code  Gb  MyNRF24L0.o [1]
nrf_tx_sta              0x2000050b    0x1  Data  Gb  MyNRF24L0.o [1]
nrf_writebuf            0x08006ed1   0x26  Code  Lc  MyNRF24L0.o [1]
nrf_writereg            0x08006e8f   0x20  Code  Lc  MyNRF24L0.o [1]
obuf                    0x200006e8   0x50  Data  Lc  xfiles.o [3]
p_last_roll_start       0x20000820    0x4  Data  Lc  lcd.o [1]
p_now                   0x20000810    0x4  Data  Lc  lcd.o [1]
p_roll_start            0x2000081c    0x4  Data  Lc  lcd.o [1]
p_ssnow                 0x20000814    0x4  Data  Lc  lcd.o [1]
parameter_pointer       0x20000506    0x2  Data  Lc  Task.o [1]
params                  0x20000000  0x3e8  Data  Gb  main.o [1]
photo_res_voltage       0x2000083c    0x4  Data  Gb  Task.o [1]
pit_500ms_flag          0x20000859    0x1  Data  Gb  main.o [1]
pit_50ms_flag           0x20000858    0x1  Data  Gb  main.o [1]
pit_5ms_flag            0x20000857    0x1  Data  Gb  main.o [1]
pit_5s_flag             0x2000085a    0x1  Data  Gb  main.o [1]
plane_mod               0x20000856    0x1  Data  Gb  main.o [1]
plcd_row                0x20000818    0x4  Data  Gb  lcd.o [1]
poitr_off_pan           0x20000504    0x2  Data  Gb  sys_init.o [1]
prepend_alloc           0x0800263d  0x33c  Code  Lc  dlmalloc.o [3]
printf                  0x08004605   0x24  Code  Gb  printf.o [3]
putchar                 0x08009839    0xc  Code  Gb  putchar.o [3]
rx_flag                 0x2000085f    0x1  Data  Gb  MyNRF24L0.o [1]
segment_holding         0x080025bd   0x1a  Code  Lc  dlmalloc.o [3]
set_param_flag          0x2000085b    0x1  Data  Gb  main.o [1]
snprintf                0x0800456d   0x44  Code  Gb  snprintf.o [3]
spi_mosi                0x08006c09   0x6e  Code  Gb  MyNRF24L0.o [1]
spi_mosi_cmd            0x08006c77   0xb6  Code  Gb  MyNRF24L0.o [1]
start_expriment_flag    0x20000863    0x1  Data  Gb  Task.o [1]
std_area                0x200007b8    0xc  Data  Gb  lcd.o [1]
strcat                  0x080045e7   0x1c  Code  Gb  strcat.o [3]
strchr                  0x08005251         Code  Gb  strchr.o [5]
strlen                  0x080045b1         Code  Gb  strlen.o [5]
sys_alloc               0x08002979  0x384  Code  Lc  dlmalloc.o [3]
th_adc                  0x2000084a    0x2  Data  Gb  Task.o [1]
th_lcd_info             0x200007d0    0xc  Data  Gb  main.o [1]
tmalloc_large           0x08002d09  0x38a  Code  Lc  dlmalloc.o [3]
tmalloc_small           0x08003093  0x204  Code  Lc  dlmalloc.o [3]
ud_adc                  0x2000084e    0x2  Data  Gb  Task.o [1]
ud_lcd_info             0x200007e8    0xc  Data  Gb  main.o [1]
unlock_flag             0x20000862    0x1  Data  Gb  Task.o [1]
waite_for_nrf_data      0x20000864    0x1  Data  Gb  Task.o [1]


[1] = E:\FlyCtrl\CTRL_PCBV5 (github)\FlyControl\software\RemotCtrl-V2\Debug\Obj
[2] = command line
[3] = dl7M_tlf.a
[4] = m7M_tl.a
[5] = rt7M_tl.a
[6] = shb_l.a

  32 430 bytes of readonly  code memory
   7 542 bytes of readonly  data memory
  11 618 bytes of readwrite data memory

Errors: none
Warnings: none
