###############################################################################
#
# IAR ELF Linker V7.10.1.6676/W32 for ARM                 24/Feb/2021  11:43:43
# Copyright 2007-2014 IAR Systems AB.
#
#    Output file  =  
#        E:\Elec\Air plane\FlyCtrl\CTRL_PCBV5\Debug\Exe\STM32F103-IAR.out
#    Map file     =  
#        E:\Elec\Air plane\FlyCtrl\CTRL_PCBV5\Debug\List\STM32F103-IAR.map
#    Command line =  
#        "E:\Elec\Air plane\FlyCtrl\CTRL_PCBV5\Debug\Obj\Calculation.o"
#        "E:\Elec\Air plane\FlyCtrl\CTRL_PCBV5\Debug\Obj\Canlibration.o"
#        "E:\Elec\Air plane\FlyCtrl\CTRL_PCBV5\Debug\Obj\context.o"
#        "E:\Elec\Air plane\FlyCtrl\CTRL_PCBV5\Debug\Obj\DataStructure.o"
#        "E:\Elec\Air plane\FlyCtrl\CTRL_PCBV5\Debug\Obj\delay.o" "E:\Elec\Air
#        plane\FlyCtrl\CTRL_PCBV5\Debug\Obj\generate.o" "E:\Elec\Air
#        plane\FlyCtrl\CTRL_PCBV5\Debug\Obj\generator.o" "E:\Elec\Air
#        plane\FlyCtrl\CTRL_PCBV5\Debug\Obj\gmath.o" "E:\Elec\Air
#        plane\FlyCtrl\CTRL_PCBV5\Debug\Obj\GPS.o" "E:\Elec\Air
#        plane\FlyCtrl\CTRL_PCBV5\Debug\Obj\HMC5883.o" "E:\Elec\Air
#        plane\FlyCtrl\CTRL_PCBV5\Debug\Obj\info.o" "E:\Elec\Air
#        plane\FlyCtrl\CTRL_PCBV5\Debug\Obj\Interact.o" "E:\Elec\Air
#        plane\FlyCtrl\CTRL_PCBV5\Debug\Obj\ISR.o" "E:\Elec\Air
#        plane\FlyCtrl\CTRL_PCBV5\Debug\Obj\L3GD20.o" "E:\Elec\Air
#        plane\FlyCtrl\CTRL_PCBV5\Debug\Obj\LSM303.o" "E:\Elec\Air
#        plane\FlyCtrl\CTRL_PCBV5\Debug\Obj\main.o" "E:\Elec\Air
#        plane\FlyCtrl\CTRL_PCBV5\Debug\Obj\misc.o" "E:\Elec\Air
#        plane\FlyCtrl\CTRL_PCBV5\Debug\Obj\Mpu6050.o" "E:\Elec\Air
#        plane\FlyCtrl\CTRL_PCBV5\Debug\Obj\MyIIC.o" "E:\Elec\Air
#        plane\FlyCtrl\CTRL_PCBV5\Debug\Obj\MyNRF24L0.o" "E:\Elec\Air
#        plane\FlyCtrl\CTRL_PCBV5\Debug\Obj\parse.o" "E:\Elec\Air
#        plane\FlyCtrl\CTRL_PCBV5\Debug\Obj\parser.o" "E:\Elec\Air
#        plane\FlyCtrl\CTRL_PCBV5\Debug\Obj\QMC5883.o" "E:\Elec\Air
#        plane\FlyCtrl\CTRL_PCBV5\Debug\Obj\sentence.o" "E:\Elec\Air
#        plane\FlyCtrl\CTRL_PCBV5\Debug\Obj\startup_stm32f10x_cl.o"
#        "E:\Elec\Air plane\FlyCtrl\CTRL_PCBV5\Debug\Obj\stm32f10x_adc.o"
#        "E:\Elec\Air plane\FlyCtrl\CTRL_PCBV5\Debug\Obj\stm32f10x_dma.o"
#        "E:\Elec\Air plane\FlyCtrl\CTRL_PCBV5\Debug\Obj\stm32f10x_exti.o"
#        "E:\Elec\Air plane\FlyCtrl\CTRL_PCBV5\Debug\Obj\stm32f10x_flash.o"
#        "E:\Elec\Air plane\FlyCtrl\CTRL_PCBV5\Debug\Obj\stm32f10x_gpio.o"
#        "E:\Elec\Air plane\FlyCtrl\CTRL_PCBV5\Debug\Obj\stm32f10x_i2c.o"
#        "E:\Elec\Air plane\FlyCtrl\CTRL_PCBV5\Debug\Obj\stm32f10x_MY_spi.o"
#        "E:\Elec\Air plane\FlyCtrl\CTRL_PCBV5\Debug\Obj\stm32f10x_MyFlash.o"
#        "E:\Elec\Air plane\FlyCtrl\CTRL_PCBV5\Debug\Obj\stm32f10x_rcc.o"
#        "E:\Elec\Air plane\FlyCtrl\CTRL_PCBV5\Debug\Obj\stm32f10x_spi.o"
#        "E:\Elec\Air plane\FlyCtrl\CTRL_PCBV5\Debug\Obj\stm32f10x_tim.o"
#        "E:\Elec\Air plane\FlyCtrl\CTRL_PCBV5\Debug\Obj\stm32f10x_usart.o"
#        "E:\Elec\Air plane\FlyCtrl\CTRL_PCBV5\Debug\Obj\sys_init.o"
#        "E:\Elec\Air plane\FlyCtrl\CTRL_PCBV5\Debug\Obj\system_stm32f10x.o"
#        "E:\Elec\Air plane\FlyCtrl\CTRL_PCBV5\Debug\Obj\Task.o" "E:\Elec\Air
#        plane\FlyCtrl\CTRL_PCBV5\Debug\Obj\time.o" "E:\Elec\Air
#        plane\FlyCtrl\CTRL_PCBV5\Debug\Obj\tok.o" -o "E:\Elec\Air
#        plane\FlyCtrl\CTRL_PCBV5\Debug\Exe\STM32F103-IAR.out" --map
#        "E:\Elec\Air plane\FlyCtrl\CTRL_PCBV5\Debug\List\STM32F103-IAR.map"
#        --config "E:\Elec\Air
#        plane\FlyCtrl\CTRL_PCBV5\Config\stm32f10x_flash.icf" --semihosting
#        --entry __iar_program_start --redirect
#        __iar_sh_stdout=__iar_sh_stdout_swo --vfe
#
###############################################################################

*******************************************************************************
*** RUNTIME MODEL ATTRIBUTES
***

CppFlavor                     = *
__Heap_Handler                = DLMalloc
__SystemLibrary               = DLib
__dlib_dynamic_initialization = normal


*******************************************************************************
*** PLACEMENT SUMMARY
***

"A1":  place at 0x08000000 { ro section .intvec };
"P1":  place in [from 0x08000000 to 0x080fffff] { ro };
"P2":  place in [from 0x20000000 to 0x2000bfff] { rw, block CSTACK, block HEAP };

  Section             Kind        Address    Size  Object
  -------             ----        -------    ----  ------
"A1":                                       0x150
  .intvec             ro code  0x08000000   0x150  startup_stm32f10x_cl.o [1]
                             - 0x08000150   0x150

"P1":                                      0xc4ae
  .text               ro code  0x08000150  0x14c0  dlmalloc.o [3]
  .text               ro code  0x08001610     0x6  abort.o [3]
  .text               ro code  0x08001616    0x22  zero_init3.o [5]
  .text               ro code  0x08001638    0x2c  xgetmemchunk.o [3]
  .text               ro code  0x08001664    0x14  exit.o [6]
  .text               ro code  0x08001678  0x10ec  Calculation.o [1]
  .text               ro code  0x08002764    0x32  I32ToFlt.o [4]
  .text               ro code  0x08002796    0x1a  xsnprout.o [3]
  .text               ro code  0x080027b0    0xe6  FltSub.o [4]
  .text               ro code  0x08002898    0xd8  FltMul.o [4]
  .text               ro code  0x08002970    0x44  FltToS32.o [4]
  .text               ro code  0x080029b4    0x84  FltAdd.o [4]
  .text               ro code  0x08002a38    0x4e  FltToDbl.o [4]
  .text               ro code  0x08002a88   0x246  DblDiv.o [4]
  .text               ro code  0x08002cd0    0x90  DblToFlt.o [4]
  .text               ro code  0x08002d60    0xf0  sqrt.o [4]
  .text               ro code  0x08002e50    0x24  FltCmpLe.o [4]
  .text               ro code  0x08002e74    0xfc  FltDiv.o [4]
  .text               ro code  0x08002f70    0x24  FltCmpGe.o [4]
  .text               ro code  0x08002f94    0xe8  acos.o [4]
  .text               ro code  0x0800307c   0x180  DblSub.o [4]
  .text               ro code  0x080031fc   0x1a2  DblMul.o [4]
  .text               ro code  0x080033a0    0xe8  DblAdd.o [4]
  .text               ro code  0x08003488    0x30  I32ToDbl.o [4]
  .text               ro code  0x080034b8     0x6  sin.o [4]
  .text               ro code  0x080034c0    0x2e  DblCmpGe.o [4]
  .text               ro code  0x080034f0    0x2e  DblCmpLe.o [4]
  .text               ro code  0x08003520    0xf6  asin.o [4]
  .text               ro code  0x08003618    0x1c  FltCmpEq.o [4]
  .text               ro code  0x08003634     0x6  cos.o [4]
  .text               ro code  0x0800363c    0x94  atan.o [4]
  .text               ro code  0x080036d0     0xc  iarEdom.o [5]
  .rodata             const    0x080036dc    0x5c  Mpu6050.o [1]
  .text               ro code  0x08003738   0x1e0  xatan.o [4]
  .text               ro code  0x08003918     0xc  errno.o [3]
  .text               ro code  0x08003924   0x42a  xsin.o [4]
  .text               ro code  0x08003d4e     0x2  xtls.o [3]
  .text               ro code  0x08003d50    0x58  DblToI32.o [4]
  .text               ro code  0x08003da8   0x160  xquad.o [4]
  .text               ro code  0x08003f08    0x7e  xdint.o [4]
  .text               ro code  0x08003f88    0x20  DblCmpEq.o [4]
  .text               ro code  0x08003fa8   0x1a8  fmod.o [4]
  .text               ro code  0x08004150   0xd78  Canlibration.o [1]
  .text               ro code  0x08004ec8   0x1ce  stm32f10x_flash.o [1]
  .text               ro code  0x08005098     0x6  ABImemclr4.o [5]
  .text               ro code  0x080050a0   0x2be  MyIIC.o [1]
  .text               ro code  0x08005360   0x39c  Mpu6050.o [1]
  .text               ro code  0x080056fc    0xa8  delay.o [1]
  .text               ro code  0x080057a4   0x2c8  L3GD20.o [1]
  .text               ro code  0x08005a6c    0xbc  QMC5883.o [1]
  .text               ro code  0x08005b28    0x32  ABImemset48.o [5]
  .text               ro code  0x08005b5c   0x4d0  stm32f10x_gpio.o [1]
  .text               ro code  0x0800602c     0xe  stm32f10x_MyFlash.o [1]
  .text               ro code  0x0800603c    0x2c  ABIassert.o [6]
  .text               ro code  0x08006068    0x76  ABImemcpy_unaligned.o [5]
  .text               ro code  0x080060e0    0xb0  misc.o [1]
  .text               ro code  0x08006190   0x180  stm32f10x_MY_spi.o [1]
  .text               ro code  0x08006310   0x148  stm32f10x_rcc.o [1]
  .text               ro code  0x08006458    0x90  stm32f10x_spi.o [1]
  .text               ro code  0x080064e8   0xd6e  xprintffull_nomb.o [3]
  .text               ro code  0x08007258    0x16  strchr.o [5]
  .text               ro code  0x08007270    0x36  strlen.o [5]
  .text               ro code  0x080072a8    0x58  memchr.o [5]
  .text               ro code  0x08007300    0xee  I64DivMod.o [5]
  .text               ro code  0x080073ee    0x42  xdnorm.o [4]
  .text               ro code  0x08007430   0x10c  xdscale.o [4]
  .text               ro code  0x0800753c    0x6c  localeconv.o [3]
  .text               ro code  0x080075a8     0xe  div.o [3]
  .text               ro code  0x080075b8     0x2  I64DivZer.o [5]
  .text               ro code  0x080075bc   0x9c8  Interact.o [1]
  .text               ro code  0x08007f84   0x19c  stm32f10x_usart.o [1]
  .text               ro code  0x08008120   0x910  parse.o [1]
  .text               ro code  0x08008a30   0x2a2  tok.o [1]
  .text               ro code  0x08008cd4    0x64  context.o [1]
  .text               ro code  0x08008d38    0x62  memcmp_unaligned.o [5]
  .text               ro code  0x08008d9a    0x14  memset.o [3]
  .text               ro code  0x08008dae     0xc  memcpy.o [3]
  .text               ro code  0x08008dba     0x6  strtol.o [3]
  .text               ro code  0x08008dc0     0x6  strtod.o [4]
  .text               ro code  0x08008dc6     0xa  isdigit.o [3]
  .text               ro code  0x08008dd0    0x3c  vsnprint.o [3]
  .text               ro code  0x08008e0c    0x66  ABImemset.o [5]
  .text               ro code  0x08008e72    0x88  xstol.o [3]
  .text               ro code  0x08008efc   0x14c  xstod.o [4]
  .text               ro code  0x08009048    0x28  isxxx.o [3]
  .text               ro code  0x08009070   0x194  xstoul.o [3]
  .text               ro code  0x08009204   0x134  xstopfx.o [3]
  .text               ro code  0x08009338   0x1b8  xstoflt.o [3]
  .text               ro code  0x080094f0   0x200  xdtento.o [4]
  .text               ro code  0x080096f0   0x218  xstoxflt.o [3]
  .text               ro code  0x08009908    0x18  setlocale.o [3]
  .text               ro code  0x08009920    0x16  xlocale_c.o [3]
  .text               ro code  0x08009936    0x14  xlocale_c.o [3]
  .text               ro code  0x0800994a    0x14  tolower.o [3]
  .text               ro code  0x0800995e    0x56  xdunscal.o [4]
  .text               ro code  0x080099b4     0xc  xlocale_c.o [3]
  .text               ro code  0x080099c0   0x70c  Task.o [1]
  .text               ro code  0x0800a0cc   0x60c  stm32f10x_tim.o [1]
  .text               ro code  0x0800a6d8   0x3dc  MyNRF24L0.o [1]
  .text               ro code  0x0800aab4   0x532  sys_init.o [1]
  .text               ro code  0x0800afe6    0x2a  xfdtest.o [4]
  .text               ro code  0x0800b010   0x1e2  stm32f10x_adc.o [1]
  .text               ro code  0x0800b1f4   0x494  parser.o [1]
  .text               ro code  0x0800b688   0x348  ISR.o [1]
  .text               ro code  0x0800b9d0    0x38  stm32f10x_exti.o [1]
  .text               ro code  0x0800ba08    0x1a  info.o [1]
  .text               ro code  0x0800ba24    0x34  stm32f10x_dma.o [1]
  .text               ro code  0x0800ba58   0x264  main.o [1]
  .text               ro code  0x0800bcbc    0xbc  LSM303.o [1]
  .text               ro code  0x0800bd78   0x158  system_stm32f10x.o [1]
  .text               ro code  0x0800bed0    0xd4  packbits_init.o [5]
  .rodata             const    0x0800bfa4    0x60  Mpu6050.o [1]
  .rodata             const    0x0800c004    0x44  parse.o [1]
  .rodata             const    0x0800c048    0x3c  parse.o [1]
  .rodata             const    0x0800c084    0x3c  parse.o [1]
  .rodata             const    0x0800c0c0    0x3c  parser.o [1]
  .rodata             const    0x0800c0fc    0x38  Mpu6050.o [1]
  .rodata             const    0x0800c134    0x34  ISR.o [1]
  .rodata             const    0x0800c168    0x34  parse.o [1]
  .rodata             const    0x0800c19c    0x34  parse.o [1]
  .text               ro code  0x0800c1d0    0x28  data_init.o [5]
  .rodata             const    0x0800c1f8    0x24  parse.o [1]
  .rodata             const    0x0800c21c    0x24  parse.o [1]
  .iar.init_table     const    0x0800c240    0x2c  - Linker created -
  .rodata             const    0x0800c26c    0x20  parse.o [1]
  .rodata             const    0x0800c28c    0x1c  parser.o [1]
  .text               ro code  0x0800c2a8    0x1a  cmain.o [5]
  .text               ro code  0x0800c2c2     0x4  low_level_init.o [3]
  .text               ro code  0x0800c2c6     0x4  exit.o [3]
  .text               ro code  0x0800c2cc     0xa  cexit.o [5]
  .rodata             const    0x0800c2d8    0x18  parse.o [1]
  .rodata             const    0x0800c2f0    0x18  parse.o [1]
  .rodata             const    0x0800c308    0x18  parser.o [1]
  .rodata             const    0x0800c320    0x14  parse.o [1]
  .rodata             const    0x0800c334    0x14  parse.o [1]
  .rodata             const    0x0800c348    0x14  parse.o [1]
  .rodata             const    0x0800c35c    0x14  parse.o [1]
  .rodata             const    0x0800c370    0x14  parse.o [1]
  .rodata             const    0x0800c384    0x10  Mpu6050.o [1]
  .rodata             const    0x0800c394    0x10  parse.o [1]
  .rodata             const    0x0800c3a4    0x10  parse.o [1]
  .rodata             const    0x0800c3b4    0x10  parse.o [1]
  .rodata             const    0x0800c3c4    0x10  parse.o [1]
  .text               ro code  0x0800c3d4    0x10  startup_stm32f10x_cl.o [1]
  .rodata             const    0x0800c3e4     0xc  parse.o [1]
  .text               ro code  0x0800c3f0     0xc  cstartup_M.o [5]
  .rodata             const    0x0800c3fc     0x8  MyNRF24L0.o [1]
  .rodata             const    0x0800c404     0x8  parse.o [1]
  .rodata             const    0x0800c40c     0x8  parse.o [1]
  .rodata             const    0x0800c414     0x8  parse.o [1]
  .rodata             const    0x0800c41c     0x8  parse.o [1]
  .rodata             const    0x0800c424     0x8  parse.o [1]
  .rodata             const    0x0800c42c     0x8  parse.o [1]
  .rodata             const    0x0800c434     0x8  parser.o [1]
  .rodata             const    0x0800c43c     0x8  QMC5883.o [1]
  .rodata             const    0x0800c444     0x4  Canlibration.o [1]
  .rodata             const    0x0800c448     0x4  Canlibration.o [1]
  .rodata             const    0x0800c44c     0x4  parse.o [1]
  .text               ro code  0x0800c450     0x4  startup_stm32f10x_cl.o [1]
  .text               ro code  0x0800c454     0x4  startup_stm32f10x_cl.o [1]
  .text               ro code  0x0800c458     0x4  startup_stm32f10x_cl.o [1]
  .text               ro code  0x0800c45c     0x4  startup_stm32f10x_cl.o [1]
  .text               ro code  0x0800c460     0x4  startup_stm32f10x_cl.o [1]
  .text               ro code  0x0800c464     0x4  startup_stm32f10x_cl.o [1]
  .text               ro code  0x0800c468     0x4  startup_stm32f10x_cl.o [1]
  .text               ro code  0x0800c46c     0x4  startup_stm32f10x_cl.o [1]
  .text               ro code  0x0800c470     0x4  startup_stm32f10x_cl.o [1]
  .text               ro code  0x0800c474     0x4  startup_stm32f10x_cl.o [1]
  .text               ro code  0x0800c478     0x4  startup_stm32f10x_cl.o [1]
  .text               ro code  0x0800c47c     0x4  startup_stm32f10x_cl.o [1]
  .text               ro code  0x0800c480     0x4  startup_stm32f10x_cl.o [1]
  .text               ro code  0x0800c484     0x4  startup_stm32f10x_cl.o [1]
  .text               ro code  0x0800c488     0x4  startup_stm32f10x_cl.o [1]
  .text               ro code  0x0800c48c     0x4  startup_stm32f10x_cl.o [1]
  .text               ro code  0x0800c490     0x4  startup_stm32f10x_cl.o [1]
  .text               ro code  0x0800c494     0x4  startup_stm32f10x_cl.o [1]
  .text               ro code  0x0800c498     0x4  startup_stm32f10x_cl.o [1]
  .text               ro code  0x0800c49c     0x4  startup_stm32f10x_cl.o [1]
  .text               ro code  0x0800c4a0     0x4  startup_stm32f10x_cl.o [1]
  .text               ro code  0x0800c4a4     0x4  startup_stm32f10x_cl.o [1]
  .text               ro code  0x0800c4a8     0x4  startup_stm32f10x_cl.o [1]
  .text               ro code  0x0800c4ac     0x4  startup_stm32f10x_cl.o [1]
  .text               ro code  0x0800c4b0     0x4  startup_stm32f10x_cl.o [1]
  .text               ro code  0x0800c4b4     0x4  startup_stm32f10x_cl.o [1]
  .text               ro code  0x0800c4b8     0x4  startup_stm32f10x_cl.o [1]
  .text               ro code  0x0800c4bc     0x4  startup_stm32f10x_cl.o [1]
  .text               ro code  0x0800c4c0     0x4  startup_stm32f10x_cl.o [1]
  .text               ro code  0x0800c4c4     0x4  startup_stm32f10x_cl.o [1]
  .text               ro code  0x0800c4c8     0x4  startup_stm32f10x_cl.o [1]
  .text               ro code  0x0800c4cc     0x4  startup_stm32f10x_cl.o [1]
  .text               ro code  0x0800c4d0     0x4  startup_stm32f10x_cl.o [1]
  .text               ro code  0x0800c4d4     0x4  startup_stm32f10x_cl.o [1]
  .text               ro code  0x0800c4d8     0x4  startup_stm32f10x_cl.o [1]
  .text               ro code  0x0800c4dc     0x4  startup_stm32f10x_cl.o [1]
  .text               ro code  0x0800c4e0     0x4  startup_stm32f10x_cl.o [1]
  .text               ro code  0x0800c4e4     0x4  startup_stm32f10x_cl.o [1]
  .text               ro code  0x0800c4e8     0x4  startup_stm32f10x_cl.o [1]
  .text               ro code  0x0800c4ec     0x4  startup_stm32f10x_cl.o [1]
  .text               ro code  0x0800c4f0     0x4  startup_stm32f10x_cl.o [1]
  .text               ro code  0x0800c4f4     0x4  startup_stm32f10x_cl.o [1]
  .text               ro code  0x0800c4f8     0x4  startup_stm32f10x_cl.o [1]
  .text               ro code  0x0800c4fc     0x4  startup_stm32f10x_cl.o [1]
  .text               ro code  0x0800c500     0x4  startup_stm32f10x_cl.o [1]
  .text               ro code  0x0800c504     0x4  startup_stm32f10x_cl.o [1]
  .text               ro code  0x0800c508     0x4  startup_stm32f10x_cl.o [1]
  .text               ro code  0x0800c50c     0x4  startup_stm32f10x_cl.o [1]
  .text               ro code  0x0800c510     0x4  startup_stm32f10x_cl.o [1]
  .text               ro code  0x0800c514     0x4  startup_stm32f10x_cl.o [1]
  .text               ro code  0x0800c518     0x4  startup_stm32f10x_cl.o [1]
  .text               ro code  0x0800c51c     0x4  startup_stm32f10x_cl.o [1]
  .text               ro code  0x0800c520     0x4  startup_stm32f10x_cl.o [1]
  .text               ro code  0x0800c524     0x4  startup_stm32f10x_cl.o [1]
  .text               ro code  0x0800c528     0x4  startup_stm32f10x_cl.o [1]
  .text               ro code  0x0800c52c     0x4  startup_stm32f10x_cl.o [1]
  .text               ro code  0x0800c530     0x4  startup_stm32f10x_cl.o [1]
  .text               ro code  0x0800c534     0x4  startup_stm32f10x_cl.o [1]
  .text               ro code  0x0800c538     0x4  startup_stm32f10x_cl.o [1]
  .text               ro code  0x0800c53c     0x4  startup_stm32f10x_cl.o [1]
  .text               ro code  0x0800c540     0x4  startup_stm32f10x_cl.o [1]
  .text               ro code  0x0800c544     0x4  startup_stm32f10x_cl.o [1]
  .text               ro code  0x0800c548     0x4  startup_stm32f10x_cl.o [1]
  .text               ro code  0x0800c54c     0x4  startup_stm32f10x_cl.o [1]
  .text               ro code  0x0800c550     0x4  startup_stm32f10x_cl.o [1]
  .rodata             const    0x0800c554     0x0  zero_init3.o [5]
  .rodata             const    0x0800c554     0x0  packbits_init.o [5]
  Initializer bytes   ro data  0x0800c554    0xaa  <for P2 s0>
                             - 0x0800c5fe  0xc4ae

"P2", part 1 of 3:                          0x1d4
  P2 s0                        0x20000000   0x1d4  <Init block>
    __DLIB_PERTHREAD  inited   0x20000000    0x88  localeconv.o [3]
    __DLIB_PERTHREAD  inited   0x20000088    0x74  setlocale.o [3]
    .data             inited   0x200000fc    0x20  main.o [1]
    .data             inited   0x2000011c    0x20  main.o [1]
    .data             inited   0x2000013c    0x1c  main.o [1]
    .data             inited   0x20000158    0x14  parse.o [1]
    .data             inited   0x2000016c    0x10  stm32f10x_rcc.o [1]
    .data             inited   0x2000017c     0xc  context.o [1]
    .data             inited   0x20000188     0xc  main.o [1]
    .data             inited   0x20000194     0x8  MyNRF24L0.o [1]
    .data             inited   0x2000019c     0x8  MyNRF24L0.o [1]
    .data             inited   0x200001a4     0x4  Calculation.o [1]
    .data             inited   0x200001a8     0x4  Canlibration.o [1]
    .data             inited   0x200001ac     0x4  Canlibration.o [1]
    .data             inited   0x200001b0     0x4  Canlibration.o [1]
    .data             inited   0x200001b4     0x4  Canlibration.o [1]
    .data             inited   0x200001b8     0x4  Interact.o [1]
    .data             inited   0x200001bc     0x4  L3GD20.o [1]
    .data             inited   0x200001c0     0x4  Mpu6050.o [1]
    .data             inited   0x200001c4     0x4  stm32f10x_rcc.o [1]
    .data             inited   0x200001c8     0x4  system_stm32f10x.o [1]
    __DLIB_PERTHREAD  inited   0x200001cc     0x4  errno.o [3]
    .data             inited   0x200001d0     0x1  Interact.o [1]
    .data             inited   0x200001d1     0x1  ISR.o [1]
    .data             inited   0x200001d2     0x1  Task.o [1]
    .data             inited   0x200001d3     0x1  Task.o [1]
                             - 0x200001d4   0x1d4

"P2", part 2 of 3:                          0xb5c
  .bss                zero     0x200001d4   0x43c  main.o [1]
  .bss                zero     0x20000610   0x1d8  dlmalloc.o [3]
  .bss                zero     0x200007e8    0x14  main.o [1]
  .bss                zero     0x20000800   0x168  ISR.o [1]
  .bss                zero     0x20000968   0x100  ISR.o [1]
  .bss                zero     0x20000a68    0x80  main.o [1]
  .bss                zero     0x20000ae8    0x30  Interact.o [1]
  .bss                zero     0x20000b18    0x28  Task.o [1]
  .bss                zero     0x20000b40    0x20  Calculation.o [1]
  .bss                zero     0x20000b60    0x20  MyNRF24L0.o [1]
  .bss                zero     0x20000b80    0x18  Calculation.o [1]
  .bss                zero     0x20000b98    0x18  ISR.o [1]
  .bss                zero     0x20000bb0    0x18  ISR.o [1]
  .bss                zero     0x20000bc8    0x18  ISR.o [1]
  .bss                zero     0x20000be0    0x18  main.o [1]
  .bss                zero     0x20000bf8    0x18  dlmalloc.o [3]
  .bss                zero     0x20000c10    0x10  Calculation.o [1]
  .bss                zero     0x20000c20     0xc  Calculation.o [1]
  .bss                zero     0x20000c2c     0xc  Calculation.o [1]
  .bss                zero     0x20000c38     0xc  Calculation.o [1]
  .bss                zero     0x20000c44     0xc  main.o [1]
  .bss                zero     0x20000c50     0x8  Calculation.o [1]
  .bss                zero     0x20000c58     0x8  ISR.o [1]
  .bss                zero     0x20000c60     0x8  ISR.o [1]
  .bss                zero     0x20000c68     0x8  ISR.o [1]
  .bss                zero     0x20000c70     0x4  Calculation.o [1]
  .bss                zero     0x20000c74     0x4  Calculation.o [1]
  .bss                zero     0x20000c78     0x4  Calculation.o [1]
  .bss                zero     0x20000c7c     0x4  Calculation.o [1]
  .bss                zero     0x20000c80     0x4  Calculation.o [1]
  .bss                zero     0x20000c84     0x4  Calculation.o [1]
  .bss                zero     0x20000c88     0x4  Calculation.o [1]
  .bss                zero     0x20000c8c     0x4  Calculation.o [1]
  .bss                zero     0x20000c90     0x4  Calculation.o [1]
  .bss                zero     0x20000c94     0x4  Calculation.o [1]
  .bss                zero     0x20000c98     0x4  Calculation.o [1]
  .bss                zero     0x20000c9c     0x4  Calculation.o [1]
  .bss                zero     0x20000ca0     0x4  Calculation.o [1]
  .bss                zero     0x20000ca4     0x4  Calculation.o [1]
  .bss                zero     0x20000ca8     0x4  Calculation.o [1]
  .bss                zero     0x20000cac     0x4  Calculation.o [1]
  .bss                zero     0x20000cb0     0x4  Calculation.o [1]
  .bss                zero     0x20000cb4     0x4  Calculation.o [1]
  .bss                zero     0x20000cb8     0x4  Calculation.o [1]
  .bss                zero     0x20000cbc     0x4  Calculation.o [1]
  .bss                zero     0x20000cc0     0x4  Calculation.o [1]
  .bss                zero     0x20000cc4     0x4  Calculation.o [1]
  .bss                zero     0x20000cc8     0x4  Calculation.o [1]
  .bss                zero     0x20000ccc     0x4  Calculation.o [1]
  .bss                zero     0x20000cd0     0x4  Calculation.o [1]
  .bss                zero     0x20000cd4     0x4  Calculation.o [1]
  .bss                zero     0x20000cd8     0x4  Calculation.o [1]
  .bss                zero     0x20000cdc     0x4  Interact.o [1]
  .bss                zero     0x20000ce0     0x4  Interact.o [1]
  .bss                zero     0x20000ce4     0x4  Interact.o [1]
  .bss                zero     0x20000ce8     0x4  ISR.o [1]
  .bss                zero     0x20000cec     0x4  ISR.o [1]
  .bss                zero     0x20000cf0     0x4  main.o [1]
  .bss                zero     0x20000cf4     0x4  main.o [1]
  .bss                zero     0x20000cf8     0x4  MyIIC.o [1]
  .bss                zero     0x20000cfc     0x4  Task.o [1]
  .bss                zero     0x20000d00     0x4  Task.o [1]
  .bss                zero     0x20000d04     0x4  xgetmemchunk.o [3]
  .bss                zero     0x20000d08     0x2  Canlibration.o [1]
  .bss                zero     0x20000d0a     0x2  Canlibration.o [1]
  .bss                zero     0x20000d0c     0x2  Canlibration.o [1]
  .bss                zero     0x20000d0e     0x2  Canlibration.o [1]
  .bss                zero     0x20000d10     0x2  Canlibration.o [1]
  .bss                zero     0x20000d12     0x2  Canlibration.o [1]
  .bss                zero     0x20000d14     0x2  delay.o [1]
  .bss                zero     0x20000d16     0x2  ISR.o [1]
  .bss                zero     0x20000d18     0x2  Task.o [1]
  .bss                zero     0x20000d1a     0x1  delay.o [1]
  .bss                zero     0x20000d1b     0x1  Interact.o [1]
  .bss                zero     0x20000d1c     0x1  ISR.o [1]
  .bss                zero     0x20000d1d     0x1  ISR.o [1]
  .bss                zero     0x20000d1e     0x1  ISR.o [1]
  .bss                zero     0x20000d1f     0x1  ISR.o [1]
  .bss                zero     0x20000d20     0x1  ISR.o [1]
  .bss                zero     0x20000d21     0x1  main.o [1]
  .bss                zero     0x20000d22     0x1  MyNRF24L0.o [1]
  .bss                zero     0x20000d23     0x1  MyNRF24L0.o [1]
  .bss                zero     0x20000d24     0x1  MyNRF24L0.o [1]
  .bss                zero     0x20000d25     0x1  Task.o [1]
  .bss                zero     0x20000d26     0x1  Task.o [1]
  .bss                zero     0x20000d27     0x1  Task.o [1]
  .bss                zero     0x20000d28     0x1  Task.o [1]
  .bss                zero     0x20000d29     0x1  Task.o [1]
  .bss                zero     0x20000d2a     0x1  Task.o [1]
                             - 0x20000d2b   0xb57

"P2", part 3 of 3:                         0x3000
  CSTACK                       0x20000d30  0x2000  <Block>
    CSTACK            uninit   0x20000d30  0x2000  <Block tail>
  HEAP                         0x20002d30  0x1000  <Block>
    HEAP              uninit   0x20002d30  0x1000  <Block tail>
                             - 0x20003d30  0x3000


*******************************************************************************
*** INIT TABLE
***

          Address     Size
          -------     ----
Zero (__iar_zero_init3)
    1 destination range, total size 0xb57:
          0x200001d4  0xb57

Copy/packbits (__iar_packbits_init3)
    1 source range, total size 0xaa (36% of destination):
          0x0800c554   0xaa
    1 destination range, total size 0x1d4:
          0x20000000  0x1d4



*******************************************************************************
*** MODULE SUMMARY
***

    Module                  ro code  ro data  rw data
    ------                  -------  -------  -------
E:\Elec\Air plane\FlyCtrl\CTRL_PCBV5\Debug\Obj: [1]
    Calculation.o             4 332        2      228
    Canlibration.o            3 448       13       28
    ISR.o                       840       53      728
    Interact.o                2 504        2       66
    L3GD20.o                    712        1        4
    LSM303.o                    188
    Mpu6050.o                   924      262        4
    MyIIC.o                     702                 4
    MyNRF24L0.o                 988       14       51
    QMC5883.o                   188        8
    Task.o                    1 804        1       58
    context.o                   100        4       12
    delay.o                     168                 3
    info.o                       26
    main.o                      612       37    1 381
    misc.o                      176
    parse.o                   2 320      680       20
    parser.o                  1 172      120
    startup_stm32f10x_cl.o      612
    stm32f10x_MY_spi.o          384
    stm32f10x_MyFlash.o          14
    stm32f10x_adc.o             482
    stm32f10x_dma.o              52
    stm32f10x_exti.o             56
    stm32f10x_flash.o           462
    stm32f10x_gpio.o          1 232
    stm32f10x_rcc.o             328        7       20
    stm32f10x_spi.o             144
    stm32f10x_tim.o           1 548
    stm32f10x_usart.o           412
    sys_init.o                1 330
    system_stm32f10x.o          344        2        4
    tok.o                       674
    -------------------------------------------------
    Total:                   29 278    1 206    2 611

command line: [2]
    -------------------------------------------------
    Total:

dl7M_tlf.a: [3]
    abort.o                       6
    div.o                        14
    dlmalloc.o                5 312               496
    errno.o                      12        1        4
    exit.o                        4
    isdigit.o                    10
    isxxx.o                      40
    localeconv.o                108       49      136
    low_level_init.o              4
    memcpy.o                     12
    memset.o                     20
    setlocale.o                  24       42      116
    strtol.o                      6
    tolower.o                    20
    vsnprint.o                   60
    xgetmemchunk.o               44                 4
    xlocale_c.o                  54
    xprintffull_nomb.o        3 438
    xsnprout.o                   26
    xstoflt.o                   440
    xstol.o                     136
    xstopfx.o                   308
    xstoul.o                    404
    xstoxflt.o                  536
    xtls.o                        2
    -------------------------------------------------
    Total:                   11 040       92      756

m7M_tl.a: [4]
    DblAdd.o                    232
    DblCmpEq.o                   32
    DblCmpGe.o                   46
    DblCmpLe.o                   46
    DblDiv.o                    582
    DblMul.o                    418
    DblSub.o                    384
    DblToFlt.o                  144
    DblToI32.o                   88
    FltAdd.o                    132
    FltCmpEq.o                   28
    FltCmpGe.o                   36
    FltCmpLe.o                   36
    FltDiv.o                    252
    FltMul.o                    216
    FltSub.o                    230
    FltToDbl.o                   78
    FltToS32.o                   68
    I32ToDbl.o                   48
    I32ToFlt.o                   50
    acos.o                      232
    asin.o                      246
    atan.o                      148
    cos.o                         6
    fmod.o                      424
    sin.o                         6
    sqrt.o                      240
    strtod.o                      6
    xatan.o                     480
    xdint.o                     126
    xdnorm.o                     66
    xdscale.o                   268
    xdtento.o                   512
    xdunscal.o                   86
    xfdtest.o                    42
    xquad.o                     352
    xsin.o                    1 066
    xstod.o                     332
    -------------------------------------------------
    Total:                    7 784

rt7M_tl.a: [5]
    ABImemclr4.o                  6
    ABImemcpy_unaligned.o       118
    ABImemset.o                 102
    ABImemset48.o                50
    I64DivMod.o                 238
    I64DivZer.o                   2
    cexit.o                      10
    cmain.o                      26
    cstartup_M.o                 12
    data_init.o                  40
    iarEdom.o                    12
    memchr.o                     88
    memcmp_unaligned.o           98
    packbits_init.o             212
    strchr.o                     22
    strlen.o                     54
    zero_init3.o                 34
    -------------------------------------------------
    Total:                    1 124

shb_l.a: [6]
    ABIassert.o                  44
    exit.o                       20
    -------------------------------------------------
    Total:                       64

    Gaps                         52        2        4
    Linker created                        44   12 288
-----------------------------------------------------
    Grand Total:             49 342    1 344   15 659


*******************************************************************************
*** ENTRY LIST
***

Entry                      Address   Size  Type      Object
-----                      -------   ----  ----      ------
?main                   0x0800c2a9         Code  Gb  cmain.o [5]
ADCPrescTable           0x200001c4    0x4  Data  Lc  stm32f10x_rcc.o [1]
ADC_Cmd                 0x0800b065   0x1a  Code  Gb  stm32f10x_adc.o [1]
ADC_GetCalibrationStatus
                        0x0800b0ab   0x18  Code  Gb  stm32f10x_adc.o [1]
ADC_GetConversionValue  0x0800b1cb    0x6  Code  Gb  stm32f10x_adc.o [1]
ADC_GetFlagStatus       0x0800b1d9   0x1a  Code  Gb  stm32f10x_adc.o [1]
ADC_GetResetCalibrationStatus
                        0x0800b089   0x18  Code  Gb  stm32f10x_adc.o [1]
ADC_Init                0x0800b011   0x54  Code  Gb  stm32f10x_adc.o [1]
ADC_RegularChannelConfig
                        0x0800b0dd   0xee  Code  Gb  stm32f10x_adc.o [1]
ADC_ResetCalibration    0x0800b07f    0xa  Code  Gb  stm32f10x_adc.o [1]
ADC_SoftwareStartConvCmd
                        0x0800b0c3   0x1a  Code  Gb  stm32f10x_adc.o [1]
ADC_StartCalibration    0x0800b0a1    0xa  Code  Gb  stm32f10x_adc.o [1]
APBAHBPrescTable        0x2000016c   0x10  Data  Lc  stm32f10x_rcc.o [1]
AccCalibration          0x08004287  0x674  Code  Gb  Canlibration.o [1]
AdcInit                 0x0800ae0f   0x8a  Code  Gb  sys_init.o [1]
AttCalc                 0x080018af  0x53c  Code  Gb  Calculation.o [1]
AttHld                  0x08009d03  0x15c  Code  Gb  Task.o [1]
AttHldPrep              0x08009ccb   0x38  Code  Gb  Task.o [1]
BatVoltageGet           0x0800ad53   0xbc  Code  Gb  sys_init.o [1]
CSTACK$$Base            0x20000d30          --   Gb  - Linker created -
CSTACK$$Limit           0x20002d30          --   Gb  - Linker created -
CaliFilt                0x08001679  0x236  Code  Gb  Calculation.o [1]
Coef                    0x200001a4    0x4  Data  Gb  Calculation.o [1]
CompassCalibration      0x08004915  0x536  Code  Gb  Canlibration.o [1]
DMA1_Channel3_IRQHandler
                        0x0800b915   0x2c  Code  Gb  ISR.o [1]
DMA_ClearITPendingBit   0x0800ba41   0x10  Code  Gb  stm32f10x_dma.o [1]
DMA_Cmd                 0x0800ba25   0x1c  Code  Gb  stm32f10x_dma.o [1]
DelayMs                 0x08005747   0x42  Code  Gb  delay.o [1]
EXTI15_10_IRQHandler    0x0800b767   0x52  Code  Gb  ISR.o [1]
EXTI9_5_IRQHandler      0x0800b7b9   0x54  Code  Gb  ISR.o [1]
EXTI_ClearITPendingBit  0x0800b9f9    0x6  Code  Gb  stm32f10x_exti.o [1]
EXTI_GetITStatus        0x0800b9d1   0x28  Code  Gb  stm32f10x_exti.o [1]
Experiment              0x08009e91  0x178  Code  Gb  Task.o [1]
FLASH_ErasePage         0x08004ef1   0x5e  Code  Gb  stm32f10x_flash.o [1]
FLASH_GetBank1Status    0x0800501b   0x34  Code  Gb  stm32f10x_flash.o [1]
FLASH_Lock              0x08004edf   0x12  Code  Gb  stm32f10x_flash.o [1]
FLASH_ProgramHalfWord   0x08004fcf   0x4c  Code  Gb  stm32f10x_flash.o [1]
FLASH_ProgramWord       0x08004f4f   0x80  Code  Gb  stm32f10x_flash.o [1]
FLASH_ReadByte          0x0800602d    0x4  Code  Gb  stm32f10x_MyFlash.o [1]
FLASH_ReadHalfWord      0x08006031    0x4  Code  Gb  stm32f10x_MyFlash.o [1]
FLASH_Unlock            0x08004ec9   0x16  Code  Gb  stm32f10x_flash.o [1]
FLASH_WaitForLastOperation
                        0x08005069   0x2e  Code  Gb  stm32f10x_flash.o [1]
FlashReadFloat          0x08006035    0x6  Code  Gb  stm32f10x_MyFlash.o [1]
FlashWriteAddr          0x200001a8    0x4  Data  Gb  Canlibration.o [1]
GPIO_EXTILineConfig     0x08005f5d   0x9c  Code  Gb  stm32f10x_gpio.o [1]
GPIO_Init               0x08005b5d  0x136  Code  Gb  stm32f10x_gpio.o [1]
GPIO_PinRemapConfig     0x08005ed5   0x88  Code  Gb  stm32f10x_gpio.o [1]
GPSCal                  0x0800242d  0x244  Code  Gb  Calculation.o [1]
GetAdc                  0x0800ad25   0x2e  Code  Gb  sys_init.o [1]
GyroCalibration         0x080048fb   0x1a  Code  Gb  Canlibration.o [1]
HEAP$$Base              0x20002d30          --   Gb  - Linker created -
HEAP$$Limit             0x20003d30          --   Gb  - Linker created -
IIC_Ack                 0x0800518b   0x34  Code  Gb  MyIIC.o [1]
IIC_NAck                0x080051bf   0x40  Code  Gb  MyIIC.o [1]
IIC_Port_Init           0x080050a1   0x24  Code  Gb  MyIIC.o [1]
IIC_Read_Byte           0x08005255   0x64  Code  Gb  MyIIC.o [1]
IIC_Send_Byte           0x080051ff   0x56  Code  Gb  MyIIC.o [1]
IIC_Start               0x080050c5   0x34  Code  Gb  MyIIC.o [1]
IIC_Stop                0x080050f9   0x34  Code  Gb  MyIIC.o [1]
IIC_Wait_Ack            0x0800512d   0x5e  Code  Lc  MyIIC.o [1]
InStream_Read           0x0800bed1   0x22  Code  Lc  packbits_init.o [5]
L3GD20GyroCalibration   0x080058cf  0x190  Code  Gb  L3GD20.o [1]
L3GD20ReadReg           0x080057dd   0x3e  Code  Gb  L3GD20.o [1]
L3GD20WriteReg          0x080057a5   0x38  Code  Gb  L3GD20.o [1]
L3GD20_IO_Init          0x0800581b   0x20  Code  Gb  L3GD20.o [1]
L3GD20_Init             0x0800583b   0x40  Code  Gb  L3GD20.o [1]
L3GD20_Read             0x0800587b   0x54  Code  Gb  L3GD20.o [1]
L3GDgyro_adc            0x20000188    0xc  Data  Gb  main.o [1]
LSM303D_Init            0x0800bd33   0x3c  Code  Gb  LSM303.o [1]
LSM303ReadReg           0x0800bcf5   0x3e  Code  Gb  LSM303.o [1]
LSM303WriteReg          0x0800bcbd   0x38  Code  Gb  LSM303.o [1]
LSM_acc_adc             0x2000011c   0x20  Data  Gb  main.o [1]
MPU6050GyroCalibration  0x0800554d  0x196  Code  Gb  Mpu6050.o [1]
MPUInit                 0x08005361   0xec  Code  Gb  Mpu6050.o [1]
MPUReadAcc              0x0800544d   0x80  Code  Gb  Mpu6050.o [1]
MPUReadGyr              0x080054cd   0x80  Code  Gb  Mpu6050.o [1]
NVIC_Config             0x0800af71   0x76  Code  Gb  sys_init.o [1]
NVIC_Init               0x080060eb   0x6a  Code  Gb  misc.o [1]
NVIC_PriorityGroupConfig
                        0x080060e1    0xa  Code  Gb  misc.o [1]
PIT4_Init               0x0800a417   0x70  Code  Gb  stm32f10x_tim.o [1]
PWMCalc                 0x08001df1  0x620  Code  Gb  Calculation.o [1]
ParamInit               0x0800aab5  0x270  Code  Gb  sys_init.o [1]
QMC5883Init             0x08005a6d   0x38  Code  Gb  QMC5883.o [1]
RCC_ADCCLKConfig        0x08006311   0x14  Code  Gb  stm32f10x_rcc.o [1]
RCC_APB1PeriphClockCmd  0x0800641f   0x1e  Code  Gb  stm32f10x_rcc.o [1]
RCC_APB2PeriphClockCmd  0x08006401   0x1e  Code  Gb  stm32f10x_rcc.o [1]
RCC_GetClocksFreq       0x08006325   0xdc  Code  Gb  stm32f10x_rcc.o [1]
RCDenote                0x08007be9   0x88  Code  Gb  Interact.o [1]
RX_ADDRESS              0x2000019c    0x8  Data  Gb  MyNRF24L0.o [1]
ReadQMC5883             0x08005aa9   0x80  Code  Gb  QMC5883.o [1]
Region$$Table$$Base     0x0800c240          --   Gb  - Linker created -
Region$$Table$$Limit    0x0800c26c          --   Gb  - Linker created -
SCISend_to_Own          0x080075f5  0x5f2  Code  Gb  Interact.o [1]
SPI3_Init               0x08006275   0x8e  Code  Gb  stm32f10x_MY_spi.o [1]
SPI_Cmd                 0x08006499   0x1c  Code  Gb  stm32f10x_spi.o [1]
SPI_I2S_GetFlagStatus   0x080064d1   0x18  Code  Gb  stm32f10x_spi.o [1]
SPI_Init                0x08006459   0x40  Code  Gb  stm32f10x_spi.o [1]
SPI_SSOutputCmd         0x080064b5   0x1c  Code  Gb  stm32f10x_spi.o [1]
SaveAngleDataToNode     0x08007e63   0x56  Code  Gb  Interact.o [1]
SaveToFlash             0x08004151  0x136  Code  Gb  Canlibration.o [1]
SendParametersToRC      0x08007be7    0x2  Code  Gb  Interact.o [1]
SetParaPre              0x08009e5f   0x20  Code  Gb  Task.o [1]
SetParam                0x08009e7f   0x12  Code  Gb  Task.o [1]
SetSysClock             0x0800bdcd    0x8  Code  Lc  system_stm32f10x.o [1]
SetSysClockTo72         0x0800bdd5   0xe0  Code  Lc  system_stm32f10x.o [1]
Single_Read             0x08005319   0x46  Code  Gb  MyIIC.o [1]
Single_Write            0x080052c9   0x50  Code  Gb  MyIIC.o [1]
Standby                 0x080099f9  0x2d2  Code  Gb  Task.o [1]
StbPrep                 0x080099c1   0x38  Code  Gb  Task.o [1]
SysTick_CLKSourceConfig
                        0x08006155   0x20  Code  Gb  misc.o [1]
SystemCoreClock         0x200001c8    0x4  Data  Gb  system_stm32f10x.o [1]
SystemInit              0x0800bd79   0x54  Code  Gb  system_stm32f10x.o [1]
TIM2_PWM_Init           0x0800a4b9  0x12a  Code  Gb  stm32f10x_tim.o [1]
TIM3_PWM_Init           0x0800a5e3   0xd4  Code  Gb  stm32f10x_tim.o [1]
TIM4_IRQHandler         0x0800b689   0xde  Code  Gb  ISR.o [1]
TIM_ClearITPendingBit   0x0800a49d    0x8  Code  Gb  stm32f10x_tim.o [1]
TIM_Cmd                 0x0800a387   0x1c  Code  Gb  stm32f10x_tim.o [1]
TIM_ITConfig            0x0800a3a3   0x16  Code  Gb  stm32f10x_tim.o [1]
TIM_OC1Init             0x0800a161   0x9a  Code  Gb  stm32f10x_tim.o [1]
TIM_OC1PreloadConfig    0x0800a3b9   0x12  Code  Gb  stm32f10x_tim.o [1]
TIM_OC2Init             0x0800a1fb   0x90  Code  Gb  stm32f10x_tim.o [1]
TIM_OC2PreloadConfig    0x0800a3cb   0x14  Code  Gb  stm32f10x_tim.o [1]
TIM_OC3Init             0x0800a28b   0x8e  Code  Gb  stm32f10x_tim.o [1]
TIM_OC3PreloadConfig    0x0800a3df   0x12  Code  Gb  stm32f10x_tim.o [1]
TIM_OC4Init             0x0800a319   0x6e  Code  Gb  stm32f10x_tim.o [1]
TIM_OC4PreloadConfig    0x0800a3f1   0x14  Code  Gb  stm32f10x_tim.o [1]
TIM_SetCompare1         0x0800a405    0x4  Code  Gb  stm32f10x_tim.o [1]
TIM_SetCompare2         0x0800a409    0x4  Code  Gb  stm32f10x_tim.o [1]
TIM_SetCompare3         0x0800a40d    0x4  Code  Gb  stm32f10x_tim.o [1]
TIM_SetCompare4         0x0800a411    0x6  Code  Gb  stm32f10x_tim.o [1]
TIM_TimeBaseInit        0x0800a0cd   0x94  Code  Gb  stm32f10x_tim.o [1]
TX_ADDRESS              0x20000194    0x8  Data  Gb  MyNRF24L0.o [1]
Task                    0x20000b18   0x28  Data  Gb  Task.o [1]
TaskInit                0x0800a009   0x22  Code  Gb  Task.o [1]
UARTSendFloat           0x080075bd   0x38  Code  Gb  Interact.o [1]
USART3_IRQHandler       0x0800b80d  0x108  Code  Gb  ISR.o [1]
USART_Cmd               0x08008069   0x1c  Code  Gb  stm32f10x_usart.o [1]
USART_GetFlagStatus     0x08008095   0x1e  Code  Gb  stm32f10x_usart.o [1]
USART_GetITStatus       0x080080b3   0x6e  Code  Gb  stm32f10x_usart.o [1]
USART_Init              0x08007f85   0xde  Code  Gb  stm32f10x_usart.o [1]
USART_ReceiveData       0x0800808d    0x8  Code  Gb  stm32f10x_usart.o [1]
USART_SendData          0x08008085    0x8  Code  Gb  stm32f10x_usart.o [1]
Uart1_RevBuf            0x20000968  0x100  Data  Gb  ISR.o [1]
Uart1_RevBuf_Tail       0x20000d16    0x2  Data  Gb  ISR.o [1]
UartInit                0x08007c71  0x1f2  Code  Gb  Interact.o [1]
_GenldFullNoMb          0x08006fc5  0x24a  Code  Lc  xprintffull_nomb.o [3]
_IsdstStr               0x2000008c    0x4  Data  Gb  setlocale.o [3]
_LdtobFullNoMb          0x08006bd9  0x3e6  Code  Lc  xprintffull_nomb.o [3]
_LitobFullNoMb          0x08006ad1  0x106  Code  Lc  xprintffull_nomb.o [3]
_LocaleC_isalpha        0x08009921   0x16  Code  Gb  xlocale_c.o [3]
_LocaleC_isspace        0x08009937   0x14  Code  Gb  xlocale_c.o [3]
_LocaleC_tolower        0x080099b5    0xc  Code  Gb  xlocale_c.o [3]
_LocaleForCat           0x08009909   0x12  Code  Gb  setlocale.o [3]
_LocaleReturnString     0x200000ac   0x50  Data  Lc  setlocale.o [3]
_Locale_Profile         0x20000090   0x1c  Data  Gb  setlocale.o [3]
_Locale_aeabi_lconv     0x20000050   0x38  Data  Gb  localeconv.o [3]
_Locale_lconv           0x20000000   0x50  Data  Gb  localeconv.o [3]
_PrintfFullNoMb         0x080064e9  0x5e2  Code  Gb  xprintffull_nomb.o [3]
_PutcharsFullNoMb       0x0800720f   0x2e  Code  Lc  xprintffull_nomb.o [3]
_SNProut                0x08002797   0x1a  Code  Gb  xsnprout.o [3]
_Stoflt                 0x08009339  0x1b8  Code  Gb  xstoflt.o [3]
_Stopfx                 0x08009205  0x134  Code  Gb  xstopfx.o [3]
_Stoxflt                0x080096f1  0x1e2  Code  Gb  xstoxflt.o [3]
_TzoneStr               0x20000088    0x4  Data  Gb  setlocale.o [3]
__aeabi_assert          0x0800603f   0x24  Code  Gb  ABIassert.o [6]
__aeabi_cdcmpeq         0x08003f89         Code  Gb  DblCmpEq.o [4]
__aeabi_cdcmple         0x080034f1         Code  Gb  DblCmpLe.o [4]
__aeabi_cdrcmple        0x080034c1         Code  Gb  DblCmpGe.o [4]
__aeabi_cfcmpeq         0x08003619         Code  Gb  FltCmpEq.o [4]
__aeabi_cfcmple         0x08002e51         Code  Gb  FltCmpLe.o [4]
__aeabi_cfrcmple        0x08002f71         Code  Gb  FltCmpGe.o [4]
__aeabi_d2f             0x08002cd1         Code  Gb  DblToFlt.o [4]
__aeabi_d2iz            0x08003d51         Code  Gb  DblToI32.o [4]
__aeabi_d2uiz           0x08003d7d         Code  Gb  DblToI32.o [4]
__aeabi_dadd            0x080033a1         Code  Gb  DblAdd.o [4]
__aeabi_ddiv            0x08002a89         Code  Gb  DblDiv.o [4]
__aeabi_dmul            0x080031fd         Code  Gb  DblMul.o [4]
__aeabi_dsub            0x0800307d         Code  Gb  DblSub.o [4]
__aeabi_errno_addr      0x08003919    0x6  Code  Gb  errno.o [3]
__aeabi_f2d             0x08002a39         Code  Gb  FltToDbl.o [4]
__aeabi_f2iz            0x08002971         Code  Gb  FltToS32.o [4]
__aeabi_fadd            0x080029b5         Code  Gb  FltAdd.o [4]
__aeabi_fdiv            0x08002e75         Code  Gb  FltDiv.o [4]
__aeabi_fmul            0x08002899         Code  Gb  FltMul.o [4]
__aeabi_fsub            0x080027b1         Code  Gb  FltSub.o [4]
__aeabi_i2d             0x08003489         Code  Gb  I32ToDbl.o [4]
__aeabi_i2f             0x08002765         Code  Gb  I32ToFlt.o [4]
__aeabi_ldiv0           0x080075b9         Code  Gb  I64DivZer.o [5]
__aeabi_memclr4         0x08005099         Code  Gb  ABImemclr4.o [5]
__aeabi_memset          0x08008e0d         Code  Gb  ABImemset.o [5]
__aeabi_ui2d            0x0800349d         Code  Gb  I32ToDbl.o [4]
__aeabi_ui2f            0x08002779         Code  Gb  I32ToFlt.o [4]
__aeabi_uldivmod        0x08007301         Code  Gb  I64DivMod.o [5]
__cmain                 0x0800c2a9         Code  Gb  cmain.o [5]
__data_GetMemChunk      0x08001639   0x2c  Code  Gb  xgetmemchunk.o [3]
__exit                  0x08001665   0x14  Code  Gb  exit.o [6]
__iar_Atan              0x08003739  0x148  Code  Gb  xatan.o [4]
__iar_Dint              0x08003f09   0x7e  Code  Gb  xdint.o [4]
__iar_Dnorm             0x080073ef   0x42  Code  Gb  xdnorm.o [4]
__iar_Dscale            0x08007431  0x10c  Code  Gb  xdscale.o [4]
__iar_Dtentox           0x08009543  0x14c  Code  Gb  xdtento.o [4]
__iar_Dunscale          0x0800995f   0x56  Code  Gb  xdunscal.o [4]
__iar_EmptyStepPoint    0x0800603d    0x2  Code  Gb  ABIassert.o [6]
__iar_Errno             0x200001cc    0x4  Data  Gb  errno.o [3]
__iar_FDtest            0x0800afe7   0x2a  Code  Gb  xfdtest.o [4]
__iar_Locale_lconv_init
                        0x0800753d   0x3a  Code  Gb  localeconv.o [3]
__iar_Memchr            0x080072a9         Code  Gb  memchr.o [5]
__iar_Memset            0x08008e0d         Code  Gb  ABImemset.o [5]
__iar_Memset4_word      0x08005b29         Code  Gb  ABImemset48.o [5]
__iar_Memset8_word      0x08005b29         Code  Gb  ABImemset48.o [5]
__iar_Memset_word       0x08008e15         Code  Gb  ABImemset.o [5]
__iar_Quad              0x08003da9  0x160  Code  Gb  xquad.o [4]
__iar_Sin               0x08003925  0x424  Code  Gb  xsin.o [4]
__iar_Stod              0x08009045    0x4  Code  Gb  xstod.o [4]
__iar_Stodx             0x08008efd  0x13a  Code  Gb  xstod.o [4]
__iar_Stolx             0x08008e73   0x88  Code  Gb  xstol.o [3]
__iar_Stoulx            0x08009071  0x13e  Code  Gb  xstoul.o [3]
__iar_Strchr            0x08007259         Code  Gb  strchr.o [5]
__iar_d2uiz             0x08003d89         Code  Gb  DblToI32.o [4]
__iar_dadd              0x080033b5         Code  Gb  DblAdd.o [4]
__iar_data_init3        0x0800c1d1   0x28  Code  Gb  data_init.o [5]
__iar_dlfree            0x080010f7  0x512  Code  Gb  dlmalloc.o [3]
__iar_dlib_perthread_access
                        0x08003d4f    0x2  Code  Gb  xtls.o [3]
__iar_dlmalloc          0x08000e39  0x2b2  Code  Gb  dlmalloc.o [3]
__iar_dsub              0x08003091         Code  Gb  DblSub.o [4]
__iar_dsubStart         0x080030a3         Code  Gb  DblSub.o [4]
__iar_edom              0x080036d1         Code  Gb  iarEdom.o [5]
__iar_fadd              0x080029c5         Code  Gb  FltAdd.o [4]
__iar_fmod              0x08003fa9         Code  Gb  fmod.o [4]
__iar_fmodl             0x08003fa9         Code  Gb  fmod.o [4]
__iar_fsub              0x080027c1         Code  Gb  FltSub.o [4]
__iar_fsubStart         0x080027d1         Code  Gb  FltSub.o [4]
__iar_gm_               0x20000610  0x1d8  Data  Gb  dlmalloc.o [3]
__iar_packbits_init3    0x0800bef3   0xb2  Code  Gb  packbits_init.o [5]
__iar_program_start     0x0800c3f1         Code  Gb  cstartup_M.o [5]
__iar_sqrt              0x08002d61         Code  Gb  sqrt.o [4]
__iar_ui2d              0x080034a1         Code  Gb  I32ToDbl.o [4]
__iar_ui2f              0x0800277d         Code  Gb  I32ToFlt.o [4]
__iar_unaligned___aeabi_memcpy
                        0x08006069         Code  Gb  ABImemcpy_unaligned.o [5]
__iar_unaligned___aeabi_memcpy4
                        0x08006089         Code  Gb  ABImemcpy_unaligned.o [5]
__iar_unaligned___aeabi_memcpy8
                        0x08006089         Code  Gb  ABImemcpy_unaligned.o [5]
__iar_unaligned_memcmp  0x08008d39         Code  Gb  memcmp_unaligned.o [5]
__iar_zero_init3        0x08001617   0x22  Code  Gb  zero_init3.o [5]
__low_level_init        0x0800c2c3    0x4  Code  Gb  low_level_init.o [3]
__vector_table          0x08000000         Data  Gb  startup_stm32f10x_cl.o [1]
_amtp                   0x200001ac    0x4  Data  Gb  Canlibration.o [1]
_call_main              0x0800c2b5         Code  Gb  cmain.o [5]
_exit                   0x0800c2cd         Code  Gb  cexit.o [5]
_gt                     0x200001b4    0x4  Data  Gb  Canlibration.o [1]
_main                   0x0800c2bf         Code  Gb  cmain.o [5]
_nmea_parse_time        0x08008121   0x8c  Code  Gb  parse.o [1]
a                       0x080038d8   0x40  Data  Lc  xatan.o [4]
abort                   0x08001611    0x6  Code  Gb  abort.o [3]
acc                     0x200000fc   0x20  Data  Gb  main.o [1]
acc_angle               0x20000be0   0x18  Data  Gb  main.o [1]
acc_chip_out            0x20000c58    0x8  Data  Gb  ISR.o [1]
acos                    0x08002f95   0xe8  Code  Gb  acos.o [4]
amplitude               0x20000d18    0x2  Data  Gb  Task.o [1]
angle                   0x20000c20    0xc  Data  Gb  Calculation.o [1]
angle_error_x           0x20000c70    0x4  Data  Gb  Calculation.o [1]
angle_error_y           0x20000c74    0x4  Data  Gb  Calculation.o [1]
angle_z_ctrl_rate       0x200001b8    0x4  Data  Gb  Interact.o [1]
anglex_pnode            0x20000cdc    0x4  Data  Gb  Interact.o [1]
angley_pnode            0x20000ce0    0x4  Data  Gb  Interact.o [1]
anglez_pnode            0x20000ce4    0x4  Data  Gb  Interact.o [1]
angx_err                0x20000cc8    0x4  Data  Gb  Calculation.o [1]
angy_err                0x20000ccc    0x4  Data  Gb  Calculation.o [1]
asin                    0x08003521   0xf0  Code  Gb  asin.o [4]
atan                    0x0800363d   0x94  Code  Gb  atan.o [4]
bat_voltage             0x20000cf4    0x4  Data  Gb  main.o [1]
cali_acc_flag           0x20000d27    0x1  Data  Gb  Task.o [1]
cali_compass            0x20000d2a    0x1  Data  Gb  Task.o [1]
cali_gyro_flag          0x20000d28    0x1  Data  Gb  Task.o [1]
compass                 0x2000013c   0x1c  Data  Gb  main.o [1]
cos                     0x08003635    0x6  Code  Gb  cos.o [4]
cps_chip_out            0x20000c68    0x8  Data  Gb  ISR.o [1]
ctrl                    0x200007e8   0x14  Data  Gb  main.o [1]
delay_init              0x080056fd   0x28  Code  Gb  delay.o [1]
delay_us                0x08005725   0x22  Code  Gb  delay.o [1]
digits                  0x080091b4   0x28  Data  Lc  xstoul.o [3]
div                     0x080075a9    0xe  Code  Gb  div.o [3]
dma_max_recieve         0x20000cec    0x4  Data  Gb  ISR.o [1]
dmul                    0x080094f1   0x52  Code  Lc  xdtento.o [4]
exit                    0x0800c2c7    0x4  Code  Gb  exit.o [3]
fac_ms                  0x20000d14    0x2  Data  Lc  delay.o [1]
fac_us                  0x20000d1a    0x1  Data  Lc  delay.o [1]
filted_acc              0x20000b98   0x18  Data  Gb  ISR.o [1]
filted_cps              0x20000bc8   0x18  Data  Gb  ISR.o [1]
filted_gyro             0x20000bb0   0x18  Data  Gb  ISR.o [1]
fmod                    0x08003fa9         Code  Gb  fmod.o [4]
fmodl                   0x08003fa9         Code  Gb  fmod.o [4]
gc                      0x20000a68   0x80  Data  Gb  main.o [1]
gpio_init               0x08005c93  0x1b4  Code  Gb  stm32f10x_gpio.o [1]
gpio_int_cfg            0x08005e47   0x8e  Code  Gb  stm32f10x_gpio.o [1]
gyro                    0x20000c44    0xc  Data  Gb  main.o [1]
gyro_cali_tolerance     0x200001c0    0x4  Data  Gb  Mpu6050.o [1]
gyro_chip_out           0x20000c60    0x8  Data  Gb  ISR.o [1]
info                    0x20000800  0x168  Data  Gb  ISR.o [1]
init_mparams            0x0800016b   0x32  Code  Lc  dlmalloc.o [3]
init_top                0x0800019d   0x34  Code  Lc  dlmalloc.o [3]
isalpha                 0x08009049   0x14  Code  Gb  isxxx.o [3]
isdigit                 0x08008dc7    0xa  Code  Gb  isdigit.o [3]
isspace                 0x0800905d   0x14  Code  Gb  isxxx.o [3]
l3gd_gyro_cali_tolerance
                        0x200001bc    0x4  Data  Gb  L3GD20.o [1]
localeconv              0x08007577   0x16  Code  Gb  localeconv.o [3]
main                    0x0800ba59  0x264  Code  Gb  main.o [1]
memchr                  0x080072a9         Code  Gb  memchr.o [5]
memcpy                  0x08008daf    0xc  Code  Gb  memcpy.o [3]
memset                  0x08008d9b   0x14  Code  Gb  memset.o [3]
mparams                 0x20000bf8   0x18  Data  Lc  dlmalloc.o [3]
ndigs                   0x080091dc   0x28  Data  Lc  xstoul.o [3]
need_restart_flag       0x20000d29    0x1  Data  Gb  Task.o [1]
next_procedure          0x20000d25    0x1  Data  Gb  Task.o [1]
nmea_GPGGA2info         0x08008705   0x80  Code  Gb  parse.o [1]
nmea_GPGSA2info         0x08008785   0x94  Code  Gb  parse.o [1]
nmea_GPGSV2info         0x08008819   0xc6  Code  Gb  parse.o [1]
nmea_GPRMC2info         0x080088df   0xac  Code  Gb  parse.o [1]
nmea_GPVTG2info         0x0800898b   0x40  Code  Gb  parse.o [1]
nmea_atof               0x08008a63   0x34  Code  Gb  tok.o [1]
nmea_atoi               0x08008a31   0x32  Code  Gb  tok.o [1]
nmea_error              0x08008cfb   0x3e  Code  Gb  context.o [1]
nmea_find_tail          0x08008243   0xc6  Code  Gb  parse.o [1]
nmea_pack_type          0x080081ad   0x96  Code  Gb  parse.o [1]
nmea_parse              0x0800b283   0xa2  Code  Gb  parser.o [1]
nmea_parse_GPGGA        0x08008309   0xc8  Code  Gb  parse.o [1]
nmea_parse_GPGSA        0x080083d1   0xb8  Code  Gb  parse.o [1]
nmea_parse_GPGSV        0x08008489   0xf6  Code  Gb  parse.o [1]
nmea_parse_GPRMC        0x0800857f   0xdc  Code  Gb  parse.o [1]
nmea_parse_GPVTG        0x0800865b   0xaa  Code  Gb  parse.o [1]
nmea_parser_buff_clear  0x0800b625   0x26  Code  Gb  parser.o [1]
nmea_parser_destroy     0x0800b24b   0x38  Code  Gb  parser.o [1]
nmea_parser_drop        0x0800b5d7   0x4e  Code  Gb  parser.o [1]
nmea_parser_init        0x0800b1f5   0x56  Code  Gb  parser.o [1]
nmea_parser_pop         0x0800b58f   0x48  Code  Gb  parser.o [1]
nmea_parser_push        0x0800b553   0x3c  Code  Gb  parser.o [1]
nmea_parser_queue_clear
                        0x0800b64b   0x2a  Code  Gb  parser.o [1]
nmea_parser_real_push   0x0800b325  0x22e  Code  Gb  parser.o [1]
nmea_property           0x08008cd5    0x4  Code  Gb  context.o [1]
nmea_scanf              0x08008a97  0x23c  Code  Gb  tok.o [1]
nmea_trace_buff         0x08008cdd   0x1e  Code  Gb  context.o [1]
nmea_zero_INFO          0x0800ba09   0x1a  Code  Gb  info.o [1]
nrf_break               0x200001d3    0x1  Data  Gb  Task.o [1]
nrf_handler             0x0800a9db   0xb0  Code  Gb  MyNRF24L0.o [1]
nrf_init                0x0800a6d9   0xc6  Code  Gb  MyNRF24L0.o [1]
nrf_int_flag            0x200001d1    0x1  Data  Gb  ISR.o [1]
nrf_link_check          0x0800a895   0xa4  Code  Gb  MyNRF24L0.o [1]
nrf_mode                0x20000d22    0x1  Data  Gb  MyNRF24L0.o [1]
nrf_rciv                0x20000b60   0x20  Data  Gb  MyNRF24L0.o [1]
nrf_readbuf             0x0800a859   0x3c  Code  Lc  MyNRF24L0.o [1]
nrf_readreg             0x0800a7e1   0x3a  Code  Lc  MyNRF24L0.o [1]
nrf_rx_mode             0x0800a939   0x54  Code  Gb  MyNRF24L0.o [1]
nrf_tx_mode             0x0800a98d   0x4e  Code  Gb  MyNRF24L0.o [1]
nrf_writebuf            0x0800a81b   0x3e  Code  Lc  MyNRF24L0.o [1]
nrf_writereg            0x0800a79f   0x42  Code  Lc  MyNRF24L0.o [1]
offset_angle            0x20000c38    0xc  Data  Gb  Calculation.o [1]
pipl_dir                0x20000d21    0x1  Data  Gb  main.o [1]
pit_25ms_flag           0x20000d1c    0x1  Data  Gb  ISR.o [1]
pit_500ms_flag          0x20000d1e    0x1  Data  Gb  ISR.o [1]
pit_50ms_flag           0x20000d1d    0x1  Data  Gb  ISR.o [1]
pit_5s_flag             0x20000d1f    0x1  Data  Gb  ISR.o [1]
pows                    0x080096a8   0x48  Data  Lc  xdtento.o [4]
prepend_alloc           0x080001d1  0x33c  Code  Lc  dlmalloc.o [3]
pressure                0x20000cf0    0x4  Data  Gb  main.o [1]
pwm                     0x20000c10   0x10  Data  Gb  Calculation.o [1]
pwm_of_dir              0x20000cb0    0x4  Data  Gb  Calculation.o [1]
pwr_low_flag            0x200001d2    0x1  Data  Gb  Task.o [1]
rx_flag                 0x20000d24    0x1  Data  Gb  MyNRF24L0.o [1]
sCom                    0x200001d4  0x43c  Data  Gb  main.o [1]
segment_holding         0x08000151   0x1a  Code  Lc  dlmalloc.o [3]
send_type               0x200001d0    0x1  Data  Gb  Interact.o [1]
send_wave_flag          0x20000d26    0x1  Data  Gb  Task.o [1]
sin                     0x080034b9    0x6  Code  Gb  sin.o [4]
spi_mosi                0x08006191   0x4e  Code  Gb  stm32f10x_MY_spi.o [1]
spi_mosi_cmd            0x080061df   0x96  Code  Gb  stm32f10x_MY_spi.o [1]
sqrt                    0x08002d61         Code  Gb  sqrt.o [4]
sqrtl                   0x08002d61         Code  Gb  sqrt.o [4]
strchr                  0x08007259         Code  Gb  strchr.o [5]
strlen                  0x08007271         Code  Gb  strlen.o [5]
strtod                  0x08008dc1    0x6  Code  Gb  strtod.o [4]
strtol                  0x08008dbb    0x6  Code  Gb  strtol.o [3]
sys_alloc               0x0800050d  0x384  Code  Lc  dlmalloc.o [3]
tmalloc_large           0x0800089d  0x38a  Code  Lc  dlmalloc.o [3]
tmalloc_small           0x08000c27  0x204  Code  Lc  dlmalloc.o [3]
tolower                 0x0800994b   0x14  Code  Gb  tolower.o [3]
tx_flag                 0x20000d23    0x1  Data  Gb  MyNRF24L0.o [1]
usart_GPS_sd_flag       0x20000d20    0x1  Data  Gb  ISR.o [1]
vsnprintf               0x08008dd1   0x3c  Code  Gb  vsnprint.o [3]
x_b                     0x20000c80    0x4  Data  Gb  Calculation.o [1]
x_d_i                   0x20000c98    0x4  Data  Gb  Calculation.o [1]
x_max                   0x20000d0a    0x2  Data  Gb  Canlibration.o [1]
x_min                   0x20000d08    0x2  Data  Gb  Canlibration.o [1]
x_p_i                   0x20000c94    0x4  Data  Gb  Calculation.o [1]
x_p_o                   0x20000c90    0x4  Data  Gb  Calculation.o [1]
xcq                     0x20000ca8    0x4  Data  Gb  Calculation.o [1]
xyz_t                   0x200001b0    0x4  Data  Gb  Canlibration.o [1]
y_b                     0x20000c84    0x4  Data  Gb  Calculation.o [1]
y_d_i                   0x20000ca4    0x4  Data  Gb  Calculation.o [1]
y_max                   0x20000d0e    0x2  Data  Gb  Canlibration.o [1]
y_min                   0x20000d0c    0x2  Data  Gb  Canlibration.o [1]
y_p_i                   0x20000ca0    0x4  Data  Gb  Calculation.o [1]
y_p_o                   0x20000c9c    0x4  Data  Gb  Calculation.o [1]
ycq                     0x20000cac    0x4  Data  Gb  Calculation.o [1]
z_d                     0x20000c8c    0x4  Data  Gb  Calculation.o [1]
z_max                   0x20000d12    0x2  Data  Gb  Canlibration.o [1]
z_min                   0x20000d10    0x2  Data  Gb  Canlibration.o [1]
z_p                     0x20000c88    0x4  Data  Gb  Calculation.o [1]


[1] = E:\Elec\Air plane\FlyCtrl\CTRL_PCBV5\Debug\Obj
[2] = command line
[3] = dl7M_tlf.a
[4] = m7M_tl.a
[5] = rt7M_tl.a
[6] = shb_l.a

  49 342 bytes of readonly  code memory
   1 344 bytes of readonly  data memory
  15 659 bytes of readwrite data memory

Errors: none
Warnings: none
